0 [0/400] 1286.823356088807
1 [0/400] 861.6295090390227
2 [0/400] 771.4199569299785
7 [0/400] 549.4974746830584
jitter = 1e-07
jitter = 1e-06
jitter = 1e-07
jitter = 1e-06
jitter = 1e-07
jitter = 1e-06
jitter = 9.999999999999999e-06
jitter = 1e-07
jitter = 1e-06
jitter = 9.999999999999999e-06
jitter = 1e-07
jitter = 1e-06
jitter = 1e-07
jitter = 1e-06
jitter = 9.999999999999999e-06
jitter = 1e-07
jitter = 1e-06
jitter = 9.999999999999999e-06
jitter = 1e-07
jitter = 1e-06
jitter = 1e-07
jitter = 1e-06
jitter = 1e-07
jitter = 1e-06
jitter = 9.999999999999999e-06
jitter = 1e-07
jitter = 1e-06
jitter = 1e-07
jitter = 1e-06
jitter = 9.999999999999999e-06
jitter = 1e-07
jitter = 1e-06
jitter = 1e-07
jitter = 1e-06
jitter = 9.999999999999999e-06
jitter = 1e-07
jitter = 1e-06
jitter = 9.999999999999999e-06
jitter = 1e-07
jitter = 1e-06
jitter = 9.999999999999999e-06
jitter = 1e-07
jitter = 1e-06
jitter = 1e-07
jitter = 1e-06
jitter = 9.999999999999999e-06
jitter = 1e-07
jitter = 1e-06
jitter = 1e-07
jitter = 1e-06
jitter = 9.999999999999999e-06
jitter = 1e-07
27 [0/400] 525.495097567964
29 [0/400] 520.0
38 [0/400] 515.8113883008419
63 [0/400] 514.142135623731
79 [0/400] 507.0710678118655
80 [1/400] 1.167490585226545
81 [2/400] 0.5358072020223736
85 [6/400] 0.45054813789632864
93 [14/400] 0.328905437786543
94 [15/400] 0.32563920158686555
97 [17/400] 0.3090729310280804
100 [19/400] 0.3090729310280804
101 [20/400] 0.30229829868598046
116 [34/400] 0.30105908763886835
127 [45/400] 0.2985162276799776
138 [54/400] 0.2922685112430727
145 [61/400] 0.2756354704297418
162 [76/400] 0.2707510445750806
180 [93/400] 0.2643884681906619
186 [99/400] 0.2643691207392226
200 [113/400] 0.2643691207392226
201 [114/400] 0.26087364553579995
209 [122/400] 0.256503455762754
216 [129/400] 0.24889581096244723
221 [134/400] 0.22209810275213354
233 [146/400] 0.21895991028754858
234 [147/400] 0.21766918800857496
238 [151/400] 0.21709200567792591
239 [152/400] 0.21569752897949257
268 [179/400] 0.1890256868445565
283 [194/400] 0.1825895949878396
296 [206/400] 0.17537088816067253
297 [207/400] 0.17220241226534602
299 [209/400] 0.16704936288363775
300 [210/400] 0.16704936288363775
305 [215/400] 0.16069635223541817
316 [226/400] 0.1598088236182833
318 [228/400] 0.15938654697776206
321 [231/400] 0.1552282555104173
325 [235/400] 0.13691118111817244
327 [237/400] 0.1368561094508608
334 [244/400] 0.13652874419049382
348 [258/400] 0.12666594441399479
350 [260/400] 0.12065347633344647
359 [269/400] 0.11464569563778332
371 [280/400] 0.10196353539138742
375 [284/400] 0.09723347979247214
376 [285/400] 0.09676953130104463
400 [305/400] 0.09676953130104463
406 [311/400] 0.09580076078443647
432 [337/400] 0.09552541839837675
500 [395/400] 0.09552541839837675
[stop]
