0 [0/200] 1046.549456639884
2 [0/200] 860.6244584051392
3 [0/200] 591.9238815542511
5 [0/200] 556.5685424949238
15 [0/200] 535.3553390593274
17 [0/200] 521.2132034355964
22 [1/200] 0.7834077205151548
27 [3/200] 0.6136394416349116
36 [8/200] 0.49950570372464265
41 [12/200] 0.42486738179799755
52 [19/200] 0.2523157247425273
53 [20/200] 0.23455996864757087
58 [23/200] 0.19807433758010956
60 [25/200] 0.17564314844838058
88 [45/200] 0.1754906265180658
91 [48/200] 0.1658134749356816
99 [56/200] 0.13407307326597834
100 [57/200] 0.13407307326597834
104 [61/200] 0.11805952624143581
116 [73/200] 0.11409579517780902
137 [93/200] 0.11256422338106067
140 [96/200] 0.1117608951572552
141 [97/200] 0.11148754217469761
145 [101/200] 0.11067923942435193
146 [102/200] 0.10860346428613313
155 [110/200] 0.10773231134272944
160 [115/200] 0.10708106342179194
168 [123/200] 0.10663094095974865
170 [125/200] 0.1056323375120923
180 [134/200] 0.105557566906977
193 [147/200] 0.10145787230611823
200 [154/200] 0.10145787230611823
202 [156/200] 0.10121285284272696
207 [160/200] 0.09966507048801124
215 [168/200] 0.09952439393993213
222 [175/200] 0.09936410946591158
[stop]
