(6_w,12)-aCMA-ES (mu_w=3.7,w_1=40%) in dimension 20 (seed=14, Tue Jun 24 12:25:06 2025)
Iterat #Fevals   function value  axis ratio  sigma  min&max std  t[m:s]
    1     12 6.782237931008882e+02 1.0e+00 2.36e-01  2e-01  2e-01 0:00.7
    2     24 5.212132034355964e+02 1.1e+00 2.26e-01  2e-01  2e-01 0:01.6
    3     36 5.751664818918645e+02 1.1e+00 2.16e-01  2e-01  2e-01 0:02.3
    8     96 1.143625928019293e+00 1.3e+00 2.09e-01  2e-01  2e-01 0:05.9
   12    144 5.212132034355965e+02 1.5e+00 2.14e-01  2e-01  2e-01 0:10.4
   17    204 1.794386538812567e-01 1.5e+00 2.04e-01  2e-01  2e-01 0:15.5
   23    276 6.264381511368284e-01 1.6e+00 1.80e-01  2e-01  2e-01 0:21.8
   27    324 2.723409338705309e-01 1.6e+00 1.86e-01  2e-01  2e-01 0:30.5
   33    396 1.999173031598008e-01 1.7e+00 1.60e-01  1e-01  2e-01 0:39.9
   38    456 1.628465044159473e-01 1.7e+00 1.29e-01  1e-01  1e-01 0:50.5
   41    492 1.008490465422950e-01 1.8e+00 1.33e-01  1e-01  1e-01 1:01.7
   48    576 1.710868923059720e-01 1.8e+00 1.36e-01  1e-01  1e-01 1:15.8
   52    624 1.422702497211472e-01 1.9e+00 1.14e-01  9e-02  1e-01 1:28.6
   55    660 1.392711915743121e-01 1.9e+00 9.18e-02  7e-02  1e-01 1:42.6
   57    684 1.181814312074131e-01 1.9e+00 8.48e-02  6e-02  9e-02 1:56.8
   60    720 1.067418943884724e-01 1.9e+00 7.06e-02  5e-02  7e-02 2:15.5
   63    756 1.042689526314713e-01 1.9e+00 6.80e-02  5e-02  7e-02 2:32.7
   66    792 9.336961658504896e-02 1.9e+00 6.35e-02  4e-02  7e-02 2:51.3
   70    840 9.065605793798190e-02 1.9e+00 5.95e-02  4e-02  6e-02 3:12.7
   74    888 8.961512493746146e-02 1.9e+00 5.64e-02  4e-02  6e-02 3:37.8
   77    924 8.911824636239978e-02 2.0e+00 4.99e-02  3e-02  5e-02 3:59.1
   81    972 8.969948442445613e-02 2.0e+00 4.36e-02  3e-02  5e-02 4:24.4
[stop]
