(7_w,15)-aCMA-ES (mu_w=4.5,w_1=34%) in dimension 50 (seed=2, Tue Jun 17 07:59:21 2025)
Iterat #Fevals   function value  axis ratio  sigma  min&max std  t[m:s]
    1     15 6.476804166132343e+02 1.0e+00 2.37e-01  2e-01  2e-01 0:00.9
    2     30 5.282842712474619e+02 1.0e+00 2.29e-01  2e-01  2e-01 0:01.7
    3     45 5.353553390593274e+02 1.1e+00 2.21e-01  2e-01  2e-01 0:02.4
    8    120 5.141421356237310e+02 1.1e+00 2.03e-01  2e-01  2e-01 0:06.0
   13    195 3.158569937215489e-01 1.2e+00 1.95e-01  2e-01  2e-01 0:11.9
   16    240 9.504430157021866e-01 1.2e+00 1.89e-01  2e-01  2e-01 0:17.2
   19    285 6.075278100422587e+00 1.2e+00 1.84e-01  2e-01  2e-01 0:23.2
   24    360 5.141421356237310e+02 1.2e+00 1.80e-01  2e-01  2e-01 0:30.6
   31    465 3.304736719891524e+00 1.3e+00 1.69e-01  2e-01  2e-01 0:39.8
   37    555 1.019773768676095e+00 1.3e+00 1.60e-01  2e-01  2e-01 0:51.0
   43    645 1.908796960627668e-01 1.4e+00 1.44e-01  1e-01  1e-01 1:01.5
   49    735 2.593596067359026e-01 1.4e+00 1.32e-01  1e-01  1e-01 1:14.4
   54    810 1.800081257770673e-01 1.4e+00 1.28e-01  1e-01  1e-01 1:26.5
   60    900 2.898944705037989e-01 1.4e+00 1.23e-01  1e-01  1e-01 1:40.7
   64    960 2.432583897958037e-01 1.4e+00 1.19e-01  1e-01  1e-01 1:56.3
   69   1035 3.543289483453949e-01 1.4e+00 1.10e-01  1e-01  1e-01 2:12.0
   75   1125 1.519774346445192e-01 1.4e+00 1.04e-01  1e-01  1e-01 2:28.2
   82   1230 3.903402316222915e-01 1.4e+00 1.08e-01  1e-01  1e-01 2:47.0
   87   1305 2.652695833892441e-01 1.4e+00 1.10e-01  1e-01  1e-01 3:08.0
   93   1395 1.678761026195872e-01 1.5e+00 1.07e-01  1e-01  1e-01 3:28.1
  100   1500 2.439629832617264e-01 1.5e+00 1.01e-01  9e-02  1e-01 3:48.5
  107   1605 2.907785879659929e-01 1.5e+00 9.28e-02  9e-02  1e-01 4:12.2
  113   1695 1.397201427053950e-01 1.5e+00 9.01e-02  8e-02  9e-02 4:39.5
  118   1770 1.451604206912782e-01 1.5e+00 8.93e-02  8e-02  9e-02 5:06.7
  123   1845 1.353283752314701e-01 1.5e+00 8.67e-02  8e-02  9e-02 5:31.7
  130   1950 1.238664281964195e-01 1.5e+00 8.49e-02  8e-02  9e-02 6:00.9
  136   2040 9.920295436387887e-02 1.5e+00 7.65e-02  7e-02  8e-02 6:28.3
  142   2130 1.048930927587017e-01 1.5e+00 6.89e-02  6e-02  7e-02 6:56.8
  149   2235 1.089920655107022e-01 1.6e+00 6.43e-02  6e-02  7e-02 7:30.1
  155   2325 9.500941877742231e-02 1.6e+00 5.82e-02  5e-02  6e-02 8:06.5
  161   2415 9.189481391137398e-02 1.6e+00 5.64e-02  5e-02  6e-02 8:44.1
  166   2490 1.011843768575683e-01 1.6e+00 5.47e-02  5e-02  6e-02 9:18.0
  171   2565 8.966880049751644e-02 1.6e+00 5.09e-02  5e-02  5e-02 9:55.5
  176   2640 9.547947505362239e-02 1.6e+00 4.73e-02  4e-02  5e-02 10:34.6
  180   2700 9.080198449188509e-02 1.6e+00 4.68e-02  4e-02  5e-02 11:09.6
  186   2790 9.221597282875460e-02 1.6e+00 4.69e-02  4e-02  5e-02 11:45.5
  192   2880 9.377427353719905e-02 1.7e+00 4.58e-02  4e-02  5e-02 12:26.0
[stop]
