(6_w,12)-aCMA-ES (mu_w=3.7,w_1=40%) in dimension 20 (seed=4, Tue Jun 24 10:51:50 2025)
Iterat #Fevals   function value  axis ratio  sigma  min&max std  t[m:s]
    1     12 5.761577310586391e+02 1.0e+00 2.35e-01  2e-01  2e-01 0:00.1
    2     24 5.761577310586391e+02 1.1e+00 2.21e-01  2e-01  2e-01 0:00.2
    3     36 5.400000000000000e+02 1.1e+00 2.11e-01  2e-01  2e-01 0:00.3
    8     96 4.037704896082918e-01 1.3e+00 1.99e-01  2e-01  2e-01 0:03.7
   10    120 4.037704896082918e-01 1.3e+00 1.95e-01  2e-01  2e-01 0:09.2
   11    132 4.015445662665679e-01 1.4e+00 1.92e-01  2e-01  2e-01 0:14.6
   13    156 3.386713313976101e-01 1.4e+00 1.93e-01  2e-01  2e-01 0:20.7
   15    180 1.477807950990513e-01 1.5e+00 2.04e-01  2e-01  2e-01 0:28.6
   18    216 1.508302543520041e-01 1.6e+00 1.96e-01  2e-01  2e-01 0:37.2
   22    264 3.386713313976101e-01 1.7e+00 1.69e-01  2e-01  2e-01 0:47.0
   26    312 3.386713313976101e-01 1.7e+00 1.50e-01  1e-01  2e-01 1:02.4
   29    348 3.386713313976101e-01 1.7e+00 1.61e-01  1e-01  2e-01 1:16.3
   32    384 3.386713313976101e-01 1.8e+00 1.57e-01  1e-01  2e-01 1:28.5
   35    420 3.386713313976101e-01 1.9e+00 1.40e-01  1e-01  2e-01 1:43.4
   38    456 3.386713313976101e-01 1.9e+00 1.37e-01  1e-01  2e-01 2:00.0
   39    468 3.386713313976101e-01 1.9e+00 1.42e-01  1e-01  2e-01 2:06.7
termination on tolflatfitness=1 (Tue Jun 24 10:53:57 2025)
final/bestever f-value = 3.386713e-01 1.477808e-01
incumbent solution: [0.95430649 0.98043033 0.99551442 0.9244337  0.27767788 0.03016469
 0.96648985 0.20235027 ...]
std deviations: [0.12859768 0.13273994 0.14043417 0.13162002 0.14820669 0.13165849
 0.12768239 0.14975671 ...]
(12_w,25)-aCMA-ES (mu_w=7.3,w_1=23%) in dimension 20 (seed=5, Tue Jun 24 10:53:57 2025)
Iterat #Fevals   function value  axis ratio  sigma  min&max std  t[m:s]
    1    494 6.101577310586391e+02 1.0e+00 2.46e-01  2e-01  2e-01 0:00.2
    2    519 5.520000000000000e+02 1.2e+00 2.41e-01  2e-01  2e-01 0:00.4
    3    544 6.097817459305203e+02 1.2e+00 2.41e-01  2e-01  2e-01 0:00.6
   12    769 8.565679097440367e-01 1.6e+00 3.79e-01  3e-01  4e-01 0:04.2
   15    844 8.565679097440367e-01 1.8e+00 3.32e-01  3e-01  4e-01 0:08.8
   18    919 4.127461507821646e-01 1.8e+00 2.95e-01  3e-01  3e-01 0:19.2
   20    969 8.565679097440367e-01 1.8e+00 2.90e-01  2e-01  3e-01 0:30.8
   23   1044 8.342949329609084e-01 1.9e+00 2.88e-01  2e-01  3e-01 0:41.6
   25   1094 8.565679097440367e-01 1.9e+00 2.72e-01  2e-01  3e-01 0:50.0
   27   1144 2.820521791401718e-01 1.9e+00 2.51e-01  2e-01  3e-01 1:03.5
   29   1194 2.820521791401718e-01 1.9e+00 2.48e-01  2e-01  3e-01 1:18.2
   31   1244 2.820521791401718e-01 1.9e+00 2.37e-01  2e-01  2e-01 1:30.5
   33   1294 2.820521791401718e-01 2.0e+00 2.36e-01  2e-01  2e-01 1:45.3
[stop]
