(6_w,12)-aCMA-ES (mu_w=3.7,w_1=40%) in dimension 20 (seed=3, Tue Jun 24 10:45:32 2025)
Iterat #Fevals   function value  axis ratio  sigma  min&max std  t[m:s]
    1     12 6.140175425099138e+02 1.0e+00 2.27e-01  2e-01  2e-01 0:00.3
    2     24 6.104536101718726e+02 1.1e+00 2.19e-01  2e-01  2e-01 0:00.5
    3     36 6.555634918610405e+02 1.1e+00 2.11e-01  2e-01  2e-01 0:00.7
   12    144 6.967923729660128e-01 1.4e+00 2.36e-01  2e-01  3e-01 0:04.5
   16    192 3.986877254954613e-01 1.5e+00 2.07e-01  2e-01  2e-01 0:09.2
   21    252 4.637822623306865e-01 1.6e+00 1.63e-01  1e-01  2e-01 0:15.4
   25    300 4.573778624840338e+00 1.6e+00 1.74e-01  2e-01  2e-01 0:21.7
   28    336 4.106413122184552e-01 1.7e+00 1.56e-01  1e-01  2e-01 0:29.6
   31    372 4.962085394395049e-01 1.7e+00 1.44e-01  1e-01  2e-01 0:37.7
   34    408 2.397747858672171e-01 1.7e+00 1.35e-01  1e-01  1e-01 0:49.3
   37    444 1.525920458767650e-01 1.7e+00 1.22e-01  1e-01  1e-01 0:59.4
   42    504 1.297563345344929e-01 1.8e+00 1.12e-01  9e-02  1e-01 1:12.8
   46    552 9.464274029978323e-02 1.8e+00 9.69e-02  8e-02  1e-01 1:25.7
   50    600 1.471207709910815e-01 1.8e+00 8.48e-02  7e-02  9e-02 1:38.8
   53    636 1.147678113974155e-01 1.8e+00 7.73e-02  6e-02  8e-02 1:54.9
   56    672 9.727064460805521e-02 1.9e+00 7.41e-02  6e-02  8e-02 2:10.5
   60    720 1.006567033501579e-01 1.9e+00 6.34e-02  5e-02  7e-02 2:31.9
   63    756 8.930140276190365e-02 1.9e+00 5.37e-02  4e-02  6e-02 2:52.1
   66    792 9.551449308802412e-02 2.0e+00 5.27e-02  4e-02  6e-02 3:10.3
   70    840 9.493427833991278e-02 2.1e+00 5.35e-02  4e-02  6e-02 3:32.4
   74    888 8.696833137509782e-02 2.1e+00 4.97e-02  4e-02  6e-02 3:58.3
   79    948 8.969280678560390e-02 2.2e+00 5.04e-02  4e-02  6e-02 4:24.2
[stop]
