(7_w,15)-aCMA-ES (mu_w=4.5,w_1=34%) in dimension 50 (seed=7, Tue Jun 17 07:36:30 2025)
Iterat #Fevals   function value  axis ratio  sigma  min&max std  t[m:s]
    1     15 7.088528137423857e+02 1.0e+00 2.37e-01  2e-01  2e-01 0:00.2
    2     30 5.508264068711927e+02 1.0e+00 2.27e-01  2e-01  2e-01 0:00.3
    3     45 5.288000000000001e+02 1.0e+00 2.23e-01  2e-01  2e-01 0:00.5
   16    240 5.352000000000000e+02 1.2e+00 2.02e-01  2e-01  2e-01 0:03.6
   20    300 1.811704523387921e+00 1.2e+00 2.00e-01  2e-01  2e-01 0:07.8
   23    345 1.226980121913592e+00 1.3e+00 1.99e-01  2e-01  2e-01 0:15.6
   27    405 1.226371339781540e+00 1.3e+00 1.96e-01  2e-01  2e-01 0:23.0
   29    435 4.981234203605659e-01 1.3e+00 1.92e-01  2e-01  2e-01 0:31.3
   32    480 1.182445112936164e+00 1.3e+00 1.86e-01  2e-01  2e-01 0:41.0
   35    525 7.760796277548784e-01 1.3e+00 1.79e-01  2e-01  2e-01 0:54.4
   38    570 9.476076461953916e-01 1.3e+00 1.69e-01  2e-01  2e-01 1:07.8
   40    600 3.052342772753542e-01 1.3e+00 1.62e-01  2e-01  2e-01 1:19.0
   46    690 8.202881295839444e-01 1.3e+00 1.54e-01  1e-01  2e-01 1:32.9
   50    750 7.005289061895068e-01 1.3e+00 1.49e-01  1e-01  2e-01 1:54.1
   53    795 7.005289061895068e-01 1.4e+00 1.49e-01  1e-01  2e-01 2:08.3
   56    840 2.600075614247034e-01 1.4e+00 1.47e-01  1e-01  2e-01 2:24.0
   59    885 2.600075614247034e-01 1.4e+00 1.42e-01  1e-01  1e-01 2:40.6
   62    930 2.839252851269920e-01 1.4e+00 1.38e-01  1e-01  1e-01 3:04.5
   65    975 2.363591118449937e-01 1.4e+00 1.34e-01  1e-01  1e-01 3:22.6
   70   1050 2.170272919816923e-01 1.4e+00 1.33e-01  1e-01  1e-01 3:43.3
   74   1110 2.120141682387821e-01 1.4e+00 1.29e-01  1e-01  1e-01 4:08.3
   78   1170 2.120141682387821e-01 1.4e+00 1.23e-01  1e-01  1e-01 4:35.6
   82   1230 2.120141682387821e-01 1.4e+00 1.18e-01  1e-01  1e-01 4:58.2
   86   1290 2.120141682387821e-01 1.4e+00 1.15e-01  1e-01  1e-01 5:22.8
   91   1365 2.120141682387821e-01 1.4e+00 1.10e-01  1e-01  1e-01 5:56.6
   94   1410 2.120141682387821e-01 1.4e+00 1.05e-01  1e-01  1e-01 6:23.1
   98   1470 2.120141682387821e-01 1.4e+00 1.01e-01  9e-02  1e-01 6:54.7
  100   1500 2.120141682387821e-01 1.4e+00 9.95e-02  9e-02  1e-01 7:11.2
  103   1545 2.120141682387821e-01 1.4e+00 9.68e-02  9e-02  1e-01 7:40.1
  107   1605 2.085600839869307e-01 1.4e+00 9.20e-02  9e-02  1e-01 8:12.0
  112   1680 2.085600839869307e-01 1.4e+00 8.79e-02  8e-02  9e-02 8:44.5
  117   1755 2.085600839869307e-01 1.4e+00 8.82e-02  8e-02  9e-02 9:18.9
  121   1815 2.085600839869307e-01 1.5e+00 8.17e-02  8e-02  8e-02 9:52.3
  122   1830 2.085600839869307e-01 1.5e+00 7.94e-02  7e-02  8e-02 10:01.8
termination on tolflatfitness=1 (Tue Jun 17 07:46:32 2025)
final/bestever f-value = 2.085601e-01 2.085601e-01
incumbent solution: [0.02901594 0.6219315  0.12570858 0.01758172 0.25793253 0.92298318
 0.06735831 0.01470089 ...]
std deviations: [0.07928678 0.07402614 0.07862497 0.07935565 0.07933104 0.07933505
 0.0784963  0.07929893 ...]
(15_w,31)-aCMA-ES (mu_w=8.9,w_1=20%) in dimension 50 (seed=8, Tue Jun 17 07:46:32 2025)
Iterat #Fevals   function value  axis ratio  sigma  min&max std  t[m:s]
    1   1862 6.211213595499958e+02 1.0e+00 2.33e-01  2e-01  2e-01 0:00.4
    2   1893 5.959213595499958e+02 1.1e+00 2.20e-01  2e-01  2e-01 0:00.8
    3   1924 5.495213595499957e+02 1.1e+00 2.11e-01  2e-01  2e-01 0:01.1
   10   2141 5.447213595499958e+02 1.2e+00 2.24e-01  2e-01  2e-01 0:04.3
   20   2451 4.698584255064481e-01 1.4e+00 2.72e-01  3e-01  3e-01 0:08.9
   24   2575 4.304268911478763e-01 1.4e+00 2.95e-01  3e-01  3e-01 0:15.8
   27   2668 3.428668530054423e-01 1.5e+00 2.88e-01  3e-01  3e-01 0:24.9
   30   2761 2.551870165722792e-01 1.5e+00 2.73e-01  3e-01  3e-01 0:35.2
   32   2823 2.708056559718666e-01 1.5e+00 2.67e-01  3e-01  3e-01 0:44.8
   34   2885 2.461112125350742e-01 1.6e+00 2.49e-01  2e-01  3e-01 0:57.0
   36   2947 2.664234219860729e-01 1.6e+00 2.36e-01  2e-01  2e-01 1:08.1
   38   3009 2.321966114649789e-01 1.6e+00 2.20e-01  2e-01  2e-01 1:21.1
   40   3071 2.245405067436027e-01 1.6e+00 2.12e-01  2e-01  2e-01 1:40.3
[stop]
