0 [0/400] 860.88599733918
2 [0/400] 838.7134743241099
3 [0/400] 769.3420785079807
7 [0/400] 661.4001239156897
15 [0/400] 622.1888288235897
16 [0/400] 586.3455341952551
25 [0/400] 556.5685424949238
28 [0/400] 521.2132034355964
36 [0/400] 515.8113883008419
39 [0/400] 507.0710678118655
41 [0/400] 503.6
43 [1/400] 0.6482472156738278
45 [2/400] 0.635059322202834
58 [9/400] 0.4491150169269984
59 [10/400] 0.36738721772808314
100 [43/400] 0.3460748130788679
120 [61/400] 0.33877395404240973
126 [66/400] 0.3386776884287137
154 [90/400] 0.3209192373014648
178 [113/400] 0.30000835362729894
181 [116/400] 0.2940448635021988
195 [130/400] 0.25813192335744956
200 [135/400] 0.25813192335744956
205 [139/400] 0.2489989657147315
237 [166/400] 0.24502534689582908
247 [175/400] 0.1924662376373194
255 [182/400] 0.1918991580093021
266 [193/400] 0.17936722820786524
269 [196/400] 0.1789535500427052
272 [199/400] 0.17858545903083417
286 [207/400] 0.1782356022976359
300 [218/400] 0.1782356022976359
341 [249/400] 0.1782126917997912
361 [265/400] 0.1777297152976244
400 [294/400] 0.1777297152976244
500 [373/400] 0.1777297152976244
[stop]
