0 [0/400] 1049.090318674956
1 [0/400] 609.404522532204
7 [0/400] 599.2471662063961
11 [0/400] 583.7840770096516
21 [0/400] 576.713009197786
jitter = 1e-07
jitter = 1e-06
jitter = 1e-07
jitter = 1e-06
jitter = 1e-07
jitter = 1e-06
jitter = 1e-07
jitter = 1e-06
jitter = 9.999999999999999e-06
jitter = 1e-07
jitter = 1e-06
jitter = 9.999999999999999e-06
jitter = 1e-07
jitter = 1e-06
jitter = 9.999999999999999e-06
jitter = 1e-07
jitter = 1e-06
jitter = 9.999999999999999e-06
jitter = 1e-07
jitter = 1e-06
jitter = 9.999999999999999e-06
jitter = 1e-07
jitter = 1e-06
jitter = 9.999999999999999e-06
jitter = 1e-07
jitter = 1e-06
jitter = 9.999999999999999e-06
jitter = 1e-07
jitter = 1e-06
jitter = 9.999999999999999e-06
jitter = 1e-07
jitter = 1e-06
jitter = 9.999999999999999e-06
24 [0/400] 576.157731058639
38 [0/400] 521.2132034355965
44 [0/400] 514.142135623731
47 [1/400] 90.56989950137992
57 [5/400] 77.33350118628607
60 [8/400] 45.05497702240001
61 [9/400] 40.02324217738837
66 [14/400] 38.202117364549174
77 [22/400] 12.000611081005815
79 [23/400] 8.507530342507643
92 [32/400] 5.018483776700211
97 [35/400] 4.147237769246988
100 [38/400] 2.4136430934373303
118 [56/400] 2.061238425922432
127 [65/400] 1.984009744250136
134 [72/400] 1.4531041370254765
136 [74/400] 1.3470498979285292
138 [76/400] 1.0917626768369375
139 [77/400] 1.0784628733715371
148 [85/400] 0.4130336802502501
159 [96/400] 0.41084788589167287
165 [102/400] 0.3891692239028055
170 [107/400] 0.3740484003496989
172 [109/400] 0.3586684421011789
177 [114/400] 0.3381807648586945
178 [115/400] 0.3207996035470321
194 [130/400] 0.2864864362240642
199 [135/400] 0.25731488219387566
200 [136/400] 0.25731488219387566
213 [149/400] 0.25217748905107873
248 [183/400] 0.22925515280159736
254 [189/400] 0.21887764388777695
258 [193/400] 0.19022125790053573
259 [194/400] 0.17039620752636883
267 [202/400] 0.15446535285920807
268 [203/400] 0.15295091164014155
269 [204/400] 0.1448132456414111
275 [210/400] 0.1405829156600174
278 [213/400] 0.12815501613524033
293 [227/400] 0.12591438638122038
300 [234/400] 0.12591438638122038
302 [236/400] 0.1206155549119318
339 [270/400] 0.11518738644999532
400 [329/400] 0.11518738644999532
443 [371/400] 0.11414557309617979
[stop]
