0 [0/200] 1343.5343047382341
1 [0/200] 692.4
2 [0/200] 598.9949493661167
100 [0/200] 598.9949493661167
130 [0/200] 538.0
200 [0/200] 538.0
300 [0/200] 538.0
400 [0/200] 538.0
500 [0/200] 538.0
600 [0/200] 538.0
700 [0/200] 538.0
800 [0/200] 538.0
900 [0/200] 538.0
1000 [0/200] 538.0
1100 [0/200] 538.0
jitter = 1e-07
jitter = 1e-07
1200 [0/200] 538.0
1300 [0/200] 538.0
1400 [0/200] 538.0
1444 [1/200] 0.757722529778813
1500 [55/200] 0.757722529778813
1600 [151/200] 0.757722529778813
[stop]
