(7_w,15)-aCMA-ES (mu_w=4.5,w_1=34%) in dimension 50 (seed=14, Tue Jun 17 07:59:21 2025)
Iterat #Fevals   function value  axis ratio  sigma  min&max std  t[m:s]
    1     15 5.325661653798294e+02 1.0e+00 2.36e-01  2e-01  2e-01 0:00.9
    2     30 5.141421356237310e+02 1.0e+00 2.27e-01  2e-01  2e-01 0:01.9
    3     45 6.060660171779821e+02 1.0e+00 2.22e-01  2e-01  2e-01 0:02.6
    7    105 5.424264068711929e+02 1.1e+00 2.09e-01  2e-01  2e-01 0:05.8
   12    180 2.031653155857156e-01 1.1e+00 2.01e-01  2e-01  2e-01 0:12.0
   17    255 3.217674697524688e+00 1.2e+00 2.06e-01  2e-01  2e-01 0:17.9
   20    300 5.442785982155107e-01 1.2e+00 2.10e-01  2e-01  2e-01 0:24.0
   25    375 3.712240768201578e-01 1.3e+00 2.08e-01  2e-01  2e-01 0:32.2
   30    450 6.601659162924921e-01 1.3e+00 2.08e-01  2e-01  2e-01 0:41.6
   38    570 5.282842712474619e+02 1.4e+00 1.97e-01  2e-01  2e-01 0:51.1
   47    705 5.054295467307257e-01 1.4e+00 1.91e-01  2e-01  2e-01 1:01.9
   54    810 3.570671863553527e-01 1.4e+00 1.98e-01  2e-01  2e-01 1:13.2
   63    945 2.446828112759983e-01 1.4e+00 1.80e-01  2e-01  2e-01 1:26.3
   71   1065 4.369143967362163e-01 1.4e+00 1.56e-01  1e-01  2e-01 1:39.8
   80   1200 1.684332511960739e-01 1.4e+00 1.50e-01  1e-01  2e-01 1:54.3
   89   1335 4.778654081967590e-01 1.5e+00 1.49e-01  1e-01  2e-01 2:11.0
   97   1455 2.326656224496346e-01 1.5e+00 1.37e-01  1e-01  1e-01 2:29.8
  100   1500 2.784680046456732e-01 1.5e+00 1.35e-01  1e-01  1e-01 2:37.6
  106   1590 2.133507940685460e-01 1.5e+00 1.28e-01  1e-01  1e-01 2:56.4
  114   1710 3.974307122838930e-01 1.6e+00 1.20e-01  1e-01  1e-01 3:17.1
  121   1815 2.146753336033589e-01 1.6e+00 1.10e-01  1e-01  1e-01 3:39.1
  127   1905 1.921261954458881e-01 1.6e+00 1.04e-01  1e-01  1e-01 4:02.4
  132   1980 1.257413902936336e-01 1.6e+00 9.98e-02  9e-02  1e-01 4:27.3
  137   2055 1.721330074901438e-01 1.6e+00 9.72e-02  9e-02  1e-01 4:50.3
  145   2175 1.416933135917002e-01 1.6e+00 9.12e-02  8e-02  9e-02 5:15.8
  151   2265 1.331655699293535e-01 1.6e+00 8.58e-02  8e-02  9e-02 5:42.5
  156   2340 1.433433887981669e-01 1.6e+00 8.30e-02  8e-02  9e-02 6:11.3
  162   2430 1.386329340362568e-01 1.6e+00 7.94e-02  7e-02  8e-02 6:43.1
  167   2505 1.699548201411347e-01 1.6e+00 7.39e-02  7e-02  8e-02 7:15.6
  172   2580 1.244301168804933e-01 1.6e+00 7.24e-02  6e-02  7e-02 7:46.9
  177   2655 1.117726487351323e-01 1.6e+00 7.18e-02  6e-02  7e-02 8:22.1
  182   2730 1.211585282932896e-01 1.7e+00 6.52e-02  6e-02  7e-02 8:53.2
  188   2820 1.121909694625861e-01 1.7e+00 5.93e-02  5e-02  6e-02 9:30.1
  194   2910 1.005801521034053e-01 1.7e+00 5.98e-02  5e-02  6e-02 10:04.6
  199   2985 1.026254767730602e-01 1.7e+00 5.99e-02  5e-02  6e-02 10:44.2
  200   3000 1.136050315279148e-01 1.7e+00 5.88e-02  5e-02  6e-02 10:50.1
  207   3105 9.699898600493619e-02 1.7e+00 5.65e-02  5e-02  6e-02 11:29.9
  214   3210 1.027911209156369e-01 1.7e+00 5.61e-02  5e-02  6e-02 12:10.6
  220   3300 1.009178015332449e-01 1.7e+00 5.09e-02  4e-02  5e-02 12:51.5
[stop]
