0 [0/200] 1046.4190167172405
1 [0/200] 913.5293342895036
2 [0/200] 705.0609665440987
17 [0/200] 683.8477631085024
20 [0/200] 641.4213562373095
23 [0/200] 556.5685424949238
24 [0/200] 549.4974746830583
27 [0/200] 528.2842712474619
28 [0/200] 521.2132034355965
31 [0/200] 515.8113883008419
32 [1/200] 0.46688304887495014
33 [2/200] 0.3622192562426542
45 [9/200] 0.3618019650110681
53 [17/200] 0.19394539249860143
61 [25/200] 0.18870257140887414
62 [26/200] 0.18336886534589253
63 [27/200] 0.1802454433712179
67 [31/200] 0.16387339375453686
70 [34/200] 0.1562463955768309
78 [42/200] 0.14239314969369943
80 [44/200] 0.09329124868145731
83 [47/200] 0.09248220544201687
88 [52/200] 0.0901215968014953
100 [61/200] 0.0901215968014953
116 [76/200] 0.08992263034705046
140 [97/200] 0.08945545181130272
150 [106/200] 0.08852238968265741
189 [143/200] 0.08841377945621746
200 [152/200] 0.08841377945621746
250 [198/200] 0.08802683471528931
[stop]
