(5_w,10)-aCMA-ES (mu_w=3.2,w_1=45%) in dimension 10 (seed=15, Tue Jun 24 08:54:47 2025)
Iterat #Fevals   function value  axis ratio  sigma  min&max std  t[m:s]
    1     10 9.604669201113691e+02 1.0e+00 2.41e-01  2e-01  2e-01 0:00.1
    2     20 5.384000000000000e+02 1.2e+00 2.41e-01  2e-01  3e-01 0:00.1
    3     30 5.384000000000000e+02 1.2e+00 2.41e-01  2e-01  3e-01 0:00.2
   10    100 7.577225297788130e-01 2.0e+00 3.67e-01  3e-01  4e-01 0:03.5
   13    130 7.577225297788130e-01 1.9e+00 3.01e-01  3e-01  3e-01 0:08.3
   17    170 7.577225297788130e-01 1.9e+00 2.50e-01  2e-01  3e-01 0:15.7
   21    210 7.577225297788130e-01 1.8e+00 2.03e-01  2e-01  2e-01 0:22.8
   24    240 7.577225297788130e-01 1.8e+00 1.76e-01  1e-01  2e-01 0:32.5
   27    270 7.577225297788130e-01 1.9e+00 1.32e-01  1e-01  1e-01 0:44.5
   28    280 7.577225297788130e-01 2.0e+00 1.18e-01  9e-02  1e-01 0:50.2
termination on tolflatfitness=1 (Tue Jun 24 08:55:37 2025)
final/bestever f-value = 7.577225e-01 7.577225e-01
incumbent solution: [0.14947268 0.97591874 0.09991269 0.65785332 0.18539063 0.91425743
 0.31254425 0.96622841 ...]
std deviations: [0.1192571  0.1088715  0.10411738 0.09455431 0.1038875  0.11096733
 0.0982865  0.09448003 ...]
(10_w,21)-aCMA-ES (mu_w=6.2,w_1=27%) in dimension 10 (seed=16, Tue Jun 24 08:55:37 2025)
Iterat #Fevals   function value  axis ratio  sigma  min&max std  t[m:s]
    1    302 6.512000000000000e+02 1.0e+00 2.27e-01  2e-01  2e-01 0:00.1
    2    323 6.313949493661166e+02 1.2e+00 2.29e-01  2e-01  2e-01 0:00.2
    3    344 6.313949493661166e+02 1.3e+00 2.51e-01  2e-01  3e-01 0:00.3
   30    911 5.380000000000000e+02 4.4e+00 3.45e-01  2e-01  5e-01 0:03.4
   42   1163 5.380000000000000e+02 4.2e+00 2.20e-01  1e-01  2e-01 0:04.5
termination on tolflatfitness=1 after 1 restart (Tue Jun 24 08:55:42 2025)
final/bestever f-value = 5.380000e+02 7.577225e-01
incumbent solution: [0.98891426 0.10929853 0.93967467 0.14352003 0.90476131 0.01342275
 0.00903771 0.87897646 ...]
std deviations: [0.23553368 0.19532496 0.16421535 0.14891385 0.14527136 0.2022595
 0.17507513 0.14230192 ...]
(5_w,11)-aCMA-ES (mu_w=3.4,w_1=42%) in dimension 10 (seed=17, Tue Jun 24 08:55:42 2025)
Iterat #Fevals   function value  axis ratio  sigma  min&max std  t[m:s]
    1   1175 6.084000000000001e+02 1.0e+00 9.97e-02  1e-01  1e-01 0:00.0
    2   1186 6.084000000000001e+02 1.2e+00 9.15e-02  9e-02  9e-02 0:00.1
    3   1197 6.084000000000001e+02 1.3e+00 9.17e-02  9e-02  9e-02 0:00.2
    7   1241 6.084000000000001e+02 1.6e+00 9.19e-02  8e-02  1e-01 0:00.4
termination on tolflatfitness=1 after 2 restarts (Tue Jun 24 08:55:42 2025)
final/bestever f-value = 6.084000e+02 7.577225e-01
incumbent solution: [0.88602943 0.3413651  0.78320877 0.3444867  0.98967491 0.86405446
 0.13682621 0.9483771  ...]
std deviations: [0.09081817 0.09953492 0.08915744 0.08977891 0.09172921 0.09456607
 0.08929844 0.08277663 ...]
(8_w,16)-aCMA-ES (mu_w=4.8,w_1=32%) in dimension 10 (seed=18, Tue Jun 24 08:55:42 2025)
Iterat #Fevals   function value  axis ratio  sigma  min&max std  t[m:s]
    1   1258 9.902112549695428e+02 1.0e+00 1.39e-02  1e-02  1e-02 0:00.1
termination on tolfun=1e-06 after 3 restarts (Tue Jun 24 08:55:42 2025)
final/bestever f-value = 9.902113e+02 7.577225e-01
incumbent solution: [0.91997374 0.7365189  0.77149782 0.58218964 0.20249686 0.80303505
 0.68002878 0.25886507 ...]
std deviations: [0.01401305 0.01424767 0.01358865 0.01385962 0.01399603 0.01386752
 0.01406637 0.01353687 ...]
(9_w,19)-aCMA-ES (mu_w=5.6,w_1=29%) in dimension 10 (seed=19, Tue Jun 24 08:55:42 2025)
Iterat #Fevals   function value  axis ratio  sigma  min&max std  t[m:s]
    1   1278 7.389193197338464e+02 1.0e+00 7.56e-03  7e-03  8e-03 0:00.1
termination on tolfun=1e-06 after 4 restarts (Tue Jun 24 08:55:42 2025)
final/bestever f-value = 7.389193e+02 7.577225e-01
incumbent solution: [0.44873792 0.59425726 0.41748898 0.37865863 0.87487721 0.71796103
 0.13968692 0.75546479 ...]
std deviations: [0.00737607 0.00749294 0.00738766 0.00737668 0.00737674 0.00761982
 0.00747656 0.00728146 ...]
(6_w,13)-aCMA-ES (mu_w=4.0,w_1=38%) in dimension 10 (seed=20, Tue Jun 24 08:55:42 2025)
Iterat #Fevals   function value  axis ratio  sigma  min&max std  t[m:s]
    1   1292 7.192031021678297e+02 1.0e+00 9.35e-02  9e-02  1e-01 0:00.1
    2   1305 7.192031021678297e+02 1.2e+00 8.92e-02  9e-02  9e-02 0:00.1
    3   1318 6.515370849898476e+02 1.3e+00 8.25e-02  8e-02  9e-02 0:00.2
   13   1448 5.948000000000000e+02 2.3e+00 1.66e-01  1e-01  2e-01 0:00.8
termination on tolflatfitness=1 after 5 restarts (Tue Jun 24 08:55:43 2025)
final/bestever f-value = 5.948000e+02 7.577225e-01
incumbent solution: [0.05506233 0.89129284 0.01161758 0.91654621 0.20526319 0.92679873
 0.09124426 0.79870905 ...]
std deviations: [0.16087115 0.14698227 0.14907502 0.20886365 0.14191606 0.15491544
 0.16262376 0.16827432 ...]
(9_w,19)-aCMA-ES (mu_w=5.6,w_1=29%) in dimension 10 (seed=21, Tue Jun 24 08:55:43 2025)
Iterat #Fevals   function value  axis ratio  sigma  min&max std  t[m:s]
    1   1468 7.121320343559643e+02 1.0e+00 2.32e-02  2e-02  2e-02 0:00.1
termination on tolfun=1e-06 after 6 restarts (Tue Jun 24 08:55:43 2025)
final/bestever f-value = 7.121320e+02 7.577225e-01
incumbent solution: [0.02062008 0.87304685 0.78322831 0.38667847 0.86493928 0.96413513
 0.55780758 0.37308315 ...]
std deviations: [0.02338018 0.02253072 0.02277767 0.02326384 0.02245165 0.02356683
 0.02349104 0.02293711 ...]
(7_w,14)-aCMA-ES (mu_w=4.3,w_1=36%) in dimension 10 (seed=22, Tue Jun 24 08:55:43 2025)
Iterat #Fevals   function value  axis ratio  sigma  min&max std  t[m:s]
    1   1483 7.839370849898476e+02 1.0e+00 5.01e-03  5e-03  5e-03 0:00.1
    2   1497 7.839370849898476e+02 1.2e+00 5.75e-03  6e-03  6e-03 0:00.1
    3   1511 7.839370849898476e+02 1.3e+00 6.29e-03  6e-03  7e-03 0:00.2
    6   1553 7.839370849898476e+02 1.5e+00 7.04e-03  7e-03  7e-03 0:00.3
termination on tolflatfitness=1 after 7 restarts (Tue Jun 24 08:55:44 2025)
final/bestever f-value = 7.839371e+02 7.577225e-01
incumbent solution: [0.86622457 0.07162799 0.57056192 0.01496876 0.75537206 0.9123331
 0.48949848 0.87421743 ...]
std deviations: [0.00693168 0.00710732 0.0069112  0.00716524 0.0069693  0.00704691
 0.00699559 0.00699914 ...]
(7_w,14)-aCMA-ES (mu_w=4.3,w_1=36%) in dimension 10 (seed=23, Tue Jun 24 08:55:44 2025)
Iterat #Fevals   function value  axis ratio  sigma  min&max std  t[m:s]
    1   1568 7.050609665440988e+02 1.0e+00 1.36e-02  1e-02  1e-02 0:00.1
termination on tolfun=1e-06 after 8 restarts (Tue Jun 24 08:55:44 2025)
final/bestever f-value = 7.050610e+02 7.577225e-01
incumbent solution: [0.11790972 0.45363095 0.94973768 0.30437264 0.64148031 0.97292884
 0.72790666 0.41531436 ...]
std deviations: [0.01351031 0.01307298 0.01360966 0.01319343 0.0132658  0.01375077
 0.0132805  0.0137773  ...]
(6_w,12)-aCMA-ES (mu_w=3.7,w_1=40%) in dimension 10 (seed=24, Tue Jun 24 08:55:44 2025)
Iterat #Fevals   function value  axis ratio  sigma  min&max std  t[m:s]
    1   1581 8.544009029333870e+02 1.0e+00 1.23e-02  1e-02  1e-02 0:00.1
termination on tolfun=1e-06 after 9 restarts (Tue Jun 24 08:55:44 2025)
final/bestever f-value = 8.544009e+02 7.577225e-01
incumbent solution: [0.71121328 0.2851284  0.57800019 0.18297049 0.76025115 0.13933656
 0.17368304 0.21611443 ...]
std deviations: [0.01236187 0.01230038 0.01225055 0.01239146 0.01203613 0.01204445
 0.01230917 0.01245837 ...]
(5_w,10)-aCMA-ES (mu_w=3.2,w_1=45%) in dimension 10 (seed=25, Tue Jun 24 08:55:44 2025)
Iterat #Fevals   function value  axis ratio  sigma  min&max std  t[m:s]
    1   1592 6.872660171779821e+02 1.0e+00 1.55e-02  2e-02  2e-02 0:00.1
termination on tolfun=1e-06 after 10 restarts (Tue Jun 24 08:55:44 2025)
final/bestever f-value = 6.872660e+02 7.577225e-01
incumbent solution: [0.63599945 0.13634191 0.92533732 0.03169752 0.72077454 0.60997092
 0.43990834 0.10162399 ...]
std deviations: [0.01524109 0.01551059 0.01573985 0.01555148 0.01519965 0.01572813
 0.0154034  0.01576775 ...]
(5_w,10)-aCMA-ES (mu_w=3.2,w_1=45%) in dimension 10 (seed=26, Tue Jun 24 08:55:44 2025)
Iterat #Fevals   function value  axis ratio  sigma  min&max std  t[m:s]
    1   1603 6.872660171779821e+02 1.0e+00 1.01e-01  1e-01  1e-01 0:00.1
    2   1613 6.872660171779821e+02 1.2e+00 9.65e-02  9e-02  1e-01 0:00.1
    3   1623 6.872660171779821e+02 1.2e+00 9.36e-02  9e-02  1e-01 0:00.2
    7   1663 6.872660171779821e+02 1.3e+00 8.81e-02  8e-02  9e-02 0:00.4
termination on tolflatfitness=1 after 11 restarts (Tue Jun 24 08:55:44 2025)
final/bestever f-value = 6.872660e+02 7.577225e-01
incumbent solution: [0.75308571 0.34141676 0.82736674 0.92150691 0.33593386 0.76791608
 0.20555788 0.23622078 ...]
std deviations: [0.08704467 0.08746547 0.08774314 0.09134388 0.07960044 0.08628411
 0.07783808 0.08683557 ...]
(7_w,15)-aCMA-ES (mu_w=4.5,w_1=34%) in dimension 10 (seed=27, Tue Jun 24 08:55:44 2025)
Iterat #Fevals   function value  axis ratio  sigma  min&max std  t[m:s]
    1   1679 8.477193197338463e+02 1.0e+00 1.36e-02  1e-02  1e-02 0:00.1
    2   1694 9.468031021678297e+02 1.2e+00 1.21e-02  1e-02  1e-02 0:00.2
    3   1709 9.468031021678297e+02 1.3e+00 1.18e-02  1e-02  1e-02 0:00.2
termination on tolflatfitness=1 after 12 restarts (Tue Jun 24 08:55:44 2025)
final/bestever f-value = 9.468031e+02 7.577225e-01
incumbent solution: [0.79779626 0.95144274 0.448319   0.2500444  0.54183497 0.91410096
 0.6245167  0.85427044 ...]
std deviations: [0.01159672 0.01130231 0.01163497 0.01133553 0.01245033 0.01180737
 0.0118684  0.01171121 ...]
(6_w,12)-aCMA-ES (mu_w=3.7,w_1=40%) in dimension 10 (seed=28, Tue Jun 24 08:55:44 2025)
Iterat #Fevals   function value  axis ratio  sigma  min&max std  t[m:s]
    1   1722 6.328533025558642e+02 1.0e+00 9.01e-02  8e-02  9e-02 0:00.0
    2   1734 6.328533025558642e+02 1.1e+00 9.27e-02  9e-02  1e-01 0:00.1
    3   1746 6.328533025558642e+02 1.2e+00 8.86e-02  8e-02  9e-02 0:00.1
    5   1770 6.328533025558642e+02 1.4e+00 9.74e-02  9e-02  1e-01 0:00.2
termination on tolflatfitness=1 after 13 restarts (Tue Jun 24 08:55:45 2025)
final/bestever f-value = 6.328533e+02 7.577225e-01
incumbent solution: [0.71836053 0.08687026 0.34646443 0.97275835 0.25805878 0.75228679
 0.38911644 0.84587385 ...]
std deviations: [0.10451226 0.09092741 0.10150927 0.09308892 0.10376002 0.09303954
 0.09183056 0.09472325 ...]
(21_w,43)-aCMA-ES (mu_w=12.1,w_1=15%) in dimension 10 (seed=29, Tue Jun 24 08:55:45 2025)
Iterat #Fevals   function value  axis ratio  sigma  min&max std  t[m:s]
    1   1814 7.545584412271571e+02 1.0e+00 2.82e-01  3e-01  3e-01 0:00.2
    2   1857 6.252660171779821e+02 1.4e+00 3.62e-01  3e-01  4e-01 0:00.4
    3   1900 6.315370849898476e+02 1.6e+00 5.13e-01  5e-01  7e-01 0:00.5
   17   2502 5.948000000000000e+02 3.1e+00 3.78e-01  3e-01  5e-01 0:03.7
   23   2760 5.948000000000000e+02 2.7e+00 2.75e-01  2e-01  3e-01 0:05.0
termination on tolflatfitness=1 after 14 restarts (Tue Jun 24 08:55:50 2025)
final/bestever f-value = 5.948000e+02 7.577225e-01
incumbent solution: [0.02659389 0.99971321 0.05271193 0.99827089 0.99383604 0.03716747
 0.99948395 0.01658481 ...]
std deviations: [0.18038018 0.18017572 0.17093024 0.1919039  0.18591337 0.20403692
 0.23375682 0.22276374 ...]
(5_w,11)-aCMA-ES (mu_w=3.4,w_1=42%) in dimension 10 (seed=30, Tue Jun 24 08:55:50 2025)
Iterat #Fevals   function value  axis ratio  sigma  min&max std  t[m:s]
    1   2772 1.000176409221956e+03 1.0e+00 3.11e-03  3e-03  3e-03 0:00.1
termination on tolfun=1e-06 after 15 restarts (Tue Jun 24 08:55:50 2025)
final/bestever f-value = 1.000176e+03 7.577225e-01
incumbent solution: [0.06259629 0.40573643 0.52160856 0.31916303 0.00265012 0.62072856
 0.17514682 0.69878612 ...]
std deviations: [0.00315286 0.00313316 0.00307656 0.00309775 0.00313493 0.00305719
 0.00310971 0.00313998 ...]
(5_w,10)-aCMA-ES (mu_w=3.2,w_1=45%) in dimension 10 (seed=31, Tue Jun 24 08:55:50 2025)
Iterat #Fevals   function value  axis ratio  sigma  min&max std  t[m:s]
    1   2783 7.436660171779821e+02 1.0e+00 1.85e-01  2e-01  2e-01 0:00.1
    2   2793 6.248660171779821e+02 1.2e+00 1.94e-01  2e-01  2e-01 0:00.1
    3   2803 6.248660171779821e+02 1.3e+00 1.89e-01  2e-01  2e-01 0:00.2
   17   2943 7.577225297788130e-01 1.9e+00 2.30e-01  2e-01  3e-01 0:05.5
   19   2963 7.577225297788130e-01 2.1e+00 2.38e-01  2e-01  3e-01 0:11.2
   21   2983 7.577225297788130e-01 2.1e+00 2.29e-01  2e-01  3e-01 0:18.4
   23   3003 7.577225297788130e-01 2.2e+00 1.89e-01  2e-01  2e-01 0:27.4
termination on tolflatfitness=1 after 16 restarts (Tue Jun 24 08:56:18 2025)
final/bestever f-value = 7.577225e-01 7.577225e-01
incumbent solution: [0.0023206  0.99454275 0.0041083  0.98425193 0.03356498 0.96886665
 0.11496452 0.99879997 ...]
std deviations: [0.16568023 0.19954344 0.17913688 0.16685704 0.16768844 0.16309999
 0.17936641 0.20496838 ...]
(5_w,11)-aCMA-ES (mu_w=3.4,w_1=42%) in dimension 10 (seed=32, Tue Jun 24 08:56:18 2025)
Iterat #Fevals   function value  axis ratio  sigma  min&max std  t[m:s]
    1   3015 7.712660171779821e+02 1.0e+00 2.37e-02  2e-02  2e-02 0:00.0
    2   3026 7.712660171779821e+02 1.2e+00 2.35e-02  2e-02  2e-02 0:00.1
    3   3037 7.148660171779821e+02 1.3e+00 2.23e-02  2e-02  2e-02 0:00.2
    7   3081 7.148660171779821e+02 1.5e+00 2.14e-02  2e-02  2e-02 0:00.4
termination on tolflatfitness=1 after 17 restarts (Tue Jun 24 08:56:18 2025)
final/bestever f-value = 7.148660e+02 7.577225e-01
incumbent solution: [0.89515022 0.48566235 0.77810582 0.91788569 0.66459865 0.81602414
 0.39301136 0.3428426  ...]
std deviations: [0.02176004 0.02192677 0.0192682  0.01951016 0.02060302 0.0227631
 0.0209918  0.02123502 ...]
(11_w,22)-aCMA-ES (mu_w=6.5,w_1=26%) in dimension 10 (seed=33, Tue Jun 24 08:56:18 2025)
Iterat #Fevals   function value  axis ratio  sigma  min&max std  t[m:s]
    1   3104 7.459903875457118e+02 1.0e+00 1.46e-01  1e-01  2e-01 0:00.1
    2   3126 7.459903875457118e+02 1.3e+00 1.35e-01  1e-01  1e-01 0:00.2
    3   3148 7.412533025558641e+02 1.4e+00 1.44e-01  1e-01  2e-01 0:00.3
   31   3764 5.380000000000000e+02 2.1e+00 3.44e-01  2e-01  3e-01 0:03.4
   34   3830 5.380000000000000e+02 2.2e+00 2.64e-01  2e-01  2e-01 0:03.7
termination on tolfunhist=1e-12 after 18 restarts (Tue Jun 24 08:56:22 2025)
final/bestever f-value = 5.380000e+02 7.577225e-01
incumbent solution: [9.97436146e-01 9.70586336e-02 9.93792162e-01 1.48832627e-04
 9.92715104e-01 5.45362824e-02 1.31015698e-02 9.56140684e-01 ...]
std deviations: [0.23283495 0.22359436 0.17846535 0.1562142  0.2169596  0.17912731
 0.23121046 0.16693857 ...]
(43_w,87)-aCMA-ES (mu_w=23.6,w_1=9%) in dimension 10 (seed=34, Tue Jun 24 08:56:22 2025)
Iterat #Fevals   function value  axis ratio  sigma  min&max std  t[m:s]
    1   3918 6.315370849898476e+02 1.0e+00 2.98e-01  3e-01  3e-01 0:00.5
    2   4005 5.808000000000000e+02 1.4e+00 3.71e-01  3e-01  4e-01 0:00.9
    3   4092 5.989949493661167e+02 1.5e+00 3.94e-01  3e-01  4e-01 0:01.3
   10   4701 5.808000000000000e+02 2.7e+00 5.89e-01  4e-01  8e-01 0:04.4
   18   5397 5.808000000000000e+02 3.3e+00 5.21e-01  2e-01  7e-01 0:07.7
termination on tolfunhist=1e-12 after 19 restarts (Tue Jun 24 08:56:30 2025)
final/bestever f-value = 5.808000e+02 7.577225e-01
incumbent solution: [0.91300338 0.02434547 0.99528103 0.02361103 0.9725382  0.07007755
 0.99859462 0.1166898  ...]
std deviations: [0.72984748 0.40778105 0.36009941 0.30556199 0.2720064  0.31459625
 0.28429946 0.30613555 ...]
[stop]
