(6_w,12)-aCMA-ES (mu_w=3.7,w_1=40%) in dimension 20 (seed=11, Tue Jun 24 11:59:02 2025)
Iterat #Fevals   function value  axis ratio  sigma  min&max std  t[m:s]
    1     12 6.626345596729059e+02 1.0e+00 2.31e-01  2e-01  2e-01 0:00.6
    2     24 7.694428492865070e+02 1.1e+00 2.32e-01  2e-01  2e-01 0:01.0
    3     36 7.757716446627535e+02 1.2e+00 2.39e-01  2e-01  2e-01 0:01.4
   12    144 5.781110255092798e+02 1.4e+00 2.63e-01  3e-01  3e-01 0:04.6
   19    228 4.729114703154065e-01 1.6e+00 2.64e-01  3e-01  3e-01 0:09.2
   30    360 2.523594509252243e-01 2.0e+00 3.21e-01  3e-01  3e-01 0:14.6
   44    528 1.572758942572703e+00 2.1e+00 2.78e-01  2e-01  3e-01 0:21.3
   60    720 5.070710678118655e+02 2.3e+00 2.21e-01  2e-01  2e-01 0:28.5
   72    864 2.652588869972208e+00 2.3e+00 1.80e-01  1e-01  2e-01 0:37.3
   77    924 9.926851563856256e-01 2.3e+00 1.68e-01  1e-01  2e-01 0:47.4
   85   1020 7.900882589395530e-01 2.4e+00 1.47e-01  1e-01  2e-01 0:59.6
   91   1092 1.419362714910878e-01 2.5e+00 1.18e-01  1e-01  1e-01 1:11.5
   97   1164 1.216358558345419e-01 2.5e+00 9.45e-02  7e-02  1e-01 1:24.4
  100   1200 2.206090242274725e-01 2.6e+00 9.03e-02  7e-02  1e-01 1:32.1
  104   1248 1.031747912050607e-01 2.6e+00 7.25e-02  5e-02  8e-02 1:49.2
  108   1296 9.490742543350757e-02 2.7e+00 7.89e-02  6e-02  9e-02 2:09.5
  112   1344 9.204226068848848e-02 2.7e+00 7.19e-02  5e-02  8e-02 2:29.7
  116   1392 8.944687643691379e-02 2.7e+00 6.55e-02  4e-02  7e-02 2:52.9
  120   1440 8.923808656222476e-02 2.7e+00 5.85e-02  4e-02  6e-02 3:13.4
  124   1488 9.241721230201541e-02 2.8e+00 4.81e-02  3e-02  5e-02 3:33.7
  128   1536 9.265602753462526e-02 2.9e+00 5.04e-02  3e-02  6e-02 3:56.4
  133   1596 8.853450798282501e-02 3.0e+00 5.28e-02  4e-02  6e-02 4:20.0
[stop]
