(6_w,12)-aCMA-ES (mu_w=3.7,w_1=40%) in dimension 20 (seed=7, Tue Jun 24 11:29:14 2025)
Iterat #Fevals   function value  axis ratio  sigma  min&max std  t[m:s]
    1     12 5.867106781186548e+02 1.0e+00 2.32e-01  2e-01  2e-01 0:00.1
    2     24 5.777817459305202e+02 1.1e+00 2.27e-01  2e-01  2e-01 0:00.2
    3     36 5.700000000000000e+02 1.1e+00 2.24e-01  2e-01  2e-01 0:00.3
   10    120 9.219010510724579e-01 1.3e+00 2.05e-01  2e-01  2e-01 0:05.1
   12    144 4.673856587498905e-01 1.4e+00 2.09e-01  2e-01  2e-01 0:12.3
   14    168 4.673856587498905e-01 1.4e+00 2.13e-01  2e-01  2e-01 0:20.1
   16    192 4.673856587498905e-01 1.5e+00 1.92e-01  2e-01  2e-01 0:28.4
   18    216 4.673856587498905e-01 1.5e+00 1.81e-01  2e-01  2e-01 0:36.2
   21    252 4.673856587498905e-01 1.6e+00 1.67e-01  1e-01  2e-01 0:45.8
   23    276 4.673856587498905e-01 1.6e+00 1.63e-01  1e-01  2e-01 0:57.7
   25    300 4.673856587498905e-01 1.6e+00 1.67e-01  1e-01  2e-01 1:09.1
   28    336 4.673856587498905e-01 1.6e+00 1.74e-01  2e-01  2e-01 1:23.0
   30    360 4.673856587498905e-01 1.6e+00 1.64e-01  1e-01  2e-01 1:35.4
termination on tolflatfitness=1 (Tue Jun 24 11:30:50 2025)
final/bestever f-value = 4.673857e-01 3.120655e-01
incumbent solution: [0.03786429 0.99227631 0.0045888  0.18287367 0.82104682 0.73437986
 0.95000624 0.00444593 ...]
std deviations: [0.16142039 0.15508704 0.15961828 0.15922523 0.15726024 0.17166203
 0.14543367 0.1574134  ...]
(12_w,25)-aCMA-ES (mu_w=7.3,w_1=23%) in dimension 20 (seed=8, Tue Jun 24 11:30:50 2025)
Iterat #Fevals   function value  axis ratio  sigma  min&max std  t[m:s]
    1    386 1.508309174323265e-01 1.0e+00 2.47e-01  2e-01  3e-01 0:00.8
    2    411 5.160000000000000e+02 1.1e+00 2.56e-01  2e-01  3e-01 0:01.0
    3    436 5.180000000000000e+02 1.2e+00 2.74e-01  3e-01  3e-01 0:01.1
    6    511 1.090156030305407e-01 1.5e+00 3.31e-01  3e-01  3e-01 0:05.2
    8    561 1.090156030305407e-01 1.5e+00 3.51e-01  3e-01  4e-01 0:11.8
   12    661 1.090156030305407e-01 1.7e+00 3.42e-01  3e-01  4e-01 0:17.9
   15    736 1.079293459059777e-01 1.8e+00 2.87e-01  3e-01  3e-01 0:26.9
   17    786 1.090156030305407e-01 1.8e+00 2.64e-01  2e-01  3e-01 0:39.0
   19    836 1.090156030305407e-01 1.7e+00 2.63e-01  2e-01  3e-01 0:54.7
   20    861 1.090156030305407e-01 1.8e+00 2.62e-01  2e-01  3e-01 1:04.5
   22    911 1.090156030305407e-01 1.8e+00 2.57e-01  2e-01  3e-01 1:19.0
   24    961 1.090156030305407e-01 1.8e+00 2.52e-01  2e-01  3e-01 1:30.0
   26   1011 1.090156030305407e-01 1.8e+00 2.44e-01  2e-01  3e-01 1:42.0
   28   1061 1.036848282547648e-01 1.8e+00 2.13e-01  2e-01  2e-01 1:56.7
   30   1111 1.036848282547648e-01 1.8e+00 2.10e-01  2e-01  2e-01 2:18.8
[stop]
