0 [0/1000] 714.4269870347671
2 [0/1000] 650.0455532033675
5 [0/1000] 644.6341649025256
23 [0/1000] 633.2
36 [0/1000] 608.9949493661167
jitter = 1e-07
jitter = 1e-06
jitter = 9.999999999999999e-06
jitter = 9.999999999999999e-05
jitter = 0.001
jitter = 0.01
jitter = 0.1
jitter = 1.0
jitter = 10.0
jitter is too large, give up fitting GP
jitter = 1e-07
jitter = 1e-06
jitter = 9.999999999999999e-06
jitter = 9.999999999999999e-05
jitter = 0.001
jitter = 0.01
jitter = 0.1
jitter = 1.0
jitter = 10.0
jitter is too large, give up fitting GP
jitter = 1e-07
jitter = 1e-06
jitter = 9.999999999999999e-06
jitter = 9.999999999999999e-05
jitter = 0.001
jitter = 0.01
jitter = 0.1
jitter = 1.0
jitter = 10.0
jitter is too large, give up fitting GP
jitter = 1e-07
jitter = 1e-06
jitter = 9.999999999999999e-06
jitter = 9.999999999999999e-05
jitter = 0.001
jitter = 0.01
jitter = 0.1
jitter = 1.0
jitter = 10.0
jitter is too large, give up fitting GP
jitter = 1e-07
jitter = 1e-06
jitter = 9.999999999999999e-06
jitter = 9.999999999999999e-05
jitter = 0.001
jitter = 0.01
jitter = 0.1
jitter = 1.0
jitter = 10.0
jitter is too large, give up fitting GP
jitter = 1e-07
jitter = 1e-06
jitter = 9.999999999999999e-06
jitter = 9.999999999999999e-05
jitter = 0.001
jitter = 0.01
jitter = 0.1
jitter = 1.0
jitter = 10.0
jitter is too large, give up fitting GP
jitter = 1e-07
jitter = 1e-06
jitter = 9.999999999999999e-06
jitter = 9.999999999999999e-05
jitter = 0.001
jitter = 0.01
jitter = 0.1
jitter = 1.0
jitter = 10.0
jitter is too large, output random predictions
jitter = 1e-07
jitter = 1e-06
jitter = 9.999999999999999e-06
jitter = 9.999999999999999e-05
jitter = 0.001
jitter = 0.01
jitter = 0.1
jitter = 1.0
jitter = 10.0
jitter is too large, output random predictions
jitter = 1e-07
jitter = 1e-06
jitter = 9.999999999999999e-06
jitter = 9.999999999999999e-05
jitter = 0.001
jitter = 0.01
jitter = 0.1
jitter = 1.0
jitter = 10.0
jitter is too large, output random predictions
jitter = 1e-07
jitter = 1e-06
jitter = 9.999999999999999e-06
jitter = 9.999999999999999e-05
jitter = 0.001
jitter = 0.01
jitter = 0.1
jitter = 1.0
jitter = 10.0
jitter is too large, output random predictions
jitter = 1e-07
jitter = 1e-06
jitter = 9.999999999999999e-06
jitter = 9.999999999999999e-05
jitter = 0.001
jitter = 0.01
jitter = 0.1
jitter = 1.0
jitter = 10.0
jitter is too large, output random predictions
jitter = 1e-07
jitter = 1e-06
jitter = 9.999999999999999e-06
jitter = 9.999999999999999e-05
jitter = 0.001
jitter = 0.01
jitter = 0.1
jitter = 1.0
jitter = 10.0
jitter is too large, output random predictions
jitter = 1e-07
jitter = 1e-06
jitter = 9.999999999999999e-06
jitter = 9.999999999999999e-05
jitter = 0.001
jitter = 0.01
jitter = 0.1
jitter = 1.0
jitter = 10.0
jitter is too large, output random predictions
jitter = 1e-07
jitter = 1e-06
jitter = 9.999999999999999e-06
jitter = 9.999999999999999e-05
jitter = 0.001
jitter = 0.01
jitter = 0.1
jitter = 1.0
jitter = 10.0
jitter is too large, output random predictions
jitter = 1e-07
jitter = 1e-06
jitter = 9.999999999999999e-06
jitter = 9.999999999999999e-05
jitter = 0.001
jitter = 0.01
jitter = 0.1
jitter = 1.0
jitter = 10.0
jitter is too large, output random predictions
jitter = 1e-07
jitter = 1e-06
jitter = 9.999999999999999e-06
jitter = 9.999999999999999e-05
jitter = 0.001
jitter = 0.01
jitter = 0.1
jitter = 1.0
jitter = 10.0
jitter is too large, output random predictions
jitter = 1e-07
jitter = 1e-06
jitter = 9.999999999999999e-06
jitter = 9.999999999999999e-05
jitter = 0.001
jitter = 0.01
jitter = 0.1
jitter = 1.0
jitter = 10.0
jitter is too large, output random predictions
jitter = 1e-07
jitter = 1e-06
jitter = 9.999999999999999e-06
jitter = 9.999999999999999e-05
jitter = 0.001
jitter = 0.01
jitter = 0.1
jitter = 1.0
jitter = 10.0
jitter is too large, output random predictions
jitter = 1e-07
jitter = 1e-06
jitter = 9.999999999999999e-06
jitter = 9.999999999999999e-05
jitter = 0.001
jitter = 0.01
jitter = 0.1
jitter = 1.0
jitter = 10.0
jitter is too large, output random predictions
jitter = 1e-07
jitter = 1e-06
jitter = 9.999999999999999e-06
jitter = 9.999999999999999e-05
jitter = 0.001
jitter = 0.01
jitter = 0.1
jitter = 1.0
jitter = 10.0
jitter is too large, output random predictions
jitter = 1e-07
jitter = 1e-06
jitter = 9.999999999999999e-06
jitter = 9.999999999999999e-05
jitter = 0.001
jitter = 0.01
jitter = 0.1
jitter = 1.0
jitter = 10.0
jitter is too large, output random predictions
jitter = 1e-07
jitter = 1e-06
jitter = 9.999999999999999e-06
jitter = 9.999999999999999e-05
jitter = 0.001
jitter = 0.01
jitter = 0.1
jitter = 1.0
jitter = 10.0
jitter is too large, output random predictions
jitter = 1e-07
jitter = 1e-06
jitter = 9.999999999999999e-06
jitter = 9.999999999999999e-05
jitter = 0.001
jitter = 0.01
jitter = 0.1
jitter = 1.0
jitter = 10.0
jitter is too large, output random predictions
jitter = 1e-07
jitter = 1e-06
jitter = 9.999999999999999e-06
jitter = 9.999999999999999e-05
jitter = 0.001
jitter = 0.01
jitter = 0.1
jitter = 1.0
jitter = 10.0
jitter is too large, output random predictions
jitter = 1e-07
jitter = 1e-06
jitter = 9.999999999999999e-06
jitter = 9.999999999999999e-05
jitter = 0.001
jitter = 0.01
jitter = 0.1
jitter = 1.0
jitter = 10.0
jitter is too large, output random predictions
jitter = 1e-07
jitter = 1e-06
jitter = 9.999999999999999e-06
jitter = 9.999999999999999e-05
jitter = 0.001
jitter = 0.01
jitter = 0.1
jitter = 1.0
jitter = 10.0
jitter is too large, output random predictions
jitter = 1e-07
jitter = 1e-06
jitter = 9.999999999999999e-06
jitter = 9.999999999999999e-05
jitter = 0.001
jitter = 0.01
jitter = 0.1
jitter = 1.0
jitter = 10.0
jitter is too large, output random predictions
jitter = 1e-07
jitter = 1e-06
jitter = 9.999999999999999e-06
jitter = 9.999999999999999e-05
jitter = 0.001
jitter = 0.01
jitter = 0.1
jitter = 1.0
jitter = 10.0
jitter is too large, output random predictions
jitter = 1e-07
jitter = 1e-06
jitter = 9.999999999999999e-06
jitter = 9.999999999999999e-05
jitter = 0.001
jitter = 0.01
jitter = 0.1
jitter = 1.0
jitter = 10.0
jitter is too large, output random predictions
jitter = 1e-07
jitter = 1e-06
jitter = 9.999999999999999e-06
jitter = 9.999999999999999e-05
jitter = 0.001
jitter = 0.01
jitter = 0.1
jitter = 1.0
jitter = 10.0
jitter is too large, output random predictions
jitter = 1e-07
jitter = 1e-06
jitter = 9.999999999999999e-06
jitter = 9.999999999999999e-05
jitter = 0.001
jitter = 0.01
jitter = 0.1
jitter = 1.0
jitter = 10.0
jitter is too large, output random predictions
jitter = 1e-07
jitter = 1e-06
jitter = 9.999999999999999e-06
jitter = 9.999999999999999e-05
jitter = 0.001
jitter = 0.01
jitter = 0.1
jitter = 1.0
jitter = 10.0
jitter is too large, output random predictions
jitter = 1e-07
jitter = 1e-06
jitter = 9.999999999999999e-06
jitter = 9.999999999999999e-05
jitter = 0.001
jitter = 0.01
jitter = 0.1
jitter = 1.0
jitter = 10.0
jitter is too large, output random predictions
jitter = 1e-07
jitter = 1e-06
jitter = 9.999999999999999e-06
jitter = 9.999999999999999e-05
jitter = 0.001
jitter = 0.01
jitter = 0.1
jitter = 1.0
jitter = 10.0
jitter is too large, output random predictions
jitter = 1e-07
jitter = 1e-06
jitter = 9.999999999999999e-06
jitter = 9.999999999999999e-05
jitter = 0.001
jitter = 0.01
jitter = 0.1
jitter = 1.0
jitter = 10.0
jitter is too large, output random predictions
jitter = 1e-07
jitter = 1e-06
jitter = 9.999999999999999e-06
jitter = 9.999999999999999e-05
jitter = 0.001
jitter = 0.01
jitter = 0.1
jitter = 1.0
jitter = 10.0
jitter is too large, output random predictions
jitter = 1e-07
jitter = 1e-06
jitter = 9.999999999999999e-06
jitter = 9.999999999999999e-05
jitter = 0.001
jitter = 0.01
jitter = 0.1
jitter = 1.0
jitter = 10.0
jitter is too large, output random predictions
jitter = 1e-07
jitter = 1e-06
jitter = 9.999999999999999e-06
jitter = 9.999999999999999e-05
jitter = 0.001
jitter = 0.01
jitter = 0.1
jitter = 1.0
jitter = 10.0
jitter is too large, output random predictions
jitter = 1e-07
jitter = 1e-06
jitter = 9.999999999999999e-06
jitter = 9.999999999999999e-05
jitter = 0.001
jitter = 0.01
jitter = 0.1
jitter = 1.0
jitter = 10.0
jitter is too large, output random predictions
jitter = 1e-07
jitter = 1e-06
jitter = 9.999999999999999e-06
jitter = 9.999999999999999e-05
jitter = 0.001
jitter = 0.01
jitter = 0.1
jitter = 1.0
jitter = 10.0
jitter is too large, output random predictions
jitter = 1e-07
jitter = 1e-06
jitter = 9.999999999999999e-06
jitter = 9.999999999999999e-05
jitter = 0.001
jitter = 0.01
jitter = 0.1
jitter = 1.0
jitter = 10.0
jitter is too large, output random predictions
jitter = 1e-07
jitter = 1e-06
jitter = 9.999999999999999e-06
jitter = 9.999999999999999e-05
jitter = 0.001
jitter = 0.01
jitter = 0.1
jitter = 1.0
jitter = 10.0
jitter is too large, output random predictions
jitter = 1e-07
jitter = 1e-06
jitter = 9.999999999999999e-06
jitter = 9.999999999999999e-05
jitter = 0.001
jitter = 0.01
jitter = 0.1
jitter = 1.0
jitter = 10.0
jitter is too large, output random predictions
jitter = 1e-07
jitter = 1e-06
jitter = 9.999999999999999e-06
jitter = 9.999999999999999e-05
jitter = 0.001
jitter = 0.01
jitter = 0.1
jitter = 1.0
jitter = 10.0
jitter is too large, output random predictions
jitter = 1e-07
jitter = 1e-06
jitter = 9.999999999999999e-06
jitter = 9.999999999999999e-05
jitter = 0.001
jitter = 0.01
jitter = 0.1
jitter = 1.0
jitter = 10.0
jitter is too large, output random predictions
jitter = 1e-07
jitter = 1e-06
jitter = 9.999999999999999e-06
jitter = 9.999999999999999e-05
jitter = 0.001
jitter = 0.01
jitter = 0.1
jitter = 1.0
jitter = 10.0
jitter is too large, output random predictions
jitter = 1e-07
jitter = 1e-06
jitter = 9.999999999999999e-06
jitter = 9.999999999999999e-05
jitter = 0.001
jitter = 0.01
jitter = 0.1
jitter = 1.0
jitter = 10.0
jitter is too large, output random predictions
jitter = 1e-07
jitter = 1e-06
jitter = 9.999999999999999e-06
jitter = 9.999999999999999e-05
jitter = 0.001
jitter = 0.01
jitter = 0.1
jitter = 1.0
jitter = 10.0
jitter is too large, output random predictions
jitter = 1e-07
jitter = 1e-06
jitter = 9.999999999999999e-06
jitter = 9.999999999999999e-05
jitter = 0.001
jitter = 0.01
jitter = 0.1
jitter = 1.0
jitter = 10.0
jitter is too large, output random predictions
jitter = 1e-07
jitter = 1e-06
jitter = 9.999999999999999e-06
jitter = 9.999999999999999e-05
jitter = 0.001
jitter = 0.01
jitter = 0.1
jitter = 1.0
jitter = 10.0
jitter is too large, output random predictions
jitter = 1e-07
jitter = 1e-06
jitter = 9.999999999999999e-06
jitter = 9.999999999999999e-05
jitter = 0.001
jitter = 0.01
jitter = 0.1
jitter = 1.0
jitter = 10.0
jitter is too large, output random predictions
jitter = 1e-07
jitter = 1e-06
jitter = 9.999999999999999e-06
jitter = 9.999999999999999e-05
jitter = 0.001
jitter = 0.01
jitter = 0.1
jitter = 1.0
jitter = 10.0
jitter is too large, output random predictions
jitter = 1e-07
jitter = 1e-06
jitter = 9.999999999999999e-06
jitter = 9.999999999999999e-05
jitter = 0.001
jitter = 0.01
jitter = 0.1
jitter = 1.0
jitter = 10.0
jitter is too large, output random predictions
jitter = 1e-07
jitter = 1e-06
jitter = 9.999999999999999e-06
jitter = 9.999999999999999e-05
jitter = 0.001
jitter = 0.01
jitter = 0.1
jitter = 1.0
jitter = 10.0
jitter is too large, output random predictions
jitter = 1e-07
jitter = 1e-06
jitter = 9.999999999999999e-06
jitter = 9.999999999999999e-05
jitter = 0.001
jitter = 0.01
jitter = 0.1
jitter = 1.0
jitter = 10.0
jitter is too large, output random predictions
jitter = 1e-07
jitter = 1e-06
jitter = 9.999999999999999e-06
jitter = 9.999999999999999e-05
jitter = 0.001
jitter = 0.01
jitter = 0.1
jitter = 1.0
jitter = 10.0
jitter is too large, output random predictions
jitter = 1e-07
jitter = 1e-06
jitter = 9.999999999999999e-06
jitter = 9.999999999999999e-05
jitter = 0.001
jitter = 0.01
jitter = 0.1
jitter = 1.0
jitter = 10.0
jitter is too large, output random predictions
jitter = 1e-07
jitter = 1e-06
jitter = 9.999999999999999e-06
jitter = 9.999999999999999e-05
jitter = 0.001
jitter = 0.01
jitter = 0.1
jitter = 1.0
jitter = 10.0
jitter is too large, output random predictions
jitter = 1e-07
jitter = 1e-06
jitter = 9.999999999999999e-06
jitter = 9.999999999999999e-05
jitter = 0.001
jitter = 0.01
jitter = 0.1
jitter = 1.0
jitter = 10.0
jitter is too large, output random predictions
jitter = 1e-07
jitter = 1e-06
jitter = 9.999999999999999e-06
jitter = 9.999999999999999e-05
jitter = 0.001
jitter = 0.01
jitter = 0.1
jitter = 1.0
jitter = 10.0
jitter is too large, output random predictions
jitter = 1e-07
jitter = 1e-06
jitter = 9.999999999999999e-06
jitter = 9.999999999999999e-05
jitter = 0.001
jitter = 0.01
jitter = 0.1
jitter = 1.0
jitter = 10.0
jitter is too large, output random predictions
jitter = 1e-07
jitter = 1e-06
jitter = 9.999999999999999e-06
jitter = 9.999999999999999e-05
jitter = 0.001
jitter = 0.01
jitter = 0.1
jitter = 1.0
jitter = 10.0
jitter is too large, output random predictions
jitter = 1e-07
jitter = 1e-06
jitter = 9.999999999999999e-06
jitter = 9.999999999999999e-05
jitter = 0.001
jitter = 0.01
jitter = 0.1
jitter = 1.0
jitter = 10.0
jitter is too large, output random predictions
jitter = 1e-07
jitter = 1e-06
jitter = 9.999999999999999e-06
jitter = 9.999999999999999e-05
jitter = 0.001
jitter = 0.01
jitter = 0.1
jitter = 1.0
jitter = 10.0
jitter is too large, output random predictions
jitter = 1e-07
jitter = 1e-06
jitter = 9.999999999999999e-06
jitter = 9.999999999999999e-05
jitter = 0.001
jitter = 0.01
jitter = 0.1
jitter = 1.0
jitter = 10.0
jitter is too large, output random predictions
jitter = 1e-07
jitter = 1e-06
jitter = 9.999999999999999e-06
jitter = 9.999999999999999e-05
jitter = 0.001
jitter = 0.01
jitter = 0.1
jitter = 1.0
jitter = 10.0
jitter is too large, output random predictions
jitter = 1e-07
jitter = 1e-06
jitter = 9.999999999999999e-06
jitter = 9.999999999999999e-05
jitter = 0.001
jitter = 0.01
jitter = 0.1
jitter = 1.0
jitter = 10.0
jitter is too large, output random predictions
jitter = 1e-07
jitter = 1e-06
jitter = 9.999999999999999e-06
jitter = 9.999999999999999e-05
jitter = 0.001
jitter = 0.01
jitter = 0.1
jitter = 1.0
jitter = 10.0
jitter is too large, output random predictions
jitter = 1e-07
jitter = 1e-06
jitter = 9.999999999999999e-06
jitter = 9.999999999999999e-05
jitter = 0.001
jitter = 0.01
jitter = 0.1
jitter = 1.0
jitter = 10.0
jitter is too large, output random predictions
jitter = 1e-07
jitter = 1e-06
jitter = 9.999999999999999e-06
jitter = 9.999999999999999e-05
jitter = 0.001
jitter = 0.01
jitter = 0.1
jitter = 1.0
jitter = 10.0
jitter is too large, output random predictions
jitter = 1e-07
jitter = 1e-06
jitter = 9.999999999999999e-06
jitter = 9.999999999999999e-05
jitter = 0.001
jitter = 0.01
jitter = 0.1
jitter = 1.0
jitter = 10.0
jitter is too large, output random predictions
jitter = 1e-07
jitter = 1e-06
jitter = 9.999999999999999e-06
jitter = 9.999999999999999e-05
jitter = 0.001
jitter = 0.01
jitter = 0.1
jitter = 1.0
jitter = 10.0
jitter is too large, output random predictions
jitter = 1e-07
jitter = 1e-06
jitter = 9.999999999999999e-06
jitter = 9.999999999999999e-05
jitter = 0.001
jitter = 0.01
jitter = 0.1
jitter = 1.0
jitter = 10.0
jitter is too large, output random predictions
jitter = 1e-07
jitter = 1e-06
jitter = 9.999999999999999e-06
jitter = 9.999999999999999e-05
jitter = 0.001
jitter = 0.01
jitter = 0.1
jitter = 1.0
jitter = 10.0
jitter is too large, output random predictions
jitter = 1e-07
jitter = 1e-06
jitter = 9.999999999999999e-06
jitter = 9.999999999999999e-05
jitter = 0.001
jitter = 0.01
jitter = 0.1
jitter = 1.0
jitter = 10.0
jitter is too large, output random predictions
jitter = 1e-07
jitter = 1e-06
jitter = 9.999999999999999e-06
jitter = 9.999999999999999e-05
jitter = 0.001
jitter = 0.01
jitter = 0.1
jitter = 1.0
jitter = 10.0
jitter is too large, output random predictions
jitter = 1e-07
jitter = 1e-06
jitter = 9.999999999999999e-06
jitter = 9.999999999999999e-05
jitter = 0.001
jitter = 0.01
jitter = 0.1
jitter = 1.0
jitter = 10.0
jitter is too large, output random predictions
jitter = 1e-07
jitter = 1e-06
jitter = 9.999999999999999e-06
jitter = 9.999999999999999e-05
jitter = 0.001
jitter = 0.01
jitter = 0.1
jitter = 1.0
jitter = 10.0
jitter is too large, output random predictions
jitter = 1e-07
jitter = 1e-06
jitter = 9.999999999999999e-06
jitter = 9.999999999999999e-05
jitter = 0.001
jitter = 0.01
jitter = 0.1
jitter = 1.0
jitter = 10.0
jitter is too large, output random predictions
jitter = 1e-07
jitter = 1e-06
jitter = 9.999999999999999e-06
jitter = 9.999999999999999e-05
jitter = 0.001
jitter = 0.01
jitter = 0.1
jitter = 1.0
jitter = 10.0
jitter is too large, output random predictions
jitter = 1e-07
jitter = 1e-06
jitter = 9.999999999999999e-06
jitter = 9.999999999999999e-05
jitter = 0.001
jitter = 0.01
jitter = 0.1
jitter = 1.0
jitter = 10.0
jitter is too large, output random predictions
jitter = 1e-07
jitter = 1e-06
jitter = 9.999999999999999e-06
jitter = 9.999999999999999e-05
jitter = 0.001
jitter = 0.01
jitter = 0.1
jitter = 1.0
jitter = 10.0
jitter is too large, output random predictions
jitter = 1e-07
jitter = 1e-06
jitter = 9.999999999999999e-06
jitter = 9.999999999999999e-05
jitter = 0.001
jitter = 0.01
jitter = 0.1
jitter = 1.0
jitter = 10.0
jitter is too large, output random predictions
jitter = 1e-07
jitter = 1e-06
jitter = 9.999999999999999e-06
jitter = 9.999999999999999e-05
jitter = 0.001
jitter = 0.01
jitter = 0.1
jitter = 1.0
jitter = 10.0
jitter is too large, output random predictions
jitter = 1e-07
jitter = 1e-06
jitter = 9.999999999999999e-06
jitter = 9.999999999999999e-05
jitter = 0.001
jitter = 0.01
jitter = 0.1
jitter = 1.0
jitter = 10.0
jitter is too large, output random predictions
jitter = 1e-07
jitter = 1e-06
jitter = 9.999999999999999e-06
jitter = 9.999999999999999e-05
jitter = 0.001
jitter = 0.01
jitter = 0.1
jitter = 1.0
jitter = 10.0
jitter is too large, output random predictions
jitter = 1e-07
jitter = 1e-06
jitter = 9.999999999999999e-06
jitter = 9.999999999999999e-05
jitter = 0.001
jitter = 0.01
jitter = 0.1
jitter = 1.0
jitter = 10.0
jitter is too large, output random predictions
jitter = 1e-07
jitter = 1e-06
jitter = 9.999999999999999e-06
jitter = 9.999999999999999e-05
jitter = 0.001
jitter = 0.01
jitter = 0.1
jitter = 1.0
jitter = 10.0
jitter is too large, output random predictions
jitter = 1e-07
jitter = 1e-06
jitter = 9.999999999999999e-06
jitter = 9.999999999999999e-05
jitter = 0.001
jitter = 0.01
jitter = 0.1
jitter = 1.0
jitter = 10.0
jitter is too large, output random predictions
jitter = 1e-07
jitter = 1e-06
jitter = 9.999999999999999e-06
jitter = 9.999999999999999e-05
jitter = 0.001
jitter = 0.01
jitter = 0.1
jitter = 1.0
jitter = 10.0
jitter is too large, output random predictions
jitter = 1e-07
jitter = 1e-06
jitter = 9.999999999999999e-06
jitter = 9.999999999999999e-05
jitter = 0.001
jitter = 0.01
jitter = 0.1
jitter = 1.0
jitter = 10.0
jitter is too large, output random predictions
jitter = 1e-07
jitter = 1e-06
jitter = 9.999999999999999e-06
jitter = 9.999999999999999e-05
jitter = 0.001
jitter = 0.01
jitter = 0.1
jitter = 1.0
jitter = 10.0
jitter is too large, output random predictions
jitter = 1e-07
jitter = 1e-06
jitter = 9.999999999999999e-06
jitter = 9.999999999999999e-05
jitter = 0.001
jitter = 0.01
jitter = 0.1
jitter = 1.0
jitter = 10.0
jitter is too large, output random predictions
jitter = 1e-07
jitter = 1e-06
jitter = 9.999999999999999e-06
jitter = 9.999999999999999e-05
jitter = 0.001
jitter = 0.01
jitter = 0.1
jitter = 1.0
jitter = 10.0
jitter is too large, output random predictions
jitter = 1e-07
jitter = 1e-06
jitter = 9.999999999999999e-06
jitter = 9.999999999999999e-05
jitter = 0.001
jitter = 0.01
jitter = 0.1
jitter = 1.0
jitter = 10.0
jitter is too large, output random predictions
jitter = 1e-07
jitter = 1e-06
jitter = 9.999999999999999e-06
jitter = 9.999999999999999e-05
jitter = 0.001
jitter = 0.01
jitter = 0.1
jitter = 1.0
jitter = 10.0
jitter is too large, output random predictions
jitter = 1e-07
jitter = 1e-06
jitter = 9.999999999999999e-06
jitter = 9.999999999999999e-05
jitter = 0.001
jitter = 0.01
jitter = 0.1
jitter = 1.0
jitter = 10.0
jitter is too large, output random predictions
jitter = 1e-07
jitter = 1e-06
jitter = 9.999999999999999e-06
jitter = 9.999999999999999e-05
jitter = 0.001
jitter = 0.01
jitter = 0.1
jitter = 1.0
jitter = 10.0
jitter is too large, output random predictions
jitter = 1e-07
jitter = 1e-06
jitter = 9.999999999999999e-06
jitter = 9.999999999999999e-05
jitter = 0.001
jitter = 0.01
jitter = 0.1
jitter = 1.0
jitter = 10.0
jitter is too large, output random predictions
jitter = 1e-07
jitter = 1e-06
jitter = 9.999999999999999e-06
jitter = 9.999999999999999e-05
jitter = 0.001
jitter = 0.01
jitter = 0.1
jitter = 1.0
jitter = 10.0
jitter is too large, output random predictions
jitter = 1e-07
jitter = 1e-06
jitter = 9.999999999999999e-06
jitter = 9.999999999999999e-05
jitter = 0.001
jitter = 0.01
jitter = 0.1
jitter = 1.0
jitter = 10.0
jitter is too large, output random predictions
jitter = 1e-07
jitter = 1e-06
jitter = 9.999999999999999e-06
jitter = 9.999999999999999e-05
jitter = 0.001
jitter = 0.01
jitter = 0.1
jitter = 1.0
jitter = 10.0
jitter is too large, output random predictions
jitter = 1e-07
jitter = 1e-06
jitter = 9.999999999999999e-06
jitter = 9.999999999999999e-05
jitter = 0.001
jitter = 0.01
jitter = 0.1
jitter = 1.0
jitter = 10.0
jitter is too large, output random predictions
jitter = 1e-07
jitter = 1e-06
jitter = 9.999999999999999e-06
jitter = 9.999999999999999e-05
jitter = 0.001
jitter = 0.01
jitter = 0.1
jitter = 1.0
jitter = 10.0
jitter is too large, output random predictions
jitter = 1e-07
jitter = 1e-06
jitter = 9.999999999999999e-06
jitter = 9.999999999999999e-05
jitter = 0.001
jitter = 0.01
jitter = 0.1
jitter = 1.0
jitter = 10.0
jitter is too large, output random predictions
jitter = 1e-07
jitter = 1e-06
jitter = 9.999999999999999e-06
jitter = 9.999999999999999e-05
jitter = 0.001
jitter = 0.01
jitter = 0.1
jitter = 1.0
jitter = 10.0
jitter is too large, output random predictions
jitter = 1e-07
jitter = 1e-06
jitter = 9.999999999999999e-06
jitter = 9.999999999999999e-05
jitter = 0.001
jitter = 0.01
jitter = 0.1
jitter = 1.0
jitter = 10.0
jitter is too large, output random predictions
jitter = 1e-07
jitter = 1e-06
jitter = 9.999999999999999e-06
jitter = 9.999999999999999e-05
jitter = 0.001
jitter = 0.01
jitter = 0.1
jitter = 1.0
jitter = 10.0
jitter is too large, output random predictions
jitter = 1e-07
jitter = 1e-06
jitter = 9.999999999999999e-06
jitter = 9.999999999999999e-05
jitter = 0.001
jitter = 0.01
jitter = 0.1
jitter = 1.0
jitter = 10.0
jitter is too large, output random predictions
jitter = 1e-07
jitter = 1e-06
jitter = 9.999999999999999e-06
jitter = 1e-07
jitter = 1e-06
jitter = 9.999999999999999e-06
jitter = 9.999999999999999e-05
jitter = 1e-07
jitter = 1e-06
jitter = 9.999999999999999e-06
jitter = 9.999999999999999e-05
jitter = 1e-07
jitter = 1e-06
jitter = 9.999999999999999e-06
jitter = 9.999999999999999e-05
jitter = 1e-07
jitter = 1e-06
jitter = 9.999999999999999e-06
jitter = 9.999999999999999e-05
jitter = 1e-07
jitter = 1e-06
jitter = 9.999999999999999e-06
jitter = 9.999999999999999e-05
jitter = 0.001
jitter = 1e-07
jitter = 1e-06
jitter = 9.999999999999999e-06
jitter = 9.999999999999999e-05
jitter = 0.001
jitter = 1e-07
jitter = 1e-06
jitter = 9.999999999999999e-06
jitter = 9.999999999999999e-05
jitter = 1e-07
jitter = 1e-06
jitter = 9.999999999999999e-06
jitter = 1e-07
jitter = 1e-06
jitter = 9.999999999999999e-06
jitter = 9.999999999999999e-05
jitter = 0.001
jitter = 1e-07
jitter = 1e-06
jitter = 9.999999999999999e-06
jitter = 1e-07
jitter = 1e-06
jitter = 9.999999999999999e-06
jitter = 9.999999999999999e-05
jitter = 1e-07
jitter = 1e-06
jitter = 9.999999999999999e-06
jitter = 1e-07
jitter = 1e-06
jitter = 9.999999999999999e-06
jitter = 9.999999999999999e-05
jitter = 1e-07
jitter = 1e-06
jitter = 9.999999999999999e-06
jitter = 1e-07
jitter = 1e-06
jitter = 9.999999999999999e-06
jitter = 1e-07
jitter = 1e-06
jitter = 9.999999999999999e-06
jitter = 1e-07
jitter = 1e-06
jitter = 9.999999999999999e-06
jitter = 1e-07
jitter = 1e-06
jitter = 9.999999999999999e-06
jitter = 9.999999999999999e-05
jitter = 1e-07
jitter = 1e-06
jitter = 9.999999999999999e-06
jitter = 1e-07
jitter = 1e-06
jitter = 9.999999999999999e-06
jitter = 9.999999999999999e-05
jitter = 1e-07
jitter = 1e-06
jitter = 9.999999999999999e-06
jitter = 9.999999999999999e-05
jitter = 1e-07
jitter = 1e-06
jitter = 9.999999999999999e-06
jitter = 9.999999999999999e-05
jitter = 1e-07
jitter = 1e-06
jitter = 9.999999999999999e-06
jitter = 1e-07
jitter = 1e-06
jitter = 9.999999999999999e-06
jitter = 9.999999999999999e-05
jitter = 1e-07
jitter = 1e-06
jitter = 9.999999999999999e-06
jitter = 9.999999999999999e-05
jitter = 1e-07
jitter = 1e-06
jitter = 9.999999999999999e-06
jitter = 9.999999999999999e-05
jitter = 1e-07
jitter = 1e-06
jitter = 9.999999999999999e-06
jitter = 9.999999999999999e-05
jitter = 1e-07
jitter = 1e-06
jitter = 9.999999999999999e-06
jitter = 9.999999999999999e-05
jitter = 1e-07
jitter = 1e-06
jitter = 9.999999999999999e-06
jitter = 1e-07
jitter = 1e-06
jitter = 9.999999999999999e-06
jitter = 1e-07
jitter = 1e-06
jitter = 9.999999999999999e-06
jitter = 1e-07
jitter = 1e-06
jitter = 9.999999999999999e-06
jitter = 1e-07
jitter = 1e-06
jitter = 9.999999999999999e-06
jitter = 9.999999999999999e-05
jitter = 1e-07
jitter = 1e-06
jitter = 9.999999999999999e-06
jitter = 9.999999999999999e-05
jitter = 1e-07
jitter = 1e-06
jitter = 9.999999999999999e-06
jitter = 9.999999999999999e-05
jitter = 1e-07
jitter = 1e-06
jitter = 9.999999999999999e-06
jitter = 9.999999999999999e-05
jitter = 1e-07
jitter = 1e-06
jitter = 9.999999999999999e-06
jitter = 1e-07
jitter = 1e-06
jitter = 9.999999999999999e-06
jitter = 9.999999999999999e-05
jitter = 1e-07
jitter = 1e-06
jitter = 9.999999999999999e-06
jitter = 1e-07
jitter = 1e-06
jitter = 9.999999999999999e-06
jitter = 9.999999999999999e-05
jitter = 1e-07
jitter = 1e-06
jitter = 9.999999999999999e-06
jitter = 1e-07
jitter = 1e-06
jitter = 9.999999999999999e-06
jitter = 1e-07
jitter = 1e-06
jitter = 9.999999999999999e-06
jitter = 1e-07
jitter = 1e-06
jitter = 9.999999999999999e-06
jitter = 9.999999999999999e-05
jitter = 1e-07
jitter = 1e-06
jitter = 9.999999999999999e-06
jitter = 9.999999999999999e-05
jitter = 1e-07
jitter = 1e-06
jitter = 9.999999999999999e-06
jitter = 1e-07
jitter = 1e-06
jitter = 9.999999999999999e-06
jitter = 1e-07
jitter = 1e-06
jitter = 9.999999999999999e-06
jitter = 9.999999999999999e-05
jitter = 1e-07
jitter = 1e-06
jitter = 9.999999999999999e-06
jitter = 9.999999999999999e-05
jitter = 1e-07
jitter = 1e-06
jitter = 9.999999999999999e-06
jitter = 1e-07
jitter = 1e-06
jitter = 9.999999999999999e-06
jitter = 1e-07
jitter = 1e-06
jitter = 9.999999999999999e-06
jitter = 9.999999999999999e-05
64 [0/1000] 601.2899020449196
73 [0/1000] 577.3685424949238
79 [0/1000] 559.6264068711928
96 [0/1000] 542.4264068711929
100 [0/1000] 542.4264068711929
103 [0/1000] 517.2
139 [0/1000] 504.8
153 [1/1000] 1.9033084069546566
200 [36/1000] 1.9033084069546566
294 [120/1000] 1.862542410421909
300 [124/1000] 1.862542410421909
400 [212/1000] 1.862542410421909
500 [295/1000] 1.862542410421909
600 [380/1000] 1.862542410421909
700 [458/1000] 1.862542410421909
800 [535/1000] 1.862542410421909
900 [633/1000] 1.862542410421909
1000 [727/1000] 1.862542410421909
1100 [825/1000] 1.862542410421909
1200 [922/1000] 1.862542410421909
[stop]
