0 [0/200] 1352.1383545983595
1 [0/200] 1087.2198747107022
3 [0/200] 838.4902332725902
6 [0/200] 746.0979687083567
12 [0/200] 740.4163056034262
15 [0/200] 714.2950236248446
16 [0/200] 712.1320343559643
18 [0/200] 712.1320343559642
19 [0/200] 708.9258241577618
20 [0/200] 634.350288425444
21 [0/200] 598.9949493661167
23 [0/200] 563.6396103067892
25 [0/200] 514.142135623731
27 [0/200] 507.0710678118655
33 [1/200] 0.8485137735979298
34 [2/200] 0.4569356735825045
59 [21/200] 0.3069082125703103
71 [30/200] 0.2700844418305288
73 [32/200] 0.23915810758423908
100 [55/200] 0.23915810758423908
101 [56/200] 0.23787877817019
105 [60/200] 0.21804939218788078
109 [63/200] 0.214871323376844
115 [68/200] 0.17518830961554896
119 [72/200] 0.1359275950110438
131 [83/200] 0.13056606087749537
139 [91/200] 0.12414900341594917
141 [93/200] 0.12298612892973451
147 [99/200] 0.12259177307392383
150 [102/200] 0.09903602516153288
153 [105/200] 0.0989873252589406
162 [114/200] 0.09879515436630432
168 [120/200] 0.09869106369860141
174 [125/200] 0.09594612051900343
200 [150/200] 0.09594612051900343
237 [186/200] 0.09585498249064252
242 [191/200] 0.09564619743689268
[stop]
