(7_w,15)-aCMA-ES (mu_w=4.5,w_1=34%) in dimension 50 (seed=2, Fri May 23 16:55:38 2025)
Iterat #Fevals   function value  axis ratio  sigma  min&max std  t[m:s]
    1     15 5.954594154601839e+02 1.0e+00 2.38e-01  2e-01  2e-01 0:06.4
    2     30 6.666103223388717e+02 1.0e+00 2.29e-01  2e-01  2e-01 0:11.7
    3     45 6.202081528017131e+02 1.1e+00 2.25e-01  2e-01  2e-01 0:16.8
    4     60 6.531370849898477e+02 1.1e+00 2.22e-01  2e-01  2e-01 0:22.0
    5     75 6.184135953493095e+02 1.1e+00 2.19e-01  2e-01  2e-01 0:26.5
    7    105 5.565685424949238e+02 1.1e+00 2.11e-01  2e-01  2e-01 0:34.7
    9    135 5.282842712474619e+02 1.1e+00 2.08e-01  2e-01  2e-01 0:42.4
   11    165 5.141421356237310e+02 1.1e+00 2.09e-01  2e-01  2e-01 0:49.9
   13    195 1.246913910923637e+02 1.2e+00 2.07e-01  2e-01  2e-01 0:58.1
   16    240 5.070710678118655e+02 1.2e+00 2.06e-01  2e-01  2e-01 1:10.2
   19    285 5.070710678118655e+02 1.2e+00 2.09e-01  2e-01  2e-01 1:21.7
   22    330 5.070710678118655e+02 1.3e+00 2.16e-01  2e-01  2e-01 1:34.0
   25    375 5.141421356237310e+02 1.3e+00 2.13e-01  2e-01  2e-01 1:46.5
   28    420 2.924896551702653e+00 1.3e+00 2.03e-01  2e-01  2e-01 2:00.3
   32    480 5.141421356237310e+02 1.4e+00 1.96e-01  2e-01  2e-01 2:18.2
   36    540 5.325661653798294e+02 1.4e+00 1.94e-01  2e-01  2e-01 2:35.1
   40    600 1.344059464415480e+00 1.4e+00 1.83e-01  2e-01  2e-01 2:52.8
   45    675 6.441746077492707e-01 1.4e+00 1.81e-01  2e-01  2e-01 3:14.5
   49    735 4.424415802762660e+00 1.4e+00 1.80e-01  2e-01  2e-01 3:32.8
   54    810 6.740964028837564e-01 1.5e+00 1.74e-01  2e-01  2e-01 3:57.1
   58    870 6.582969987858469e-01 1.5e+00 1.77e-01  2e-01  2e-01 4:17.6
   63    945 5.141421356237310e+02 1.5e+00 1.79e-01  2e-01  2e-01 4:39.6
   69   1035 5.106066017177982e+02 1.5e+00 1.73e-01  2e-01  2e-01 5:03.7
   75   1125 2.216528642828687e+00 1.5e+00 1.62e-01  2e-01  2e-01 5:30.2
   80   1200 5.731299844603137e-01 1.5e+00 1.45e-01  1e-01  1e-01 5:56.1
   85   1275 9.704622874904336e-01 1.5e+00 1.29e-01  1e-01  1e-01 6:24.6
   90   1350 6.747846645765410e-01 1.6e+00 1.13e-01  1e-01  1e-01 6:50.9
   95   1425 2.022017576892975e+00 1.6e+00 1.10e-01  1e-01  1e-01 7:19.0
  100   1500 6.893778496138148e-01 1.6e+00 1.01e-01  9e-02  1e-01 7:44.3
  107   1605 2.733347393093377e-01 1.6e+00 9.35e-02  9e-02  1e-01 8:14.8
  116   1740 4.087900260523552e+00 1.6e+00 9.89e-02  9e-02  1e-01 8:46.5
  121   1815 6.130928723263060e-01 1.6e+00 9.31e-02  9e-02  1e-01 9:18.1
  126   1890 2.566288934260883e-01 1.6e+00 8.64e-02  8e-02  9e-02 9:51.3
  131   1965 2.412597152735917e-01 1.6e+00 8.34e-02  8e-02  9e-02 10:26.4
  136   2040 2.371607775203526e-01 1.6e+00 7.83e-02  7e-02  8e-02 11:03.1
  141   2115 2.713221458093259e-01 1.6e+00 7.87e-02  7e-02  8e-02 11:40.1
  147   2205 2.721333934448713e-01 1.6e+00 7.69e-02  7e-02  8e-02 12:18.2
  153   2295 2.884742671659413e-01 1.6e+00 7.61e-02  7e-02  8e-02 13:01.7
  159   2385 3.267356760584018e-01 1.6e+00 7.46e-02  7e-02  8e-02 13:46.6
  164   2460 1.969085296379598e-01 1.7e+00 7.43e-02  7e-02  8e-02 14:29.5
  170   2550 1.754838950129406e-01 1.7e+00 7.08e-02  7e-02  8e-02 15:17.1
  175   2625 1.849359880421234e-01 1.7e+00 6.47e-02  6e-02  7e-02 16:00.8
  180   2700 1.979861204981486e-01 1.7e+00 6.23e-02  6e-02  7e-02 16:43.5
  185   2775 1.599206737828260e-01 1.7e+00 6.11e-02  6e-02  7e-02 17:27.7
  190   2850 1.627726058219731e-01 1.7e+00 6.18e-02  6e-02  7e-02 18:16.5
  195   2925 1.343336044666359e-01 1.7e+00 6.17e-02  6e-02  7e-02 19:05.7
  200   3000 1.227044776529106e-01 1.7e+00 5.58e-02  5e-02  6e-02 19:50.4
  205   3075 1.153972233131368e-01 1.7e+00 5.28e-02  5e-02  6e-02 20:38.9
  210   3150 1.157424814114510e-01 1.7e+00 4.90e-02  4e-02  5e-02 21:28.4
  215   3225 1.212399074171245e-01 1.7e+00 4.43e-02  4e-02  5e-02 22:19.6
  220   3300 1.160488863400243e-01 1.7e+00 4.06e-02  4e-02  4e-02 23:18.1
  225   3375 1.166391089957151e-01 1.7e+00 3.57e-02  3e-02  4e-02 24:16.5
  230   3450 1.114078561375701e-01 1.8e+00 3.35e-02  3e-02  4e-02 25:10.0
  235   3525 1.072625136004736e-01 1.8e+00 3.15e-02  3e-02  3e-02 26:06.4
  241   3615 1.095040445891724e-01 1.8e+00 3.17e-02  3e-02  3e-02 27:04.2
  247   3705 1.063079167429045e-01 1.8e+00 3.12e-02  3e-02  3e-02 28:03.7
  253   3795 1.090488001434197e-01 1.8e+00 3.10e-02  3e-02  3e-02 29:09.1
  259   3885 1.087931789980341e-01 1.8e+00 2.74e-02  2e-02  3e-02 30:11.0
  265   3975 1.039808004688934e-01 1.8e+00 2.33e-02  2e-02  3e-02 31:16.1
  271   4065 1.048397353205148e-01 1.8e+00 2.06e-02  2e-02  2e-02 32:26.7
  277   4155 1.049464317975767e-01 1.8e+00 1.84e-02  2e-02  2e-02 33:33.8
  283   4245 1.010477432082563e-01 1.9e+00 1.72e-02  2e-02  2e-02 34:40.2
  289   4335 9.903837769808663e-02 1.8e+00 1.67e-02  1e-02  2e-02 35:47.0
  296   4440 9.845624181002585e-02 1.9e+00 1.65e-02  1e-02  2e-02 36:56.6
  300   4500 9.791239520311137e-02 1.9e+00 1.66e-02  1e-02  2e-02 37:33.2
  307   4605 9.740671042774260e-02 1.9e+00 1.69e-02  1e-02  2e-02 38:42.2
  313   4695 9.601960912127627e-02 1.9e+00 1.64e-02  1e-02  2e-02 39:50.9
  319   4785 9.578197743344774e-02 1.9e+00 1.68e-02  1e-02  2e-02 40:58.1
  325   4875 9.470606644155036e-02 1.9e+00 1.46e-02  1e-02  2e-02 42:06.4
  331   4965 9.586539549718118e-02 1.9e+00 1.33e-02  1e-02  1e-02 43:18.0
  338   5070 9.428721951963266e-02 1.9e+00 1.42e-02  1e-02  2e-02 44:37.1
  345   5175 9.156088807682743e-02 1.9e+00 1.45e-02  1e-02  2e-02 45:54.9
  353   5295 9.357177676570363e-02 2.0e+00 1.43e-02  1e-02  2e-02 47:09.7
  364   5460 8.905255071510440e-02 2.1e+00 1.23e-02  1e-02  1e-02 48:23.4
  372   5580 8.802953041851307e-02 2.2e+00 1.31e-02  1e-02  2e-02 49:40.6
  380   5700 8.617888232292284e-02 2.3e+00 1.25e-02  1e-02  1e-02 50:56.0
  388   5820 8.770023044569561e-02 2.3e+00 1.17e-02  1e-02  1e-02 52:18.7
  395   5925 8.640839524352925e-02 2.4e+00 1.24e-02  1e-02  1e-02 53:37.5
  400   6000 8.552350552438859e-02 2.4e+00 1.22e-02  1e-02  1e-02 54:32.8
  407   6105 8.456452165178238e-02 2.4e+00 1.17e-02  1e-02  1e-02 55:55.9
  414   6210 8.376011461891389e-02 2.4e+00 1.09e-02  1e-02  1e-02 57:24.7
  421   6315 8.272911224517314e-02 2.4e+00 1.02e-02  9e-03  1e-02 58:45.9
  428   6420 8.274512551647964e-02 2.4e+00 1.01e-02  9e-03  1e-02 60:11.1
  436   6540 8.217174064119004e-02 2.5e+00 9.00e-03  8e-03  1e-02 61:44.3
  444   6660 8.248394359037871e-02 2.5e+00 8.96e-03  8e-03  1e-02 63:10.6
  452   6780 8.169218120047311e-02 2.5e+00 8.61e-03  7e-03  1e-02 64:42.0
  460   6900 8.150768662811297e-02 2.5e+00 8.83e-03  8e-03  1e-02 66:17.0
  468   7020 8.128299398344184e-02 2.5e+00 8.48e-03  7e-03  1e-02 67:45.3
  476   7140 8.127587018385694e-02 2.5e+00 7.54e-03  6e-03  9e-03 69:15.1
  484   7260 8.107247531114292e-02 2.5e+00 7.01e-03  6e-03  9e-03 70:44.9
  493   7395 8.109913281026396e-02 2.5e+00 6.31e-03  5e-03  8e-03 72:19.5
  500   7500 7.985349751093797e-02 2.5e+00 5.88e-03  5e-03  7e-03 73:36.0
  511   7665 8.005203250364640e-02 2.5e+00 4.92e-03  4e-03  6e-03 75:13.1
  522   7830 7.952866548946380e-02 2.6e+00 4.42e-03  4e-03  5e-03 76:47.8
[stop]
