(7_w,15)-aCMA-ES (mu_w=4.5,w_1=34%) in dimension 50 (seed=5, Tue Jun 17 07:59:21 2025)
Iterat #Fevals   function value  axis ratio  sigma  min&max std  t[m:s]
    1     15 7.769996217464427e+02 1.0e+00 2.38e-01  2e-01  2e-01 0:01.4
    2     30 6.534260183955721e+02 1.0e+00 2.29e-01  2e-01  2e-01 0:02.7
    3     45 5.141421356237310e+02 1.1e+00 2.24e-01  2e-01  2e-01 0:03.5
    6     90 5.669781156610112e+02 1.1e+00 2.27e-01  2e-01  2e-01 0:06.6
   10    150 7.886588130150125e-01 1.2e+00 2.39e-01  2e-01  2e-01 0:11.9
   15    225 5.070710678118655e+02 1.2e+00 2.54e-01  3e-01  3e-01 0:17.5
   21    315 5.316227766016838e+02 1.3e+00 2.62e-01  3e-01  3e-01 0:24.0
   28    420 5.328000000000001e+02 1.4e+00 2.75e-01  3e-01  3e-01 0:31.1
   34    510 1.036961034082498e+01 1.4e+00 2.73e-01  3e-01  3e-01 0:39.7
   43    645 5.316227766016838e+02 1.4e+00 2.59e-01  3e-01  3e-01 0:49.4
   55    825 5.212132034355964e+02 1.5e+00 2.52e-01  2e-01  3e-01 0:59.7
   65    975 5.380788655293195e+02 1.5e+00 2.25e-01  2e-01  2e-01 1:10.8
   77   1155 5.601040764008566e+02 1.5e+00 2.48e-01  2e-01  3e-01 1:23.4
   88   1320 5.254950975679640e+02 1.6e+00 2.27e-01  2e-01  2e-01 1:36.8
  100   1500 3.669805933920880e-01 1.6e+00 2.20e-01  2e-01  2e-01 1:51.7
  111   1665 4.936509035267487e-01 1.6e+00 2.03e-01  2e-01  2e-01 2:06.8
  126   1890 1.264177413365851e+00 1.6e+00 1.97e-01  2e-01  2e-01 2:23.7
  142   2130 2.417674886770391e+01 1.6e+00 2.01e-01  2e-01  2e-01 2:40.7
  153   2295 5.006127992206166e-01 1.6e+00 1.80e-01  2e-01  2e-01 3:00.5
  169   2535 2.841147945136959e-01 1.6e+00 1.65e-01  2e-01  2e-01 3:20.9
  178   2670 4.356891127367667e-01 1.7e+00 1.62e-01  1e-01  2e-01 3:41.7
  191   2865 4.266891703284436e-01 1.7e+00 1.53e-01  1e-01  2e-01 4:03.5
  200   3000 8.886044096271926e-01 1.7e+00 1.44e-01  1e-01  2e-01 4:15.9
  212   3180 2.057415788403652e-01 1.7e+00 1.24e-01  1e-01  1e-01 4:42.0
  223   3345 1.171459930763055e-01 1.7e+00 1.20e-01  1e-01  1e-01 5:07.9
  232   3480 1.457408992400003e-01 1.8e+00 1.12e-01  1e-01  1e-01 5:35.1
  239   3585 1.188163287529055e-01 1.8e+00 1.14e-01  1e-01  1e-01 6:03.0
  248   3720 2.073235137286706e-01 1.8e+00 1.24e-01  1e-01  1e-01 6:32.9
  259   3885 4.356154562598081e-01 1.9e+00 1.17e-01  1e-01  1e-01 7:02.4
  269   4035 1.512853586585719e-01 1.9e+00 1.15e-01  1e-01  1e-01 7:32.1
  276   4140 1.731823200811541e-01 1.9e+00 1.04e-01  9e-02  1e-01 8:02.3
  285   4275 5.356288698380178e-01 1.9e+00 1.11e-01  1e-01  1e-01 8:36.1
  294   4410 2.702514351205332e-01 1.9e+00 1.13e-01  1e-01  1e-01 9:10.5
  300   4500 1.862943144128037e-01 2.0e+00 1.06e-01  9e-02  1e-01 9:28.7
  312   4680 2.006004927129796e-01 2.0e+00 1.06e-01  9e-02  1e-01 10:04.6
  325   4875 2.121992314711847e-01 2.0e+00 9.85e-02  8e-02  1e-01 10:40.2
  332   4980 1.437915879797546e-01 2.0e+00 9.44e-02  8e-02  1e-01 11:19.8
  339   5085 1.399114574103515e-01 2.0e+00 9.05e-02  7e-02  1e-01 11:59.1
  348   5220 2.964207682125215e-01 2.0e+00 8.91e-02  7e-02  1e-01 12:38.6
  356   5340 1.548280793113005e-01 2.0e+00 8.26e-02  7e-02  9e-02 13:19.1
  365   5475 1.099765253727339e-01 2.0e+00 7.34e-02  6e-02  8e-02 14:00.7
[stop]
