0 [0/200] 921.2132034355965
1 [0/200] 738.0256043733937
2 [0/200] 699.6591514093442
6 [0/200] 590.7106781186548
13 [0/200] 571.5811663454193
18 [0/200] 520.0
20 [1/200] 1.179016186461522
21 [2/200] 0.22759859644247216
23 [4/200] 0.21471728778043217
25 [5/200] 0.15308635758601583
31 [9/200] 0.1446262873731487
100 [67/200] 0.1446262873731487
141 [105/200] 0.14375787137678678
146 [108/200] 0.14240744340711792
155 [117/200] 0.14037433140418684
156 [118/200] 0.13099492232274335
159 [119/200] 0.127766846217923
174 [132/200] 0.12349926683883942
182 [140/200] 0.12305012764068367
186 [144/200] 0.11865796568408056
187 [145/200] 0.10043486904759241
191 [149/200] 0.09423755112172762
192 [150/200] 0.09306938667568132
200 [156/200] 0.09306938667568132
244 [197/200] 0.09150123902071232
[stop]
