(6_w,12)-aCMA-ES (mu_w=3.7,w_1=40%) in dimension 20 (seed=8, Tue Jun 24 11:38:36 2025)
Iterat #Fevals   function value  axis ratio  sigma  min&max std  t[m:s]
    1     12 6.663154621172782e+02 1.0e+00 2.38e-01  2e-01  2e-01 0:00.1
    2     24 6.747106781186548e+02 1.1e+00 2.28e-01  2e-01  2e-01 0:00.2
    3     36 6.828684091772938e+02 1.1e+00 2.28e-01  2e-01  2e-01 0:00.3
   14    168 8.251391308257028e-01 1.6e+00 2.44e-01  2e-01  3e-01 0:04.4
   15    180 8.223843450275297e-01 1.6e+00 2.49e-01  2e-01  3e-01 0:08.8
   18    216 8.241948808083788e-01 1.7e+00 2.28e-01  2e-01  2e-01 0:15.6
   20    240 8.241948808083788e-01 1.7e+00 2.14e-01  2e-01  2e-01 0:21.7
   22    264 8.246140702050339e-01 1.7e+00 2.11e-01  2e-01  2e-01 0:28.9
   24    288 5.550706391923166e-01 1.7e+00 2.18e-01  2e-01  2e-01 0:37.6
   27    324 5.550706391923166e-01 1.7e+00 2.08e-01  2e-01  2e-01 0:51.8
   30    360 5.550706391923166e-01 1.7e+00 1.87e-01  2e-01  2e-01 1:06.1
   33    396 5.550706391923166e-01 1.7e+00 1.74e-01  2e-01  2e-01 1:21.6
   36    432 5.550706391923166e-01 1.7e+00 1.57e-01  1e-01  2e-01 1:36.5
   39    468 5.550706391923166e-01 1.8e+00 1.46e-01  1e-01  2e-01 1:53.6
   42    504 5.550706391923166e-01 1.8e+00 1.38e-01  1e-01  1e-01 2:11.1
   45    540 5.550706391923166e-01 1.9e+00 1.18e-01  1e-01  1e-01 2:26.4
   47    564 5.550706391923166e-01 1.9e+00 1.09e-01  1e-01  1e-01 2:40.1
termination on tolflatfitness=1 (Tue Jun 24 11:41:17 2025)
final/bestever f-value = 5.550706e-01 5.550706e-01
incumbent solution: [0.98798292 0.75708839 0.95475387 0.74739426 0.18873023 0.11431264
 0.94570865 0.09406942 ...]
std deviations: [0.102021   0.10732938 0.10395704 0.09682843 0.10367252 0.10348849
 0.10494476 0.11261935 ...]
(12_w,25)-aCMA-ES (mu_w=7.3,w_1=23%) in dimension 20 (seed=9, Tue Jun 24 11:41:17 2025)
Iterat #Fevals   function value  axis ratio  sigma  min&max std  t[m:s]
    1    590 6.004621125123532e+02 1.0e+00 2.43e-01  2e-01  2e-01 0:00.3
    2    615 5.837817459305202e+02 1.1e+00 2.42e-01  2e-01  3e-01 0:00.5
    3    640 5.777817459305202e+02 1.2e+00 2.56e-01  2e-01  3e-01 0:00.7
   10    815 1.433178110736286e-01 1.5e+00 2.79e-01  3e-01  3e-01 0:04.3
   16    965 1.516100824938829e-01 1.7e+00 2.37e-01  2e-01  3e-01 0:08.7
   18   1015 1.450957786549524e-01 1.7e+00 2.49e-01  2e-01  3e-01 0:18.2
   20   1065 1.090156030305407e-01 1.8e+00 2.80e-01  2e-01  3e-01 0:31.4
   22   1115 1.100249022485141e-01 1.8e+00 3.11e-01  3e-01  4e-01 0:43.3
   24   1165 1.401873204320856e-01 1.9e+00 3.09e-01  3e-01  4e-01 0:53.5
   26   1215 1.100249022485141e-01 1.9e+00 2.88e-01  2e-01  3e-01 1:04.8
   28   1265 1.079293459059777e-01 1.9e+00 2.72e-01  2e-01  3e-01 1:19.6
[stop]
