0 [0/400] 1508.9807166710614
1 [0/400] 752.2582631853204
4 [0/400] 740.9393718738248
10 [0/400] 717.8500678142764
11 [0/400] 686.7927768605182
16 [0/400] 553.7793688154259
21 [0/400] 528.2842712474619
23 [0/400] 521.2132034355965
jitter = 1e-07
jitter = 1e-06
jitter = 9.999999999999999e-06
34 [0/400] 514.142135623731
47 [1/400] 2.5338907462337286
49 [2/400] 1.386034233941675
52 [4/400] 0.6125387557871171
62 [10/400] 0.5992856146703454
73 [20/400] 0.24790317534659737
87 [33/400] 0.24583710684364807
98 [44/400] 0.24131543771648847
100 [46/400] 0.24131543771648847
101 [47/400] 0.16858582654950993
109 [54/400] 0.1577082165277168
111 [56/400] 0.15683528189522433
112 [57/400] 0.15567157595780895
122 [66/400] 0.15476340913489348
124 [68/400] 0.15387298618933024
137 [81/400] 0.15356158374599646
139 [83/400] 0.15206409135079751
159 [103/400] 0.15195276048204928
167 [110/400] 0.149327914755447
189 [132/400] 0.1475512552794358
200 [143/400] 0.1475512552794358
215 [158/400] 0.1475066501280174
217 [160/400] 0.14747769113456277
233 [176/400] 0.1451287525695275
245 [188/400] 0.14388771243439008
300 [240/400] 0.14388771243439008
326 [263/400] 0.13914075107208357
357 [294/400] 0.135241161766674
383 [318/400] 0.1342762862449337
400 [334/400] 0.1342762862449337
450 [382/400] 0.1328653917378516
455 [387/400] 0.12818492424269853
465 [397/400] 0.12794162916091184
467 [399/400] 0.12761862645043504
[stop]
