(6_w,12)-aCMA-ES (mu_w=3.7,w_1=40%) in dimension 20 (seed=11, Tue Jun 24 12:00:17 2025)
Iterat #Fevals   function value  axis ratio  sigma  min&max std  t[m:s]
    1     12 7.323108882411193e+02 1.0e+00 2.35e-01  2e-01  2e-01 0:00.1
    2     24 6.468684091772939e+02 1.1e+00 2.24e-01  2e-01  2e-01 0:00.2
    3     36 6.884621125123532e+02 1.1e+00 2.24e-01  2e-01  2e-01 0:00.3
   13    156 1.118619988326577e-01 1.6e+00 2.86e-01  3e-01  3e-01 0:04.0
   16    192 1.118619988326577e-01 1.7e+00 2.81e-01  3e-01  3e-01 0:09.5
   18    216 1.477112840501881e-01 1.7e+00 2.86e-01  3e-01  3e-01 0:15.1
   22    264 1.118619988326577e-01 1.8e+00 2.35e-01  2e-01  3e-01 0:21.3
   26    312 1.118619988326577e-01 1.8e+00 1.96e-01  2e-01  2e-01 0:30.5
   28    336 1.118619988326577e-01 1.8e+00 1.97e-01  2e-01  2e-01 0:39.4
   30    360 1.118619988326577e-01 1.8e+00 2.02e-01  2e-01  2e-01 0:50.2
   33    396 1.118619988326577e-01 1.8e+00 2.03e-01  2e-01  2e-01 1:03.3
   37    444 1.118619988326577e-01 1.8e+00 1.87e-01  2e-01  2e-01 1:17.4
   40    480 1.118619988326577e-01 1.9e+00 1.58e-01  1e-01  2e-01 1:32.7
   41    492 1.118619988326577e-01 1.8e+00 1.51e-01  1e-01  2e-01 1:38.7
termination on tolflatfitness=1 (Tue Jun 24 12:01:57 2025)
final/bestever f-value = 1.118620e-01 1.118620e-01
incumbent solution: [0.74984463 0.0582629  0.14022713 0.16858968 0.98666962 0.11193502
 0.99595539 0.97583603 ...]
std deviations: [0.15232873 0.14525422 0.14182222 0.14571823 0.14203778 0.15623461
 0.14499663 0.14452699 ...]
(12_w,25)-aCMA-ES (mu_w=7.3,w_1=23%) in dimension 20 (seed=12, Tue Jun 24 12:01:57 2025)
Iterat #Fevals   function value  axis ratio  sigma  min&max std  t[m:s]
    1    518 5.761577310586390e+02 1.0e+00 2.38e-01  2e-01  2e-01 0:00.2
    2    543 5.981577310586391e+02 1.1e+00 2.41e-01  2e-01  2e-01 0:00.4
    3    568 5.760000000000000e+02 1.2e+00 2.43e-01  2e-01  2e-01 0:00.6
    8    693 4.214744850868275e-01 1.5e+00 2.78e-01  3e-01  3e-01 0:04.4
   11    768 3.632624641091737e-01 1.6e+00 2.85e-01  3e-01  3e-01 0:09.1
   13    818 3.632624641091737e-01 1.7e+00 3.00e-01  3e-01  3e-01 0:14.1
   15    868 3.632624641091737e-01 1.8e+00 3.08e-01  3e-01  3e-01 0:22.5
   17    918 3.632624641091737e-01 1.8e+00 3.02e-01  3e-01  3e-01 0:35.0
   19    968 3.357338825572600e-01 1.9e+00 2.73e-01  2e-01  3e-01 0:45.7
   21   1018 2.293008946643485e-01 2.0e+00 2.87e-01  3e-01  3e-01 1:02.8
   24   1093 3.343282427839327e-01 2.0e+00 3.23e-01  3e-01  4e-01 1:17.2
   27   1168 3.149933294499740e-01 2.1e+00 2.78e-01  2e-01  3e-01 1:30.8
   29   1218 2.927963356198671e-01 2.1e+00 2.51e-01  2e-01  3e-01 1:43.5
   31   1268 3.343282427839327e-01 2.1e+00 2.42e-01  2e-01  3e-01 2:01.3
   33   1318 2.927963356198671e-01 2.0e+00 2.36e-01  2e-01  3e-01 2:18.7
[stop]
