(6_w,12)-aCMA-ES (mu_w=3.7,w_1=40%) in dimension 20 (seed=10, Tue Jun 24 11:46:55 2025)
Iterat #Fevals   function value  axis ratio  sigma  min&max std  t[m:s]
    1     12 5.447213595499958e+02 1.0e+00 2.38e-01  2e-01  2e-01 0:00.6
    2     24 5.212132034355964e+02 1.1e+00 2.32e-01  2e-01  2e-01 0:01.3
    3     36 6.276318945126833e+02 1.1e+00 2.33e-01  2e-01  2e-01 0:01.9
    7     84 3.096410309079223e-01 1.3e+00 2.25e-01  2e-01  2e-01 0:06.6
   11    132 2.730847925170923e-01 1.4e+00 2.14e-01  2e-01  2e-01 0:13.2
   17    204 5.141421356237310e+02 1.6e+00 2.10e-01  2e-01  2e-01 0:18.5
   23    276 1.298181889194988e+00 1.7e+00 1.90e-01  2e-01  2e-01 0:24.9
   30    360 3.538541651295926e-01 1.7e+00 1.55e-01  1e-01  2e-01 0:34.0
   37    444 2.011063013278808e-01 1.7e+00 1.37e-01  1e-01  1e-01 0:44.3
   41    492 1.448060102403614e-01 1.7e+00 1.22e-01  1e-01  1e-01 0:54.6
   46    552 1.766329454412723e-01 1.7e+00 1.15e-01  9e-02  1e-01 1:05.9
   51    612 1.606775292750375e-01 1.8e+00 1.20e-01  9e-02  1e-01 1:17.3
   55    660 1.265623740350917e-01 1.8e+00 1.03e-01  8e-02  1e-01 1:32.8
   60    720 1.159266428726362e-01 2.0e+00 9.80e-02  7e-02  1e-01 1:50.5
   64    768 1.296101809472662e-01 2.0e+00 8.46e-02  6e-02  9e-02 2:04.5
   68    816 1.236994358014729e-01 2.0e+00 7.43e-02  5e-02  8e-02 2:23.6
   72    864 1.159558681336786e-01 2.1e+00 6.65e-02  5e-02  7e-02 2:43.3
   76    912 1.147998067463083e-01 2.2e+00 6.01e-02  4e-02  6e-02 3:06.2
   80    960 1.070832098518469e-01 2.3e+00 5.00e-02  3e-02  5e-02 3:28.3
   84   1008 1.006763914668979e-01 2.3e+00 4.19e-02  3e-02  4e-02 3:50.0
   88   1056 9.307084731913917e-02 2.3e+00 3.76e-02  2e-02  4e-02 4:13.7
   92   1104 1.000305444962419e-01 2.4e+00 3.38e-02  2e-02  4e-02 4:37.1
[stop]
