(7_w,15)-aCMA-ES (mu_w=4.5,w_1=34%) in dimension 50 (seed=24, Fri May 23 16:55:38 2025)
Iterat #Fevals   function value  axis ratio  sigma  min&max std  t[m:s]
    1     15 7.490397871605288e+02 1.0e+00 2.37e-01  2e-01  2e-01 0:06.1
    2     30 5.565685424949238e+02 1.0e+00 2.29e-01  2e-01  2e-01 0:11.5
    3     45 5.707106781186548e+02 1.1e+00 2.25e-01  2e-01  2e-01 0:16.4
    4     60 5.212132034355965e+02 1.1e+00 2.20e-01  2e-01  2e-01 0:21.2
    5     75 5.636396103067893e+02 1.1e+00 2.18e-01  2e-01  2e-01 0:25.4
    7    105 5.212132034355965e+02 1.1e+00 2.11e-01  2e-01  2e-01 0:34.3
    9    135 5.176776695296637e+02 1.1e+00 2.07e-01  2e-01  2e-01 0:43.0
   11    165 5.282842712474619e+02 1.1e+00 2.07e-01  2e-01  2e-01 0:51.5
   13    195 5.738241153011670e+02 1.2e+00 2.07e-01  2e-01  2e-01 0:59.9
   15    225 5.070710678118655e+02 1.2e+00 2.06e-01  2e-01  2e-01 1:09.9
   18    270 5.070710678118655e+02 1.2e+00 2.03e-01  2e-01  2e-01 1:22.7
   21    315 5.204294611448415e-01 1.2e+00 1.97e-01  2e-01  2e-01 1:36.0
   24    360 1.708838939810464e+00 1.3e+00 1.99e-01  2e-01  2e-01 1:49.4
   27    405 8.735436398918917e-01 1.3e+00 2.06e-01  2e-01  2e-01 2:03.7
   31    465 5.316227766016838e+02 1.3e+00 2.11e-01  2e-01  2e-01 2:21.2
   35    525 5.282842712474619e+02 1.4e+00 2.12e-01  2e-01  2e-01 2:39.3
   39    585 5.141421356237310e+02 1.4e+00 2.08e-01  2e-01  2e-01 2:56.6
   43    645 5.212132034355965e+02 1.4e+00 1.86e-01  2e-01  2e-01 3:14.0
   48    720 5.553963553698046e-01 1.4e+00 1.60e-01  2e-01  2e-01 3:35.4
   54    810 9.006615894155181e-01 1.5e+00 1.51e-01  1e-01  2e-01 3:55.4
   61    915 5.158113883008419e+02 1.5e+00 1.53e-01  1e-01  2e-01 4:15.6
   69   1035 3.470492882600634e+00 1.5e+00 1.58e-01  2e-01  2e-01 4:37.1
   77   1155 4.747098603404841e-01 1.5e+00 1.52e-01  1e-01  2e-01 5:00.2
   85   1275 1.699976684524817e+00 1.6e+00 1.38e-01  1e-01  1e-01 5:28.2
   90   1350 4.883795715589493e-01 1.6e+00 1.25e-01  1e-01  1e-01 5:54.8
   95   1425 5.912828909262773e-01 1.5e+00 1.20e-01  1e-01  1e-01 6:21.8
  100   1500 3.322679166074889e-01 1.6e+00 1.18e-01  1e-01  1e-01 6:48.8
  106   1590 4.878410415328397e-01 1.6e+00 1.18e-01  1e-01  1e-01 7:18.7
  113   1695 5.582442016680071e-01 1.6e+00 1.15e-01  1e-01  1e-01 7:50.9
  118   1770 2.546790714077249e-01 1.6e+00 1.09e-01  1e-01  1e-01 8:21.4
  124   1860 3.498409062499200e-01 1.6e+00 1.05e-01  1e-01  1e-01 8:56.5
  130   1950 2.728918157326108e-01 1.6e+00 1.01e-01  9e-02  1e-01 9:35.0
  137   2055 2.852324366453363e-01 1.6e+00 9.63e-02  9e-02  1e-01 10:11.1
  143   2145 2.052371415477157e-01 1.6e+00 8.70e-02  8e-02  9e-02 10:47.8
  150   2250 1.838718870229951e-01 1.6e+00 9.07e-02  8e-02  9e-02 11:27.1
  156   2340 2.961864412144352e-01 1.6e+00 8.50e-02  8e-02  9e-02 12:05.2
  162   2430 1.838418183935865e-01 1.6e+00 7.66e-02  7e-02  8e-02 12:46.4
  168   2520 2.684435958134848e-01 1.6e+00 7.40e-02  7e-02  8e-02 13:29.7
  174   2610 2.019494196970342e-01 1.6e+00 7.18e-02  6e-02  7e-02 14:10.8
  179   2685 1.844253597954068e-01 1.6e+00 7.03e-02  6e-02  7e-02 14:51.6
  186   2790 2.243619311865746e-01 1.6e+00 6.29e-02  6e-02  6e-02 15:37.0
  192   2880 1.577433839752431e-01 1.6e+00 5.87e-02  5e-02  6e-02 16:21.5
  198   2970 1.904809841319862e-01 1.6e+00 5.71e-02  5e-02  6e-02 17:05.3
  200   3000 1.821091823019708e-01 1.6e+00 5.69e-02  5e-02  6e-02 17:17.5
  206   3090 1.416358241785826e-01 1.6e+00 5.86e-02  5e-02  6e-02 18:02.0
  213   3195 1.590308646820057e-01 1.6e+00 5.86e-02  5e-02  6e-02 18:54.1
  219   3285 1.882552691350491e-01 1.7e+00 5.78e-02  5e-02  6e-02 19:42.2
  226   3390 2.355086835152622e-01 1.7e+00 5.83e-02  5e-02  6e-02 20:32.3
  233   3495 2.002644167826175e-01 1.7e+00 5.32e-02  5e-02  6e-02 21:25.9
  239   3585 1.408414930289172e-01 1.7e+00 5.13e-02  5e-02  5e-02 22:16.2
  245   3675 1.232767625159015e-01 1.7e+00 5.07e-02  5e-02  5e-02 23:13.8
  252   3780 1.224465317289750e-01 1.7e+00 4.77e-02  4e-02  5e-02 24:12.0
  258   3870 1.086388271513380e-01 1.7e+00 4.53e-02  4e-02  5e-02 25:06.6
  264   3960 1.052207457716499e-01 1.7e+00 4.13e-02  4e-02  4e-02 26:07.3
  270   4050 1.016251257037034e-01 1.7e+00 3.87e-02  3e-02  4e-02 27:11.4
  277   4155 9.676330164570709e-02 1.7e+00 3.68e-02  3e-02  4e-02 28:16.3
  283   4245 1.005264210140407e-01 1.8e+00 3.42e-02  3e-02  4e-02 29:21.9
  289   4335 1.048940223766290e-01 1.8e+00 3.23e-02  3e-02  3e-02 30:22.0
  295   4425 9.928064543441811e-02 1.8e+00 3.19e-02  3e-02  3e-02 31:24.1
  300   4500 9.791606432349736e-02 1.8e+00 3.28e-02  3e-02  3e-02 32:17.9
  306   4590 9.040812903207934e-02 1.8e+00 3.25e-02  3e-02  3e-02 33:25.5
  312   4680 9.254203271665114e-02 1.8e+00 3.09e-02  3e-02  3e-02 34:29.9
  319   4785 9.296775449874758e-02 1.8e+00 2.89e-02  3e-02  3e-02 35:37.0
  325   4875 9.181084403503509e-02 1.8e+00 2.42e-02  2e-02  3e-02 36:42.3
  331   4965 9.131758825027754e-02 1.8e+00 2.10e-02  2e-02  2e-02 37:46.6
  337   5055 8.988233686475919e-02 1.8e+00 1.87e-02  2e-02  2e-02 38:55.3
  343   5145 8.634159868202626e-02 1.9e+00 1.70e-02  1e-02  2e-02 40:02.3
  349   5235 8.773325026342541e-02 1.9e+00 1.54e-02  1e-02  2e-02 41:09.5
  355   5325 8.597616091561319e-02 1.9e+00 1.62e-02  1e-02  2e-02 42:22.0
  362   5430 8.820951699494260e-02 1.9e+00 1.56e-02  1e-02  2e-02 43:40.0
  368   5520 8.772900525071678e-02 1.9e+00 1.38e-02  1e-02  1e-02 44:53.9
  375   5625 8.644400105755465e-02 1.9e+00 1.15e-02  1e-02  1e-02 46:15.6
  382   5730 8.736392677622917e-02 1.9e+00 1.17e-02  1e-02  1e-02 47:37.6
  390   5850 8.602009710163946e-02 1.9e+00 1.16e-02  1e-02  1e-02 48:56.8
  397   5955 8.568310256565731e-02 1.9e+00 1.07e-02  9e-03  1e-02 50:14.2
  400   6000 8.454801329534502e-02 1.9e+00 1.09e-02  9e-03  1e-02 50:50.5
  407   6105 8.546837751448881e-02 1.9e+00 1.17e-02  1e-02  1e-02 52:12.3
  414   6210 8.417276332225658e-02 2.0e+00 1.24e-02  1e-02  1e-02 53:34.0
  425   6375 8.592599859988222e-02 2.0e+00 1.26e-02  1e-02  1e-02 54:52.6
  437   6555 8.445088747831603e-02 2.0e+00 1.13e-02  1e-02  1e-02 56:15.2
  450   6750 8.357520987614239e-02 2.0e+00 1.11e-02  9e-03  1e-02 57:41.2
  461   6915 8.443679570916077e-02 2.1e+00 9.40e-03  8e-03  1e-02 59:04.2
  468   7020 8.381457065045153e-02 2.1e+00 8.63e-03  7e-03  9e-03 60:30.6
  476   7140 8.381909969385032e-02 2.1e+00 8.30e-03  7e-03  9e-03 62:00.2
  484   7260 8.196755163566524e-02 2.1e+00 7.29e-03  6e-03  8e-03 63:33.3
  492   7380 8.183368610726333e-02 2.1e+00 6.67e-03  5e-03  7e-03 65:07.4
  500   7500 8.161483813531378e-02 2.2e+00 6.99e-03  6e-03  7e-03 66:33.8
  508   7620 8.158424933090708e-02 2.2e+00 7.14e-03  6e-03  8e-03 68:04.0
  516   7740 8.131615998756980e-02 2.2e+00 6.41e-03  5e-03  7e-03 69:37.6
  525   7875 8.131207587211819e-02 2.2e+00 6.04e-03  5e-03  6e-03 71:17.0
  533   7995 8.057784463557484e-02 2.2e+00 5.48e-03  4e-03  6e-03 72:49.8
  544   8160 8.056945717890765e-02 2.3e+00 5.31e-03  4e-03  6e-03 74:24.4
  553   8295 8.057872206286246e-02 2.3e+00 5.12e-03  4e-03  6e-03 76:03.8
  569   8535 8.034324029386207e-02 2.4e+00 5.00e-03  4e-03  5e-03 77:41.5
[stop]
