(7_w,15)-aCMA-ES (mu_w=4.5,w_1=34%) in dimension 50 (seed=11, Fri May 23 16:55:38 2025)
Iterat #Fevals   function value  axis ratio  sigma  min&max std  t[m:s]
    1     15 7.784331854427305e+02 1.0e+00 2.36e-01  2e-01  2e-01 0:07.2
    2     30 7.156675682618968e+02 1.0e+00 2.28e-01  2e-01  2e-01 0:13.0
    3     45 7.017902461228583e+02 1.0e+00 2.24e-01  2e-01  2e-01 0:18.8
    4     60 7.404163056034261e+02 1.1e+00 2.20e-01  2e-01  2e-01 0:24.7
    5     75 6.484924240491749e+02 1.1e+00 2.17e-01  2e-01  2e-01 0:30.3
    6     90 6.916651911468026e+02 1.1e+00 2.15e-01  2e-01  2e-01 0:35.8
    8    120 6.272792206135784e+02 1.1e+00 2.13e-01  2e-01  2e-01 0:45.9
   10    150 6.077032961426901e+02 1.1e+00 2.10e-01  2e-01  2e-01 0:54.1
   13    195 5.574390307216884e+02 1.2e+00 2.07e-01  2e-01  2e-01 1:04.2
   16    240 5.353553390593274e+02 1.2e+00 2.05e-01  2e-01  2e-01 1:15.4
   19    285 5.070710678118655e+02 1.2e+00 2.01e-01  2e-01  2e-01 1:27.0
   22    330 5.070710678118655e+02 1.3e+00 2.03e-01  2e-01  2e-01 1:39.1
   25    375 5.843859898502953e+02 1.3e+00 2.01e-01  2e-01  2e-01 1:51.6
   29    435 5.070710678118655e+02 1.3e+00 1.89e-01  2e-01  2e-01 2:06.8
   35    525 1.504218801686736e+00 1.3e+00 1.76e-01  2e-01  2e-01 2:23.6
   40    600 1.733458021247641e+00 1.3e+00 1.69e-01  2e-01  2e-01 2:39.1
   45    675 5.141421356237310e+02 1.4e+00 1.58e-01  2e-01  2e-01 2:57.3
   50    750 2.180373166361353e-01 1.4e+00 1.54e-01  1e-01  2e-01 3:20.2
   55    825 5.141421356237310e+02 1.4e+00 1.53e-01  1e-01  2e-01 3:42.9
   59    885 5.141421356237310e+02 1.4e+00 1.48e-01  1e-01  2e-01 4:03.3
   63    945 5.212132034355964e+02 1.4e+00 1.40e-01  1e-01  1e-01 4:24.1
   68   1020 5.070710678118655e+02 1.4e+00 1.32e-01  1e-01  1e-01 4:47.1
   73   1095 6.388328995281747e-01 1.4e+00 1.28e-01  1e-01  1e-01 5:13.7
   78   1170 6.548382806813202e-01 1.4e+00 1.21e-01  1e-01  1e-01 5:39.1
   86   1290 4.101259467381660e-01 1.5e+00 1.11e-01  1e-01  1e-01 6:07.4
   91   1365 4.493207563154656e-01 1.5e+00 9.89e-02  9e-02  1e-01 6:34.3
   96   1440 3.284360343500458e-01 1.5e+00 8.93e-02  8e-02  9e-02 7:03.9
  100   1500 3.108431403075975e-01 1.5e+00 8.84e-02  8e-02  9e-02 7:31.8
  105   1575 3.254646572839798e-01 1.5e+00 8.95e-02  8e-02  9e-02 8:06.4
  109   1635 2.628775914561855e-01 1.5e+00 8.99e-02  8e-02  9e-02 8:36.8
  113   1695 2.763375554207461e-01 1.5e+00 8.89e-02  8e-02  9e-02 9:06.9
  118   1770 2.793346817401331e-01 1.5e+00 8.51e-02  8e-02  9e-02 9:40.7
  123   1845 2.650242408774605e-01 1.5e+00 7.71e-02  7e-02  8e-02 10:19.9
  128   1920 2.026651460277554e-01 1.6e+00 7.29e-02  6e-02  8e-02 11:00.5
  132   1980 1.593424933554296e-01 1.6e+00 7.01e-02  6e-02  7e-02 11:36.0
  137   2055 2.160598560261446e-01 1.6e+00 6.75e-02  6e-02  7e-02 12:12.3
  142   2130 1.753955533929841e-01 1.6e+00 6.12e-02  5e-02  6e-02 12:55.1
  146   2190 2.257110168349741e-01 1.6e+00 5.83e-02  5e-02  6e-02 13:35.2
  150   2250 1.910710891241069e-01 1.6e+00 5.70e-02  5e-02  6e-02 14:13.3
  155   2325 1.858063445873262e-01 1.6e+00 5.63e-02  5e-02  6e-02 14:58.7
  160   2400 1.431944666413789e-01 1.6e+00 5.98e-02  5e-02  6e-02 15:44.7
  165   2475 1.572090141686983e-01 1.6e+00 6.64e-02  6e-02  7e-02 16:33.2
  171   2565 1.571289911842922e-01 1.7e+00 6.30e-02  5e-02  7e-02 17:23.5
  176   2640 1.300597288199990e-01 1.7e+00 6.13e-02  5e-02  7e-02 18:08.6
  182   2730 1.252288399683437e-01 1.7e+00 6.09e-02  5e-02  6e-02 18:59.2
  187   2805 1.132832317004575e-01 1.8e+00 6.02e-02  5e-02  6e-02 19:49.0
  193   2895 1.203938632049050e-01 1.8e+00 5.93e-02  5e-02  6e-02 20:42.7
  199   2985 1.270827257080096e-01 1.8e+00 5.76e-02  5e-02  6e-02 21:36.9
  200   3000 1.243162670864369e-01 1.8e+00 5.72e-02  5e-02  6e-02 21:47.0
  206   3090 1.189485792320946e-01 1.9e+00 5.37e-02  4e-02  6e-02 22:46.0
  212   3180 1.241133383219554e-01 1.9e+00 4.85e-02  4e-02  5e-02 23:43.5
  217   3255 1.077823737509451e-01 1.9e+00 5.05e-02  4e-02  5e-02 24:35.6
  223   3345 1.111533652146480e-01 1.9e+00 5.20e-02  4e-02  5e-02 25:37.0
  229   3435 1.306553996544217e-01 1.9e+00 5.62e-02  4e-02  6e-02 26:34.0
  235   3525 1.187679967184083e-01 1.9e+00 5.73e-02  4e-02  6e-02 27:28.6
  243   3645 1.305789403480885e-01 1.9e+00 5.19e-02  4e-02  5e-02 28:28.6
  249   3735 1.127695905936357e-01 1.9e+00 4.90e-02  4e-02  5e-02 29:32.2
  255   3825 1.104162668001583e-01 1.9e+00 4.68e-02  4e-02  5e-02 30:35.7
  261   3915 1.139935492286934e-01 1.9e+00 4.25e-02  3e-02  4e-02 31:34.6
  267   4005 1.103807705119635e-01 1.9e+00 3.95e-02  3e-02  4e-02 32:37.1
  274   4110 1.047263379563664e-01 1.9e+00 3.72e-02  3e-02  4e-02 33:44.3
  281   4215 1.062616872785768e-01 2.0e+00 3.54e-02  3e-02  4e-02 34:47.6
  291   4365 1.023588800944105e-01 2.0e+00 3.63e-02  3e-02  4e-02 35:55.3
  300   4500 1.021173691107184e-01 2.0e+00 3.60e-02  3e-02  4e-02 36:55.0
  307   4605 1.084330390735764e-01 2.0e+00 3.60e-02  3e-02  4e-02 38:05.5
  314   4710 9.971303746990134e-02 2.0e+00 3.70e-02  3e-02  4e-02 39:13.8
  320   4800 9.891704874188240e-02 2.0e+00 3.66e-02  3e-02  4e-02 40:21.2
  327   4905 9.764027753818380e-02 2.0e+00 3.47e-02  3e-02  4e-02 41:30.9
  334   5010 9.847914348186690e-02 2.1e+00 3.39e-02  2e-02  4e-02 42:45.2
  344   5160 9.943865485514530e-02 2.1e+00 3.14e-02  2e-02  3e-02 43:54.4
  351   5265 9.346360201921733e-02 2.1e+00 2.61e-02  2e-02  3e-02 45:10.1
  358   5370 9.430901338776113e-02 2.1e+00 2.67e-02  2e-02  3e-02 46:26.0
  365   5475 9.236927356495467e-02 2.1e+00 2.81e-02  2e-02  3e-02 47:44.5
  372   5580 9.179041361046478e-02 2.1e+00 2.55e-02  2e-02  3e-02 49:04.2
  380   5700 9.378651567240080e-02 2.1e+00 2.65e-02  2e-02  3e-02 50:27.2
  388   5820 9.193254337886347e-02 2.1e+00 2.62e-02  2e-02  3e-02 51:49.3
  396   5940 9.208168776450958e-02 2.2e+00 2.52e-02  2e-02  3e-02 53:15.3
  400   6000 9.196276284388288e-02 2.2e+00 2.45e-02  2e-02  3e-02 54:00.6
  407   6105 8.808873240008294e-02 2.2e+00 2.38e-02  2e-02  3e-02 55:19.9
  415   6225 8.935030924554686e-02 2.2e+00 2.22e-02  2e-02  2e-02 56:46.1
  423   6345 8.776392221016957e-02 2.2e+00 2.11e-02  1e-02  2e-02 58:07.3
  431   6465 9.039111559553870e-02 2.2e+00 1.92e-02  1e-02  2e-02 59:28.4
  440   6600 9.034863936678304e-02 2.2e+00 1.84e-02  1e-02  2e-02 60:56.6
  448   6720 8.809863295956478e-02 2.2e+00 1.71e-02  1e-02  2e-02 62:27.5
  456   6840 8.741122440029803e-02 2.2e+00 1.67e-02  1e-02  2e-02 63:58.1
  464   6960 8.500166730139405e-02 2.2e+00 1.50e-02  1e-02  2e-02 65:24.2
  472   7080 8.532521088300152e-02 2.2e+00 1.47e-02  1e-02  2e-02 66:55.4
  481   7215 8.587093732826885e-02 2.2e+00 1.18e-02  8e-03  1e-02 68:29.5
  492   7380 8.573256800114618e-02 2.2e+00 1.04e-02  7e-03  1e-02 69:57.9
  500   7500 8.523819696664915e-02 2.2e+00 9.10e-03  6e-03  1e-02 70:49.1
  514   7710 8.412922913251013e-02 2.3e+00 8.47e-03  6e-03  9e-03 72:22.1
  523   7845 8.468476466326724e-02 2.4e+00 8.16e-03  5e-03  9e-03 74:03.6
  531   7965 8.297323259698915e-02 2.4e+00 7.34e-03  5e-03  8e-03 75:39.3
[stop]
