0 [0/400] 929.7598889695988
1 [0/400] 786.6657505427222
6 [0/400] 696.6934455056048
8 [0/400] 651.8309294033969
14 [0/400] 651.7260323451592
16 [0/400] 591.9238815542512
24 [0/400] 584.8528137423857
31 [0/400] 577.7817459305203
32 [0/400] 563.6396103067893
42 [0/400] 528.2842712474619
43 [0/400] 514.142135623731
72 [0/400] 507.0710678118655
73 [1/400] 18.71375987366046
77 [3/400] 16.911905566938916
82 [4/400] 12.818191863686723
83 [5/400] 2.3442948270980954
88 [10/400] 0.9957388725644244
100 [21/400] 0.7152838288582981
109 [30/400] 0.6674955704666823
110 [31/400] 0.4634339035305711
112 [33/400] 0.45589878970044817
174 [89/400] 0.41782802612032777
181 [96/400] 0.41640320509842915
184 [99/400] 0.38845002437644693
192 [107/400] 0.3882097674568856
200 [115/400] 0.3882097674568856
204 [119/400] 0.38808326862152054
205 [120/400] 0.3512363370987633
211 [126/400] 0.32977961028626723
222 [136/400] 0.3137670237485045
233 [147/400] 0.28890824693560624
239 [153/400] 0.2781888693408925
242 [156/400] 0.26176712740893104
245 [159/400] 0.22585548561687468
249 [163/400] 0.218174127426076
252 [166/400] 0.2160084772178901
256 [170/400] 0.2124950812993342
269 [183/400] 0.17752146857572457
270 [184/400] 0.1704082609483269
272 [186/400] 0.17039250013710183
273 [187/400] 0.16702313163864457
282 [196/400] 0.153163906832139
285 [199/400] 0.1529991443340545
289 [203/400] 0.1526317776382426
300 [214/400] 0.1526317776382426
306 [220/400] 0.15188543603210244
309 [223/400] 0.1515301453596984
310 [224/400] 0.15126112861626725
314 [228/400] 0.15092584822541913
331 [245/400] 0.1498624186016343
364 [277/400] 0.14896577290386132
374 [286/400] 0.14846390816031566
387 [299/400] 0.14777821384009066
392 [304/400] 0.14559978329510134
400 [311/400] 0.14559978329510134
430 [341/400] 0.14537018195933754
434 [345/400] 0.14210450404652364
440 [351/400] 0.13420835227909006
459 [369/400] 0.1337100524864817
482 [392/400] 0.13219037266971123
490 [400/400] 0.1319478707954036
[stop]
