(7_w,15)-aCMA-ES (mu_w=4.5,w_1=34%) in dimension 50 (seed=8, Tue Jun 17 07:59:21 2025)
Iterat #Fevals   function value  axis ratio  sigma  min&max std  t[m:s]
    1     15 5.424264068711927e+02 1.0e+00 2.37e-01  2e-01  2e-01 0:00.8
    2     30 5.848528137423857e+02 1.0e+00 2.27e-01  2e-01  2e-01 0:01.6
    3     45 5.070710678118655e+02 1.1e+00 2.22e-01  2e-01  2e-01 0:02.4
    6     90 6.618382624098085e-01 1.1e+00 2.11e-01  2e-01  2e-01 0:05.4
   10    150 1.276082712125526e+00 1.1e+00 1.98e-01  2e-01  2e-01 0:09.5
   14    210 2.418469011717304e+00 1.1e+00 1.89e-01  2e-01  2e-01 0:15.7
   21    315 6.672410103273863e+00 1.2e+00 1.71e-01  2e-01  2e-01 0:22.3
   26    390 4.586532036289306e-01 1.2e+00 1.71e-01  2e-01  2e-01 0:31.3
   31    465 4.324448419983538e-01 1.3e+00 1.70e-01  2e-01  2e-01 0:41.8
   36    540 1.973607895450258e-01 1.3e+00 1.60e-01  2e-01  2e-01 0:51.2
   41    615 6.748201252392124e-01 1.3e+00 1.50e-01  1e-01  2e-01 1:03.5
   46    690 2.548397532750822e-01 1.4e+00 1.45e-01  1e-01  1e-01 1:14.6
   51    765 2.654290088733918e-01 1.4e+00 1.45e-01  1e-01  1e-01 1:28.3
   61    915 6.608954094454025e+00 1.4e+00 1.45e-01  1e-01  1e-01 1:42.2
   71   1065 8.288391657089955e-01 1.4e+00 1.39e-01  1e-01  1e-01 1:57.2
   77   1155 1.426906806145008e-01 1.4e+00 1.30e-01  1e-01  1e-01 2:12.8
   87   1305 2.943495903926036e-01 1.5e+00 1.29e-01  1e-01  1e-01 2:30.4
   97   1455 5.412815789720608e-01 1.5e+00 1.20e-01  1e-01  1e-01 2:47.8
  100   1500 6.184431087541682e-01 1.5e+00 1.16e-01  1e-01  1e-01 2:55.4
  107   1605 1.751828703234942e-01 1.5e+00 1.17e-01  1e-01  1e-01 3:16.2
  112   1680 1.356942734025269e-01 1.5e+00 1.24e-01  1e-01  1e-01 3:37.9
  122   1830 2.368322024728502e-01 1.6e+00 1.33e-01  1e-01  1e-01 4:00.3
  129   1935 1.362127096481546e+00 1.6e+00 1.30e-01  1e-01  1e-01 4:23.5
  139   2085 1.726030598455776e-01 1.6e+00 1.25e-01  1e-01  1e-01 4:49.1
  148   2220 7.010634184913596e-01 1.6e+00 1.30e-01  1e-01  1e-01 5:14.4
  158   2370 1.871871216319678e+00 1.6e+00 1.23e-01  1e-01  1e-01 5:41.6
  166   2490 2.732634760512579e-01 1.7e+00 1.12e-01  1e-01  1e-01 6:08.3
  174   2610 1.879971043923747e-01 1.7e+00 1.11e-01  9e-02  1e-01 6:39.9
  180   2700 1.512608924948431e-01 1.7e+00 1.06e-01  9e-02  1e-01 7:09.3
  189   2835 1.428977223521829e-01 1.7e+00 9.84e-02  8e-02  1e-01 7:39.8
  198   2970 2.258240721621886e-01 1.7e+00 9.19e-02  8e-02  1e-01 8:11.4
  200   3000 2.155945228437680e-01 1.7e+00 9.08e-02  8e-02  1e-01 8:19.6
  208   3120 1.734186681129971e-01 1.7e+00 9.92e-02  8e-02  1e-01 8:57.7
  216   3240 1.547787564351035e-01 1.7e+00 1.04e-01  9e-02  1e-01 9:32.4
  225   3375 1.131371476601130e-01 1.8e+00 1.06e-01  9e-02  1e-01 10:08.8
  236   3540 1.949216045214726e-01 1.9e+00 1.16e-01  1e-01  1e-01 10:45.8
  244   3660 1.721210418828947e-01 1.9e+00 1.19e-01  1e-01  1e-01 11:21.9
  255   3825 1.740496959272486e-01 2.0e+00 1.12e-01  9e-02  1e-01 12:00.9
  265   3975 1.660520559854331e-01 2.0e+00 1.14e-01  9e-02  1e-01 12:41.4
[stop]
