(7_w,15)-aCMA-ES (mu_w=4.5,w_1=34%) in dimension 50 (seed=4, Tue Jun 17 07:36:30 2025)
Iterat #Fevals   function value  axis ratio  sigma  min&max std  t[m:s]
    1     15 5.644000000000000e+02 1.0e+00 2.36e-01  2e-01  2e-01 0:00.2
    2     30 6.139669127533633e+02 1.0e+00 2.27e-01  2e-01  2e-01 0:00.4
    3     45 6.083213595499958e+02 1.1e+00 2.19e-01  2e-01  2e-01 0:00.6
   20    300 5.548000000000000e+02 1.3e+00 2.21e-01  2e-01  2e-01 0:03.6
   32    480 4.115571230828077e-01 1.4e+00 2.05e-01  2e-01  2e-01 0:08.8
   34    510 3.853668302254730e-01 1.4e+00 2.06e-01  2e-01  2e-01 0:14.9
   37    555 3.908998821411458e-01 1.4e+00 2.03e-01  2e-01  2e-01 0:24.6
   40    600 3.824326432033222e-01 1.4e+00 2.04e-01  2e-01  2e-01 0:34.4
   42    630 3.824326432033222e-01 1.4e+00 2.06e-01  2e-01  2e-01 0:44.7
   45    675 3.791316502137325e-01 1.4e+00 2.04e-01  2e-01  2e-01 0:56.6
   48    720 3.713320586160400e-01 1.4e+00 2.02e-01  2e-01  2e-01 1:12.0
   51    765 3.748304152563821e-01 1.5e+00 2.00e-01  2e-01  2e-01 1:27.4
   54    810 3.755190114940996e-01 1.5e+00 1.97e-01  2e-01  2e-01 1:40.2
   56    840 3.706042601891441e-01 1.5e+00 1.97e-01  2e-01  2e-01 1:56.1
   62    930 3.683099391111065e-01 1.5e+00 1.83e-01  2e-01  2e-01 2:11.2
   66    990 3.156405708512707e-01 1.5e+00 1.67e-01  2e-01  2e-01 2:32.9
   70   1050 3.005655972808815e-01 1.6e+00 1.61e-01  2e-01  2e-01 2:52.5
   74   1110 3.056083019299611e-01 1.6e+00 1.51e-01  1e-01  2e-01 3:10.3
   78   1170 2.971381033866118e-01 1.6e+00 1.44e-01  1e-01  2e-01 3:34.5
   82   1230 2.686984459559651e-01 1.6e+00 1.45e-01  1e-01  1e-01 3:58.2
   87   1305 2.686984459559651e-01 1.5e+00 1.44e-01  1e-01  1e-01 4:22.1
   91   1365 2.686984459559651e-01 1.5e+00 1.34e-01  1e-01  1e-01 4:44.1
   95   1425 2.685917492641913e-01 1.6e+00 1.30e-01  1e-01  1e-01 5:09.3
   98   1470 2.685917492641913e-01 1.6e+00 1.27e-01  1e-01  1e-01 5:34.1
  100   1500 2.685917492641913e-01 1.6e+00 1.27e-01  1e-01  1e-01 5:47.9
  104   1560 2.685917492641913e-01 1.6e+00 1.26e-01  1e-01  1e-01 6:19.3
  108   1620 2.685917492641913e-01 1.6e+00 1.25e-01  1e-01  1e-01 6:50.2
  112   1680 2.685917492641913e-01 1.6e+00 1.22e-01  1e-01  1e-01 7:19.9
  116   1740 2.685917492641913e-01 1.6e+00 1.27e-01  1e-01  1e-01 7:48.0
  122   1830 2.685917492641913e-01 1.6e+00 1.24e-01  1e-01  1e-01 8:23.2
  126   1890 2.685917492641913e-01 1.6e+00 1.14e-01  1e-01  1e-01 8:53.4
  133   1995 2.743667417379365e-01 1.6e+00 1.12e-01  1e-01  1e-01 9:26.0
  139   2085 2.664844309180784e-01 1.6e+00 1.00e-01  9e-02  1e-01 10:00.0
  144   2160 2.664844309180784e-01 1.6e+00 9.62e-02  9e-02  1e-01 10:35.4
  148   2220 2.664844309180784e-01 1.6e+00 9.19e-02  8e-02  1e-01 11:09.8
  149   2235 2.664844309180784e-01 1.6e+00 9.06e-02  8e-02  9e-02 11:19.1
termination on tolflatfitness=1 (Tue Jun 17 07:47:50 2025)
final/bestever f-value = 2.664844e-01 2.056672e-01
incumbent solution: [0.04935918 0.87879426 0.97231171 0.8515384  0.25051659 0.74220963
 0.69243069 0.27943007 ...]
std deviations: [0.09082196 0.08924156 0.08778765 0.09291631 0.08548118 0.0884345
 0.08572153 0.08632976 ...]
(15_w,31)-aCMA-ES (mu_w=8.9,w_1=20%) in dimension 50 (seed=5, Tue Jun 17 07:47:50 2025)
Iterat #Fevals   function value  axis ratio  sigma  min&max std  t[m:s]
    1   2267 5.848528137423857e+02 1.0e+00 2.37e-01  2e-01  2e-01 0:00.4
    2   2298 5.592264068711929e+02 1.1e+00 2.33e-01  2e-01  2e-01 0:00.8
    3   2329 5.892528137423857e+02 1.1e+00 2.31e-01  2e-01  2e-01 0:01.2
   10   2546 1.641545357218591e+00 1.2e+00 2.53e-01  2e-01  3e-01 0:04.4
   15   2701 1.653611048001246e+00 1.3e+00 2.51e-01  2e-01  3e-01 0:08.8
   17   2763 1.655719389331519e+00 1.3e+00 2.56e-01  3e-01  3e-01 0:14.9
   20   2856 1.146076112120469e+00 1.3e+00 2.47e-01  2e-01  3e-01 0:21.2
[stop]
