(7_w,15)-aCMA-ES (mu_w=4.5,w_1=34%) in dimension 50 (seed=4, Tue Jun 17 07:59:21 2025)
Iterat #Fevals   function value  axis ratio  sigma  min&max std  t[m:s]
    1     15 7.580939751330898e+02 1.0e+00 2.36e-01  2e-01  2e-01 0:01.0
    2     30 5.494974746830583e+02 1.0e+00 2.28e-01  2e-01  2e-01 0:01.8
    3     45 7.502108998852838e+02 1.1e+00 2.21e-01  2e-01  2e-01 0:03.1
    7    105 5.380788655293195e+02 1.1e+00 2.09e-01  2e-01  2e-01 0:06.7
   11    165 3.095933037976454e+00 1.1e+00 2.02e-01  2e-01  2e-01 0:10.7
   16    240 5.295998688929127e-01 1.2e+00 1.92e-01  2e-01  2e-01 0:16.9
   20    300 6.101127377199708e-01 1.2e+00 1.85e-01  2e-01  2e-01 0:24.5
   23    345 1.070352418555753e+00 1.3e+00 1.81e-01  2e-01  2e-01 0:32.2
   26    390 2.698553613370630e-01 1.3e+00 1.80e-01  2e-01  2e-01 0:40.3
   30    450 4.136318581779460e-01 1.3e+00 1.77e-01  2e-01  2e-01 0:49.6
   36    540 2.703978935091327e+00 1.4e+00 1.78e-01  2e-01  2e-01 0:59.9
   44    660 3.762843912040661e-01 1.4e+00 1.77e-01  2e-01  2e-01 1:13.3
   51    765 2.861297316167994e-01 1.4e+00 1.87e-01  2e-01  2e-01 1:25.9
   62    930 2.462511391619598e+00 1.5e+00 1.67e-01  2e-01  2e-01 1:39.6
   68   1020 3.062475661241204e-01 1.5e+00 1.56e-01  2e-01  2e-01 1:54.0
   73   1095 4.862702585103287e-01 1.5e+00 1.44e-01  1e-01  1e-01 2:09.9
   80   1200 4.570639416199488e-01 1.5e+00 1.45e-01  1e-01  2e-01 2:27.0
   86   1290 9.399905986478936e-01 1.5e+00 1.47e-01  1e-01  2e-01 2:47.2
   96   1440 2.867421117944095e-01 1.5e+00 1.45e-01  1e-01  2e-01 3:05.4
  100   1500 4.816328221845455e-01 1.6e+00 1.45e-01  1e-01  2e-01 3:13.7
  107   1605 5.331785929629198e-01 1.6e+00 1.30e-01  1e-01  1e-01 3:34.1
  115   1725 3.485554534950436e-01 1.6e+00 1.27e-01  1e-01  1e-01 3:56.0
  121   1815 2.708117011133366e-01 1.6e+00 1.27e-01  1e-01  1e-01 4:18.7
  128   1920 2.832377522517894e-01 1.6e+00 1.25e-01  1e-01  1e-01 4:41.8
  135   2025 1.859736502953853e-01 1.6e+00 1.13e-01  1e-01  1e-01 5:07.7
  140   2100 1.787254922855154e-01 1.6e+00 1.03e-01  9e-02  1e-01 5:32.9
  147   2205 1.998297771234500e-01 1.6e+00 9.54e-02  9e-02  1e-01 6:00.9
  153   2295 1.281886023387922e-01 1.6e+00 8.72e-02  8e-02  9e-02 6:33.9
  159   2385 1.526696842690115e-01 1.6e+00 7.81e-02  7e-02  8e-02 7:07.2
  165   2475 1.445969665456982e-01 1.6e+00 7.42e-02  7e-02  8e-02 7:39.3
  171   2565 1.833880107715928e-01 1.7e+00 7.34e-02  7e-02  8e-02 8:12.3
  176   2640 1.276983671849811e-01 1.7e+00 7.39e-02  7e-02  8e-02 8:45.7
  181   2715 1.076588354004538e-01 1.7e+00 7.09e-02  6e-02  7e-02 9:19.6
  186   2790 1.028741525146073e-01 1.7e+00 6.94e-02  6e-02  7e-02 9:54.5
  192   2880 1.272453508234130e-01 1.7e+00 7.49e-02  7e-02  8e-02 10:30.9
  197   2955 1.224682069861146e-01 1.7e+00 7.44e-02  7e-02  8e-02 11:10.6
  200   3000 1.093541213558116e-01 1.7e+00 7.29e-02  6e-02  8e-02 11:33.9
  205   3075 1.307172075797339e-01 1.7e+00 6.89e-02  6e-02  7e-02 12:12.2
[stop]
