0 [0/400] 1143.4273454567672
1 [0/400] 646.0112615949154
7 [0/400] 618.838122628836
24 [0/400] 615.974135047432
28 [0/400] 570.7106781186548
37 [0/400] 567.9215044391568
41 [0/400] 558.8634951737267
42 [0/400] 540.5421356237309
46 [0/400] 535.3553390593274
47 [0/400] 514.142135623731
51 [0/400] 507.0710678118655
63 [1/400] 0.28597828579209084
77 [12/400] 0.27742490085255433
81 [15/400] 0.19754962431367729
96 [27/400] 0.19556764358812773
100 [30/400] 0.19556764358812773
109 [37/400] 0.18839915648057454
129 [55/400] 0.177144188521626
143 [68/400] 0.17605362877675138
155 [80/400] 0.15663930587035058
168 [93/400] 0.1320304567128368
174 [98/400] 0.12119000973273672
175 [99/400] 0.1204539880808952
182 [106/400] 0.11591163634836993
186 [109/400] 0.1100903363864705
200 [122/400] 0.1082470808660834
232 [154/400] 0.10793573675025239
234 [156/400] 0.10550731441538952
247 [169/400] 0.10544144636384328
258 [179/400] 0.10504437708334194
262 [183/400] 0.10480395794271348
293 [211/400] 0.10427871226540664
298 [216/400] 0.10418328928335105
300 [218/400] 0.10418328928335105
369 [283/400] 0.10351005653127211
395 [309/400] 0.1030876582692766
400 [314/400] 0.1030876582692766
412 [326/400] 0.10016121790989375
431 [344/400] 0.10011810540538044
437 [350/400] 0.10010097953924971
442 [354/400] 0.099947689630258
451 [362/400] 0.09993966753396266
[stop]
