(7_w,15)-aCMA-ES (mu_w=4.5,w_1=34%) in dimension 50 (seed=5, Fri May 23 16:55:39 2025)
Iterat #Fevals   function value  axis ratio  sigma  min&max std  t[m:s]
    1     15 8.562748076561578e+02 1.0e+00 2.39e-01  2e-01  2e-01 0:09.0
    2     30 9.079417843757911e+02 1.0e+00 2.33e-01  2e-01  2e-01 0:14.9
    3     45 7.931208314483165e+02 1.1e+00 2.29e-01  2e-01  2e-01 0:22.3
    4     60 6.693115703813497e+02 1.1e+00 2.26e-01  2e-01  2e-01 0:27.7
    5     75 5.919238815542512e+02 1.1e+00 2.28e-01  2e-01  2e-01 0:33.0
    7    105 6.107463837598151e+02 1.1e+00 2.32e-01  2e-01  2e-01 0:41.9
    9    135 5.494974746830584e+02 1.1e+00 2.36e-01  2e-01  2e-01 0:49.8
   11    165 5.636396103067892e+02 1.2e+00 2.43e-01  2e-01  2e-01 0:58.1
   14    210 5.707106781186546e+02 1.2e+00 2.54e-01  3e-01  3e-01 1:09.6
   17    255 5.494974746830583e+02 1.3e+00 2.60e-01  3e-01  3e-01 1:22.7
   20    300 5.070710678118655e+02 1.3e+00 2.51e-01  2e-01  3e-01 1:36.3
   23    345 5.282842712474619e+02 1.3e+00 2.46e-01  2e-01  3e-01 1:49.8
   26    390 5.106066017177982e+02 1.4e+00 2.44e-01  2e-01  3e-01 2:02.3
   30    450 5.424264068711929e+02 1.4e+00 2.59e-01  3e-01  3e-01 2:18.8
   34    510 5.353553390593274e+02 1.4e+00 2.64e-01  3e-01  3e-01 2:36.4
   38    570 5.247487373415291e+02 1.4e+00 2.64e-01  3e-01  3e-01 2:54.9
   42    630 5.316227766016838e+02 1.4e+00 2.56e-01  2e-01  3e-01 3:12.5
   46    690 5.282842712474619e+02 1.4e+00 2.52e-01  2e-01  3e-01 3:29.6
   51    765 5.424264068711929e+02 1.4e+00 2.59e-01  3e-01  3e-01 3:51.3
   56    840 1.262789463184109e+01 1.4e+00 2.56e-01  2e-01  3e-01 4:13.3
   61    915 5.158113883008419e+02 1.4e+00 2.56e-01  2e-01  3e-01 4:33.4
   66    990 1.141819544514336e+01 1.5e+00 2.45e-01  2e-01  3e-01 4:56.0
   71   1065 5.282842712474619e+02 1.5e+00 2.44e-01  2e-01  3e-01 5:18.6
   77   1155 8.595179533217427e-01 1.5e+00 2.45e-01  2e-01  3e-01 5:43.3
   83   1245 5.424264068711929e+02 1.5e+00 2.60e-01  2e-01  3e-01 6:07.8
   89   1335 2.667033135960604e+01 1.5e+00 2.73e-01  3e-01  3e-01 6:33.4
   95   1425 6.131370849898476e+02 1.6e+00 2.81e-01  3e-01  3e-01 7:02.0
  100   1500 5.212132034355965e+02 1.6e+00 2.77e-01  3e-01  3e-01 7:24.4
  107   1605 5.200000000000000e+02 1.6e+00 2.62e-01  2e-01  3e-01 7:54.8
  114   1710 1.195915890629624e+00 1.6e+00 2.61e-01  2e-01  3e-01 8:25.0
  121   1815 5.212132034355964e+02 1.7e+00 2.70e-01  3e-01  3e-01 8:56.8
  129   1935 5.070710678118655e+02 1.7e+00 2.70e-01  3e-01  3e-01 9:30.2
  137   2055 5.552268050859362e+02 1.7e+00 2.56e-01  2e-01  3e-01 10:03.7
  145   2175 5.212132034355964e+02 1.7e+00 2.27e-01  2e-01  2e-01 10:38.7
  153   2295 5.141421356237310e+02 1.7e+00 1.95e-01  2e-01  2e-01 11:14.9
  161   2415 5.070710678118655e+02 1.7e+00 1.85e-01  2e-01  2e-01 11:50.1
  169   2535 3.246656727153106e-01 1.7e+00 1.86e-01  2e-01  2e-01 12:28.3
  177   2655 1.833422933964711e+00 1.7e+00 1.84e-01  2e-01  2e-01 13:06.6
  187   2805 5.212132034355965e+02 1.7e+00 1.61e-01  1e-01  2e-01 13:47.4
  196   2940 5.070710678118655e+02 1.7e+00 1.53e-01  1e-01  2e-01 14:28.1
  200   3000 4.248012642798268e-01 1.7e+00 1.47e-01  1e-01  2e-01 14:50.4
  208   3120 1.206617166351400e+00 1.8e+00 1.26e-01  1e-01  1e-01 15:32.6
  217   3255 1.548378082008796e+00 1.8e+00 1.13e-01  1e-01  1e-01 16:15.6
  225   3375 1.238246005480800e+00 1.8e+00 1.03e-01  9e-02  1e-01 16:58.8
  232   3480 2.423870983377700e+00 1.8e+00 9.86e-02  9e-02  1e-01 17:43.3
  238   3570 6.658607617568855e-01 1.8e+00 9.42e-02  8e-02  1e-01 18:30.0
  244   3660 3.811042365475027e-01 1.8e+00 9.01e-02  8e-02  1e-01 19:16.7
  251   3765 2.226576147972235e-01 1.8e+00 9.15e-02  8e-02  1e-01 20:05.9
  259   3885 1.873403045601275e-01 1.8e+00 9.83e-02  9e-02  1e-01 21:00.7
  268   4020 1.992626563453209e-01 1.9e+00 9.75e-02  9e-02  1e-01 21:56.0
  277   4155 2.868517482799036e-01 1.9e+00 9.10e-02  8e-02  1e-01 22:51.1
  284   4260 2.379725171928737e-01 1.9e+00 8.58e-02  7e-02  9e-02 23:45.6
  292   4380 2.706674859288226e-01 1.9e+00 7.73e-02  7e-02  8e-02 24:46.0
  299   4485 2.785470645971152e-01 1.9e+00 7.43e-02  6e-02  8e-02 25:41.6
  300   4500 3.839127271463614e-01 1.9e+00 7.38e-02  6e-02  8e-02 25:48.2
  308   4620 1.726282537032802e-01 1.9e+00 6.83e-02  6e-02  7e-02 26:50.2
  315   4725 1.651261053286453e-01 2.0e+00 6.97e-02  6e-02  7e-02 27:49.1
  323   4845 1.215681053604998e-01 2.0e+00 6.99e-02  6e-02  7e-02 28:55.1
  330   4950 1.337412700111528e-01 2.0e+00 6.88e-02  6e-02  7e-02 29:58.0
  338   5070 1.436583532488183e-01 2.0e+00 6.83e-02  6e-02  7e-02 31:00.3
  346   5190 1.176491024869559e-01 2.0e+00 5.87e-02  5e-02  6e-02 32:05.5
  354   5310 1.099879903372805e-01 2.0e+00 5.46e-02  4e-02  6e-02 33:10.2
  361   5415 1.224018650067226e-01 2.0e+00 5.49e-02  4e-02  6e-02 34:16.8
  369   5535 1.115632313114433e-01 2.0e+00 5.26e-02  4e-02  6e-02 35:28.9
  376   5640 1.112105274754725e-01 2.0e+00 4.99e-02  4e-02  5e-02 36:37.1
  383   5745 1.057860679133482e-01 2.0e+00 4.60e-02  3e-02  5e-02 37:47.1
  390   5850 1.084240089841287e-01 2.0e+00 3.87e-02  3e-02  4e-02 38:55.4
  397   5955 1.040548726612737e-01 2.1e+00 3.87e-02  3e-02  4e-02 40:04.4
  400   6000 1.021699361418209e-01 2.1e+00 3.88e-02  3e-02  4e-02 40:37.0
  408   6120 1.007689872113165e-01 2.1e+00 3.77e-02  3e-02  4e-02 41:49.5
  416   6240 1.002196522266591e-01 2.1e+00 3.82e-02  3e-02  4e-02 43:05.4
  423   6345 9.926574847539769e-02 2.1e+00 3.70e-02  3e-02  4e-02 44:17.8
  430   6450 9.976648035981436e-02 2.1e+00 3.64e-02  3e-02  4e-02 45:36.5
  438   6570 9.634109434669028e-02 2.1e+00 3.38e-02  2e-02  4e-02 46:54.9
  445   6675 9.353724482685549e-02 2.1e+00 3.26e-02  2e-02  3e-02 48:15.1
  452   6780 9.089578258205358e-02 2.1e+00 2.93e-02  2e-02  3e-02 49:34.4
  459   6885 8.948344228968966e-02 2.1e+00 2.53e-02  2e-02  3e-02 50:52.9
  466   6990 9.172530212402080e-02 2.2e+00 2.33e-02  2e-02  3e-02 52:18.4
  473   7095 8.801453468322934e-02 2.2e+00 2.06e-02  1e-02  2e-02 53:40.7
  480   7200 9.051648983507399e-02 2.2e+00 1.99e-02  1e-02  2e-02 55:04.2
  487   7305 8.721296326419056e-02 2.2e+00 1.71e-02  1e-02  2e-02 56:31.7
  494   7410 8.791952251569254e-02 2.2e+00 1.57e-02  1e-02  2e-02 58:02.1
  500   7500 8.483380919117620e-02 2.2e+00 1.45e-02  1e-02  2e-02 59:19.3
  507   7605 8.501348539984677e-02 2.3e+00 1.35e-02  9e-03  1e-02 60:47.0
  515   7725 8.496467158971191e-02 2.3e+00 1.26e-02  8e-03  1e-02 62:23.0
  523   7845 8.603086766375279e-02 2.3e+00 1.26e-02  8e-03  1e-02 63:56.4
  531   7965 8.563239690646030e-02 2.3e+00 1.16e-02  8e-03  1e-02 65:32.5
  539   8085 8.359455370820332e-02 2.3e+00 1.12e-02  7e-03  1e-02 67:11.3
  547   8205 8.456144487807324e-02 2.3e+00 1.03e-02  7e-03  1e-02 68:45.4
  555   8325 8.429712716696200e-02 2.3e+00 1.04e-02  7e-03  1e-02 70:16.6
  563   8445 8.415474659044611e-02 2.3e+00 1.08e-02  7e-03  1e-02 71:50.6
  571   8565 8.552206504719784e-02 2.3e+00 1.03e-02  7e-03  1e-02 73:25.3
  584   8760 8.504210865915882e-02 2.3e+00 9.78e-03  6e-03  1e-02 75:02.1
  598   8970 8.303257208326331e-02 2.3e+00 1.08e-02  7e-03  1e-02 76:35.8
  600   9000 8.340744150171973e-02 2.3e+00 1.09e-02  7e-03  1e-02 76:50.3
  616   9240 8.259270455028908e-02 2.3e+00 9.57e-03  6e-03  1e-02 78:29.8
  635   9525 8.226629058116666e-02 2.4e+00 8.78e-03  6e-03  9e-03 80:10.3
  655   9825 8.282669009509647e-02 2.4e+00 8.67e-03  6e-03  9e-03 81:48.1
[stop]
