0 [0/1000] 509.2
92 [1/1000] 0.41544066403324414
96 [3/1000] 0.3332531268613156
100 [4/1000] 0.3332531268613156
105 [5/1000] 0.3094223170358224
110 [9/1000] 0.2725530516025839
200 [73/1000] 0.2725530516025839
300 [150/1000] 0.2725530516025839
400 [227/1000] 0.2725530516025839
493 [292/1000] 0.2722376282772382
500 [299/1000] 0.2722376282772382
508 [307/1000] 0.2721832773784435
519 [317/1000] 0.2696011127401999
568 [359/1000] 0.23795232744840716
600 [388/1000] 0.23795232744840716
700 [470/1000] 0.23795232744840716
800 [551/1000] 0.23795232744840716
873 [619/1000] 0.1765862459030389
900 [644/1000] 0.1765862459030389
1000 [736/1000] 0.1765862459030389
1100 [818/1000] 0.1765862459030389
1200 [905/1000] 0.1765862459030389
1300 [983/1000] 0.1765862459030389
[stop]
