0 [0/200] 890.1917329667864
2 [0/200] 796.9848480983499
3 [0/200] 732.2161980453252
5 [0/200] 719.5106781186548
12 [0/200] 570.8
19 [0/200] 514.4
20 [1/200] 0.1446926342178253
22 [3/200] 0.1438688667094924
45 [20/200] 0.13138687193262938
46 [21/200] 0.12462860600179332
51 [26/200] 0.11179223713849776
53 [28/200] 0.10953421711012576
57 [32/200] 0.10728303566212113
72 [46/200] 0.10069850191829244
73 [47/200] 0.09986773739128521
95 [67/200] 0.0945514957645914
99 [71/200] 0.09379651530156644
100 [71/200] 0.09379651530156644
102 [73/200] 0.089074552000277
114 [84/200] 0.08770386147305498
186 [146/200] 0.08743140547135775
200 [156/200] 0.08743140547135775
237 [187/200] 0.08595023728347742
248 [197/200] 0.08536672101086559
[stop]
