0 [0/200] 1098.651451908862
1 [0/200] 974.5383570756435
2 [0/200] 917.8288252752859
3 [0/200] 879.4410226137197
4 [0/200] 664.0287988705045
6 [0/200] 647.648230602334
14 [0/200] 644.2220510185596
jitter = 1e-07
jitter = 1e-06
jitter = 9.999999999999999e-06
jitter = 1e-07
jitter = 1e-06
jitter = 1e-07
jitter = 1e-06
jitter = 9.999999999999999e-06
jitter = 1e-07
jitter = 1e-06
jitter = 9.999999999999999e-06
17 [0/200] 565.3805867603185
21 [0/200] 547.0710678118655
26 [1/200] 0.25221117987086383
31 [4/200] 0.23996414830713103
40 [10/200] 0.14263672160468682
43 [12/200] 0.13744606973930515
46 [14/200] 0.13731955739581764
52 [19/200] 0.1303088869767815
54 [21/200] 0.11169772535409304
61 [28/200] 0.10706514056547858
66 [32/200] 0.10462381923944414
67 [33/200] 0.1045792201482175
68 [34/200] 0.10430929338756363
69 [35/200] 0.10160107389698837
79 [44/200] 0.0991376809607449
100 [63/200] 0.0991376809607449
107 [70/200] 0.09511522228275535
109 [72/200] 0.08938010029736504
151 [110/200] 0.08859526111578932
200 [151/200] 0.08859526111578932
[stop]
