(7_w,15)-aCMA-ES (mu_w=4.5,w_1=34%) in dimension 50 (seed=28, Fri May 23 16:55:38 2025)
Iterat #Fevals   function value  axis ratio  sigma  min&max std  t[m:s]
    1     15 5.482842712474619e+02 1.0e+00 2.37e-01  2e-01  2e-01 0:06.0
    2     30 5.682842712474619e+02 1.0e+00 2.29e-01  2e-01  2e-01 0:10.8
    3     45 5.388908729652601e+02 1.0e+00 2.25e-01  2e-01  2e-01 0:15.2
    4     60 5.753553390593273e+02 1.1e+00 2.22e-01  2e-01  2e-01 0:19.7
    5     75 6.096015510839148e+02 1.1e+00 2.20e-01  2e-01  2e-01 0:24.1
    7    105 5.254950975679640e+02 1.1e+00 2.16e-01  2e-01  2e-01 0:32.3
    9    135 5.291547594742265e+02 1.1e+00 2.13e-01  2e-01  2e-01 0:40.3
   11    165 5.316227766016838e+02 1.1e+00 2.13e-01  2e-01  2e-01 0:49.1
   13    195 5.270710678118655e+02 1.2e+00 2.13e-01  2e-01  2e-01 0:57.3
   16    240 5.282842712474619e+02 1.2e+00 2.13e-01  2e-01  2e-01 1:09.4
   19    285 5.141421356237310e+02 1.2e+00 2.18e-01  2e-01  2e-01 1:22.6
   22    330 5.070710678118655e+02 1.3e+00 2.26e-01  2e-01  2e-01 1:35.2
   25    375 5.070710678118655e+02 1.3e+00 2.25e-01  2e-01  2e-01 1:48.4
   29    435 1.359451553788558e+00 1.3e+00 2.28e-01  2e-01  2e-01 2:05.1
   33    495 7.917574677499390e-01 1.4e+00 2.34e-01  2e-01  2e-01 2:22.0
   37    555 5.070710678118655e+02 1.4e+00 2.22e-01  2e-01  2e-01 2:38.3
   41    615 5.212132034355964e+02 1.4e+00 2.09e-01  2e-01  2e-01 2:55.0
   45    675 2.102150812974785e+00 1.4e+00 2.04e-01  2e-01  2e-01 3:12.9
   50    750 8.156403798238496e+01 1.4e+00 1.96e-01  2e-01  2e-01 3:35.1
   55    825 2.659468526233172e+00 1.5e+00 1.84e-01  2e-01  2e-01 3:57.5
   59    885 3.878063343908712e-01 1.5e+00 1.74e-01  2e-01  2e-01 4:19.8
   64    960 5.212132034355965e+02 1.5e+00 1.68e-01  2e-01  2e-01 4:42.9
   70   1050 5.282842712474619e+02 1.5e+00 1.64e-01  2e-01  2e-01 5:08.4
   75   1125 9.285202285067027e-01 1.5e+00 1.55e-01  1e-01  2e-01 5:32.9
   80   1200 4.763338412729283e+00 1.5e+00 1.39e-01  1e-01  1e-01 5:57.2
   85   1275 1.358215294159250e+00 1.5e+00 1.30e-01  1e-01  1e-01 6:22.2
   90   1350 4.178908497504067e-01 1.5e+00 1.27e-01  1e-01  1e-01 6:52.1
   95   1425 2.198150158172459e-01 1.5e+00 1.28e-01  1e-01  1e-01 7:20.7
  100   1500 2.000793159687420e-01 1.5e+00 1.18e-01  1e-01  1e-01 7:46.9
  106   1590 4.430914273849899e-01 1.5e+00 1.10e-01  1e-01  1e-01 8:20.0
  112   1680 3.618128873360780e-01 1.5e+00 9.56e-02  9e-02  1e-01 8:54.2
  117   1755 2.614683026539254e-01 1.5e+00 8.64e-02  8e-02  9e-02 9:30.0
  122   1830 3.325532574037237e-01 1.5e+00 8.62e-02  8e-02  9e-02 10:02.1
  128   1920 2.115927708253620e-01 1.5e+00 7.90e-02  7e-02  8e-02 10:39.4
  133   1995 2.221192040358386e-01 1.6e+00 7.61e-02  7e-02  8e-02 11:16.5
  138   2070 2.142305342424392e-01 1.6e+00 7.65e-02  7e-02  8e-02 11:58.4
  144   2160 1.563266369658387e-01 1.6e+00 7.50e-02  7e-02  8e-02 12:42.5
  149   2235 1.419788526963378e-01 1.6e+00 7.23e-02  7e-02  8e-02 13:24.3
  154   2310 1.801443152310499e-01 1.6e+00 7.03e-02  6e-02  7e-02 14:05.0
  159   2385 1.235872167972318e-01 1.6e+00 6.81e-02  6e-02  7e-02 14:47.4
  164   2460 1.451124422132976e-01 1.6e+00 6.69e-02  6e-02  7e-02 15:35.2
  169   2535 1.408723208327108e-01 1.6e+00 6.85e-02  6e-02  7e-02 16:21.2
  175   2625 1.384630053639800e-01 1.7e+00 6.79e-02  6e-02  7e-02 17:10.2
  181   2715 1.266613452420073e-01 1.7e+00 6.76e-02  6e-02  7e-02 18:00.4
  187   2805 1.308539652962197e-01 1.7e+00 6.62e-02  6e-02  7e-02 18:53.3
  192   2880 1.204299333820269e-01 1.7e+00 6.71e-02  6e-02  7e-02 19:41.0
  198   2970 1.296314289707344e-01 1.7e+00 6.52e-02  5e-02  7e-02 20:31.7
  200   3000 1.167912592949184e-01 1.7e+00 6.17e-02  5e-02  7e-02 20:52.1
  205   3075 1.099639166767530e-01 1.8e+00 5.33e-02  4e-02  6e-02 21:40.2
  210   3150 1.010790269550640e-01 1.8e+00 4.67e-02  4e-02  5e-02 22:35.5
  215   3225 1.067161106810943e-01 1.8e+00 4.58e-02  4e-02  5e-02 23:29.6
  221   3315 9.496274660965093e-02 1.8e+00 4.41e-02  4e-02  5e-02 24:28.3
  227   3405 9.747211414743759e-02 1.8e+00 4.45e-02  4e-02  5e-02 25:27.3
  232   3480 9.391274234833015e-02 1.8e+00 4.24e-02  3e-02  5e-02 26:23.9
  238   3570 9.464022883680705e-02 1.8e+00 3.81e-02  3e-02  4e-02 27:26.0
  244   3660 8.993913203258805e-02 1.8e+00 3.81e-02  3e-02  4e-02 28:27.1
  251   3765 9.474070882840582e-02 1.8e+00 3.50e-02  3e-02  4e-02 29:29.2
  257   3855 9.415869853265901e-02 1.8e+00 3.23e-02  3e-02  3e-02 30:28.2
  263   3945 9.061916439362216e-02 1.8e+00 2.95e-02  2e-02  3e-02 31:29.8
  269   4035 9.050078497191544e-02 1.8e+00 2.69e-02  2e-02  3e-02 32:33.5
  280   4200 8.823449993329754e-02 1.9e+00 2.15e-02  2e-02  2e-02 33:39.4
  286   4290 8.862510148790746e-02 1.9e+00 2.06e-02  2e-02  2e-02 34:41.0
  292   4380 8.734318344484948e-02 1.9e+00 1.92e-02  1e-02  2e-02 35:43.5
  298   4470 8.892155039216368e-02 1.9e+00 1.78e-02  1e-02  2e-02 36:47.6
  300   4500 8.510441114760478e-02 1.9e+00 1.74e-02  1e-02  2e-02 37:07.2
  307   4605 8.497138797111682e-02 1.9e+00 1.66e-02  1e-02  2e-02 38:20.4
  313   4695 8.423867346454518e-02 1.9e+00 1.46e-02  1e-02  2e-02 39:27.5
  320   4800 8.414774110401679e-02 1.9e+00 1.31e-02  1e-02  1e-02 40:35.0
  330   4950 8.391873440909028e-02 1.9e+00 1.19e-02  9e-03  1e-02 41:46.4
  337   5055 8.401945512899306e-02 1.9e+00 1.16e-02  9e-03  1e-02 43:03.4
  344   5160 8.371045901186322e-02 1.9e+00 1.09e-02  8e-03  1e-02 44:23.9
  352   5280 8.395771781072986e-02 2.0e+00 1.01e-02  8e-03  1e-02 45:43.5
  360   5400 8.444443216576085e-02 2.0e+00 1.04e-02  8e-03  1e-02 47:05.7
  368   5520 8.425545335786294e-02 2.0e+00 9.48e-03  7e-03  1e-02 48:24.2
  376   5640 8.407395646175761e-02 2.0e+00 9.01e-03  7e-03  1e-02 49:47.8
  384   5760 8.324568509352517e-02 2.0e+00 7.22e-03  5e-03  8e-03 51:09.0
  392   5880 8.315039491114073e-02 2.0e+00 6.68e-03  5e-03  7e-03 52:29.9
  400   6000 8.213394406671136e-02 2.0e+00 5.96e-03  4e-03  6e-03 53:45.8
  409   6135 8.259239548103610e-02 2.0e+00 5.26e-03  4e-03  6e-03 55:07.0
  417   6255 8.204678897114540e-02 2.0e+00 4.78e-03  4e-03  5e-03 56:28.7
  425   6375 8.218800216435108e-02 2.0e+00 4.37e-03  3e-03  5e-03 57:50.4
  435   6525 8.216918649281060e-02 2.0e+00 4.21e-03  3e-03  4e-03 59:16.0
  445   6675 8.204251028039862e-02 2.0e+00 3.53e-03  3e-03  4e-03 60:44.7
  454   6810 8.173736441215487e-02 2.1e+00 3.19e-03  2e-03  3e-03 62:17.7
  464   6960 8.196656001070707e-02 2.1e+00 3.32e-03  2e-03  4e-03 63:51.1
  473   7095 8.183994150338031e-02 2.2e+00 3.34e-03  3e-03  4e-03 65:23.6
  482   7230 8.189463771672995e-02 2.2e+00 3.38e-03  3e-03  4e-03 66:57.7
  491   7365 8.174524380099576e-02 2.3e+00 3.12e-03  2e-03  3e-03 68:29.9
  500   7500 8.169085040926727e-02 2.3e+00 2.94e-03  2e-03  3e-03 69:57.9
  509   7635 8.137830400174698e-02 2.3e+00 2.57e-03  2e-03  3e-03 71:27.6
  518   7770 8.127613254584758e-02 2.4e+00 2.73e-03  2e-03  3e-03 73:07.4
  532   7980 8.124290428652053e-02 2.4e+00 2.29e-03  2e-03  2e-03 74:40.1
[stop]
