(7_w,15)-aCMA-ES (mu_w=4.5,w_1=34%) in dimension 50 (seed=20, Fri May 23 16:55:39 2025)
Iterat #Fevals   function value  axis ratio  sigma  min&max std  t[m:s]
    1     15 6.988603869589979e+02 1.0e+00 2.37e-01  2e-01  2e-01 0:05.9
    2     30 6.237436867076458e+02 1.0e+00 2.29e-01  2e-01  2e-01 0:11.9
    3     45 6.838477631085024e+02 1.1e+00 2.22e-01  2e-01  2e-01 0:17.4
    4     60 6.308147545195113e+02 1.1e+00 2.14e-01  2e-01  2e-01 0:22.3
    5     75 6.060660171779822e+02 1.1e+00 2.11e-01  2e-01  2e-01 0:27.0
    7    105 5.848528137423857e+02 1.1e+00 2.02e-01  2e-01  2e-01 0:36.2
    9    135 5.353553390593274e+02 1.1e+00 1.97e-01  2e-01  2e-01 0:45.3
   11    165 5.247487373415291e+02 1.1e+00 1.94e-01  2e-01  2e-01 0:53.8
   13    195 5.742462120245875e+02 1.1e+00 1.91e-01  2e-01  2e-01 1:02.2
   16    240 5.141421356237310e+02 1.2e+00 1.85e-01  2e-01  2e-01 1:14.2
   19    285 5.141421356237310e+02 1.2e+00 1.87e-01  2e-01  2e-01 1:26.7
   22    330 1.135690591970788e+02 1.2e+00 1.95e-01  2e-01  2e-01 1:38.3
   26    390 5.424264068711927e+02 1.3e+00 2.04e-01  2e-01  2e-01 1:53.4
   30    450 5.141421356237310e+02 1.4e+00 2.10e-01  2e-01  2e-01 2:10.1
   34    510 5.141421356237310e+02 1.4e+00 2.16e-01  2e-01  2e-01 2:28.0
   38    570 1.176586628132614e+00 1.4e+00 2.11e-01  2e-01  2e-01 2:46.0
   43    645 5.212132034355965e+02 1.5e+00 2.14e-01  2e-01  2e-01 3:05.2
   47    705 1.999384900394488e+01 1.5e+00 2.02e-01  2e-01  2e-01 3:22.5
   52    780 5.254950975679640e+02 1.5e+00 1.86e-01  2e-01  2e-01 3:42.8
   57    855 8.672652602295301e+00 1.5e+00 1.85e-01  2e-01  2e-01 4:05.5
   62    930 5.282842712474619e+02 1.5e+00 1.81e-01  2e-01  2e-01 4:28.9
   67   1005 5.106066017177982e+02 1.5e+00 1.89e-01  2e-01  2e-01 4:53.2
   72   1080 5.726398817756301e+01 1.6e+00 2.01e-01  2e-01  2e-01 5:19.8
   77   1155 2.990763206548029e+00 1.6e+00 2.00e-01  2e-01  2e-01 5:43.3
   83   1245 5.141421356237310e+02 1.6e+00 1.90e-01  2e-01  2e-01 6:09.7
   89   1335 7.898258905284520e+00 1.7e+00 1.86e-01  2e-01  2e-01 6:39.5
   95   1425 5.141421356237310e+02 1.7e+00 1.95e-01  2e-01  2e-01 7:06.5
  100   1500 3.912923321462860e+00 1.7e+00 1.95e-01  2e-01  2e-01 7:28.6
  107   1605 5.070710678118655e+02 1.7e+00 1.84e-01  2e-01  2e-01 7:58.1
  113   1695 7.302396019470243e-01 1.7e+00 1.81e-01  2e-01  2e-01 8:29.5
  120   1800 5.070710678118655e+02 1.7e+00 1.65e-01  2e-01  2e-01 9:03.4
  128   1920 4.222617693076988e-01 1.7e+00 1.53e-01  1e-01  2e-01 9:36.6
  136   2040 5.070710678118655e+02 1.7e+00 1.41e-01  1e-01  1e-01 10:12.3
  147   2205 8.511650879785819e+00 1.7e+00 1.19e-01  1e-01  1e-01 10:47.2
  157   2355 4.980734655288104e-01 1.7e+00 1.07e-01  1e-01  1e-01 11:21.7
  168   2520 1.899802807743501e-01 1.7e+00 9.15e-02  8e-02  1e-01 11:58.5
  179   2685 4.878466810366637e-01 1.7e+00 8.05e-02  7e-02  8e-02 12:35.1
  188   2820 2.449251755840093e-01 1.7e+00 7.86e-02  7e-02  8e-02 13:14.8
  198   2970 2.137315050813559e-01 1.8e+00 6.71e-02  6e-02  7e-02 13:58.2
  200   3000 2.643418957823229e-01 1.8e+00 6.46e-02  6e-02  7e-02 14:15.2
  205   3075 2.351407868695657e-01 1.8e+00 6.01e-02  5e-02  6e-02 14:57.7
  211   3165 1.953549426456250e-01 1.8e+00 5.69e-02  5e-02  6e-02 15:46.2
  216   3240 1.737516146218484e-01 1.8e+00 5.70e-02  5e-02  6e-02 16:37.9
  221   3315 1.653491491682992e-01 1.8e+00 5.76e-02  5e-02  6e-02 17:27.2
  226   3390 1.105144050327477e-01 1.8e+00 5.74e-02  5e-02  6e-02 18:15.7
  232   3480 1.246445727555142e-01 1.8e+00 5.47e-02  5e-02  6e-02 19:06.0
  237   3555 1.127580289387912e-01 1.8e+00 5.25e-02  4e-02  6e-02 19:57.3
  242   3630 1.151899837419502e-01 1.8e+00 5.01e-02  4e-02  5e-02 20:50.9
  247   3705 1.163294911419409e-01 1.9e+00 4.89e-02  4e-02  5e-02 21:43.1
  252   3780 1.127170917437586e-01 1.9e+00 4.74e-02  4e-02  5e-02 22:37.9
  257   3855 1.069158079112568e-01 1.9e+00 4.43e-02  4e-02  5e-02 23:31.5
  262   3930 1.141311264307521e-01 1.9e+00 4.06e-02  3e-02  4e-02 24:30.0
  267   4005 1.061083285082536e-01 1.9e+00 3.76e-02  3e-02  4e-02 25:27.5
  273   4095 1.062090192779414e-01 1.9e+00 3.49e-02  3e-02  4e-02 26:30.0
  278   4170 9.942973105066376e-02 1.9e+00 3.03e-02  3e-02  3e-02 27:30.1
  285   4275 9.851215234342799e-02 1.9e+00 2.88e-02  2e-02  3e-02 28:25.9
  292   4380 9.532858957526860e-02 1.9e+00 2.64e-02  2e-02  3e-02 29:27.1
  298   4470 9.762473228758145e-02 1.9e+00 2.57e-02  2e-02  3e-02 30:32.4
  300   4500 9.410834003365945e-02 1.9e+00 2.59e-02  2e-02  3e-02 30:53.6
  306   4590 9.357332757613376e-02 1.9e+00 2.47e-02  2e-02  3e-02 32:02.2
  312   4680 9.312131659921820e-02 1.9e+00 2.28e-02  2e-02  2e-02 33:10.7
  318   4770 9.761891195230905e-02 1.9e+00 2.08e-02  2e-02  2e-02 34:21.5
  324   4860 9.263520635251687e-02 1.9e+00 1.86e-02  2e-02  2e-02 35:33.3
  330   4950 9.165128195948155e-02 1.9e+00 1.67e-02  1e-02  2e-02 36:43.9
  336   5040 9.386141841396198e-02 1.9e+00 1.62e-02  1e-02  2e-02 37:54.9
  342   5130 9.452986648411965e-02 1.9e+00 1.63e-02  1e-02  2e-02 39:08.3
  348   5220 9.439323948574946e-02 1.9e+00 1.55e-02  1e-02  2e-02 40:16.7
  354   5310 9.199250052542154e-02 1.9e+00 1.49e-02  1e-02  2e-02 41:27.0
  360   5400 9.144688337890280e-02 1.9e+00 1.45e-02  1e-02  2e-02 42:38.1
  367   5505 9.062058360028136e-02 1.9e+00 1.32e-02  1e-02  1e-02 43:58.8
  373   5595 9.116891220434031e-02 1.9e+00 1.24e-02  1e-02  1e-02 45:09.8
  380   5700 9.032807942040555e-02 1.9e+00 1.16e-02  1e-02  1e-02 46:32.0
  387   5805 9.165155953738091e-02 1.9e+00 1.10e-02  9e-03  1e-02 47:53.2
  394   5910 8.890934346549251e-02 2.0e+00 1.00e-02  8e-03  1e-02 49:15.0
  400   6000 8.870723836755109e-02 2.0e+00 1.01e-02  8e-03  1e-02 50:23.1
  408   6120 8.805863497125996e-02 2.0e+00 1.04e-02  9e-03  1e-02 51:43.0
  416   6240 8.908077235534793e-02 2.0e+00 1.02e-02  8e-03  1e-02 53:03.6
  423   6345 8.839227748968642e-02 2.0e+00 9.88e-03  8e-03  1e-02 54:22.4
  430   6450 8.934570653385693e-02 2.0e+00 9.74e-03  8e-03  1e-02 55:40.5
  438   6570 8.972164234381311e-02 2.0e+00 9.75e-03  8e-03  1e-02 57:07.8
  446   6690 8.929600593348938e-02 2.1e+00 9.73e-03  8e-03  1e-02 58:35.7
  454   6810 8.766468310169565e-02 2.1e+00 8.68e-03  7e-03  9e-03 60:03.2
  463   6945 8.746843473255260e-02 2.1e+00 7.81e-03  6e-03  8e-03 61:33.4
  472   7080 8.719778553661359e-02 2.1e+00 7.07e-03  6e-03  7e-03 62:59.6
  480   7200 8.764394387689078e-02 2.1e+00 6.47e-03  5e-03  7e-03 64:24.5
  489   7335 8.775691669933264e-02 2.1e+00 6.56e-03  5e-03  7e-03 65:58.9
  498   7470 8.724435084577561e-02 2.2e+00 6.50e-03  5e-03  7e-03 67:28.6
  500   7500 8.731013814780017e-02 2.2e+00 6.42e-03  5e-03  7e-03 67:48.9
  513   7695 8.728351594320895e-02 2.2e+00 5.27e-03  4e-03  5e-03 69:25.5
  523   7845 8.658888504506461e-02 2.3e+00 4.85e-03  4e-03  5e-03 71:02.4
  532   7980 8.636259410103449e-02 2.3e+00 4.10e-03  3e-03  4e-03 72:32.5
  542   8130 8.713416482870343e-02 2.3e+00 4.20e-03  3e-03  4e-03 74:08.6
  551   8265 8.654353961001378e-02 2.3e+00 4.38e-03  3e-03  5e-03 75:42.1
  564   8460 8.596891415766783e-02 2.4e+00 4.09e-03  3e-03  4e-03 77:16.9
[stop]
