0 [0/200] 920.1141384316123
1 [0/200] 771.8822849828682
5 [0/200] 763.6396103067893
6 [0/200] 685.0222105300816
11 [0/200] 673.5999999999999
18 [0/200] 594.8683298050514
19 [0/200] 545.2227766016838
20 [0/200] 535.3553390593274
27 [0/200] 521.2132034355965
30 [0/200] 514.142135623731
37 [0/200] 507.0710678118655
45 [1/200] 0.37602174572051816
47 [2/200] 0.36842046690121544
56 [8/200] 0.33444727306716837
59 [11/200] 0.28243391312349725
70 [19/200] 0.278475215785871
100 [42/200] 0.278475215785871
134 [70/200] 0.2606878538598505
136 [72/200] 0.26068761422521924
146 [81/200] 0.2559631388355804
152 [86/200] 0.2525020782728285
158 [91/200] 0.2524396812050346
200 [126/200] 0.2524396812050346
212 [136/200] 0.24536300647820344
217 [140/200] 0.15019708711753282
[stop]
