0 [0/200] 841.0485339342507
3 [0/200] 690.9188309203679
12 [0/200] 648.4924240491749
14 [0/200] 641.4213562373095
15 [0/200] 606.0660171779822
17 [0/200] 556.5685424949238
18 [0/200] 549.4974746830583
19 [0/200] 514.142135623731
20 [1/200] 1.240384403651884
25 [3/200] 0.9722752527878624
26 [4/200] 0.9598512732583795
28 [5/200] 0.7563649947610603
37 [11/200] 0.22352828948416578
45 [18/200] 0.1776943803638837
51 [23/200] 0.16417360164784656
54 [26/200] 0.159634013525904
65 [37/200] 0.09872191740654279
70 [42/200] 0.09302530510555593
100 [68/200] 0.09302530510555593
135 [101/200] 0.08757329311894477
146 [111/200] 0.08659752583827733
151 [116/200] 0.08615671015174242
172 [135/200] 0.0855668866325153
200 [158/200] 0.0855668866325153
[stop]
