0 [0/400] 768.7005768508881
1 [0/400] 744.1637175943872
7 [1/400] 3.1275024838781365
25 [2/400] 3.0380523934937775
jitter = 1e-07
jitter = 1e-06
jitter = 1e-07
jitter = 1e-06
jitter = 9.999999999999999e-06
42 [11/400] 2.586947617622264
50 [16/400] 2.2769500673580128
51 [17/400] 1.143024528843017
53 [18/400] 0.7919129070849285
57 [22/400] 0.36184151806938325
93 [50/400] 0.3362863824679223
99 [56/400] 0.24012875213962687
100 [57/400] 0.21450339696002768
101 [58/400] 0.21238754359706682
109 [65/400] 0.19364357348668176
118 [74/400] 0.19329074205582225
120 [76/400] 0.19003481318379895
128 [84/400] 0.18263344670807546
132 [88/400] 0.15647632972773942
141 [97/400] 0.15417785936093675
157 [111/400] 0.1466115712621782
158 [112/400] 0.1405459942002082
161 [115/400] 0.10946302968774485
162 [116/400] 0.09712575054173353
184 [138/400] 0.09635689262163424
189 [142/400] 0.09465055463362737
200 [152/400] 0.09465055463362737
204 [155/400] 0.09453965080990033
207 [158/400] 0.09435944751983186
245 [182/400] 0.09292953081310282
251 [186/400] 0.092871626033464
270 [201/400] 0.09150981335188807
300 [226/400] 0.09150981335188807
306 [232/400] 0.08971150504338589
400 [302/400] 0.08971150504338589
500 [377/400] 0.08971150504338589
[stop]
