(6_w,12)-aCMA-ES (mu_w=3.7,w_1=40%) in dimension 20 (seed=1, Tue Jun 24 10:45:32 2025)
Iterat #Fevals   function value  axis ratio  sigma  min&max std  t[m:s]
    1     12 6.216555997514943e+02 1.0e+00 2.33e-01  2e-01  2e-01 0:00.9
    2     24 5.400000000000000e+02 1.1e+00 2.29e-01  2e-01  2e-01 0:01.7
    3     36 5.380788655293195e+02 1.1e+00 2.31e-01  2e-01  2e-01 0:02.5
    7     84 6.212132034355964e+02 1.3e+00 2.46e-01  2e-01  3e-01 0:06.1
   11    132 1.020447445075722e+01 1.5e+00 2.64e-01  3e-01  3e-01 0:10.3
   16    192 1.074004050964555e+00 1.7e+00 2.69e-01  3e-01  3e-01 0:16.4
   22    264 1.700948888601484e-01 1.7e+00 2.24e-01  2e-01  2e-01 0:23.2
   30    360 5.158113883008419e+02 1.7e+00 2.04e-01  2e-01  2e-01 0:30.5
   39    468 2.283502821084171e-01 1.8e+00 1.43e-01  1e-01  2e-01 0:41.0
   43    516 1.018917048003215e-01 1.8e+00 1.30e-01  1e-01  1e-01 0:51.7
   47    564 1.630371376575347e-01 1.8e+00 1.36e-01  1e-01  1e-01 1:02.3
   52    624 1.199347442769804e-01 1.9e+00 1.25e-01  1e-01  1e-01 1:14.2
   58    696 2.158301876125541e-01 1.9e+00 1.35e-01  1e-01  1e-01 1:26.4
   64    768 1.404994627964689e-01 2.0e+00 9.47e-02  7e-02  1e-01 1:41.9
   68    816 9.855503396198503e-02 2.1e+00 7.98e-02  6e-02  9e-02 2:01.6
   71    852 9.428666656143836e-02 2.1e+00 7.27e-02  5e-02  8e-02 2:16.9
   74    888 9.687982687659281e-02 2.2e+00 6.71e-02  5e-02  7e-02 2:36.6
   78    936 8.666650814883589e-02 2.2e+00 6.39e-02  4e-02  7e-02 2:58.4
   82    984 9.486419661230003e-02 2.3e+00 5.23e-02  3e-02  6e-02 3:20.5
   85   1020 9.310894221900545e-02 2.4e+00 4.69e-02  3e-02  5e-02 3:43.6
   88   1056 8.803819419859908e-02 2.4e+00 4.20e-02  3e-02  5e-02 4:03.8
   92   1104 9.194176790974315e-02 2.6e+00 4.12e-02  2e-02  5e-02 4:29.5
   96   1152 8.780624209867430e-02 2.6e+00 3.43e-02  2e-02  4e-02 4:55.7
[stop]
