0 [0/200] 1577.8174593052022
1 [0/200] 676.7766952966368
5 [0/200] 563.6396103067892
14 [0/200] 521.2132034355965
16 [1/200] 3.514259873670772
17 [2/200] 1.5788527189530124
51 [22/200] 1.4102778244498706
56 [27/200] 1.2492537376994444
60 [31/200] 1.0916014513661885
61 [32/200] 0.9518714595656929
64 [35/200] 0.9162235646132164
69 [39/200] 0.8675818856103378
70 [40/200] 0.5771197024191794
71 [41/200] 0.4832679963024667
73 [43/200] 0.4810070372063139
79 [49/200] 0.2190628455219368
85 [55/200] 0.20155694408179547
87 [57/200] 0.17760499252400053
90 [60/200] 0.16857536427639266
92 [62/200] 0.14253136983756742
93 [63/200] 0.0965565328792913
99 [68/200] 0.09439317234489965
100 [69/200] 0.09439317234489965
112 [80/200] 0.09432195145094768
115 [83/200] 0.09422651721289999
128 [96/200] 0.09419923989223283
200 [161/200] 0.09419923989223283
213 [173/200] 0.09274700359077342
[stop]
