(6_w,12)-aCMA-ES (mu_w=3.7,w_1=40%) in dimension 20 (seed=1, Tue Jun 24 10:45:32 2025)
Iterat #Fevals   function value  axis ratio  sigma  min&max std  t[m:s]
    1     12 6.494310796663564e+02 1.0e+00 2.34e-01  2e-01  2e-01 0:00.3
    2     24 1.814778404691300e+00 1.1e+00 2.32e-01  2e-01  2e-01 0:01.2
    3     36 5.353553390593274e+02 1.2e+00 2.31e-01  2e-01  2e-01 0:01.5
   10    120 5.919238815542511e+02 1.4e+00 2.11e-01  2e-01  2e-01 0:04.5
   14    168 5.169589707323790e-01 1.5e+00 1.97e-01  2e-01  2e-01 0:10.2
   22    264 3.436621540624523e-01 1.5e+00 1.70e-01  2e-01  2e-01 0:15.7
   28    336 8.353962153956471e-01 1.6e+00 1.47e-01  1e-01  2e-01 0:23.3
   33    396 1.022999985397496e-01 1.6e+00 1.37e-01  1e-01  2e-01 0:31.4
   37    444 8.170545209130230e-01 1.7e+00 1.20e-01  1e-01  1e-01 0:41.9
   40    480 5.786697563942307e-01 1.7e+00 1.16e-01  1e-01  1e-01 0:53.2
   43    516 1.141318063915998e-01 1.7e+00 1.06e-01  9e-02  1e-01 1:04.3
   48    576 1.280609331772670e-01 1.8e+00 1.04e-01  9e-02  1e-01 1:17.9
   53    636 1.022855972974760e-01 1.8e+00 1.12e-01  9e-02  1e-01 1:30.3
   59    708 1.072118860959744e-01 2.0e+00 1.13e-01  9e-02  1e-01 1:45.9
   64    768 1.165842337110987e-01 2.1e+00 1.07e-01  8e-02  1e-01 2:00.2
   68    816 1.319349417828478e-01 2.3e+00 1.05e-01  8e-02  1e-01 2:16.1
   73    876 9.688952230305960e-02 2.6e+00 1.00e-01  7e-02  1e-01 2:34.7
   78    936 9.501698315041371e-02 2.7e+00 9.21e-02  6e-02  1e-01 2:54.2
   83    996 9.572097994954627e-02 2.7e+00 9.05e-02  6e-02  1e-01 3:17.6
   88   1056 1.004516882514717e-01 2.7e+00 8.41e-02  6e-02  9e-02 3:38.9
   92   1104 1.085594417834623e-01 2.6e+00 7.83e-02  6e-02  8e-02 4:00.4
   96   1152 9.613149541884687e-02 2.6e+00 8.13e-02  6e-02  9e-02 4:25.1
[stop]
