(7_w,15)-aCMA-ES (mu_w=4.5,w_1=34%) in dimension 50 (seed=15, Fri May 23 16:55:38 2025)
Iterat #Fevals   function value  axis ratio  sigma  min&max std  t[m:s]
    1     15 7.824635049045148e+02 1.0e+00 2.37e-01  2e-01  2e-01 0:05.9
    2     30 6.217008732545826e+02 1.0e+00 2.28e-01  2e-01  2e-01 0:11.3
    3     45 5.424264068711929e+02 1.1e+00 2.23e-01  2e-01  2e-01 0:16.2
    4     60 6.025304832720494e+02 1.1e+00 2.21e-01  2e-01  2e-01 0:20.4
    5     75 6.626345596729059e+02 1.1e+00 2.17e-01  2e-01  2e-01 0:26.3
    7    105 5.541421356237310e+02 1.1e+00 2.11e-01  2e-01  2e-01 0:35.1
    9    135 6.166726188957804e+02 1.1e+00 2.08e-01  2e-01  2e-01 0:43.9
   11    165 5.353553390593274e+02 1.1e+00 2.06e-01  2e-01  2e-01 0:52.4
   13    195 5.070710678118655e+02 1.2e+00 2.09e-01  2e-01  2e-01 1:00.5
   16    240 5.070710678118655e+02 1.2e+00 2.06e-01  2e-01  2e-01 1:13.2
   18    270 5.282842712474619e+02 1.2e+00 2.07e-01  2e-01  2e-01 1:23.9
   21    315 1.270923488182176e+00 1.3e+00 2.05e-01  2e-01  2e-01 1:39.0
   24    360 5.070710678118655e+02 1.3e+00 2.02e-01  2e-01  2e-01 1:53.9
   27    405 5.070710678118655e+02 1.3e+00 2.00e-01  2e-01  2e-01 2:08.3
   30    450 5.282842712474619e+02 1.3e+00 1.99e-01  2e-01  2e-01 2:22.4
   34    510 5.070710678118655e+02 1.4e+00 1.98e-01  2e-01  2e-01 2:40.7
   38    570 5.070710678118655e+02 1.4e+00 1.95e-01  2e-01  2e-01 2:59.3
   42    630 5.212132034355965e+02 1.4e+00 1.91e-01  2e-01  2e-01 3:19.1
   46    690 3.864111255496847e+01 1.5e+00 1.94e-01  2e-01  2e-01 3:39.1
   51    765 5.070710678118655e+02 1.5e+00 1.93e-01  2e-01  2e-01 4:00.6
   56    840 5.141421356237310e+02 1.5e+00 1.84e-01  2e-01  2e-01 4:22.5
   61    915 5.212132034355965e+02 1.5e+00 1.89e-01  2e-01  2e-01 4:46.7
   66    990 1.542837034003286e+00 1.5e+00 1.93e-01  2e-01  2e-01 5:09.9
   71   1065 1.569894356461935e+00 1.6e+00 1.88e-01  2e-01  2e-01 5:34.3
   76   1140 7.433100488856358e-01 1.6e+00 1.72e-01  2e-01  2e-01 5:58.6
   82   1230 1.043458684951531e+00 1.6e+00 1.57e-01  1e-01  2e-01 6:29.5
   87   1305 1.904010094961099e+00 1.6e+00 1.41e-01  1e-01  1e-01 6:58.8
   92   1380 1.188161638973988e+00 1.6e+00 1.37e-01  1e-01  1e-01 7:27.0
   98   1470 2.176005400414359e+00 1.6e+00 1.32e-01  1e-01  1e-01 8:01.7
  100   1500 7.690954704512207e-01 1.6e+00 1.27e-01  1e-01  1e-01 8:14.7
  106   1590 1.708836998174784e+00 1.6e+00 1.18e-01  1e-01  1e-01 8:46.9
  111   1665 1.174228435059598e+00 1.6e+00 1.05e-01  1e-01  1e-01 9:18.8
  116   1740 4.842207449259537e-01 1.6e+00 9.98e-02  9e-02  1e-01 9:52.3
  122   1830 1.917779320033550e-01 1.6e+00 9.45e-02  9e-02  1e-01 10:32.9
  127   1905 2.945052407463962e-01 1.6e+00 9.00e-02  8e-02  1e-01 11:08.0
  133   1995 1.989402765612240e-01 1.6e+00 8.36e-02  8e-02  9e-02 11:51.1
  138   2070 2.516404633965381e-01 1.6e+00 8.27e-02  8e-02  9e-02 12:27.8
  144   2160 2.716299315167872e-01 1.6e+00 7.77e-02  7e-02  8e-02 13:08.7
  150   2250 2.618624624238048e-01 1.6e+00 7.08e-02  7e-02  8e-02 13:51.7
  155   2325 2.697250313113929e-01 1.6e+00 7.11e-02  7e-02  8e-02 14:32.7
  161   2415 2.467437918291925e-01 1.6e+00 6.85e-02  6e-02  7e-02 15:20.4
  166   2490 2.453523797463172e-01 1.6e+00 6.44e-02  6e-02  7e-02 16:02.1
  171   2565 1.768330101261718e-01 1.6e+00 5.91e-02  5e-02  6e-02 16:49.1
  176   2640 1.752790467750314e-01 1.6e+00 5.83e-02  5e-02  6e-02 17:38.8
  181   2715 1.640910478973903e-01 1.6e+00 5.49e-02  5e-02  6e-02 18:31.1
  186   2790 1.386119770660589e-01 1.6e+00 5.08e-02  5e-02  5e-02 19:23.4
  191   2865 1.259449314379507e-01 1.6e+00 4.78e-02  4e-02  5e-02 20:13.0
  197   2955 1.261617490855020e-01 1.7e+00 4.43e-02  4e-02  5e-02 21:03.8
  200   3000 1.288296731074800e-01 1.7e+00 4.35e-02  4e-02  5e-02 21:32.9
  205   3075 1.147660059255859e-01 1.7e+00 4.04e-02  4e-02  4e-02 22:28.8
  210   3150 1.067121122934264e-01 1.7e+00 3.95e-02  3e-02  4e-02 23:23.5
  215   3225 1.070717301450073e-01 1.7e+00 3.96e-02  3e-02  4e-02 24:17.8
  220   3300 1.080386740457376e-01 1.7e+00 3.94e-02  3e-02  4e-02 25:17.6
  225   3375 1.064781965008719e-01 1.7e+00 3.86e-02  3e-02  4e-02 26:12.2
  230   3450 1.031957769759173e-01 1.8e+00 3.86e-02  3e-02  4e-02 27:09.2
  235   3525 1.031116942088523e-01 1.8e+00 3.68e-02  3e-02  4e-02 28:04.5
  240   3600 1.012993894065017e-01 1.8e+00 3.51e-02  3e-02  4e-02 29:00.6
  245   3675 1.011505613088054e-01 1.8e+00 3.27e-02  3e-02  3e-02 29:59.3
  251   3765 9.614511071775730e-02 1.8e+00 3.13e-02  3e-02  3e-02 31:02.2
  257   3855 9.738911361564906e-02 1.8e+00 2.97e-02  3e-02  3e-02 32:09.8
  263   3945 9.840563781563352e-02 1.8e+00 2.85e-02  2e-02  3e-02 33:15.3
  269   4035 9.736886468782546e-02 1.8e+00 2.58e-02  2e-02  3e-02 34:23.8
  275   4125 9.340148857300448e-02 1.8e+00 2.33e-02  2e-02  2e-02 35:33.7
  282   4230 9.428474665872844e-02 1.8e+00 2.49e-02  2e-02  3e-02 36:46.5
  288   4320 9.413434975139812e-02 1.8e+00 2.59e-02  2e-02  3e-02 37:52.9
  295   4425 9.337523055774530e-02 1.8e+00 2.51e-02  2e-02  3e-02 39:02.8
  300   4500 9.235730478076395e-02 1.8e+00 2.30e-02  2e-02  2e-02 39:58.0
  306   4590 9.437515002443735e-02 1.8e+00 2.04e-02  2e-02  2e-02 41:05.8
  312   4680 9.208254635299559e-02 1.8e+00 2.00e-02  2e-02  2e-02 42:16.7
  318   4770 9.114427516412874e-02 1.9e+00 1.76e-02  1e-02  2e-02 43:27.3
  325   4875 8.977030151684029e-02 1.9e+00 1.83e-02  2e-02  2e-02 44:40.2
  332   4980 8.895460272880211e-02 1.9e+00 1.86e-02  2e-02  2e-02 45:57.4
  339   5085 8.814537205983006e-02 1.9e+00 1.69e-02  1e-02  2e-02 47:12.4
  346   5190 8.852463169732386e-02 1.9e+00 1.69e-02  1e-02  2e-02 48:32.6
  353   5295 8.873324817075076e-02 2.0e+00 1.59e-02  1e-02  2e-02 49:55.1
  360   5400 8.641430149227221e-02 2.1e+00 1.48e-02  1e-02  2e-02 51:15.4
  368   5520 8.697852225132113e-02 2.1e+00 1.43e-02  1e-02  2e-02 52:39.3
  375   5625 8.672744951009284e-02 2.1e+00 1.31e-02  1e-02  1e-02 53:59.4
  382   5730 8.516197251148060e-02 2.2e+00 1.23e-02  1e-02  1e-02 55:18.6
  389   5835 8.552442917591621e-02 2.2e+00 1.24e-02  1e-02  1e-02 56:39.7
  396   5940 8.507795515700657e-02 2.2e+00 1.17e-02  1e-02  1e-02 58:03.1
  400   6000 8.402670162890080e-02 2.2e+00 1.13e-02  9e-03  1e-02 58:52.1
  408   6120 8.298852990037951e-02 2.3e+00 1.03e-02  8e-03  1e-02 60:24.3
  416   6240 8.369126740959242e-02 2.3e+00 1.05e-02  8e-03  1e-02 61:52.0
  424   6360 8.215535126426388e-02 2.3e+00 1.06e-02  8e-03  1e-02 63:25.0
  432   6480 8.140360112552236e-02 2.3e+00 9.71e-03  8e-03  1e-02 64:55.6
  440   6600 8.151299868791299e-02 2.4e+00 8.95e-03  7e-03  1e-02 66:27.7
  448   6720 8.094474469879100e-02 2.4e+00 8.40e-03  7e-03  1e-02 67:54.9
  456   6840 8.156921868422704e-02 2.4e+00 7.27e-03  6e-03  8e-03 69:26.6
  464   6960 8.071819031844808e-02 2.4e+00 6.70e-03  5e-03  8e-03 70:58.9
  472   7080 8.057325692250283e-02 2.4e+00 6.29e-03  5e-03  7e-03 72:32.8
  480   7200 8.045555722371718e-02 2.4e+00 6.12e-03  5e-03  7e-03 74:03.9
  489   7335 8.046589312570646e-02 2.4e+00 6.03e-03  5e-03  7e-03 75:47.8
  500   7500 7.991778340830447e-02 2.4e+00 5.91e-03  5e-03  7e-03 77:25.2
  516   7740 8.018250115897860e-02 2.5e+00 5.92e-03  4e-03  7e-03 79:02.7
[stop]
