(6_w,12)-aCMA-ES (mu_w=3.7,w_1=40%) in dimension 20 (seed=2, Tue Jun 24 10:45:32 2025)
Iterat #Fevals   function value  axis ratio  sigma  min&max std  t[m:s]
    1     12 5.919238815542511e+02 1.0e+00 2.42e-01  2e-01  2e-01 0:00.3
    2     24 6.109781156610112e+02 1.1e+00 2.50e-01  2e-01  3e-01 0:00.6
    3     36 5.141421356237310e+02 1.2e+00 2.64e-01  3e-01  3e-01 0:00.8
   11    132 6.414213562373095e+02 1.5e+00 2.50e-01  2e-01  3e-01 0:03.9
   25    300 1.477756879171463e-01 1.6e+00 2.81e-01  2e-01  3e-01 0:08.7
   36    432 7.031907958851980e-01 1.8e+00 2.54e-01  2e-01  3e-01 0:14.4
   47    564 2.385692016732999e-01 1.9e+00 2.10e-01  2e-01  2e-01 0:20.6
   57    684 3.291496825760058e+00 2.0e+00 1.60e-01  1e-01  2e-01 0:28.4
   63    756 2.373266378995387e-01 2.1e+00 1.37e-01  1e-01  2e-01 0:37.7
   67    804 1.408708139506802e-01 2.1e+00 1.32e-01  1e-01  1e-01 0:48.4
   70    840 1.302229515883255e-01 2.1e+00 1.26e-01  9e-02  1e-01 1:00.9
   74    888 1.359135759060192e+00 2.1e+00 1.25e-01  9e-02  1e-01 1:15.3
   77    924 1.594658602236325e-01 2.1e+00 1.12e-01  8e-02  1e-01 1:30.3
   81    972 2.594005113027431e-01 2.1e+00 9.53e-02  7e-02  1e-01 1:44.0
   84   1008 1.316889306831938e-01 2.2e+00 9.00e-02  6e-02  1e-01 2:02.6
   87   1044 1.513143953866842e-01 2.2e+00 9.08e-02  6e-02  1e-01 2:22.1
   91   1092 1.817941657583477e-01 2.3e+00 1.00e-01  6e-02  1e-01 2:43.3
   96   1152 1.358063906554547e-01 2.3e+00 9.51e-02  6e-02  1e-01 3:01.9
  100   1200 4.320645459265035e-01 2.3e+00 9.72e-02  6e-02  1e-01 3:18.8
  105   1260 3.807760056843758e-01 2.4e+00 7.79e-02  5e-02  9e-02 3:39.5
  109   1308 1.360955030053571e-01 2.4e+00 8.65e-02  5e-02  1e-01 4:00.9
  115   1380 1.029882717016723e-01 2.5e+00 7.77e-02  5e-02  9e-02 4:24.8
[stop]
