(6_w,12)-aCMA-ES (mu_w=3.7,w_1=40%) in dimension 20 (seed=15, Tue Jun 24 12:38:05 2025)
Iterat #Fevals   function value  axis ratio  sigma  min&max std  t[m:s]
    1     12 8.889087296526011e+02 1.0e+00 2.35e-01  2e-01  2e-01 0:00.1
    2     24 6.484924240491749e+02 1.1e+00 2.31e-01  2e-01  2e-01 0:00.2
    3     36 6.597973413654283e+02 1.1e+00 2.31e-01  2e-01  2e-01 0:00.3
   23    276 1.477859009297365e-01 1.7e+00 3.63e-01  3e-01  4e-01 0:03.9
   30    360 4.600146728280000e-01 1.8e+00 3.04e-01  3e-01  3e-01 0:08.9
   39    468 2.373534678764346e-01 1.8e+00 2.37e-01  2e-01  3e-01 0:14.4
   42    504 2.184405681514410e-01 1.8e+00 2.24e-01  2e-01  2e-01 0:22.1
   44    528 1.997312009378154e-01 1.7e+00 2.07e-01  2e-01  2e-01 0:31.1
   46    552 1.997312009378154e-01 1.7e+00 1.87e-01  2e-01  2e-01 0:41.9
   48    576 1.997312009378154e-01 1.8e+00 1.69e-01  1e-01  2e-01 0:53.2
   50    600 1.997312009378154e-01 1.8e+00 1.64e-01  1e-01  2e-01 1:04.4
   52    624 1.997312009378154e-01 1.8e+00 1.66e-01  1e-01  2e-01 1:15.6
   56    672 1.997312009378154e-01 1.8e+00 1.65e-01  1e-01  2e-01 1:30.9
   61    732 1.997312009378154e-01 1.9e+00 1.43e-01  1e-01  2e-01 1:49.7
   63    756 1.997312009378154e-01 1.9e+00 1.38e-01  1e-01  2e-01 2:02.4
termination on tolflatfitness=1 (Tue Jun 24 12:40:08 2025)
final/bestever f-value = 1.997312e-01 1.477859e-01
incumbent solution: [7.86972673e-01 9.76589096e-01 5.57291314e-05 1.83695205e-01
 8.53672680e-01 1.13155709e-01 2.74932637e-01 9.98961229e-01 ...]
std deviations: [0.12921246 0.1267751  0.1375271  0.15482703 0.12601207 0.13277352
 0.14178725 0.13646356 ...]
(12_w,25)-aCMA-ES (mu_w=7.3,w_1=23%) in dimension 20 (seed=16, Tue Jun 24 12:40:08 2025)
Iterat #Fevals   function value  axis ratio  sigma  min&max std  t[m:s]
    1    782 6.001577310586391e+02 1.0e+00 2.27e-01  2e-01  2e-01 0:00.2
    2    807 5.660000000000000e+02 1.1e+00 2.24e-01  2e-01  2e-01 0:00.4
    3    832 5.340000000000000e+02 1.2e+00 2.26e-01  2e-01  2e-01 0:00.5
   10   1007 4.130208118117676e-01 1.5e+00 2.33e-01  2e-01  2e-01 0:04.8
   12   1057 4.130208118117676e-01 1.7e+00 2.70e-01  2e-01  3e-01 0:12.0
   15   1132 4.157234452105298e-01 1.9e+00 2.98e-01  3e-01  3e-01 0:21.1
   17   1182 2.095784838339567e-01 2.0e+00 2.74e-01  2e-01  3e-01 0:28.8
   19   1232 2.335992841764657e-01 2.0e+00 2.60e-01  2e-01  3e-01 0:40.2
   21   1282 2.095784838339567e-01 2.0e+00 2.50e-01  2e-01  3e-01 0:52.2
   23   1332 2.112211627376222e-01 2.0e+00 2.41e-01  2e-01  3e-01 1:04.9
   25   1382 2.112211627376222e-01 2.1e+00 2.38e-01  2e-01  3e-01 1:18.7
   27   1432 2.095784838339567e-01 2.1e+00 2.42e-01  2e-01  3e-01 1:31.7
   29   1482 1.326554158083789e-01 2.1e+00 2.32e-01  2e-01  3e-01 1:48.6
[stop]
