(7_w,15)-aCMA-ES (mu_w=4.5,w_1=34%) in dimension 50 (seed=3, Tue Jun 17 07:36:30 2025)
Iterat #Fevals   function value  axis ratio  sigma  min&max std  t[m:s]
    1     15 5.744000000000000e+02 1.0e+00 2.37e-01  2e-01  2e-01 0:00.2
    2     30 6.295741732923815e+02 1.0e+00 2.28e-01  2e-01  2e-01 0:00.3
    3     45 5.964264068711929e+02 1.1e+00 2.24e-01  2e-01  2e-01 0:00.5
   19    285 2.521050939971221e-01 1.2e+00 2.13e-01  2e-01  2e-01 0:04.9
   24    360 3.162885819374587e-01 1.3e+00 2.14e-01  2e-01  2e-01 0:11.4
   26    390 2.722614215018655e-01 1.3e+00 2.10e-01  2e-01  2e-01 0:18.4
   29    435 3.017833264732277e-01 1.3e+00 2.00e-01  2e-01  2e-01 0:26.8
   32    480 3.239170415866998e-01 1.3e+00 1.93e-01  2e-01  2e-01 0:39.2
   35    525 5.570123452500642e-01 1.4e+00 1.85e-01  2e-01  2e-01 0:49.1
   37    555 5.320501342281752e-01 1.4e+00 1.81e-01  2e-01  2e-01 0:58.2
   40    600 4.415758668992757e-01 1.4e+00 1.73e-01  2e-01  2e-01 1:09.2
   42    630 4.382250976546322e-01 1.4e+00 1.66e-01  2e-01  2e-01 1:21.0
   44    660 3.531663880827972e-01 1.4e+00 1.61e-01  2e-01  2e-01 1:35.4
   47    705 3.889613810093056e-01 1.4e+00 1.53e-01  1e-01  2e-01 1:51.0
   50    750 3.709934902581368e-01 1.4e+00 1.43e-01  1e-01  2e-01 2:09.9
   53    795 2.930104529050475e-01 1.4e+00 1.44e-01  1e-01  2e-01 2:30.3
   57    855 2.843271337196565e-01 1.4e+00 1.45e-01  1e-01  2e-01 2:49.4
   60    900 2.330614735140604e-01 1.4e+00 1.41e-01  1e-01  2e-01 3:06.6
   66    990 2.877857620992960e-01 1.4e+00 1.34e-01  1e-01  1e-01 3:27.9
   70   1050 1.742280006485114e-01 1.4e+00 1.28e-01  1e-01  1e-01 3:52.5
   73   1095 1.987064560943350e-01 1.5e+00 1.25e-01  1e-01  1e-01 4:12.9
   77   1155 1.658737970283062e-01 1.5e+00 1.24e-01  1e-01  1e-01 4:40.0
   81   1215 1.658737970283062e-01 1.5e+00 1.20e-01  1e-01  1e-01 5:03.4
   85   1275 1.658737970283062e-01 1.5e+00 1.16e-01  1e-01  1e-01 5:29.2
   90   1350 1.624418339469406e-01 1.5e+00 1.10e-01  1e-01  1e-01 5:56.2
   94   1410 1.604812362157262e-01 1.5e+00 1.07e-01  1e-01  1e-01 6:21.4
   98   1470 1.604812362157262e-01 1.5e+00 1.08e-01  1e-01  1e-01 6:48.2
  100   1500 1.604812362157262e-01 1.5e+00 1.08e-01  1e-01  1e-01 7:02.5
  106   1590 1.604812362157262e-01 1.5e+00 1.05e-01  1e-01  1e-01 7:35.2
  111   1665 1.604812362157262e-01 1.5e+00 9.91e-02  9e-02  1e-01 8:05.3
  115   1725 1.604812362157262e-01 1.6e+00 9.40e-02  9e-02  1e-01 8:42.6
  119   1785 1.604812362157262e-01 1.6e+00 8.71e-02  8e-02  9e-02 9:19.9
  123   1845 1.604812362157262e-01 1.6e+00 8.30e-02  8e-02  9e-02 9:55.4
  127   1905 1.604812362157262e-01 1.5e+00 8.14e-02  8e-02  9e-02 10:28.7
  132   1980 1.604812362157262e-01 1.5e+00 8.00e-02  7e-02  9e-02 11:09.7
[stop]
