(7_w,15)-aCMA-ES (mu_w=4.5,w_1=34%) in dimension 50 (seed=15, Tue Jun 17 07:36:30 2025)
Iterat #Fevals   function value  axis ratio  sigma  min&max std  t[m:s]
    1     15 7.144269870347671e+02 1.0e+00 2.37e-01  2e-01  2e-01 0:00.2
    2     30 5.986008922626950e+02 1.0e+00 2.28e-01  2e-01  2e-01 0:00.3
    3     45 6.345819313237142e+02 1.1e+00 2.25e-01  2e-01  2e-01 0:00.5
   17    255 6.849167679271839e-01 1.3e+00 2.46e-01  2e-01  3e-01 0:03.5
   24    360 9.858741193933555e-01 1.3e+00 2.37e-01  2e-01  2e-01 0:08.8
   26    390 5.193360985487645e-01 1.4e+00 2.38e-01  2e-01  2e-01 0:15.0
   30    450 1.651465739150904e+00 1.4e+00 2.30e-01  2e-01  2e-01 0:21.5
   36    540 6.628839214652447e-01 1.4e+00 2.28e-01  2e-01  2e-01 0:28.8
   40    600 1.301269072904598e+00 1.4e+00 2.27e-01  2e-01  2e-01 0:37.3
   44    660 4.760550720997899e-01 1.5e+00 2.20e-01  2e-01  2e-01 0:46.7
   47    705 5.558930403205224e-01 1.5e+00 2.18e-01  2e-01  2e-01 0:57.5
   51    765 5.503190281583595e-01 1.5e+00 2.05e-01  2e-01  2e-01 1:10.9
   55    825 5.493176373335311e-01 1.5e+00 1.91e-01  2e-01  2e-01 1:26.4
   58    870 5.541583482320807e-01 1.5e+00 1.81e-01  2e-01  2e-01 1:39.8
   61    915 4.186565647217423e-01 1.5e+00 1.74e-01  2e-01  2e-01 1:54.9
   65    975 4.280591851192395e-01 1.5e+00 1.63e-01  2e-01  2e-01 2:14.9
   69   1035 3.355803742354460e-01 1.5e+00 1.61e-01  2e-01  2e-01 2:36.5
   74   1110 2.524415336118641e-01 1.5e+00 1.67e-01  2e-01  2e-01 2:55.6
   78   1170 2.370126085321627e-01 1.5e+00 1.72e-01  2e-01  2e-01 3:13.7
   83   1245 2.320043029249791e-01 1.5e+00 1.74e-01  2e-01  2e-01 3:33.0
   89   1335 2.048517966988722e-01 1.5e+00 1.71e-01  2e-01  2e-01 3:55.0
   94   1410 1.875580607215447e-01 1.5e+00 1.62e-01  2e-01  2e-01 4:22.0
   99   1485 1.844847996244895e-01 1.6e+00 1.54e-01  1e-01  2e-01 4:46.0
  100   1500 1.856716882491498e-01 1.6e+00 1.53e-01  1e-01  2e-01 4:51.0
  104   1560 1.875580607215447e-01 1.6e+00 1.43e-01  1e-01  2e-01 5:18.9
  108   1620 1.824151624283794e-01 1.6e+00 1.36e-01  1e-01  1e-01 5:50.8
  112   1680 1.828814674545551e-01 1.6e+00 1.27e-01  1e-01  1e-01 6:24.0
  116   1740 1.844676547862082e-01 1.6e+00 1.20e-01  1e-01  1e-01 6:56.3
  121   1815 1.844676547862082e-01 1.6e+00 1.13e-01  1e-01  1e-01 7:25.4
  126   1890 1.844676547862082e-01 1.6e+00 1.07e-01  1e-01  1e-01 8:00.3
  134   2010 1.794429656791046e-01 1.6e+00 1.02e-01  1e-01  1e-01 8:38.2
  140   2100 1.844676547862082e-01 1.6e+00 9.50e-02  9e-02  1e-01 9:14.3
  145   2175 1.844676547862082e-01 1.6e+00 8.72e-02  8e-02  9e-02 9:49.7
  150   2250 1.844676547862082e-01 1.6e+00 8.11e-02  8e-02  9e-02 10:24.2
  154   2310 1.844676547862082e-01 1.6e+00 8.07e-02  8e-02  9e-02 10:59.0
[stop]
