(6_w,12)-aCMA-ES (mu_w=3.7,w_1=40%) in dimension 20 (seed=14, Tue Jun 24 12:27:57 2025)
Iterat #Fevals   function value  axis ratio  sigma  min&max std  t[m:s]
    1     12 6.281577310586391e+02 1.0e+00 2.38e-01  2e-01  2e-01 0:00.1
    2     24 6.197817459305203e+02 1.1e+00 2.34e-01  2e-01  2e-01 0:00.2
    3     36 5.880000000000000e+02 1.2e+00 2.35e-01  2e-01  2e-01 0:00.3
   14    168 2.825473105689212e+00 1.4e+00 2.25e-01  2e-01  2e-01 0:04.0
   16    192 1.920254729987652e+00 1.4e+00 2.43e-01  2e-01  3e-01 0:10.8
   18    216 1.920254729987652e+00 1.5e+00 2.41e-01  2e-01  3e-01 0:19.3
   19    228 1.920254729987652e+00 1.5e+00 2.35e-01  2e-01  2e-01 0:25.4
   22    264 1.644250735861084e+00 1.5e+00 2.21e-01  2e-01  2e-01 0:35.1
   25    300 1.920254729987652e+00 1.5e+00 2.18e-01  2e-01  2e-01 0:46.0
   27    324 6.715151202181522e-01 1.5e+00 2.05e-01  2e-01  2e-01 0:55.3
   31    372 1.710698018542294e+00 1.6e+00 1.82e-01  2e-01  2e-01 1:08.7
   35    420 1.710698018542294e+00 1.6e+00 1.55e-01  1e-01  2e-01 1:21.5
   39    468 1.686496562309552e+00 1.6e+00 1.48e-01  1e-01  2e-01 1:33.9
   44    528 1.710698018542294e+00 1.7e+00 1.30e-01  1e-01  1e-01 1:49.7
   49    588 1.710698018542294e+00 1.7e+00 1.21e-01  1e-01  1e-01 2:06.1
   55    660 1.710698018542294e+00 1.8e+00 1.00e-01  9e-02  1e-01 2:23.6
   57    684 1.710698018542294e+00 1.8e+00 1.04e-01  9e-02  1e-01 2:35.9
termination on tolflatfitness=1 (Tue Jun 24 12:30:34 2025)
final/bestever f-value = 1.710698e+00 6.715151e-01
incumbent solution: [0.09896903 0.12414531 0.99928842 0.10979517 0.00164032 0.94285863
 0.07398133 0.96098331 ...]
std deviations: [0.09427428 0.09357425 0.0955299  0.09067832 0.10269733 0.09515444
 0.10549869 0.1083604  ...]
(12_w,25)-aCMA-ES (mu_w=7.3,w_1=23%) in dimension 20 (seed=15, Tue Jun 24 12:30:34 2025)
Iterat #Fevals   function value  axis ratio  sigma  min&max std  t[m:s]
    1    710 6.080000000000000e+02 1.0e+00 2.34e-01  2e-01  2e-01 0:00.2
    2    735 5.977817459305202e+02 1.2e+00 2.34e-01  2e-01  2e-01 0:00.4
    3    760 5.777817459305202e+02 1.2e+00 2.31e-01  2e-01  2e-01 0:00.5
    8    885 7.073238543332767e-01 1.5e+00 3.07e-01  3e-01  3e-01 0:04.1
   10    935 4.581546850959894e-01 1.7e+00 3.56e-01  3e-01  4e-01 0:09.9
   12    985 6.675065028797451e-01 1.8e+00 3.48e-01  3e-01  4e-01 0:15.2
   14   1035 4.180959861747360e-01 1.8e+00 3.27e-01  3e-01  4e-01 0:21.7
   16   1085 4.404721784618999e-01 1.8e+00 3.18e-01  3e-01  3e-01 0:28.7
   19   1160 6.701259636610470e-01 1.9e+00 2.80e-01  2e-01  3e-01 0:42.0
   21   1210 6.433241605971094e-01 2.0e+00 2.74e-01  2e-01  3e-01 0:55.6
   23   1260 4.476819546345437e-01 2.1e+00 2.92e-01  3e-01  3e-01 1:10.0
[stop]
