0 [0/400] 692.8083862714362
8 [0/400] 577.7817459305203
jitter = 1e-07
jitter = 1e-06
jitter = 9.999999999999999e-06
jitter = 9.999999999999999e-05
jitter = 0.001
jitter = 0.01
jitter = 0.1
jitter = 1.0
jitter = 10.0
jitter is too large, give up fitting GP
jitter = 1e-07
jitter = 1e-06
jitter = 9.999999999999999e-06
jitter = 9.999999999999999e-05
jitter = 0.001
jitter = 0.01
jitter = 0.1
jitter = 1.0
jitter = 10.0
jitter is too large, give up fitting GP
jitter = 1e-07
jitter = 1e-06
jitter = 9.999999999999999e-06
jitter = 9.999999999999999e-05
jitter = 0.001
jitter = 0.01
jitter = 0.1
jitter = 1.0
jitter = 10.0
jitter is too large, give up fitting GP
jitter = 1e-07
jitter = 1e-06
jitter = 9.999999999999999e-06
jitter = 9.999999999999999e-05
jitter = 0.001
jitter = 0.01
jitter = 0.1
jitter = 1.0
jitter = 10.0
jitter is too large, give up fitting GP
jitter = 1e-07
jitter = 1e-06
jitter = 9.999999999999999e-06
jitter = 9.999999999999999e-05
jitter = 0.001
jitter = 0.01
jitter = 0.1
jitter = 1.0
jitter = 10.0
jitter is too large, give up fitting GP
jitter = 1e-07
jitter = 1e-06
jitter = 9.999999999999999e-06
jitter = 9.999999999999999e-05
jitter = 0.001
jitter = 0.01
jitter = 0.1
jitter = 1.0
jitter = 10.0
jitter is too large, give up fitting GP
jitter = 1e-07
jitter = 1e-06
jitter = 9.999999999999999e-06
jitter = 9.999999999999999e-05
jitter = 0.001
jitter = 0.01
jitter = 0.1
jitter = 1.0
jitter = 10.0
jitter is too large, give up fitting GP
jitter = 1e-07
jitter = 1e-06
jitter = 9.999999999999999e-06
jitter = 9.999999999999999e-05
jitter = 0.001
jitter = 0.01
jitter = 0.1
jitter = 1.0
jitter = 10.0
jitter is too large, give up fitting GP
jitter = 1e-07
jitter = 1e-06
jitter = 9.999999999999999e-06
jitter = 9.999999999999999e-05
jitter = 0.001
jitter = 0.01
jitter = 0.1
jitter = 1.0
jitter = 10.0
jitter is too large, give up fitting GP
jitter = 1e-07
jitter = 1e-06
jitter = 9.999999999999999e-06
jitter = 9.999999999999999e-05
jitter = 0.001
jitter = 0.01
jitter = 0.1
jitter = 1.0
jitter = 10.0
jitter is too large, give up fitting GP
jitter = 1e-07
jitter = 1e-06
jitter = 9.999999999999999e-06
jitter = 9.999999999999999e-05
jitter = 0.001
jitter = 0.01
jitter = 0.1
jitter = 1.0
jitter = 10.0
jitter is too large, give up fitting GP
jitter = 1e-07
jitter = 1e-06
jitter = 9.999999999999999e-06
jitter = 9.999999999999999e-05
jitter = 0.001
jitter = 0.01
jitter = 0.1
jitter = 1.0
jitter = 10.0
jitter is too large, give up fitting GP
jitter = 1e-07
jitter = 1e-06
jitter = 9.999999999999999e-06
jitter = 9.999999999999999e-05
jitter = 0.001
jitter = 0.01
jitter = 0.1
jitter = 1.0
jitter = 10.0
jitter is too large, give up fitting GP
jitter = 1e-07
jitter = 1e-06
jitter = 9.999999999999999e-06
jitter = 9.999999999999999e-05
jitter = 0.001
jitter = 0.01
jitter = 0.1
jitter = 1.0
jitter = 10.0
jitter is too large, give up fitting GP
jitter = 1e-07
jitter = 1e-06
jitter = 9.999999999999999e-06
jitter = 9.999999999999999e-05
jitter = 0.001
jitter = 0.01
jitter = 0.1
jitter = 1.0
jitter = 10.0
jitter is too large, output random predictions
jitter = 1e-07
jitter = 1e-06
jitter = 9.999999999999999e-06
jitter = 9.999999999999999e-05
jitter = 0.001
jitter = 0.01
jitter = 0.1
jitter = 1.0
jitter = 10.0
jitter is too large, output random predictions
jitter = 1e-07
jitter = 1e-06
jitter = 9.999999999999999e-06
jitter = 9.999999999999999e-05
jitter = 0.001
jitter = 0.01
jitter = 0.1
jitter = 1.0
jitter = 10.0
jitter is too large, output random predictions
jitter = 1e-07
jitter = 1e-06
jitter = 9.999999999999999e-06
jitter = 9.999999999999999e-05
jitter = 0.001
jitter = 0.01
jitter = 0.1
jitter = 1.0
jitter = 10.0
jitter is too large, output random predictions
jitter = 1e-07
jitter = 1e-06
jitter = 9.999999999999999e-06
jitter = 9.999999999999999e-05
jitter = 0.001
jitter = 0.01
jitter = 0.1
jitter = 1.0
jitter = 10.0
jitter is too large, output random predictions
jitter = 1e-07
jitter = 1e-06
jitter = 9.999999999999999e-06
jitter = 9.999999999999999e-05
jitter = 0.001
jitter = 0.01
jitter = 0.1
jitter = 1.0
jitter = 10.0
jitter is too large, output random predictions
jitter = 1e-07
jitter = 1e-06
jitter = 9.999999999999999e-06
jitter = 9.999999999999999e-05
jitter = 0.001
jitter = 0.01
jitter = 0.1
jitter = 1.0
jitter = 10.0
jitter is too large, output random predictions
jitter = 1e-07
jitter = 1e-06
jitter = 9.999999999999999e-06
jitter = 9.999999999999999e-05
jitter = 0.001
jitter = 0.01
jitter = 0.1
jitter = 1.0
jitter = 10.0
jitter is too large, output random predictions
jitter = 1e-07
jitter = 1e-06
jitter = 9.999999999999999e-06
jitter = 9.999999999999999e-05
jitter = 0.001
jitter = 0.01
jitter = 0.1
jitter = 1.0
jitter = 10.0
jitter is too large, output random predictions
jitter = 1e-07
jitter = 1e-06
jitter = 9.999999999999999e-06
jitter = 9.999999999999999e-05
jitter = 0.001
jitter = 0.01
jitter = 0.1
jitter = 1.0
jitter = 10.0
jitter is too large, output random predictions
jitter = 1e-07
jitter = 1e-06
jitter = 9.999999999999999e-06
jitter = 9.999999999999999e-05
jitter = 0.001
jitter = 0.01
jitter = 0.1
jitter = 1.0
jitter = 10.0
jitter is too large, output random predictions
jitter = 1e-07
jitter = 1e-06
jitter = 9.999999999999999e-06
jitter = 9.999999999999999e-05
jitter = 0.001
jitter = 0.01
jitter = 0.1
jitter = 1.0
jitter = 10.0
jitter is too large, output random predictions
jitter = 1e-07
jitter = 1e-06
jitter = 9.999999999999999e-06
jitter = 9.999999999999999e-05
jitter = 0.001
jitter = 0.01
jitter = 0.1
jitter = 1.0
jitter = 10.0
jitter is too large, output random predictions
jitter = 1e-07
jitter = 1e-06
jitter = 9.999999999999999e-06
jitter = 9.999999999999999e-05
jitter = 0.001
jitter = 0.01
jitter = 0.1
jitter = 1.0
jitter = 10.0
jitter is too large, output random predictions
jitter = 1e-07
jitter = 1e-06
jitter = 9.999999999999999e-06
jitter = 9.999999999999999e-05
jitter = 0.001
jitter = 0.01
jitter = 0.1
jitter = 1.0
jitter = 10.0
jitter is too large, output random predictions
jitter = 1e-07
jitter = 1e-06
jitter = 9.999999999999999e-06
jitter = 9.999999999999999e-05
jitter = 0.001
jitter = 0.01
jitter = 0.1
jitter = 1.0
jitter = 10.0
jitter is too large, output random predictions
jitter = 1e-07
jitter = 1e-06
jitter = 9.999999999999999e-06
jitter = 9.999999999999999e-05
jitter = 0.001
jitter = 0.01
jitter = 0.1
jitter = 1.0
jitter = 10.0
jitter is too large, output random predictions
jitter = 1e-07
jitter = 1e-06
jitter = 9.999999999999999e-06
jitter = 9.999999999999999e-05
jitter = 0.001
jitter = 0.01
jitter = 0.1
jitter = 1.0
jitter = 10.0
jitter is too large, output random predictions
jitter = 1e-07
jitter = 1e-06
jitter = 9.999999999999999e-06
jitter = 9.999999999999999e-05
jitter = 0.001
jitter = 0.01
jitter = 0.1
jitter = 1.0
jitter = 10.0
jitter is too large, output random predictions
jitter = 1e-07
jitter = 1e-06
jitter = 9.999999999999999e-06
jitter = 9.999999999999999e-05
jitter = 0.001
jitter = 0.01
jitter = 0.1
jitter = 1.0
jitter = 10.0
jitter is too large, output random predictions
jitter = 1e-07
jitter = 1e-06
jitter = 9.999999999999999e-06
jitter = 9.999999999999999e-05
jitter = 0.001
jitter = 0.01
jitter = 0.1
jitter = 1.0
jitter = 10.0
jitter is too large, output random predictions
jitter = 1e-07
jitter = 1e-06
jitter = 9.999999999999999e-06
jitter = 9.999999999999999e-05
jitter = 0.001
jitter = 0.01
jitter = 0.1
jitter = 1.0
jitter = 10.0
jitter is too large, output random predictions
jitter = 1e-07
jitter = 1e-06
jitter = 9.999999999999999e-06
jitter = 9.999999999999999e-05
jitter = 0.001
jitter = 0.01
jitter = 0.1
jitter = 1.0
jitter = 10.0
jitter is too large, output random predictions
jitter = 1e-07
jitter = 1e-06
jitter = 9.999999999999999e-06
jitter = 9.999999999999999e-05
jitter = 0.001
jitter = 0.01
jitter = 0.1
jitter = 1.0
jitter = 10.0
jitter is too large, output random predictions
jitter = 1e-07
jitter = 1e-06
jitter = 9.999999999999999e-06
jitter = 9.999999999999999e-05
jitter = 0.001
jitter = 0.01
jitter = 0.1
jitter = 1.0
jitter = 10.0
jitter is too large, output random predictions
jitter = 1e-07
jitter = 1e-06
jitter = 9.999999999999999e-06
jitter = 9.999999999999999e-05
jitter = 0.001
jitter = 0.01
jitter = 0.1
jitter = 1.0
jitter = 10.0
jitter is too large, output random predictions
jitter = 1e-07
jitter = 1e-06
jitter = 9.999999999999999e-06
jitter = 9.999999999999999e-05
jitter = 0.001
jitter = 0.01
jitter = 0.1
jitter = 1.0
jitter = 10.0
jitter is too large, output random predictions
jitter = 1e-07
jitter = 1e-06
jitter = 9.999999999999999e-06
jitter = 9.999999999999999e-05
jitter = 0.001
jitter = 0.01
jitter = 0.1
jitter = 1.0
jitter = 10.0
jitter is too large, output random predictions
jitter = 1e-07
jitter = 1e-06
jitter = 9.999999999999999e-06
jitter = 9.999999999999999e-05
jitter = 0.001
jitter = 0.01
jitter = 0.1
jitter = 1.0
jitter = 10.0
jitter is too large, output random predictions
jitter = 1e-07
jitter = 1e-06
jitter = 9.999999999999999e-06
jitter = 9.999999999999999e-05
jitter = 0.001
jitter = 0.01
jitter = 0.1
jitter = 1.0
jitter = 10.0
jitter is too large, output random predictions
jitter = 1e-07
jitter = 1e-06
jitter = 9.999999999999999e-06
jitter = 9.999999999999999e-05
jitter = 0.001
jitter = 0.01
jitter = 0.1
jitter = 1.0
jitter = 10.0
jitter is too large, output random predictions
jitter = 1e-07
jitter = 1e-06
jitter = 9.999999999999999e-06
jitter = 9.999999999999999e-05
jitter = 0.001
jitter = 0.01
jitter = 0.1
jitter = 1.0
jitter = 10.0
jitter is too large, output random predictions
jitter = 1e-07
jitter = 1e-06
jitter = 9.999999999999999e-06
jitter = 9.999999999999999e-05
jitter = 0.001
jitter = 0.01
jitter = 0.1
jitter = 1.0
jitter = 10.0
jitter is too large, output random predictions
jitter = 1e-07
jitter = 1e-06
jitter = 9.999999999999999e-06
jitter = 9.999999999999999e-05
jitter = 0.001
jitter = 0.01
jitter = 0.1
jitter = 1.0
jitter = 10.0
jitter is too large, output random predictions
jitter = 1e-07
jitter = 1e-06
jitter = 9.999999999999999e-06
jitter = 9.999999999999999e-05
jitter = 0.001
jitter = 0.01
jitter = 0.1
jitter = 1.0
jitter = 10.0
jitter is too large, output random predictions
jitter = 1e-07
jitter = 1e-06
jitter = 9.999999999999999e-06
jitter = 9.999999999999999e-05
jitter = 0.001
jitter = 0.01
jitter = 0.1
jitter = 1.0
jitter = 10.0
jitter is too large, output random predictions
jitter = 1e-07
jitter = 1e-06
jitter = 9.999999999999999e-06
jitter = 9.999999999999999e-05
jitter = 0.001
jitter = 0.01
jitter = 0.1
jitter = 1.0
jitter = 10.0
jitter is too large, output random predictions
jitter = 1e-07
jitter = 1e-06
jitter = 9.999999999999999e-06
jitter = 9.999999999999999e-05
jitter = 0.001
jitter = 0.01
jitter = 0.1
jitter = 1.0
jitter = 10.0
jitter is too large, output random predictions
jitter = 1e-07
jitter = 1e-06
jitter = 9.999999999999999e-06
jitter = 9.999999999999999e-05
jitter = 0.001
jitter = 0.01
jitter = 0.1
jitter = 1.0
jitter = 10.0
jitter is too large, output random predictions
jitter = 1e-07
jitter = 1e-06
jitter = 9.999999999999999e-06
jitter = 9.999999999999999e-05
jitter = 0.001
jitter = 0.01
jitter = 0.1
jitter = 1.0
jitter = 10.0
jitter is too large, output random predictions
jitter = 1e-07
jitter = 1e-06
jitter = 9.999999999999999e-06
jitter = 9.999999999999999e-05
jitter = 0.001
jitter = 0.01
jitter = 0.1
jitter = 1.0
jitter = 10.0
jitter is too large, output random predictions
jitter = 1e-07
jitter = 1e-06
jitter = 9.999999999999999e-06
jitter = 9.999999999999999e-05
jitter = 0.001
jitter = 0.01
jitter = 0.1
jitter = 1.0
jitter = 10.0
jitter is too large, output random predictions
jitter = 1e-07
jitter = 1e-06
jitter = 9.999999999999999e-06
jitter = 9.999999999999999e-05
jitter = 0.001
jitter = 0.01
jitter = 0.1
jitter = 1.0
jitter = 10.0
jitter is too large, output random predictions
jitter = 1e-07
jitter = 1e-06
jitter = 9.999999999999999e-06
jitter = 9.999999999999999e-05
jitter = 0.001
jitter = 0.01
jitter = 0.1
jitter = 1.0
jitter = 10.0
jitter is too large, output random predictions
jitter = 1e-07
jitter = 1e-06
jitter = 9.999999999999999e-06
jitter = 9.999999999999999e-05
jitter = 0.001
jitter = 0.01
jitter = 0.1
jitter = 1.0
jitter = 10.0
jitter is too large, output random predictions
jitter = 1e-07
jitter = 1e-06
jitter = 9.999999999999999e-06
jitter = 9.999999999999999e-05
jitter = 0.001
jitter = 0.01
jitter = 0.1
jitter = 1.0
jitter = 10.0
jitter is too large, output random predictions
jitter = 1e-07
jitter = 1e-06
jitter = 9.999999999999999e-06
jitter = 9.999999999999999e-05
jitter = 0.001
jitter = 0.01
jitter = 0.1
jitter = 1.0
jitter = 10.0
jitter is too large, output random predictions
jitter = 1e-07
jitter = 1e-06
jitter = 9.999999999999999e-06
jitter = 9.999999999999999e-05
jitter = 0.001
jitter = 0.01
jitter = 0.1
jitter = 1.0
jitter = 10.0
jitter is too large, output random predictions
jitter = 1e-07
jitter = 1e-06
jitter = 9.999999999999999e-06
jitter = 9.999999999999999e-05
jitter = 0.001
jitter = 0.01
jitter = 0.1
jitter = 1.0
jitter = 10.0
jitter is too large, output random predictions
jitter = 1e-07
jitter = 1e-06
jitter = 9.999999999999999e-06
jitter = 9.999999999999999e-05
jitter = 0.001
jitter = 0.01
jitter = 0.1
jitter = 1.0
jitter = 10.0
jitter is too large, output random predictions
jitter = 1e-07
jitter = 1e-06
jitter = 9.999999999999999e-06
jitter = 9.999999999999999e-05
jitter = 0.001
jitter = 0.01
jitter = 0.1
jitter = 1.0
jitter = 10.0
jitter is too large, output random predictions
jitter = 1e-07
jitter = 1e-06
jitter = 9.999999999999999e-06
jitter = 9.999999999999999e-05
jitter = 0.001
jitter = 0.01
jitter = 0.1
jitter = 1.0
jitter = 10.0
jitter is too large, output random predictions
jitter = 1e-07
jitter = 1e-06
jitter = 9.999999999999999e-06
jitter = 9.999999999999999e-05
jitter = 0.001
jitter = 0.01
jitter = 0.1
jitter = 1.0
jitter = 10.0
jitter is too large, output random predictions
jitter = 1e-07
jitter = 1e-06
jitter = 9.999999999999999e-06
jitter = 9.999999999999999e-05
jitter = 0.001
jitter = 0.01
jitter = 0.1
jitter = 1.0
jitter = 10.0
jitter is too large, output random predictions
jitter = 1e-07
jitter = 1e-06
jitter = 9.999999999999999e-06
jitter = 9.999999999999999e-05
jitter = 0.001
jitter = 0.01
jitter = 0.1
jitter = 1.0
jitter = 10.0
jitter is too large, output random predictions
jitter = 1e-07
jitter = 1e-06
jitter = 9.999999999999999e-06
jitter = 9.999999999999999e-05
jitter = 0.001
jitter = 0.01
jitter = 0.1
jitter = 1.0
jitter = 10.0
jitter is too large, output random predictions
jitter = 1e-07
jitter = 1e-06
jitter = 9.999999999999999e-06
jitter = 9.999999999999999e-05
jitter = 0.001
jitter = 0.01
jitter = 0.1
jitter = 1.0
jitter = 10.0
jitter is too large, output random predictions
jitter = 1e-07
jitter = 1e-06
jitter = 9.999999999999999e-06
jitter = 9.999999999999999e-05
jitter = 0.001
jitter = 0.01
jitter = 0.1
jitter = 1.0
jitter = 10.0
jitter is too large, output random predictions
jitter = 1e-07
jitter = 1e-06
jitter = 9.999999999999999e-06
jitter = 9.999999999999999e-05
jitter = 0.001
jitter = 0.01
jitter = 0.1
jitter = 1.0
jitter = 10.0
jitter is too large, output random predictions
jitter = 1e-07
jitter = 1e-06
jitter = 9.999999999999999e-06
jitter = 9.999999999999999e-05
jitter = 0.001
jitter = 0.01
jitter = 0.1
jitter = 1.0
jitter = 10.0
jitter is too large, output random predictions
jitter = 1e-07
jitter = 1e-06
jitter = 9.999999999999999e-06
jitter = 9.999999999999999e-05
jitter = 0.001
jitter = 0.01
jitter = 0.1
jitter = 1.0
jitter = 10.0
jitter is too large, output random predictions
jitter = 1e-07
jitter = 1e-06
jitter = 9.999999999999999e-06
jitter = 9.999999999999999e-05
jitter = 0.001
jitter = 0.01
jitter = 0.1
jitter = 1.0
jitter = 10.0
jitter is too large, output random predictions
jitter = 1e-07
jitter = 1e-06
jitter = 9.999999999999999e-06
jitter = 9.999999999999999e-05
jitter = 0.001
jitter = 0.01
jitter = 0.1
jitter = 1.0
jitter = 10.0
jitter is too large, output random predictions
jitter = 1e-07
jitter = 1e-06
jitter = 9.999999999999999e-06
jitter = 9.999999999999999e-05
jitter = 0.001
jitter = 0.01
jitter = 0.1
jitter = 1.0
jitter = 10.0
jitter is too large, output random predictions
jitter = 1e-07
jitter = 1e-06
jitter = 9.999999999999999e-06
jitter = 9.999999999999999e-05
jitter = 0.001
jitter = 0.01
jitter = 0.1
jitter = 1.0
jitter = 10.0
jitter is too large, output random predictions
jitter = 1e-07
jitter = 1e-06
jitter = 9.999999999999999e-06
jitter = 9.999999999999999e-05
jitter = 0.001
jitter = 0.01
jitter = 0.1
jitter = 1.0
jitter = 10.0
jitter is too large, output random predictions
jitter = 1e-07
jitter = 1e-06
jitter = 9.999999999999999e-06
jitter = 9.999999999999999e-05
jitter = 0.001
jitter = 0.01
jitter = 0.1
jitter = 1.0
jitter = 10.0
jitter is too large, output random predictions
jitter = 1e-07
jitter = 1e-06
jitter = 9.999999999999999e-06
jitter = 9.999999999999999e-05
jitter = 0.001
jitter = 0.01
jitter = 0.1
jitter = 1.0
jitter = 10.0
jitter is too large, output random predictions
jitter = 1e-07
jitter = 1e-06
jitter = 9.999999999999999e-06
jitter = 9.999999999999999e-05
jitter = 0.001
jitter = 0.01
jitter = 0.1
jitter = 1.0
jitter = 10.0
jitter is too large, output random predictions
jitter = 1e-07
jitter = 1e-06
jitter = 9.999999999999999e-06
jitter = 9.999999999999999e-05
jitter = 0.001
jitter = 0.01
jitter = 0.1
jitter = 1.0
jitter = 10.0
jitter is too large, output random predictions
jitter = 1e-07
jitter = 1e-06
jitter = 9.999999999999999e-06
jitter = 9.999999999999999e-05
jitter = 0.001
jitter = 0.01
jitter = 0.1
jitter = 1.0
jitter = 10.0
jitter is too large, output random predictions
jitter = 1e-07
jitter = 1e-06
jitter = 9.999999999999999e-06
jitter = 9.999999999999999e-05
jitter = 0.001
jitter = 0.01
jitter = 0.1
jitter = 1.0
jitter = 10.0
jitter is too large, output random predictions
jitter = 1e-07
jitter = 1e-06
jitter = 9.999999999999999e-06
jitter = 9.999999999999999e-05
jitter = 0.001
jitter = 0.01
jitter = 0.1
jitter = 1.0
jitter = 10.0
jitter is too large, output random predictions
jitter = 1e-07
jitter = 1e-06
jitter = 9.999999999999999e-06
jitter = 9.999999999999999e-05
jitter = 0.001
jitter = 0.01
jitter = 0.1
jitter = 1.0
jitter = 10.0
jitter is too large, output random predictions
jitter = 1e-07
jitter = 1e-06
jitter = 9.999999999999999e-06
jitter = 9.999999999999999e-05
jitter = 0.001
jitter = 0.01
jitter = 0.1
jitter = 1.0
jitter = 10.0
jitter is too large, output random predictions
jitter = 1e-07
jitter = 1e-06
jitter = 9.999999999999999e-06
jitter = 9.999999999999999e-05
jitter = 0.001
jitter = 0.01
jitter = 0.1
jitter = 1.0
jitter = 10.0
jitter is too large, output random predictions
jitter = 1e-07
jitter = 1e-06
jitter = 9.999999999999999e-06
jitter = 9.999999999999999e-05
jitter = 0.001
jitter = 0.01
jitter = 0.1
jitter = 1.0
jitter = 10.0
jitter is too large, output random predictions
jitter = 1e-07
jitter = 1e-06
jitter = 9.999999999999999e-06
jitter = 9.999999999999999e-05
jitter = 0.001
jitter = 0.01
jitter = 0.1
jitter = 1.0
jitter = 10.0
jitter is too large, output random predictions
jitter = 1e-07
jitter = 1e-06
jitter = 9.999999999999999e-06
jitter = 9.999999999999999e-05
jitter = 0.001
jitter = 0.01
jitter = 0.1
jitter = 1.0
jitter = 10.0
jitter is too large, output random predictions
jitter = 1e-07
jitter = 1e-06
jitter = 9.999999999999999e-06
jitter = 9.999999999999999e-05
jitter = 0.001
jitter = 0.01
jitter = 0.1
jitter = 1.0
jitter = 10.0
jitter is too large, output random predictions
jitter = 1e-07
jitter = 1e-06
jitter = 9.999999999999999e-06
jitter = 9.999999999999999e-05
jitter = 0.001
jitter = 0.01
jitter = 0.1
jitter = 1.0
jitter = 10.0
jitter is too large, output random predictions
jitter = 1e-07
jitter = 1e-06
jitter = 9.999999999999999e-06
jitter = 9.999999999999999e-05
jitter = 0.001
jitter = 0.01
jitter = 0.1
jitter = 1.0
jitter = 10.0
jitter is too large, output random predictions
jitter = 1e-07
jitter = 1e-06
jitter = 9.999999999999999e-06
jitter = 9.999999999999999e-05
jitter = 0.001
jitter = 0.01
jitter = 0.1
jitter = 1.0
jitter = 10.0
jitter is too large, output random predictions
jitter = 1e-07
jitter = 1e-06
jitter = 9.999999999999999e-06
jitter = 9.999999999999999e-05
jitter = 0.001
jitter = 0.01
jitter = 0.1
jitter = 1.0
jitter = 10.0
jitter is too large, output random predictions
jitter = 1e-07
jitter = 1e-06
jitter = 9.999999999999999e-06
jitter = 9.999999999999999e-05
jitter = 0.001
jitter = 0.01
jitter = 0.1
jitter = 1.0
jitter = 10.0
jitter is too large, output random predictions
jitter = 1e-07
jitter = 1e-06
jitter = 9.999999999999999e-06
jitter = 9.999999999999999e-05
jitter = 0.001
jitter = 0.01
jitter = 0.1
jitter = 1.0
jitter = 10.0
jitter is too large, output random predictions
jitter = 1e-07
jitter = 1e-06
jitter = 9.999999999999999e-06
jitter = 9.999999999999999e-05
jitter = 0.001
jitter = 0.01
jitter = 0.1
jitter = 1.0
jitter = 10.0
jitter is too large, output random predictions
jitter = 1e-07
jitter = 1e-06
jitter = 9.999999999999999e-06
jitter = 9.999999999999999e-05
jitter = 0.001
jitter = 0.01
jitter = 0.1
jitter = 1.0
jitter = 10.0
jitter is too large, output random predictions
jitter = 1e-07
jitter = 1e-06
jitter = 9.999999999999999e-06
jitter = 9.999999999999999e-05
jitter = 0.001
jitter = 0.01
jitter = 0.1
jitter = 1.0
jitter = 10.0
jitter is too large, output random predictions
jitter = 1e-07
jitter = 1e-06
jitter = 9.999999999999999e-06
jitter = 9.999999999999999e-05
jitter = 0.001
jitter = 0.01
jitter = 0.1
jitter = 1.0
jitter = 10.0
jitter is too large, output random predictions
jitter = 1e-07
jitter = 1e-06
jitter = 9.999999999999999e-06
jitter = 9.999999999999999e-05
jitter = 0.001
jitter = 0.01
jitter = 0.1
jitter = 1.0
jitter = 10.0
jitter is too large, output random predictions
jitter = 1e-07
jitter = 1e-06
jitter = 9.999999999999999e-06
jitter = 9.999999999999999e-05
jitter = 0.001
jitter = 0.01
jitter = 0.1
jitter = 1.0
jitter = 10.0
jitter is too large, output random predictions
jitter = 1e-07
jitter = 1e-06
jitter = 9.999999999999999e-06
jitter = 9.999999999999999e-05
jitter = 0.001
jitter = 0.01
jitter = 0.1
jitter = 1.0
jitter = 10.0
jitter is too large, output random predictions
jitter = 1e-07
jitter = 1e-06
jitter = 9.999999999999999e-06
jitter = 9.999999999999999e-05
jitter = 0.001
jitter = 0.01
jitter = 0.1
jitter = 1.0
jitter = 10.0
jitter is too large, output random predictions
jitter = 1e-07
jitter = 1e-06
jitter = 9.999999999999999e-06
jitter = 9.999999999999999e-05
jitter = 0.001
jitter = 0.01
jitter = 0.1
jitter = 1.0
jitter = 10.0
jitter is too large, output random predictions
jitter = 1e-07
jitter = 1e-06
jitter = 9.999999999999999e-06
jitter = 9.999999999999999e-05
jitter = 0.001
jitter = 0.01
jitter = 0.1
jitter = 1.0
jitter = 10.0
jitter is too large, output random predictions
jitter = 1e-07
jitter = 1e-06
jitter = 9.999999999999999e-06
jitter = 9.999999999999999e-05
jitter = 0.001
jitter = 0.01
jitter = 0.1
jitter = 1.0
jitter = 10.0
jitter is too large, output random predictions
jitter = 1e-07
jitter = 1e-06
jitter = 9.999999999999999e-06
jitter = 9.999999999999999e-05
jitter = 0.001
jitter = 0.01
jitter = 0.1
jitter = 1.0
jitter = 10.0
jitter is too large, output random predictions
jitter = 1e-07
jitter = 1e-06
jitter = 9.999999999999999e-06
jitter = 9.999999999999999e-05
jitter = 0.001
jitter = 0.01
jitter = 0.1
jitter = 1.0
jitter = 10.0
jitter is too large, output random predictions
jitter = 1e-07
jitter = 1e-06
jitter = 9.999999999999999e-06
jitter = 9.999999999999999e-05
jitter = 0.001
jitter = 0.01
jitter = 0.1
jitter = 1.0
jitter = 10.0
jitter is too large, output random predictions
jitter = 1e-07
jitter = 1e-06
jitter = 9.999999999999999e-06
jitter = 9.999999999999999e-05
jitter = 0.001
jitter = 0.01
jitter = 0.1
jitter = 1.0
jitter = 10.0
jitter is too large, output random predictions
jitter = 1e-07
jitter = 1e-06
jitter = 9.999999999999999e-06
jitter = 9.999999999999999e-05
jitter = 0.001
jitter = 0.01
jitter = 0.1
jitter = 1.0
jitter = 10.0
jitter is too large, output random predictions
jitter = 1e-07
jitter = 1e-06
jitter = 9.999999999999999e-06
jitter = 9.999999999999999e-05
jitter = 0.001
jitter = 0.01
jitter = 0.1
jitter = 1.0
jitter = 10.0
jitter is too large, output random predictions
23 [0/400] 535.3553390593274
29 [0/400] 528.2842712474619
39 [0/400] 521.2132034355965
41 [1/400] 0.13814693147282098
57 [13/400] 0.1377836608568183
60 [15/400] 0.13298446374301987
61 [16/400] 0.12574212615030753
63 [18/400] 0.11730160154783857
100 [53/400] 0.11730160154783857
111 [62/400] 0.11729904298747057
125 [76/400] 0.11064530886319385
200 [146/400] 0.11064530886319385
239 [185/400] 0.1090657193364751
259 [202/400] 0.10633505031443372
268 [211/400] 0.10626644298243251
300 [242/400] 0.10626644298243251
400 [334/400] 0.10626644298243251
401 [335/400] 0.10408953262156029
404 [338/400] 0.10396960225620482
426 [359/400] 0.10365615815976209
434 [367/400] 0.10333542900698274
446 [379/400] 0.10326545112052857
[stop]
