(7_w,15)-aCMA-ES (mu_w=4.5,w_1=34%) in dimension 50 (seed=21, Fri May 23 16:55:38 2025)
Iterat #Fevals   function value  axis ratio  sigma  min&max std  t[m:s]
    1     15 6.077352698550931e+02 1.0e+00 2.37e-01  2e-01  2e-01 0:04.9
    2     30 5.494974746830583e+02 1.0e+00 2.28e-01  2e-01  2e-01 0:09.7
    3     45 5.636396103067892e+02 1.0e+00 2.21e-01  2e-01  2e-01 0:14.5
    4     60 5.035355339059327e+02 1.1e+00 2.17e-01  2e-01  2e-01 0:18.4
    5     75 1.757240483205400e+00 1.1e+00 2.13e-01  2e-01  2e-01 0:23.2
    7    105 5.070710678118655e+02 1.1e+00 2.09e-01  2e-01  2e-01 0:31.9
    9    135 5.141421356237310e+02 1.1e+00 2.01e-01  2e-01  2e-01 0:39.4
   11    165 6.117834814290728e-01 1.1e+00 1.95e-01  2e-01  2e-01 0:48.1
   14    210 5.070710678118655e+02 1.2e+00 1.91e-01  2e-01  2e-01 0:59.9
   17    255 6.814017676768842e-01 1.2e+00 1.88e-01  2e-01  2e-01 1:13.6
   20    300 2.979750487698885e-01 1.2e+00 1.88e-01  2e-01  2e-01 1:27.4
   23    345 4.299124711114991e-01 1.3e+00 1.92e-01  2e-01  2e-01 1:41.5
   26    390 2.409652160935798e-01 1.3e+00 1.94e-01  2e-01  2e-01 1:54.8
   29    435 6.577250788006268e+00 1.3e+00 1.96e-01  2e-01  2e-01 2:08.9
   33    495 5.291547594742265e+02 1.3e+00 1.90e-01  2e-01  2e-01 2:27.0
   37    555 4.001902944415964e-01 1.4e+00 1.89e-01  2e-01  2e-01 2:45.5
   41    615 7.452271323683118e-01 1.4e+00 1.84e-01  2e-01  2e-01 3:03.7
   45    675 5.282842712474619e+02 1.4e+00 1.84e-01  2e-01  2e-01 3:23.1
   49    735 3.555757701412750e-01 1.4e+00 1.83e-01  2e-01  2e-01 3:42.1
   53    795 7.255480084869312e-01 1.5e+00 1.73e-01  2e-01  2e-01 4:01.8
   58    870 2.579041667355121e+00 1.5e+00 1.62e-01  2e-01  2e-01 4:27.1
   63    945 4.025846980017262e+00 1.5e+00 1.39e-01  1e-01  1e-01 4:51.0
   68   1020 1.055051513476734e+00 1.5e+00 1.29e-01  1e-01  1e-01 5:16.9
   73   1095 5.525523906503435e-01 1.5e+00 1.27e-01  1e-01  1e-01 5:45.2
   79   1185 5.431248296583683e-01 1.5e+00 1.25e-01  1e-01  1e-01 6:10.4
   87   1305 4.240671091722239e-01 1.5e+00 1.20e-01  1e-01  1e-01 6:37.6
   93   1395 5.070710678118655e+02 1.6e+00 1.20e-01  1e-01  1e-01 7:04.9
   99   1485 2.072805873469990e+00 1.6e+00 1.16e-01  1e-01  1e-01 7:36.0
  100   1500 6.837391465405533e-01 1.6e+00 1.15e-01  1e-01  1e-01 7:40.7
  106   1590 1.015679977810716e+00 1.6e+00 1.14e-01  1e-01  1e-01 8:14.9
  112   1680 7.077012226547782e-01 1.6e+00 1.14e-01  1e-01  1e-01 8:48.9
  117   1755 3.324766524872925e-01 1.6e+00 1.14e-01  1e-01  1e-01 9:23.6
  123   1845 3.093560603055682e-01 1.6e+00 1.16e-01  1e-01  1e-01 9:58.5
  129   1935 4.939502261126998e-01 1.6e+00 1.12e-01  1e-01  1e-01 10:36.7
  135   2025 2.450814737954091e-01 1.6e+00 1.09e-01  1e-01  1e-01 11:12.2
  141   2115 2.062066142593443e-01 1.6e+00 1.08e-01  1e-01  1e-01 11:51.9
  147   2205 4.101225210991979e-01 1.6e+00 1.02e-01  9e-02  1e-01 12:28.5
  153   2295 4.614014746429383e-01 1.6e+00 1.01e-01  9e-02  1e-01 13:10.6
  159   2385 4.282527552462020e-01 1.7e+00 9.70e-02  9e-02  1e-01 13:52.3
  166   2490 5.838713312625756e-01 1.7e+00 9.09e-02  8e-02  9e-02 14:37.3
  174   2610 6.450470397188999e-01 1.7e+00 9.44e-02  8e-02  1e-01 15:22.9
  181   2715 3.981271263520363e-01 1.7e+00 9.55e-02  8e-02  1e-01 16:10.4
  187   2805 3.208994378824072e-01 1.7e+00 9.90e-02  9e-02  1e-01 16:53.9
  195   2925 2.968621048166407e-01 1.8e+00 1.07e-01  9e-02  1e-01 17:42.4
  200   3000 4.055126523663368e-01 1.8e+00 1.08e-01  9e-02  1e-01 18:11.8
  208   3120 3.651102677741858e-01 1.8e+00 9.92e-02  8e-02  1e-01 18:57.5
  216   3240 2.617796679408421e-01 1.8e+00 9.00e-02  8e-02  1e-01 19:49.2
  223   3345 2.939410181916634e-01 1.8e+00 8.26e-02  7e-02  9e-02 20:42.1
  231   3465 2.178855089203930e-01 1.8e+00 7.35e-02  6e-02  8e-02 21:32.3
  237   3555 2.025986577145696e-01 1.8e+00 6.65e-02  6e-02  7e-02 22:26.1
  244   3660 1.760529101618188e-01 1.8e+00 6.19e-02  5e-02  7e-02 23:21.9
  250   3750 1.747305379771349e-01 1.8e+00 5.45e-02  5e-02  6e-02 24:15.0
  256   3840 1.635277877000206e-01 1.8e+00 4.87e-02  4e-02  5e-02 25:07.4
  262   3930 1.408266175704502e-01 1.8e+00 4.85e-02  4e-02  5e-02 26:01.8
  268   4020 1.373823700342676e-01 1.8e+00 4.67e-02  4e-02  5e-02 26:58.8
  274   4110 1.360421422247632e-01 1.8e+00 4.41e-02  4e-02  5e-02 27:58.6
  280   4200 1.268079648402544e-01 1.8e+00 3.94e-02  3e-02  4e-02 28:56.1
  286   4290 1.207831795775847e-01 1.8e+00 3.72e-02  3e-02  4e-02 29:56.0
  292   4380 1.177044108994804e-01 1.8e+00 3.51e-02  3e-02  4e-02 30:58.5
  299   4485 1.167288411498484e-01 1.8e+00 3.27e-02  3e-02  3e-02 32:04.6
  300   4500 1.174850963013492e-01 1.8e+00 3.22e-02  3e-02  3e-02 32:15.9
  311   4665 1.091125202613878e-01 1.8e+00 3.05e-02  3e-02  3e-02 33:22.9
  319   4785 9.787357323585982e-02 1.8e+00 2.95e-02  2e-02  3e-02 34:27.6
  326   4890 1.004764436047252e-01 1.9e+00 2.87e-02  2e-02  3e-02 35:38.3
  333   4995 9.763094775891137e-02 1.9e+00 2.82e-02  2e-02  3e-02 36:49.0
  340   5100 9.976942172500816e-02 1.9e+00 2.78e-02  2e-02  3e-02 38:03.4
  346   5190 9.726648244088754e-02 1.9e+00 2.71e-02  2e-02  3e-02 39:10.6
  353   5295 9.503781806499922e-02 2.0e+00 2.66e-02  2e-02  3e-02 40:22.4
  361   5415 9.542719749336367e-02 2.0e+00 2.64e-02  2e-02  3e-02 41:38.5
  369   5535 9.287328613980603e-02 2.0e+00 2.28e-02  2e-02  3e-02 42:56.9
  376   5640 9.385102682377613e-02 2.0e+00 2.02e-02  2e-02  2e-02 44:17.4
  383   5745 9.138217866286087e-02 2.0e+00 2.00e-02  2e-02  2e-02 45:40.5
  390   5850 9.116577818930474e-02 2.0e+00 1.82e-02  2e-02  2e-02 47:01.2
  398   5970 9.217985186510559e-02 2.0e+00 1.82e-02  2e-02  2e-02 48:19.8
  400   6000 9.280843309890086e-02 2.0e+00 1.80e-02  1e-02  2e-02 48:39.1
  407   6105 9.258699273710552e-02 2.1e+00 1.66e-02  1e-02  2e-02 49:58.3
  414   6210 8.999819131364058e-02 2.1e+00 1.50e-02  1e-02  2e-02 51:19.4
  421   6315 9.131229442387749e-02 2.1e+00 1.37e-02  1e-02  1e-02 52:37.1
  429   6435 9.189643413953538e-02 2.1e+00 1.20e-02  1e-02  1e-02 54:02.5
  437   6555 8.983684666067968e-02 2.1e+00 9.87e-03  8e-03  1e-02 55:30.3
  445   6675 8.984717030820463e-02 2.1e+00 9.26e-03  7e-03  1e-02 56:56.2
  453   6795 8.956029431345422e-02 2.1e+00 8.67e-03  7e-03  9e-03 58:24.0
  463   6945 9.007791593477332e-02 2.1e+00 8.77e-03  7e-03  9e-03 59:50.8
  475   7125 8.988735082851744e-02 2.1e+00 8.90e-03  7e-03  1e-02 61:20.5
  488   7320 9.001251560960610e-02 2.2e+00 8.66e-03  7e-03  9e-03 62:55.6
  499   7485 8.912283719585296e-02 2.2e+00 7.52e-03  6e-03  8e-03 64:26.2
  500   7500 8.913358003856627e-02 2.2e+00 7.49e-03  6e-03  8e-03 64:32.9
  508   7620 8.924113052146967e-02 2.2e+00 7.23e-03  6e-03  8e-03 66:05.1
  519   7785 8.949578906700585e-02 2.2e+00 6.59e-03  5e-03  7e-03 67:34.8
  527   7905 8.835063026037986e-02 2.2e+00 5.94e-03  5e-03  6e-03 69:07.2
  536   8040 8.852271803415665e-02 2.2e+00 5.40e-03  4e-03  6e-03 70:49.4
  544   8160 8.811770217162332e-02 2.2e+00 4.98e-03  4e-03  5e-03 72:24.2
  553   8295 8.833798951064824e-02 2.2e+00 5.11e-03  4e-03  5e-03 73:57.1
  563   8445 8.819017283110207e-02 2.3e+00 4.54e-03  3e-03  5e-03 75:42.1
  575   8625 8.730502236306181e-02 2.3e+00 4.34e-03  3e-03  5e-03 77:19.0
[stop]
