(6_w,12)-aCMA-ES (mu_w=3.7,w_1=40%) in dimension 20 (seed=10, Tue Jun 24 11:47:57 2025)
Iterat #Fevals   function value  axis ratio  sigma  min&max std  t[m:s]
    1     12 5.218710678118655e+02 1.0e+00 2.31e-01  2e-01  2e-01 0:00.3
    2     24 6.280624847486570e+02 1.1e+00 2.17e-01  2e-01  2e-01 0:00.5
    3     36 5.864455532033676e+02 1.1e+00 2.08e-01  2e-01  2e-01 0:00.7
    8     96 3.665746767998515e-01 1.3e+00 2.07e-01  2e-01  2e-01 0:04.4
   15    180 5.316227766016838e+02 1.5e+00 1.90e-01  2e-01  2e-01 0:08.5
   20    240 1.267684734257196e+00 1.6e+00 1.60e-01  1e-01  2e-01 0:14.3
   23    276 1.442208972979044e+00 1.5e+00 1.50e-01  1e-01  2e-01 0:21.2
   28    336 2.853478796293829e+00 1.6e+00 1.44e-01  1e-01  2e-01 0:28.8
   35    420 8.636456865835482e-01 1.7e+00 1.26e-01  1e-01  1e-01 0:38.0
   39    468 2.488058364067182e-01 1.8e+00 1.19e-01  9e-02  1e-01 0:50.1
   42    504 1.501529500135750e-01 1.8e+00 1.28e-01  1e-01  1e-01 1:03.0
   45    540 1.899426117281619e-01 1.8e+00 1.26e-01  1e-01  1e-01 1:14.6
   50    600 1.917948411408530e-01 1.9e+00 1.25e-01  1e-01  1e-01 1:27.5
   54    648 3.609611560338192e-01 2.0e+00 1.19e-01  9e-02  1e-01 1:44.9
   58    696 3.152020550353373e-01 2.1e+00 1.22e-01  9e-02  1e-01 2:03.4
   64    768 1.227824579029775e-01 2.3e+00 1.43e-01  1e-01  2e-01 2:23.0
   68    816 3.764269723485100e-01 2.5e+00 1.56e-01  1e-01  2e-01 2:40.2
   74    888 2.770145254912676e-01 2.5e+00 1.32e-01  9e-02  2e-01 2:59.9
   79    948 1.701242997995946e-01 2.6e+00 1.20e-01  8e-02  2e-01 3:19.0
   84   1008 2.133306736946119e-01 2.7e+00 1.18e-01  8e-02  2e-01 3:40.5
   90   1080 1.099654013869402e-01 2.8e+00 1.11e-01  7e-02  1e-01 4:01.7
[stop]
