(6_w,12)-aCMA-ES (mu_w=3.7,w_1=40%) in dimension 20 (seed=3, Tue Jun 24 10:45:32 2025)
Iterat #Fevals   function value  axis ratio  sigma  min&max std  t[m:s]
    1     12 6.229316792717052e+02 1.0e+00 2.36e-01  2e-01  2e-01 0:00.6
    2     24 6.282842712474619e+02 1.1e+00 2.25e-01  2e-01  2e-01 0:01.2
    3     36 5.282842712474619e+02 1.1e+00 2.21e-01  2e-01  2e-01 0:01.8
    7     84 5.141421356237310e+02 1.3e+00 2.35e-01  2e-01  2e-01 0:04.9
   13    156 5.212132034355964e+02 1.5e+00 2.77e-01  3e-01  3e-01 0:09.5
   20    240 5.141421356237310e+02 1.6e+00 3.06e-01  3e-01  3e-01 0:14.6
   26    312 5.070710678118655e+02 1.7e+00 3.04e-01  3e-01  3e-01 0:20.7
   34    408 5.141421356237310e+02 1.7e+00 2.53e-01  2e-01  3e-01 0:28.1
   43    516 5.521837959540226e+00 1.8e+00 2.04e-01  2e-01  2e-01 0:37.0
   52    624 2.609021704696521e-01 1.8e+00 1.98e-01  2e-01  2e-01 0:46.7
   59    708 3.069519532608503e-01 1.9e+00 1.96e-01  2e-01  2e-01 0:56.9
   68    816 1.385249908626844e-01 2.0e+00 1.69e-01  1e-01  2e-01 1:09.6
   75    900 2.972914276274770e+01 2.1e+00 1.76e-01  1e-01  2e-01 1:22.4
   83    996 5.123699861871489e-01 2.2e+00 1.70e-01  1e-01  2e-01 1:37.0
   91   1092 1.935736929559570e-01 2.3e+00 1.37e-01  1e-01  2e-01 1:54.1
   96   1152 3.617456140837396e-01 2.4e+00 1.20e-01  9e-02  1e-01 2:11.4
  100   1200 1.222239958667305e-01 2.4e+00 1.09e-01  8e-02  1e-01 2:32.6
  103   1236 1.120954863449648e-01 2.4e+00 9.95e-02  7e-02  1e-01 2:49.8
  107   1284 1.285314537133923e-01 2.4e+00 8.68e-02  6e-02  1e-01 3:08.6
  110   1320 1.118389787688511e-01 2.4e+00 8.86e-02  6e-02  1e-01 3:27.9
  114   1368 1.027730429435459e-01 2.5e+00 7.68e-02  5e-02  9e-02 3:50.3
  118   1416 9.363712379343550e-02 2.5e+00 6.57e-02  4e-02  8e-02 4:15.5
  122   1464 1.023707143783397e-01 2.5e+00 5.69e-02  4e-02  7e-02 4:40.9
  126   1512 9.241003268919559e-02 2.6e+00 5.06e-02  3e-02  6e-02 5:05.8
[stop]
