(7_w,15)-aCMA-ES (mu_w=4.5,w_1=34%) in dimension 50 (seed=7, Tue Jun 17 07:59:21 2025)
Iterat #Fevals   function value  axis ratio  sigma  min&max std  t[m:s]
    1     15 6.274754878398196e+02 1.0e+00 2.37e-01  2e-01  2e-01 0:00.8
    2     30 5.404000000000000e+02 1.0e+00 2.28e-01  2e-01  2e-01 0:01.5
    3     45 5.565685424949238e+02 1.1e+00 2.22e-01  2e-01  2e-01 0:02.3
    8    120 5.070710678118655e+02 1.1e+00 2.08e-01  2e-01  2e-01 0:05.6
   12    180 5.763875147257782e+00 1.1e+00 2.06e-01  2e-01  2e-01 0:09.8
   17    255 5.777817459305202e+02 1.2e+00 2.17e-01  2e-01  2e-01 0:15.2
   24    360 1.121761364705701e+00 1.3e+00 2.03e-01  2e-01  2e-01 0:22.5
   31    465 5.788277572039427e-01 1.3e+00 1.90e-01  2e-01  2e-01 0:29.7
   38    570 2.162372109354221e-01 1.3e+00 1.77e-01  2e-01  2e-01 0:38.6
   43    645 1.440429127976909e-01 1.3e+00 1.66e-01  2e-01  2e-01 0:49.1
   49    735 5.089822176826588e-01 1.4e+00 1.65e-01  2e-01  2e-01 0:59.9
   57    855 2.981667871018090e-01 1.4e+00 1.59e-01  2e-01  2e-01 1:11.6
   65    975 1.806697836577703e-01 1.4e+00 1.41e-01  1e-01  1e-01 1:26.1
   72   1080 1.362908479020856e+01 1.4e+00 1.33e-01  1e-01  1e-01 1:39.3
   77   1155 3.960133703753212e-01 1.4e+00 1.45e-01  1e-01  2e-01 1:53.6
   87   1305 5.070710678118655e+02 1.5e+00 1.51e-01  1e-01  2e-01 2:09.1
   96   1440 2.498707064420783e-01 1.5e+00 1.50e-01  1e-01  2e-01 2:25.9
  100   1500 8.920849109125422e-01 1.5e+00 1.46e-01  1e-01  2e-01 2:37.5
  108   1620 7.558373383510190e-01 1.5e+00 1.32e-01  1e-01  1e-01 2:58.1
  113   1695 1.242151304862027e+00 1.6e+00 1.22e-01  1e-01  1e-01 3:19.0
  117   1755 1.405809439530944e-01 1.6e+00 1.14e-01  1e-01  1e-01 3:39.5
  122   1830 1.226555346972699e+00 1.6e+00 1.08e-01  1e-01  1e-01 4:01.4
  126   1890 1.588256014210188e-01 1.6e+00 1.07e-01  1e-01  1e-01 4:26.1
  132   1980 1.734591441281059e-01 1.6e+00 1.05e-01  1e-01  1e-01 4:53.8
  138   2070 1.324636354071720e-01 1.6e+00 1.00e-01  9e-02  1e-01 5:20.1
  143   2145 1.887979404858160e-01 1.6e+00 9.90e-02  9e-02  1e-01 5:48.8
  149   2235 1.365694453017002e-01 1.6e+00 9.75e-02  9e-02  1e-01 6:18.4
  154   2310 1.579269266906887e-01 1.6e+00 8.81e-02  8e-02  9e-02 6:50.3
  160   2400 1.213605872146045e-01 1.6e+00 8.54e-02  8e-02  9e-02 7:21.0
  165   2475 1.491928081757081e-01 1.6e+00 7.95e-02  7e-02  9e-02 7:54.5
  169   2535 1.179724627628732e-01 1.6e+00 7.64e-02  7e-02  8e-02 8:26.6
  173   2595 1.334107632245240e-01 1.6e+00 7.67e-02  7e-02  8e-02 9:01.4
  178   2670 1.288930564304034e-01 1.6e+00 7.41e-02  7e-02  8e-02 9:37.9
  185   2775 1.689057233114414e-01 1.6e+00 7.09e-02  7e-02  8e-02 10:12.2
  191   2865 1.399815603153275e-01 1.6e+00 7.11e-02  7e-02  8e-02 10:48.9
  196   2940 1.406287777481338e-01 1.7e+00 7.20e-02  7e-02  8e-02 11:25.6
  200   3000 1.325966960614388e-01 1.7e+00 7.17e-02  7e-02  8e-02 11:50.6
  206   3090 1.336296428891586e-01 1.7e+00 6.70e-02  6e-02  7e-02 12:27.6
[stop]
