0 [0/400] 1201.0904260348875
1 [0/400] 705.0609665440987
3 [0/400] 676.7766952966368
6 [0/400] 567.0710678118654
28 [0/400] 563.6396103067892
35 [0/400] 542.4264068711927
49 [0/400] 507.0710678118655
50 [1/400] 2.993368407414386
54 [3/400] 2.2229285344406122
57 [6/400] 1.8506261517427205
58 [7/400] 1.5196526186694423
68 [15/400] 0.9159545050174378
87 [33/400] 0.6207818776360667
90 [36/400] 0.5979838810973315
92 [38/400] 0.2962101626725972
96 [42/400] 0.272910299436365
100 [46/400] 0.272910299436365
104 [50/400] 0.24934780985463914
107 [53/400] 0.24923514877048997
114 [60/400] 0.22020619563583926
122 [68/400] 0.14710475158965622
125 [71/400] 0.14536338745767458
126 [72/400] 0.13820298360437105
155 [97/400] 0.1368775315010166
179 [119/400] 0.13621047925306407
200 [139/400] 0.13621047925306407
202 [141/400] 0.13529927578215822
205 [144/400] 0.1349638832827902
234 [171/400] 0.13370025381682393
246 [182/400] 0.13345615816216655
257 [193/400] 0.13234307499539935
261 [197/400] 0.12930454097815047
297 [233/400] 0.12659818314926902
299 [235/400] 0.12530280689315615
300 [236/400] 0.12530280689315615
301 [237/400] 0.12511073128754258
328 [264/400] 0.12480003540138004
333 [269/400] 0.1229555368418471
367 [301/400] 0.12287829661868753
400 [334/400] 0.12287829661868753
417 [350/400] 0.12257184423128525
418 [351/400] 0.10822463427584783
432 [365/400] 0.10818852892874262
442 [375/400] 0.10479060659820078
[stop]
