(6_w,12)-aCMA-ES (mu_w=3.7,w_1=40%) in dimension 20 (seed=6, Tue Jun 24 11:13:32 2025)
Iterat #Fevals   function value  axis ratio  sigma  min&max std  t[m:s]
    1     12 6.131370849898476e+02 1.0e+00 2.37e-01  2e-01  2e-01 0:00.3
    2     24 6.686368907520373e+02 1.1e+00 2.34e-01  2e-01  2e-01 0:00.6
    3     36 6.365976227159103e+02 1.2e+00 2.42e-01  2e-01  3e-01 0:00.8
   14    168 1.077217596001316e+00 1.5e+00 2.57e-01  2e-01  3e-01 0:04.4
   22    264 1.095917818163503e-01 1.6e+00 2.27e-01  2e-01  2e-01 0:09.2
   32    384 2.826333446842603e-01 1.8e+00 1.61e-01  1e-01  2e-01 0:14.8
   35    420 4.669909834910805e-01 1.8e+00 1.57e-01  1e-01  2e-01 0:22.1
   40    480 1.542656056167090e-01 1.8e+00 1.34e-01  1e-01  2e-01 0:31.1
   43    516 1.386715557145599e-01 1.8e+00 1.28e-01  1e-01  1e-01 0:39.5
   46    552 1.189533490660360e-01 1.8e+00 1.21e-01  1e-01  1e-01 0:49.1
   49    588 1.508969678145800e-01 1.9e+00 1.17e-01  1e-01  1e-01 0:59.8
   54    648 2.101348533410477e-01 1.9e+00 1.02e-01  8e-02  1e-01 1:11.4
   58    696 1.369706362591303e-01 1.9e+00 8.56e-02  7e-02  1e-01 1:26.3
   61    732 1.260725264932827e-01 2.0e+00 7.94e-02  7e-02  9e-02 1:40.8
   64    768 1.146856333736456e-01 2.1e+00 7.61e-02  6e-02  9e-02 1:56.2
   68    816 1.180402934701154e-01 2.2e+00 7.23e-02  6e-02  9e-02 2:12.2
   72    864 9.604654344453477e-02 2.3e+00 7.37e-02  6e-02  9e-02 2:31.2
   76    912 1.028600501726856e-01 2.3e+00 7.70e-02  6e-02  9e-02 2:48.5
   82    984 1.206957621273266e-01 2.4e+00 8.90e-02  7e-02  1e-01 3:11.9
   87   1044 1.181179100140064e-01 2.4e+00 7.41e-02  6e-02  9e-02 3:35.3
   91   1092 1.217614829909744e-01 2.5e+00 6.46e-02  5e-02  8e-02 4:00.4
[stop]
