(7_w,15)-aCMA-ES (mu_w=4.5,w_1=34%) in dimension 50 (seed=4, Fri May 23 16:55:38 2025)
Iterat #Fevals   function value  axis ratio  sigma  min&max std  t[m:s]
    1     15 6.368170855986425e+02 1.0e+00 2.37e-01  2e-01  2e-01 0:06.8
    2     30 7.022345596729059e+02 1.0e+00 2.31e-01  2e-01  2e-01 0:13.0
    3     45 6.094045225322041e+02 1.1e+00 2.27e-01  2e-01  2e-01 0:17.3
    4     60 5.694974746830584e+02 1.1e+00 2.25e-01  2e-01  2e-01 0:21.7
    5     75 6.339562313220223e+02 1.1e+00 2.22e-01  2e-01  2e-01 0:26.4
    6     90 6.083883476483185e+02 1.1e+00 2.19e-01  2e-01  2e-01 0:31.4
    8    120 6.378858223313769e+02 1.1e+00 2.22e-01  2e-01  2e-01 0:40.4
   10    150 5.677603636767423e+02 1.2e+00 2.23e-01  2e-01  2e-01 0:49.6
   12    180 5.282842712474619e+02 1.2e+00 2.22e-01  2e-01  2e-01 0:58.8
   14    210 5.212132034355964e+02 1.2e+00 2.17e-01  2e-01  2e-01 1:07.9
   17    255 5.353553390593274e+02 1.2e+00 2.15e-01  2e-01  2e-01 1:20.9
   20    300 5.070710678118655e+02 1.3e+00 2.22e-01  2e-01  2e-01 1:34.5
   23    345 5.141421356237310e+02 1.3e+00 2.22e-01  2e-01  2e-01 1:47.0
   27    405 5.070710678118655e+02 1.3e+00 2.20e-01  2e-01  2e-01 2:00.0
   31    465 5.707106781186548e+02 1.4e+00 2.26e-01  2e-01  2e-01 2:15.4
   35    525 5.114222574565837e+01 1.4e+00 2.29e-01  2e-01  2e-01 2:34.3
   39    585 1.041439605752778e+00 1.4e+00 2.28e-01  2e-01  2e-01 2:52.0
   44    660 5.070710678118655e+02 1.5e+00 2.30e-01  2e-01  2e-01 3:11.8
   49    735 5.424264068711929e+02 1.5e+00 2.30e-01  2e-01  2e-01 3:33.0
   54    810 5.141421356237310e+02 1.5e+00 2.24e-01  2e-01  2e-01 3:54.4
   59    885 5.353553390593273e+02 1.5e+00 2.25e-01  2e-01  2e-01 4:17.1
   64    960 7.523531970593421e-01 1.5e+00 2.07e-01  2e-01  2e-01 4:39.3
   70   1050 5.212132034355965e+02 1.5e+00 1.88e-01  2e-01  2e-01 5:03.4
   76   1140 2.831613973386053e+00 1.5e+00 1.70e-01  2e-01  2e-01 5:28.8
   83   1245 5.141421356237310e+02 1.6e+00 1.77e-01  2e-01  2e-01 5:56.3
   89   1335 5.141421356237310e+02 1.6e+00 1.80e-01  2e-01  2e-01 6:21.7
   96   1440 2.175063186089795e+01 1.6e+00 1.84e-01  2e-01  2e-01 6:50.3
  100   1500 4.825934221914157e+00 1.6e+00 1.79e-01  2e-01  2e-01 7:06.2
  107   1605 5.070710678118655e+02 1.6e+00 1.69e-01  2e-01  2e-01 7:37.5
  114   1710 5.070710678118655e+02 1.7e+00 1.63e-01  2e-01  2e-01 8:08.5
  121   1815 5.141421356237310e+02 1.6e+00 1.55e-01  1e-01  2e-01 8:39.7
  129   1935 5.141421356237310e+02 1.7e+00 1.44e-01  1e-01  2e-01 9:13.5
  136   2040 7.357438592798225e+00 1.7e+00 1.28e-01  1e-01  1e-01 9:49.6
  142   2130 1.461061044241317e+00 1.7e+00 1.18e-01  1e-01  1e-01 10:23.4
  149   2235 1.933550932673992e+00 1.7e+00 1.11e-01  1e-01  1e-01 10:59.2
  155   2325 5.205799360807752e-01 1.7e+00 1.07e-01  1e-01  1e-01 11:37.1
  160   2400 4.376131027746627e-01 1.7e+00 9.84e-02  9e-02  1e-01 12:15.1
  166   2490 1.538076912236776e-01 1.7e+00 9.87e-02  9e-02  1e-01 12:58.4
  172   2580 1.803010175097757e-01 1.7e+00 1.01e-01  9e-02  1e-01 13:40.6
  178   2670 2.017208715510031e-01 1.7e+00 9.75e-02  9e-02  1e-01 14:21.1
  184   2760 1.865167860252211e-01 1.8e+00 9.29e-02  9e-02  1e-01 15:06.5
  190   2850 2.274118227520833e-01 1.7e+00 8.95e-02  8e-02  1e-01 15:53.2
  196   2940 2.160073586161517e-01 1.8e+00 8.29e-02  8e-02  9e-02 16:36.5
  200   3000 1.742556045729924e-01 1.8e+00 7.89e-02  7e-02  8e-02 17:06.1
  205   3075 1.293404540701313e-01 1.8e+00 7.02e-02  6e-02  7e-02 17:53.1
  210   3150 1.232842790911609e-01 1.8e+00 6.69e-02  6e-02  7e-02 18:41.4
  215   3225 1.258557002693001e-01 1.8e+00 6.20e-02  6e-02  7e-02 19:28.8
  220   3300 1.244444570183785e-01 1.8e+00 6.08e-02  6e-02  6e-02 20:16.5
  226   3390 1.055310538939141e-01 1.8e+00 5.84e-02  5e-02  6e-02 21:12.5
  232   3480 1.064092483840047e-01 1.8e+00 5.60e-02  5e-02  6e-02 22:08.1
  238   3570 1.130021620771592e-01 1.8e+00 5.12e-02  5e-02  5e-02 23:06.1
  243   3645 9.870470688684033e-02 1.8e+00 4.72e-02  4e-02  5e-02 23:58.7
  248   3720 1.064036431680382e-01 1.8e+00 4.72e-02  4e-02  5e-02 24:53.0
  253   3795 1.072998150072973e-01 1.8e+00 4.91e-02  4e-02  5e-02 25:47.4
  259   3885 1.095743117165718e-01 1.8e+00 4.66e-02  4e-02  5e-02 26:49.4
  264   3960 1.031167684454903e-01 1.8e+00 4.50e-02  4e-02  5e-02 27:46.9
  270   4050 1.056854549705144e-01 1.8e+00 4.21e-02  4e-02  4e-02 28:50.4
  276   4140 9.957133277570632e-02 1.8e+00 4.01e-02  4e-02  4e-02 29:54.9
  282   4230 1.005140382684282e-01 1.8e+00 3.97e-02  3e-02  4e-02 30:55.8
  288   4320 9.448814842383332e-02 1.8e+00 3.86e-02  3e-02  4e-02 31:55.2
  294   4410 9.443240112401607e-02 1.8e+00 3.65e-02  3e-02  4e-02 32:57.8
  300   4500 1.021148769908102e-01 1.8e+00 3.44e-02  3e-02  4e-02 33:49.9
  307   4605 1.004413992432362e-01 1.9e+00 3.22e-02  3e-02  3e-02 34:54.9
  314   4710 9.524803091204634e-02 1.9e+00 2.74e-02  2e-02  3e-02 36:04.8
  320   4800 9.107342769354443e-02 1.9e+00 2.53e-02  2e-02  3e-02 37:10.1
  326   4890 9.097634110036797e-02 1.9e+00 2.42e-02  2e-02  3e-02 38:17.5
  332   4980 9.007853644577454e-02 1.9e+00 2.27e-02  2e-02  2e-02 39:24.5
  339   5085 9.133445699452870e-02 1.9e+00 2.17e-02  2e-02  2e-02 40:42.0
  345   5175 9.060068916824653e-02 1.9e+00 2.04e-02  2e-02  2e-02 41:50.9
  351   5265 9.089744557433282e-02 1.8e+00 1.87e-02  2e-02  2e-02 43:00.9
  357   5355 9.109177964214862e-02 1.8e+00 1.73e-02  1e-02  2e-02 44:11.3
  365   5475 8.953659086757765e-02 1.8e+00 1.61e-02  1e-02  2e-02 45:26.4
  374   5610 8.831222698723074e-02 1.9e+00 1.70e-02  1e-02  2e-02 46:39.5
  382   5730 8.678744110134898e-02 1.9e+00 1.53e-02  1e-02  2e-02 48:03.5
  390   5850 8.749851269292951e-02 1.9e+00 1.26e-02  1e-02  1e-02 49:19.7
  400   6000 8.707349970118461e-02 1.9e+00 1.15e-02  1e-02  1e-02 50:23.8
  412   6180 8.625379048171682e-02 2.0e+00 1.04e-02  9e-03  1e-02 51:41.3
  423   6345 8.488675718234076e-02 2.0e+00 9.52e-03  8e-03  1e-02 53:02.1
  433   6495 8.512282396952653e-02 2.0e+00 1.02e-02  8e-03  1e-02 54:31.3
  441   6615 8.405456628329075e-02 2.0e+00 1.12e-02  9e-03  1e-02 56:01.2
  449   6735 8.474676537483615e-02 2.0e+00 1.13e-02  9e-03  1e-02 57:27.5
  457   6855 8.370940899578332e-02 2.0e+00 9.69e-03  8e-03  1e-02 58:54.7
  465   6975 8.373233270660689e-02 2.0e+00 9.67e-03  8e-03  1e-02 60:19.3
  473   7095 8.326476156124431e-02 2.1e+00 9.49e-03  8e-03  1e-02 61:48.5
  481   7215 8.324475919096123e-02 2.1e+00 8.11e-03  7e-03  8e-03 63:18.5
  490   7350 8.338971350830023e-02 2.1e+00 7.61e-03  6e-03  8e-03 64:52.6
  498   7470 8.176538057306627e-02 2.1e+00 7.74e-03  6e-03  8e-03 66:22.4
  500   7500 8.292401160041010e-02 2.1e+00 7.86e-03  6e-03  8e-03 66:44.6
  509   7635 8.267463673172414e-02 2.1e+00 8.07e-03  6e-03  9e-03 68:19.6
  517   7755 8.234691869684732e-02 2.1e+00 7.85e-03  6e-03  8e-03 69:55.5
  525   7875 8.215204516693861e-02 2.1e+00 7.76e-03  6e-03  8e-03 71:30.8
  534   8010 8.165250854874920e-02 2.1e+00 6.92e-03  5e-03  7e-03 73:11.6
  543   8145 8.214704880969821e-02 2.2e+00 6.42e-03  5e-03  7e-03 74:49.1
  556   8340 8.145794619590173e-02 2.2e+00 6.19e-03  5e-03  7e-03 76:24.8
[stop]
