(5_w,10)-aCMA-ES (mu_w=3.2,w_1=45%) in dimension 10 (seed=2, Tue Jun 24 08:07:31 2025)
Iterat #Fevals   function value  axis ratio  sigma  min&max std  t[m:s]
    1     10 6.712533025558641e+02 1.0e+00 2.35e-01  2e-01  2e-01 0:00.0
    2     20 5.520000000000000e+02 1.2e+00 2.59e-01  2e-01  3e-01 0:00.1
    3     30 5.520000000000000e+02 1.3e+00 2.87e-01  3e-01  3e-01 0:00.1
   15    150 5.520000000000000e+02 1.7e+00 2.07e-01  2e-01  2e-01 0:00.7
termination on tolflatfitness=1 (Tue Jun 24 08:07:31 2025)
final/bestever f-value = 5.520000e+02 5.520000e+02
incumbent solution: [0.0119014  0.86781351 0.04212747 0.88970161 0.99825032 0.00566248
 0.01210287 0.99746276 ...]
std deviations: [0.18459116 0.23591923 0.1938451  0.19459416 0.18483391 0.19663366
 0.1809167  0.18451507 ...]
(10_w,21)-aCMA-ES (mu_w=6.2,w_1=27%) in dimension 10 (seed=3, Tue Jun 24 08:07:31 2025)
Iterat #Fevals   function value  axis ratio  sigma  min&max std  t[m:s]
    1    172 6.328533025558642e+02 1.0e+00 2.54e-01  2e-01  3e-01 0:00.1
    2    193 6.060660171779822e+02 1.3e+00 2.78e-01  3e-01  3e-01 0:00.2
    3    214 7.577225297788130e-01 1.5e+00 3.37e-01  3e-01  4e-01 0:01.0
    7    298 7.577225297788130e-01 1.7e+00 4.28e-01  4e-01  4e-01 0:04.1
   11    382 7.577225297788130e-01 1.9e+00 4.07e-01  3e-01  4e-01 0:08.9
   13    424 7.577225297788130e-01 1.9e+00 3.45e-01  3e-01  3e-01 0:19.7
   14    445 7.577225297788130e-01 1.8e+00 2.98e-01  2e-01  3e-01 0:26.7
   15    466 7.577225297788130e-01 1.9e+00 2.74e-01  2e-01  3e-01 0:34.7
   16    487 7.577225297788130e-01 1.9e+00 2.55e-01  2e-01  2e-01 0:47.2
   17    508 7.577225297788130e-01 1.9e+00 2.41e-01  2e-01  2e-01 0:58.6
termination on tolflatfitness=1 after 1 restart (Tue Jun 24 08:08:31 2025)
final/bestever f-value = 7.577225e-01 7.577225e-01
incumbent solution: [7.91563376e-02 9.74594656e-01 2.76313408e-04 9.98952681e-01
 7.25561851e-02 9.99994769e-01 1.29562246e-02 9.56228601e-01 ...]
std deviations: [0.19631633 0.21595323 0.21016731 0.18171216 0.20002903 0.21690242
 0.22810402 0.17784905 ...]
(5_w,10)-aCMA-ES (mu_w=3.2,w_1=45%) in dimension 10 (seed=4, Tue Jun 24 08:08:31 2025)
Iterat #Fevals   function value  axis ratio  sigma  min&max std  t[m:s]
    1    519 7.789265136196270e+02 1.0e+00 7.29e-02  7e-02  7e-02 0:00.1
    2    529 7.789265136196270e+02 1.1e+00 6.76e-02  6e-02  7e-02 0:00.1
    3    539 7.789265136196270e+02 1.2e+00 6.18e-02  6e-02  6e-02 0:00.2
    5    559 7.789265136196270e+02 1.4e+00 5.66e-02  5e-02  6e-02 0:00.2
termination on tolflatfitness=1 after 2 restarts (Tue Jun 24 08:08:31 2025)
final/bestever f-value = 7.789265e+02 7.577225e-01
incumbent solution: [0.60014791 0.30813718 0.41952193 0.66439035 0.67836923 0.1269397
 0.71784911 0.06781821 ...]
std deviations: [0.05216275 0.05463899 0.05671775 0.05761827 0.05427135 0.0550238
 0.05440625 0.05755877 ...]
(5_w,11)-aCMA-ES (mu_w=3.4,w_1=42%) in dimension 10 (seed=5, Tue Jun 24 08:08:31 2025)
Iterat #Fevals   function value  axis ratio  sigma  min&max std  t[m:s]
    1    571 8.702629134504402e+02 1.0e+00 1.02e-02  1e-02  1e-02 0:00.1
termination on tolfun=1e-06 after 3 restarts (Tue Jun 24 08:08:31 2025)
final/bestever f-value = 8.702629e+02 7.577225e-01
incumbent solution: [0.1209808  0.56170591 0.63367353 0.12639454 0.3284883  0.70799792
 0.20563567 0.71470103 ...]
std deviations: [0.00978504 0.01013679 0.01039991 0.01008473 0.01017543 0.01020975
 0.0101743  0.01005184 ...]
(6_w,13)-aCMA-ES (mu_w=4.0,w_1=38%) in dimension 10 (seed=6, Tue Jun 24 08:08:31 2025)
Iterat #Fevals   function value  axis ratio  sigma  min&max std  t[m:s]
    1    585 7.503370849898475e+02 1.0e+00 2.08e-01  2e-01  2e-01 0:00.1
    2    598 6.736660171779822e+02 1.2e+00 2.08e-01  2e-01  2e-01 0:00.2
    3    611 6.131370849898476e+02 1.3e+00 2.05e-01  2e-01  2e-01 0:00.2
   14    754 6.131370849898476e+02 1.8e+00 1.76e-01  1e-01  2e-01 0:01.1
termination on maxiter=13.76923076923077 after 4 restarts (Tue Jun 24 08:08:32 2025)
final/bestever f-value = 6.131371e+02 7.577225e-01
incumbent solution: [0.6786793  0.95593573 0.88274795 0.1722657  0.03083756 0.03189671
 0.95598412 0.18224968 ...]
std deviations: [0.1579523  0.1922976  0.15208891 0.16351231 0.16813699 0.15406107
 0.18492314 0.1838768  ...]
(21_w,43)-aCMA-ES (mu_w=12.1,w_1=15%) in dimension 10 (seed=7, Tue Jun 24 08:08:32 2025)
Iterat #Fevals   function value  axis ratio  sigma  min&max std  t[m:s]
    1    798 6.248660171779821e+02 1.0e+00 2.77e-01  3e-01  3e-01 0:00.2
    2    841 6.248660171779821e+02 1.3e+00 3.40e-01  3e-01  4e-01 0:00.5
    3    884 5.948000000000000e+02 1.4e+00 3.75e-01  3e-01  4e-01 0:00.9
   12   1271 7.577225297788130e-01 2.7e+00 5.28e-01  3e-01  6e-01 0:05.4
   15   1400 7.577225297788130e-01 3.1e+00 4.99e-01  3e-01  5e-01 0:10.9
   16   1443 7.577225297788130e-01 3.1e+00 4.43e-01  3e-01  4e-01 0:19.5
   17   1486 7.577225297788130e-01 3.0e+00 4.05e-01  2e-01  4e-01 0:28.3
   18   1529 7.577225297788130e-01 2.9e+00 3.97e-01  2e-01  4e-01 0:38.9
   20   1615 7.577225297788130e-01 2.6e+00 3.13e-01  2e-01  3e-01 1:07.1
[stop]
