0 [0/1000] 724.776695296637
5 [0/1000] 653.6528137423857
10 [0/1000] 600.0
42 [0/1000] 549.0341649025257
jitter = 1e-07
jitter = 1e-06
jitter = 1e-07
jitter = 1e-06
jitter = 1e-07
jitter = 1e-06
jitter = 9.999999999999999e-06
jitter = 1e-07
jitter = 1e-06
jitter = 9.999999999999999e-06
jitter = 1e-07
jitter = 1e-06
jitter = 9.999999999999999e-06
jitter = 1e-07
jitter = 1e-06
jitter = 9.999999999999999e-06
jitter = 1e-07
jitter = 1e-06
jitter = 9.999999999999999e-06
jitter = 1e-07
jitter = 1e-06
jitter = 9.999999999999999e-06
jitter = 1e-07
jitter = 1e-06
jitter = 9.999999999999999e-06
jitter = 1e-07
jitter = 1e-06
jitter = 9.999999999999999e-06
jitter = 1e-07
jitter = 1e-06
jitter = 9.999999999999999e-06
jitter = 1e-07
jitter = 1e-06
jitter = 9.999999999999999e-06
jitter = 1e-07
jitter = 1e-06
jitter = 9.999999999999999e-06
jitter = 1e-07
jitter = 1e-06
jitter = 9.999999999999999e-06
jitter = 1e-07
jitter = 1e-06
jitter = 9.999999999999999e-06
jitter = 1e-07
jitter = 1e-06
jitter = 9.999999999999999e-06
jitter = 1e-07
jitter = 1e-06
jitter = 9.999999999999999e-06
jitter = 1e-07
jitter = 1e-06
jitter = 9.999999999999999e-06
jitter = 1e-07
jitter = 1e-06
jitter = 9.999999999999999e-06
jitter = 1e-07
jitter = 1e-06
jitter = 9.999999999999999e-06
jitter = 1e-07
jitter = 1e-06
jitter = 1e-07
jitter = 1e-06
jitter = 1e-07
jitter = 1e-06
jitter = 1e-07
jitter = 1e-06
jitter = 9.999999999999999e-06
jitter = 1e-07
jitter = 1e-06
jitter = 1e-07
jitter = 1e-06
jitter = 1e-07
jitter = 1e-06
jitter = 9.999999999999999e-06
jitter = 1e-07
jitter = 1e-06
jitter = 1e-07
jitter = 1e-06
jitter = 1e-07
jitter = 1e-06
jitter = 1e-07
jitter = 1e-06
jitter = 9.999999999999999e-06
jitter = 1e-07
jitter = 1e-06
jitter = 1e-07
jitter = 1e-06
jitter = 9.999999999999999e-06
jitter = 1e-07
jitter = 1e-06
jitter = 9.999999999999999e-06
jitter = 1e-07
jitter = 1e-06
jitter = 9.999999999999999e-06
jitter = 1e-07
jitter = 1e-06
jitter = 9.999999999999999e-06
jitter = 1e-07
jitter = 1e-06
jitter = 9.999999999999999e-06
jitter = 9.999999999999999e-05
jitter = 1e-07
jitter = 1e-06
jitter = 9.999999999999999e-06
jitter = 1e-07
jitter = 1e-06
jitter = 9.999999999999999e-06
jitter = 1e-07
jitter = 1e-06
jitter = 9.999999999999999e-06
jitter = 1e-07
jitter = 1e-06
jitter = 9.999999999999999e-06
jitter = 1e-07
jitter = 1e-07
jitter = 1e-06
jitter = 1e-07
jitter = 1e-06
jitter = 1e-07
jitter = 1e-06
jitter = 1e-07
jitter = 1e-06
jitter = 9.999999999999999e-06
jitter = 1e-07
jitter = 1e-06
jitter = 9.999999999999999e-06
jitter = 1e-07
jitter = 1e-06
jitter = 9.999999999999999e-06
jitter = 1e-07
jitter = 1e-06
jitter = 9.999999999999999e-06
jitter = 1e-07
jitter = 1e-06
jitter = 9.999999999999999e-06
jitter = 1e-07
jitter = 1e-06
jitter = 9.999999999999999e-06
jitter = 1e-07
jitter = 1e-06
jitter = 9.999999999999999e-06
jitter = 1e-07
jitter = 1e-06
jitter = 9.999999999999999e-06
jitter = 1e-07
jitter = 1e-06
jitter = 9.999999999999999e-06
jitter = 1e-07
jitter = 1e-06
jitter = 9.999999999999999e-06
jitter = 9.999999999999999e-05
jitter = 1e-07
jitter = 1e-06
jitter = 9.999999999999999e-06
jitter = 9.999999999999999e-05
jitter = 1e-07
jitter = 1e-06
jitter = 9.999999999999999e-06
jitter = 1e-07
jitter = 1e-06
jitter = 9.999999999999999e-06
jitter = 9.999999999999999e-05
jitter = 1e-07
jitter = 1e-06
jitter = 9.999999999999999e-06
jitter = 9.999999999999999e-05
jitter = 1e-07
jitter = 1e-06
jitter = 9.999999999999999e-06
jitter = 9.999999999999999e-05
jitter = 1e-07
jitter = 1e-06
jitter = 9.999999999999999e-06
jitter = 9.999999999999999e-05
jitter = 1e-07
jitter = 1e-06
jitter = 9.999999999999999e-06
jitter = 1e-07
jitter = 1e-06
jitter = 9.999999999999999e-06
jitter = 1e-07
jitter = 1e-06
jitter = 9.999999999999999e-06
jitter = 1e-07
jitter = 1e-06
jitter = 9.999999999999999e-06
jitter = 1e-07
jitter = 1e-06
jitter = 9.999999999999999e-06
jitter = 1e-07
jitter = 1e-06
jitter = 9.999999999999999e-06
jitter = 1e-07
jitter = 1e-06
jitter = 9.999999999999999e-06
jitter = 1e-07
jitter = 1e-06
jitter = 9.999999999999999e-06
jitter = 1e-07
jitter = 1e-06
jitter = 9.999999999999999e-06
jitter = 1e-07
jitter = 1e-06
jitter = 9.999999999999999e-06
jitter = 1e-07
jitter = 1e-06
jitter = 1e-07
jitter = 1e-06
jitter = 1e-07
jitter = 1e-06
jitter = 9.999999999999999e-06
jitter = 1e-07
jitter = 1e-06
jitter = 1e-07
jitter = 1e-06
jitter = 1e-07
jitter = 1e-06
jitter = 9.999999999999999e-06
jitter = 1e-07
jitter = 1e-06
jitter = 9.999999999999999e-06
jitter = 1e-07
jitter = 1e-06
jitter = 9.999999999999999e-06
jitter = 1e-07
jitter = 1e-06
jitter = 9.999999999999999e-06
jitter = 1e-07
jitter = 1e-06
jitter = 9.999999999999999e-06
jitter = 1e-07
jitter = 1e-06
jitter = 9.999999999999999e-06
jitter = 1e-07
jitter = 1e-06
jitter = 9.999999999999999e-06
jitter = 1e-07
jitter = 1e-06
jitter = 9.999999999999999e-06
jitter = 9.999999999999999e-05
jitter = 1e-07
jitter = 1e-06
jitter = 9.999999999999999e-06
jitter = 1e-07
jitter = 1e-06
jitter = 9.999999999999999e-06
jitter = 1e-07
jitter = 1e-06
jitter = 9.999999999999999e-06
jitter = 1e-07
jitter = 1e-06
jitter = 9.999999999999999e-06
jitter = 9.999999999999999e-05
jitter = 1e-07
jitter = 1e-06
jitter = 9.999999999999999e-06
jitter = 9.999999999999999e-05
jitter = 1e-07
jitter = 1e-06
jitter = 9.999999999999999e-06
jitter = 9.999999999999999e-05
jitter = 1e-07
jitter = 1e-06
jitter = 9.999999999999999e-06
jitter = 1e-07
jitter = 1e-06
jitter = 9.999999999999999e-06
jitter = 9.999999999999999e-05
jitter = 1e-07
jitter = 1e-06
jitter = 9.999999999999999e-06
jitter = 9.999999999999999e-05
jitter = 1e-07
jitter = 1e-06
jitter = 9.999999999999999e-06
jitter = 9.999999999999999e-05
jitter = 1e-07
jitter = 1e-06
jitter = 9.999999999999999e-06
jitter = 1e-07
jitter = 1e-06
jitter = 9.999999999999999e-06
jitter = 1e-07
jitter = 1e-06
jitter = 9.999999999999999e-06
jitter = 9.999999999999999e-05
jitter = 1e-07
jitter = 1e-06
jitter = 9.999999999999999e-06
jitter = 9.999999999999999e-05
jitter = 1e-07
jitter = 1e-06
jitter = 9.999999999999999e-06
jitter = 9.999999999999999e-05
jitter = 1e-07
jitter = 1e-06
jitter = 9.999999999999999e-06
jitter = 9.999999999999999e-05
jitter = 1e-07
jitter = 1e-06
jitter = 9.999999999999999e-06
jitter = 9.999999999999999e-05
jitter = 1e-07
jitter = 1e-06
jitter = 1e-07
jitter = 1e-06
jitter = 1e-07
jitter = 1e-06
jitter = 1e-07
jitter = 1e-06
jitter = 1e-07
jitter = 1e-06
jitter = 1e-07
jitter = 1e-06
jitter = 1e-07
jitter = 1e-06
jitter = 1e-07
jitter = 1e-06
jitter = 9.999999999999999e-06
jitter = 1e-07
jitter = 1e-06
jitter = 1e-07
jitter = 1e-06
jitter = 9.999999999999999e-06
jitter = 1e-07
jitter = 1e-06
jitter = 9.999999999999999e-06
jitter = 1e-07
jitter = 1e-06
jitter = 9.999999999999999e-06
jitter = 1e-07
jitter = 1e-06
jitter = 9.999999999999999e-06
jitter = 1e-07
jitter = 1e-06
jitter = 9.999999999999999e-06
jitter = 1e-07
jitter = 1e-06
jitter = 9.999999999999999e-06
jitter = 1e-07
jitter = 1e-06
jitter = 9.999999999999999e-06
jitter = 1e-07
jitter = 1e-06
jitter = 9.999999999999999e-06
jitter = 1e-07
jitter = 1e-06
jitter = 9.999999999999999e-06
jitter = 9.999999999999999e-05
jitter = 1e-07
jitter = 1e-06
jitter = 9.999999999999999e-06
jitter = 1e-07
jitter = 1e-06
jitter = 9.999999999999999e-06
jitter = 9.999999999999999e-05
jitter = 1e-07
jitter = 1e-06
jitter = 9.999999999999999e-06
jitter = 9.999999999999999e-05
jitter = 1e-07
jitter = 1e-06
jitter = 9.999999999999999e-06
jitter = 9.999999999999999e-05
jitter = 1e-07
jitter = 1e-06
jitter = 9.999999999999999e-06
jitter = 9.999999999999999e-05
jitter = 1e-07
jitter = 1e-06
jitter = 1e-07
jitter = 1e-06
jitter = 1e-07
jitter = 1e-06
jitter = 1e-07
jitter = 1e-06
jitter = 1e-07
jitter = 1e-06
jitter = 1e-07
jitter = 1e-06
jitter = 1e-07
jitter = 1e-06
jitter = 1e-07
jitter = 1e-06
jitter = 9.999999999999999e-06
jitter = 1e-07
jitter = 1e-06
jitter = 9.999999999999999e-06
jitter = 1e-07
jitter = 1e-06
jitter = 9.999999999999999e-06
jitter = 1e-07
jitter = 1e-06
jitter = 9.999999999999999e-06
jitter = 1e-07
jitter = 1e-06
jitter = 9.999999999999999e-06
jitter = 1e-07
jitter = 1e-06
jitter = 9.999999999999999e-06
jitter = 1e-07
jitter = 1e-06
jitter = 9.999999999999999e-06
jitter = 1e-07
jitter = 1e-06
jitter = 9.999999999999999e-06
jitter = 1e-07
jitter = 1e-06
jitter = 9.999999999999999e-06
jitter = 1e-07
jitter = 1e-06
jitter = 9.999999999999999e-06
jitter = 1e-07
jitter = 1e-06
jitter = 9.999999999999999e-06
jitter = 1e-07
jitter = 1e-06
jitter = 9.999999999999999e-06
jitter = 1e-07
jitter = 1e-06
jitter = 9.999999999999999e-06
jitter = 1e-07
jitter = 1e-06
jitter = 9.999999999999999e-06
jitter = 1e-07
jitter = 1e-06
jitter = 9.999999999999999e-06
jitter = 9.999999999999999e-05
jitter = 1e-07
jitter = 1e-06
jitter = 9.999999999999999e-06
jitter = 1e-07
jitter = 1e-06
jitter = 9.999999999999999e-06
jitter = 1e-07
jitter = 1e-06
jitter = 9.999999999999999e-06
jitter = 9.999999999999999e-05
jitter = 1e-07
jitter = 1e-06
jitter = 9.999999999999999e-06
jitter = 1e-07
jitter = 1e-06
jitter = 9.999999999999999e-06
jitter = 9.999999999999999e-05
jitter = 1e-07
jitter = 1e-06
jitter = 9.999999999999999e-06
jitter = 9.999999999999999e-05
jitter = 1e-07
jitter = 1e-06
jitter = 9.999999999999999e-06
jitter = 9.999999999999999e-05
jitter = 1e-07
jitter = 1e-06
jitter = 9.999999999999999e-06
jitter = 1e-07
jitter = 1e-06
jitter = 9.999999999999999e-06
jitter = 1e-07
jitter = 1e-06
jitter = 9.999999999999999e-06
jitter = 9.999999999999999e-05
jitter = 1e-07
jitter = 1e-06
jitter = 9.999999999999999e-06
jitter = 1e-07
jitter = 1e-06
jitter = 9.999999999999999e-06
jitter = 9.999999999999999e-05
jitter = 1e-07
jitter = 1e-06
jitter = 9.999999999999999e-06
jitter = 9.999999999999999e-05
jitter = 1e-07
jitter = 1e-06
jitter = 9.999999999999999e-06
jitter = 1e-07
jitter = 1e-06
jitter = 9.999999999999999e-06
jitter = 1e-07
jitter = 1e-06
jitter = 9.999999999999999e-06
jitter = 9.999999999999999e-05
jitter = 1e-07
jitter = 1e-06
jitter = 9.999999999999999e-06
jitter = 9.999999999999999e-05
jitter = 1e-07
jitter = 1e-06
jitter = 9.999999999999999e-06
jitter = 1e-07
jitter = 1e-06
jitter = 1e-07
jitter = 1e-06
jitter = 1e-07
jitter = 1e-06
jitter = 1e-07
jitter = 1e-06
jitter = 1e-07
jitter = 1e-06
jitter = 1e-07
jitter = 1e-06
jitter = 1e-07
jitter = 1e-06
jitter = 1e-07
jitter = 1e-06
jitter = 1e-07
jitter = 1e-06
jitter = 1e-07
jitter = 1e-06
jitter = 9.999999999999999e-06
jitter = 1e-07
jitter = 1e-06
jitter = 1e-07
jitter = 1e-06
jitter = 9.999999999999999e-06
jitter = 1e-07
jitter = 1e-06
jitter = 9.999999999999999e-06
jitter = 1e-07
jitter = 1e-06
jitter = 1e-07
jitter = 1e-06
jitter = 1e-07
jitter = 1e-06
jitter = 1e-07
jitter = 1e-06
jitter = 1e-07
jitter = 1e-06
jitter = 1e-07
jitter = 1e-06
jitter = 9.999999999999999e-06
jitter = 1e-07
jitter = 1e-06
jitter = 9.999999999999999e-06
jitter = 1e-07
jitter = 1e-06
jitter = 9.999999999999999e-06
jitter = 1e-07
jitter = 1e-06
jitter = 9.999999999999999e-06
jitter = 1e-07
jitter = 1e-06
jitter = 9.999999999999999e-06
jitter = 1e-07
jitter = 1e-06
jitter = 9.999999999999999e-06
jitter = 1e-07
jitter = 1e-06
jitter = 9.999999999999999e-06
64 [0/1000] 547.4341649025257
jitter = 1e-07
jitter = 1e-06
jitter = 9.999999999999999e-06
jitter = 1e-07
jitter = 1e-06
jitter = 1e-07
jitter = 1e-06
jitter = 1e-07
jitter = 1e-07
jitter = 1e-06
jitter = 1e-07
jitter = 1e-06
jitter = 1e-07
jitter = 1e-06
jitter = 1e-07
jitter = 1e-06
jitter = 1e-07
jitter = 1e-06
jitter = 1e-07
jitter = 1e-06
jitter = 1e-07
jitter = 1e-06
jitter = 1e-07
jitter = 1e-07
jitter = 1e-06
jitter = 1e-07
jitter = 1e-06
jitter = 1e-07
jitter = 1e-06
jitter = 9.999999999999999e-06
jitter = 1e-07
jitter = 1e-06
jitter = 9.999999999999999e-06
jitter = 1e-07
jitter = 1e-06
jitter = 9.999999999999999e-06
jitter = 1e-07
jitter = 1e-06
jitter = 1e-07
jitter = 1e-07
jitter = 1e-07
jitter = 1e-06
jitter = 1e-07
jitter = 1e-06
jitter = 1e-07
jitter = 1e-06
jitter = 1e-07
jitter = 1e-06
jitter = 1e-07
jitter = 1e-06
jitter = 1e-07
jitter = 1e-06
jitter = 1e-07
jitter = 1e-07
jitter = 1e-06
jitter = 9.999999999999999e-06
jitter = 1e-07
jitter = 1e-06
jitter = 1e-07
jitter = 1e-06
jitter = 9.999999999999999e-06
jitter = 1e-07
jitter = 1e-06
jitter = 1e-07
jitter = 1e-07
jitter = 1e-06
jitter = 1e-07
jitter = 1e-06
jitter = 1e-07
jitter = 1e-06
jitter = 1e-07
jitter = 1e-07
jitter = 1e-07
jitter = 1e-06
jitter = 1e-07
jitter = 1e-06
jitter = 1e-07
jitter = 1e-06
jitter = 1e-07
jitter = 1e-06
jitter = 9.999999999999999e-06
jitter = 1e-07
jitter = 1e-06
jitter = 1e-07
jitter = 1e-06
jitter = 9.999999999999999e-06
jitter = 1e-07
jitter = 1e-06
jitter = 1e-07
jitter = 1e-06
jitter = 9.999999999999999e-06
jitter = 1e-07
jitter = 1e-06
jitter = 1e-07
jitter = 1e-06
jitter = 1e-07
jitter = 1e-06
jitter = 9.999999999999999e-06
jitter = 1e-07
jitter = 1e-06
jitter = 9.999999999999999e-06
jitter = 1e-07
jitter = 1e-06
jitter = 9.999999999999999e-06
jitter = 1e-07
jitter = 1e-06
jitter = 1e-07
jitter = 1e-06
jitter = 9.999999999999999e-06
jitter = 1e-07
jitter = 1e-06
jitter = 1e-07
jitter = 1e-06
jitter = 9.999999999999999e-06
jitter = 1e-07
jitter = 1e-06
jitter = 9.999999999999999e-06
jitter = 1e-07
jitter = 1e-06
jitter = 1e-07
jitter = 1e-06
jitter = 9.999999999999999e-06
jitter = 1e-07
jitter = 1e-06
jitter = 1e-07
jitter = 1e-06
jitter = 9.999999999999999e-06
jitter = 1e-07
jitter = 1e-06
jitter = 9.999999999999999e-06
jitter = 1e-07
jitter = 1e-06
jitter = 9.999999999999999e-06
jitter = 1e-07
jitter = 1e-06
jitter = 9.999999999999999e-06
jitter = 1e-07
jitter = 1e-06
jitter = 9.999999999999999e-06
jitter = 1e-07
jitter = 1e-06
jitter = 9.999999999999999e-06
jitter = 1e-07
jitter = 1e-06
jitter = 9.999999999999999e-06
jitter = 1e-07
jitter = 1e-06
jitter = 9.999999999999999e-06
jitter = 1e-07
jitter = 1e-06
jitter = 9.999999999999999e-06
jitter = 1e-07
jitter = 1e-06
jitter = 9.999999999999999e-06
jitter = 1e-07
jitter = 1e-06
jitter = 9.999999999999999e-06
jitter = 1e-07
jitter = 1e-06
jitter = 9.999999999999999e-06
jitter = 1e-07
jitter = 1e-06
jitter = 9.999999999999999e-06
jitter = 1e-07
jitter = 1e-06
jitter = 9.999999999999999e-06
jitter = 1e-07
jitter = 1e-06
jitter = 9.999999999999999e-06
jitter = 1e-07
jitter = 1e-06
jitter = 9.999999999999999e-06
jitter = 1e-07
jitter = 1e-06
jitter = 1e-07
jitter = 1e-06
jitter = 9.999999999999999e-06
jitter = 1e-07
jitter = 1e-06
jitter = 9.999999999999999e-06
jitter = 1e-07
jitter = 1e-06
jitter = 9.999999999999999e-06
jitter = 1e-07
jitter = 1e-06
jitter = 9.999999999999999e-06
jitter = 1e-07
jitter = 1e-06
jitter = 9.999999999999999e-06
jitter = 1e-07
jitter = 1e-06
jitter = 9.999999999999999e-06
jitter = 1e-07
jitter = 1e-06
jitter = 1e-07
jitter = 1e-06
jitter = 9.999999999999999e-06
jitter = 1e-07
jitter = 1e-06
jitter = 9.999999999999999e-06
jitter = 1e-07
jitter = 1e-06
jitter = 9.999999999999999e-06
jitter = 1e-07
jitter = 1e-06
jitter = 9.999999999999999e-06
jitter = 1e-07
jitter = 1e-06
jitter = 9.999999999999999e-06
jitter = 1e-07
jitter = 1e-06
jitter = 9.999999999999999e-06
jitter = 1e-07
jitter = 1e-06
jitter = 9.999999999999999e-06
jitter = 1e-07
jitter = 1e-06
jitter = 9.999999999999999e-06
jitter = 1e-07
jitter = 1e-06
jitter = 9.999999999999999e-06
jitter = 1e-07
jitter = 1e-06
jitter = 9.999999999999999e-06
jitter = 1e-07
jitter = 1e-07
jitter = 1e-06
jitter = 1e-07
jitter = 1e-06
jitter = 1e-07
jitter = 1e-06
jitter = 9.999999999999999e-06
jitter = 1e-07
jitter = 1e-06
jitter = 1e-07
jitter = 1e-06
jitter = 9.999999999999999e-06
jitter = 1e-07
jitter = 1e-06
jitter = 9.999999999999999e-06
jitter = 1e-07
jitter = 1e-06
jitter = 9.999999999999999e-06
jitter = 1e-07
jitter = 1e-06
jitter = 9.999999999999999e-06
jitter = 1e-07
jitter = 1e-06
jitter = 9.999999999999999e-06
jitter = 1e-07
jitter = 1e-06
jitter = 9.999999999999999e-06
jitter = 1e-07
jitter = 1e-06
jitter = 9.999999999999999e-06
jitter = 1e-07
jitter = 1e-06
jitter = 9.999999999999999e-06
jitter = 1e-07
jitter = 1e-06
jitter = 1e-07
jitter = 1e-06
jitter = 9.999999999999999e-06
jitter = 1e-07
jitter = 1e-06
jitter = 9.999999999999999e-06
jitter = 1e-07
jitter = 1e-06
jitter = 9.999999999999999e-06
jitter = 1e-07
jitter = 1e-06
jitter = 9.999999999999999e-06
jitter = 1e-07
jitter = 1e-06
jitter = 1e-07
jitter = 1e-06
jitter = 9.999999999999999e-06
jitter = 1e-07
jitter = 1e-06
jitter = 9.999999999999999e-06
jitter = 1e-07
jitter = 1e-06
jitter = 9.999999999999999e-06
jitter = 1e-07
jitter = 1e-06
jitter = 9.999999999999999e-06
jitter = 1e-07
jitter = 1e-06
jitter = 9.999999999999999e-06
jitter = 1e-07
jitter = 1e-06
jitter = 9.999999999999999e-06
jitter = 1e-07
jitter = 1e-06
jitter = 9.999999999999999e-06
jitter = 1e-07
jitter = 1e-06
jitter = 9.999999999999999e-06
jitter = 1e-07
jitter = 1e-06
jitter = 9.999999999999999e-06
jitter = 1e-07
jitter = 1e-06
jitter = 9.999999999999999e-06
jitter = 1e-07
jitter = 1e-06
jitter = 9.999999999999999e-06
jitter = 9.999999999999999e-05
jitter = 1e-07
jitter = 1e-06
jitter = 9.999999999999999e-06
jitter = 9.999999999999999e-05
jitter = 1e-07
jitter = 1e-06
jitter = 9.999999999999999e-06
jitter = 9.999999999999999e-05
jitter = 1e-07
jitter = 1e-06
jitter = 9.999999999999999e-06
jitter = 9.999999999999999e-05
jitter = 1e-07
jitter = 1e-06
jitter = 9.999999999999999e-06
jitter = 9.999999999999999e-05
jitter = 1e-07
jitter = 1e-06
jitter = 9.999999999999999e-06
jitter = 9.999999999999999e-05
jitter = 1e-07
jitter = 1e-06
jitter = 9.999999999999999e-06
jitter = 9.999999999999999e-05
jitter = 1e-07
jitter = 1e-06
jitter = 9.999999999999999e-06
jitter = 9.999999999999999e-05
jitter = 1e-07
jitter = 1e-06
jitter = 9.999999999999999e-06
jitter = 9.999999999999999e-05
jitter = 1e-07
jitter = 1e-06
jitter = 9.999999999999999e-06
jitter = 9.999999999999999e-05
jitter = 1e-07
jitter = 1e-06
jitter = 9.999999999999999e-06
jitter = 9.999999999999999e-05
jitter = 1e-07
jitter = 1e-06
jitter = 9.999999999999999e-06
jitter = 9.999999999999999e-05
jitter = 1e-07
jitter = 1e-06
jitter = 9.999999999999999e-06
jitter = 9.999999999999999e-05
jitter = 1e-07
jitter = 1e-06
jitter = 9.999999999999999e-06
jitter = 9.999999999999999e-05
jitter = 1e-07
jitter = 1e-06
jitter = 9.999999999999999e-06
jitter = 9.999999999999999e-05
jitter = 1e-07
jitter = 1e-06
jitter = 9.999999999999999e-06
jitter = 9.999999999999999e-05
jitter = 1e-07
jitter = 1e-06
jitter = 9.999999999999999e-06
jitter = 1e-07
jitter = 1e-06
jitter = 9.999999999999999e-06
jitter = 9.999999999999999e-05
jitter = 1e-07
jitter = 1e-06
jitter = 9.999999999999999e-06
jitter = 9.999999999999999e-05
jitter = 1e-07
jitter = 1e-06
jitter = 9.999999999999999e-06
jitter = 1e-07
jitter = 1e-06
jitter = 9.999999999999999e-06
jitter = 1e-07
jitter = 1e-06
jitter = 1e-07
jitter = 1e-06
jitter = 9.999999999999999e-06
jitter = 9.999999999999999e-05
jitter = 1e-07
jitter = 1e-06
jitter = 9.999999999999999e-06
jitter = 1e-07
jitter = 1e-06
jitter = 9.999999999999999e-06
jitter = 9.999999999999999e-05
jitter = 1e-07
jitter = 1e-06
jitter = 9.999999999999999e-06
jitter = 9.999999999999999e-05
jitter = 1e-07
jitter = 1e-06
jitter = 9.999999999999999e-06
jitter = 9.999999999999999e-05
jitter = 1e-07
jitter = 1e-06
jitter = 9.999999999999999e-06
jitter = 9.999999999999999e-05
jitter = 0.001
jitter = 1e-07
jitter = 1e-06
jitter = 9.999999999999999e-06
jitter = 9.999999999999999e-05
jitter = 1e-07
jitter = 1e-06
jitter = 9.999999999999999e-06
jitter = 9.999999999999999e-05
jitter = 1e-07
jitter = 1e-06
jitter = 9.999999999999999e-06
jitter = 9.999999999999999e-05
jitter = 1e-07
jitter = 1e-06
jitter = 9.999999999999999e-06
jitter = 9.999999999999999e-05
jitter = 1e-07
jitter = 1e-06
jitter = 9.999999999999999e-06
jitter = 9.999999999999999e-05
jitter = 0.001
jitter = 1e-07
jitter = 1e-06
jitter = 9.999999999999999e-06
jitter = 9.999999999999999e-05
jitter = 0.001
jitter = 1e-07
jitter = 1e-06
jitter = 9.999999999999999e-06
jitter = 9.999999999999999e-05
jitter = 1e-07
jitter = 1e-06
jitter = 9.999999999999999e-06
jitter = 1e-07
jitter = 1e-06
jitter = 9.999999999999999e-06
jitter = 9.999999999999999e-05
jitter = 1e-07
jitter = 1e-06
jitter = 9.999999999999999e-06
jitter = 9.999999999999999e-05
jitter = 1e-07
jitter = 1e-06
jitter = 9.999999999999999e-06
jitter = 9.999999999999999e-05
jitter = 1e-07
jitter = 1e-06
jitter = 1e-07
jitter = 1e-06
jitter = 1e-07
jitter = 1e-06
jitter = 1e-07
jitter = 1e-07
jitter = 1e-07
jitter = 1e-06
jitter = 1e-07
jitter = 1e-07
jitter = 1e-07
jitter = 1e-06
jitter = 1e-07
jitter = 1e-07
jitter = 1e-06
jitter = 1e-07
jitter = 1e-07
jitter = 1e-06
jitter = 9.999999999999999e-06
jitter = 9.999999999999999e-05
jitter = 1e-07
jitter = 1e-06
jitter = 9.999999999999999e-06
jitter = 1e-07
jitter = 1e-06
jitter = 9.999999999999999e-06
jitter = 1e-07
jitter = 1e-06
jitter = 9.999999999999999e-06
jitter = 1e-07
jitter = 1e-06
jitter = 9.999999999999999e-06
jitter = 9.999999999999999e-05
jitter = 1e-07
jitter = 1e-06
jitter = 9.999999999999999e-06
jitter = 9.999999999999999e-05
jitter = 1e-07
jitter = 1e-06
jitter = 9.999999999999999e-06
jitter = 9.999999999999999e-05
jitter = 1e-07
jitter = 1e-06
jitter = 9.999999999999999e-06
jitter = 1e-07
jitter = 1e-06
jitter = 9.999999999999999e-06
jitter = 9.999999999999999e-05
jitter = 1e-07
jitter = 1e-06
jitter = 9.999999999999999e-06
jitter = 1e-07
jitter = 1e-06
jitter = 9.999999999999999e-06
jitter = 1e-07
jitter = 1e-06
jitter = 9.999999999999999e-06
jitter = 1e-07
jitter = 1e-06
jitter = 9.999999999999999e-06
jitter = 9.999999999999999e-05
jitter = 1e-07
jitter = 1e-06
jitter = 9.999999999999999e-06
jitter = 9.999999999999999e-05
jitter = 1e-07
jitter = 1e-06
jitter = 9.999999999999999e-06
jitter = 9.999999999999999e-05
jitter = 1e-07
jitter = 1e-06
jitter = 9.999999999999999e-06
jitter = 1e-07
jitter = 1e-06
jitter = 9.999999999999999e-06
jitter = 1e-07
jitter = 1e-06
jitter = 9.999999999999999e-06
jitter = 9.999999999999999e-05
jitter = 1e-07
jitter = 1e-06
jitter = 9.999999999999999e-06
jitter = 1e-07
jitter = 1e-06
jitter = 1e-07
jitter = 1e-06
jitter = 9.999999999999999e-06
jitter = 9.999999999999999e-05
jitter = 1e-07
jitter = 1e-06
jitter = 9.999999999999999e-06
jitter = 9.999999999999999e-05
jitter = 1e-07
jitter = 1e-06
jitter = 9.999999999999999e-06
jitter = 1e-07
jitter = 1e-06
jitter = 9.999999999999999e-06
jitter = 9.999999999999999e-05
jitter = 1e-07
jitter = 1e-06
jitter = 9.999999999999999e-06
jitter = 9.999999999999999e-05
jitter = 1e-07
jitter = 1e-06
jitter = 9.999999999999999e-06
jitter = 9.999999999999999e-05
jitter = 1e-07
jitter = 1e-06
jitter = 9.999999999999999e-06
jitter = 9.999999999999999e-05
jitter = 1e-07
jitter = 1e-06
jitter = 9.999999999999999e-06
jitter = 9.999999999999999e-05
jitter = 1e-07
jitter = 1e-06
jitter = 9.999999999999999e-06
jitter = 9.999999999999999e-05
jitter = 1e-07
jitter = 1e-06
jitter = 9.999999999999999e-06
jitter = 1e-07
jitter = 1e-06
jitter = 9.999999999999999e-06
jitter = 9.999999999999999e-05
jitter = 1e-07
jitter = 1e-06
jitter = 9.999999999999999e-06
jitter = 9.999999999999999e-05
jitter = 1e-07
jitter = 1e-06
jitter = 9.999999999999999e-06
jitter = 9.999999999999999e-05
jitter = 1e-07
jitter = 1e-06
jitter = 9.999999999999999e-06
jitter = 9.999999999999999e-05
jitter = 1e-07
jitter = 1e-06
jitter = 9.999999999999999e-06
jitter = 9.999999999999999e-05
jitter = 1e-07
jitter = 1e-06
jitter = 9.999999999999999e-06
jitter = 9.999999999999999e-05
jitter = 1e-07
jitter = 1e-06
jitter = 9.999999999999999e-06
jitter = 9.999999999999999e-05
jitter = 1e-07
jitter = 1e-06
jitter = 9.999999999999999e-06
jitter = 9.999999999999999e-05
jitter = 1e-07
jitter = 1e-06
jitter = 9.999999999999999e-06
jitter = 9.999999999999999e-05
jitter = 1e-07
jitter = 1e-06
jitter = 9.999999999999999e-06
jitter = 9.999999999999999e-05
jitter = 1e-07
jitter = 1e-06
jitter = 1e-07
jitter = 1e-06
jitter = 9.999999999999999e-06
jitter = 1e-07
jitter = 1e-06
jitter = 9.999999999999999e-06
jitter = 9.999999999999999e-05
jitter = 1e-07
jitter = 1e-06
jitter = 9.999999999999999e-06
jitter = 9.999999999999999e-05
jitter = 1e-07
jitter = 1e-06
jitter = 9.999999999999999e-06
jitter = 1e-07
jitter = 1e-06
jitter = 9.999999999999999e-06
jitter = 9.999999999999999e-05
jitter = 1e-07
jitter = 1e-06
jitter = 9.999999999999999e-06
jitter = 9.999999999999999e-05
jitter = 1e-07
jitter = 1e-06
jitter = 9.999999999999999e-06
jitter = 1e-07
jitter = 1e-06
jitter = 9.999999999999999e-06
jitter = 9.999999999999999e-05
jitter = 1e-07
jitter = 1e-06
jitter = 9.999999999999999e-06
jitter = 9.999999999999999e-05
jitter = 1e-07
jitter = 1e-06
jitter = 9.999999999999999e-06
jitter = 9.999999999999999e-05
jitter = 1e-07
jitter = 1e-06
jitter = 9.999999999999999e-06
jitter = 1e-07
jitter = 1e-06
jitter = 9.999999999999999e-06
jitter = 9.999999999999999e-05
jitter = 1e-07
jitter = 1e-06
jitter = 9.999999999999999e-06
jitter = 9.999999999999999e-05
jitter = 1e-07
jitter = 1e-06
jitter = 9.999999999999999e-06
jitter = 1e-07
jitter = 1e-06
jitter = 9.999999999999999e-06
jitter = 9.999999999999999e-05
jitter = 1e-07
jitter = 1e-06
jitter = 9.999999999999999e-06
jitter = 9.999999999999999e-05
jitter = 1e-07
jitter = 1e-06
jitter = 9.999999999999999e-06
jitter = 1e-07
jitter = 1e-06
jitter = 9.999999999999999e-06
jitter = 1e-07
jitter = 1e-06
jitter = 9.999999999999999e-06
jitter = 9.999999999999999e-05
jitter = 1e-07
jitter = 1e-06
jitter = 9.999999999999999e-06
jitter = 9.999999999999999e-05
jitter = 1e-07
jitter = 1e-06
jitter = 9.999999999999999e-06
jitter = 9.999999999999999e-05
jitter = 1e-07
jitter = 1e-06
jitter = 9.999999999999999e-06
jitter = 9.999999999999999e-05
jitter = 1e-07
jitter = 1e-06
jitter = 9.999999999999999e-06
jitter = 1e-07
jitter = 1e-06
jitter = 9.999999999999999e-06
jitter = 9.999999999999999e-05
jitter = 1e-07
jitter = 1e-06
jitter = 9.999999999999999e-06
jitter = 9.999999999999999e-05
jitter = 1e-07
jitter = 1e-06
jitter = 9.999999999999999e-06
jitter = 1e-07
jitter = 1e-06
jitter = 9.999999999999999e-06
jitter = 9.999999999999999e-05
jitter = 1e-07
jitter = 1e-06
jitter = 9.999999999999999e-06
jitter = 9.999999999999999e-05
jitter = 1e-07
jitter = 1e-06
jitter = 9.999999999999999e-06
jitter = 9.999999999999999e-05
jitter = 1e-07
jitter = 1e-06
jitter = 9.999999999999999e-06
jitter = 1e-07
jitter = 1e-06
jitter = 9.999999999999999e-06
jitter = 9.999999999999999e-05
jitter = 1e-07
jitter = 1e-06
jitter = 9.999999999999999e-06
jitter = 9.999999999999999e-05
jitter = 1e-07
jitter = 1e-06
jitter = 9.999999999999999e-06
jitter = 1e-07
jitter = 1e-06
jitter = 9.999999999999999e-06
jitter = 1e-07
jitter = 1e-06
jitter = 9.999999999999999e-06
jitter = 9.999999999999999e-05
jitter = 1e-07
jitter = 1e-06
jitter = 9.999999999999999e-06
jitter = 9.999999999999999e-05
jitter = 1e-07
jitter = 1e-06
jitter = 9.999999999999999e-06
jitter = 9.999999999999999e-05
jitter = 1e-07
jitter = 1e-06
jitter = 9.999999999999999e-06
jitter = 1e-07
jitter = 1e-06
jitter = 9.999999999999999e-06
jitter = 9.999999999999999e-05
jitter = 1e-07
jitter = 1e-06
jitter = 9.999999999999999e-06
jitter = 9.999999999999999e-05
jitter = 1e-07
jitter = 1e-06
jitter = 9.999999999999999e-06
jitter = 1e-07
jitter = 1e-06
jitter = 9.999999999999999e-06
jitter = 1e-07
jitter = 1e-06
jitter = 9.999999999999999e-06
jitter = 9.999999999999999e-05
jitter = 1e-07
jitter = 1e-06
jitter = 9.999999999999999e-06
jitter = 9.999999999999999e-05
jitter = 1e-07
jitter = 1e-06
jitter = 9.999999999999999e-06
jitter = 9.999999999999999e-05
jitter = 1e-07
jitter = 1e-07
94 [0/1000] 542.4264068711929
97 [1/1000] 2.6950246648108016
99 [2/1000] 2.694575657983902
100 [2/1000] 2.694575657983902
104 [6/1000] 2.6910920145033623
117 [12/1000] 2.690275374987596
119 [13/1000] 2.505369232339998
126 [18/1000] 2.503958277025125
198 [73/1000] 2.438296369043248
200 [75/1000] 2.438296369043248
226 [99/1000] 0.7694791081559167
255 [127/1000] 0.7691523814381129
262 [134/1000] 0.7654576047943291
300 [170/1000] 0.7654576047943291
400 [260/1000] 0.7654576047943291
500 [343/1000] 0.7654576047943291
503 [346/1000] 0.7623036279456816
600 [441/1000] 0.7623036279456816
602 [443/1000] 0.7468768801179186
623 [464/1000] 0.732719458831935
636 [476/1000] 0.724081645332775
693 [531/1000] 0.7218534722104735
700 [538/1000] 0.7218534722104735
748 [585/1000] 0.7103552635459773
800 [634/1000] 0.7103552635459773
833 [667/1000] 0.7103548175669334
862 [694/1000] 0.7095594083240108
900 [731/1000] 0.7095594083240108
1000 [830/1000] 0.7095594083240108
1100 [930/1000] 0.7095594083240108
[stop]
