0 [0/200] 1709.6083200260546
1 [0/200] 715.0581316760656
11 [0/200] 697.4653954584631
23 [0/200] 689.7366596101027
24 [0/200] 677.2004514666935
25 [0/200] 647.6482306023339
26 [0/200] 642.126704035519
34 [0/200] 637.2953021774597
36 [0/200] 635.0925608610629
39 [0/200] 630.3840481040529
40 [0/200] 628.3370849898477
41 [0/200] 602.95630140987
43 [0/200] 589.4427190999916
45 [0/200] 582.7647267862342
49 [0/200] 569.6419413859205
50 [0/200] 558.3095189484529
51 [0/200] 538.0788655293195
52 [0/200] 531.6227766016838
53 [0/200] 514.142135623731
54 [1/200] 0.5648756635791299
55 [2/200] 0.508404232641849
60 [6/200] 0.29714840896319134
65 [8/200] 0.20082188536250384
100 [34/200] 0.20082188536250384
102 [36/200] 0.18724448340824235
105 [39/200] 0.17352473656880693
111 [45/200] 0.1715175431336297
113 [47/200] 0.15606444997310676
114 [48/200] 0.15421316115583947
124 [58/200] 0.1449143857173509
126 [60/200] 0.12923444295965494
127 [61/200] 0.11810106392740295
128 [62/200] 0.1042587563369753
130 [64/200] 0.10031571340891929
153 [85/200] 0.10001701195855309
181 [109/200] 0.0989223699897209
200 [128/200] 0.09320985289198463
242 [167/200] 0.09314953198954237
244 [168/200] 0.0931299341243763
[stop]
