(7_w,15)-aCMA-ES (mu_w=4.5,w_1=34%) in dimension 50 (seed=3, Fri May 23 16:55:39 2025)
Iterat #Fevals   function value  axis ratio  sigma  min&max std  t[m:s]
    1     15 6.094045225322041e+02 1.0e+00 2.38e-01  2e-01  2e-01 0:05.5
    2     30 6.122630918638920e+02 1.0e+00 2.31e-01  2e-01  2e-01 0:11.0
    3     45 6.590990257669732e+02 1.1e+00 2.27e-01  2e-01  2e-01 0:16.1
    4     60 6.113425275374440e+02 1.1e+00 2.25e-01  2e-01  2e-01 0:20.6
    5     75 5.848528137423857e+02 1.1e+00 2.25e-01  2e-01  2e-01 0:24.8
    7    105 5.969521359130534e+02 1.1e+00 2.23e-01  2e-01  2e-01 0:33.3
    9    135 5.282842712474619e+02 1.1e+00 2.22e-01  2e-01  2e-01 0:41.6
   11    165 5.424264068711929e+02 1.2e+00 2.23e-01  2e-01  2e-01 0:49.6
   13    195 9.313569992447583e+00 1.2e+00 2.21e-01  2e-01  2e-01 0:58.3
   16    240 5.141421356237310e+02 1.2e+00 2.26e-01  2e-01  2e-01 1:10.3
   19    285 5.070710678118655e+02 1.3e+00 2.31e-01  2e-01  2e-01 1:22.8
   22    330 5.565685424949238e+02 1.3e+00 2.37e-01  2e-01  2e-01 1:36.7
   25    375 5.070710678118655e+02 1.3e+00 2.32e-01  2e-01  2e-01 1:49.1
   28    420 1.414650270224212e+00 1.4e+00 2.25e-01  2e-01  2e-01 2:02.1
   32    480 9.325270693379248e-01 1.4e+00 2.17e-01  2e-01  2e-01 2:19.7
   36    540 5.388908729652601e+02 1.4e+00 2.24e-01  2e-01  2e-01 2:36.8
   40    600 5.212132034355964e+02 1.4e+00 2.35e-01  2e-01  2e-01 2:55.4
   45    675 5.141421356237310e+02 1.4e+00 2.27e-01  2e-01  2e-01 3:16.1
   50    750 2.036518474365568e+00 1.4e+00 2.22e-01  2e-01  2e-01 3:38.0
   55    825 5.141421356237310e+02 1.4e+00 2.09e-01  2e-01  2e-01 4:00.4
   60    900 5.254950975679640e+02 1.5e+00 2.03e-01  2e-01  2e-01 4:25.1
   65    975 5.701034139550325e-01 1.5e+00 2.02e-01  2e-01  2e-01 4:47.6
   70   1050 7.020447266978922e-01 1.5e+00 2.01e-01  2e-01  2e-01 5:10.6
   76   1140 5.254950975679640e+02 1.5e+00 1.95e-01  2e-01  2e-01 5:35.0
   82   1230 2.642474613722782e-01 1.5e+00 1.81e-01  2e-01  2e-01 6:01.4
   88   1320 3.749314038838620e-01 1.5e+00 1.79e-01  2e-01  2e-01 6:28.9
   94   1410 4.208826064758638e-01 1.5e+00 1.68e-01  2e-01  2e-01 6:57.0
  100   1500 6.035082904306067e+00 1.5e+00 1.62e-01  2e-01  2e-01 7:22.9
  106   1590 2.593510936647388e-01 1.5e+00 1.40e-01  1e-01  1e-01 7:54.2
  112   1680 1.319370836228465e+00 1.6e+00 1.26e-01  1e-01  1e-01 8:25.3
  119   1785 4.239857297205093e-01 1.6e+00 1.19e-01  1e-01  1e-01 8:57.1
  125   1875 5.987260065759163e-01 1.6e+00 1.09e-01  1e-01  1e-01 9:35.0
  130   1950 3.886224791425520e-01 1.6e+00 9.90e-02  9e-02  1e-01 10:10.2
  136   2040 2.168907638601963e-01 1.6e+00 9.37e-02  9e-02  1e-01 10:48.9
  142   2130 2.847969398274107e-01 1.6e+00 8.60e-02  8e-02  9e-02 11:29.1
  148   2220 3.133714912864852e-01 1.6e+00 7.79e-02  7e-02  8e-02 12:07.9
  153   2295 2.017800106753126e-01 1.6e+00 7.03e-02  6e-02  7e-02 12:44.9
  158   2370 2.270783633869013e-01 1.6e+00 6.57e-02  6e-02  7e-02 13:23.7
  163   2445 1.685564750274626e-01 1.6e+00 6.20e-02  6e-02  6e-02 14:10.4
  168   2520 1.545170861191376e-01 1.6e+00 5.83e-02  5e-02  6e-02 14:53.0
  174   2610 1.586383740573311e-01 1.7e+00 5.68e-02  5e-02  6e-02 15:38.7
  179   2685 1.371666215225574e-01 1.7e+00 5.54e-02  5e-02  6e-02 16:19.7
  184   2760 1.466564640042173e-01 1.7e+00 5.31e-02  5e-02  6e-02 17:03.0
  189   2835 1.345319301097951e-01 1.7e+00 5.39e-02  5e-02  6e-02 17:48.0
  195   2925 1.451268651939573e-01 1.7e+00 5.74e-02  5e-02  6e-02 18:36.9
  200   3000 1.191428481629167e-01 1.7e+00 5.85e-02  5e-02  6e-02 19:14.5
  206   3090 1.182836168748176e-01 1.7e+00 5.51e-02  5e-02  6e-02 20:01.8
  212   3180 1.187954902818387e-01 1.7e+00 5.34e-02  5e-02  6e-02 20:51.4
  218   3270 1.209495905385546e-01 1.7e+00 5.01e-02  5e-02  5e-02 21:49.2
  224   3360 1.114218612273822e-01 1.7e+00 4.63e-02  4e-02  5e-02 22:47.1
  230   3450 1.111940744865908e-01 1.7e+00 4.56e-02  4e-02  5e-02 23:42.0
  236   3540 1.115375798358053e-01 1.7e+00 4.58e-02  4e-02  5e-02 24:37.4
  242   3630 1.056637308902247e-01 1.7e+00 4.33e-02  4e-02  5e-02 25:34.0
  248   3720 1.034992629102239e-01 1.7e+00 4.01e-02  4e-02  4e-02 26:34.4
  254   3810 9.959902301378035e-02 1.7e+00 3.82e-02  3e-02  4e-02 27:30.8
  261   3915 1.019247943771635e-01 1.8e+00 3.61e-02  3e-02  4e-02 28:35.1
  268   4020 9.749626156668464e-02 1.8e+00 3.25e-02  3e-02  3e-02 29:41.4
  274   4110 1.004444137163733e-01 1.8e+00 3.14e-02  3e-02  3e-02 30:42.7
  280   4200 9.738028689556348e-02 1.8e+00 2.86e-02  2e-02  3e-02 31:45.7
  286   4290 9.523316758498360e-02 1.8e+00 2.72e-02  2e-02  3e-02 32:53.3
  292   4380 1.004131348844571e-01 1.8e+00 2.69e-02  2e-02  3e-02 33:57.7
  298   4470 9.551012780987177e-02 1.8e+00 2.55e-02  2e-02  3e-02 35:05.0
  300   4500 9.879102835514500e-02 1.8e+00 2.52e-02  2e-02  3e-02 35:27.2
  306   4590 9.447333212003235e-02 1.8e+00 2.46e-02  2e-02  3e-02 36:36.5
  312   4680 9.189254962313664e-02 1.8e+00 2.53e-02  2e-02  3e-02 37:47.9
  318   4770 9.286811774052420e-02 1.8e+00 2.32e-02  2e-02  2e-02 39:01.1
  324   4860 9.265486073438028e-02 1.8e+00 2.21e-02  2e-02  2e-02 40:10.2
  331   4965 9.172593708446078e-02 1.8e+00 2.29e-02  2e-02  2e-02 41:25.9
  338   5070 9.065376701799772e-02 1.9e+00 2.10e-02  2e-02  2e-02 42:42.3
  345   5175 9.149425882728388e-02 1.9e+00 1.92e-02  2e-02  2e-02 44:01.2
  351   5265 9.030915398245114e-02 1.9e+00 1.74e-02  1e-02  2e-02 45:12.5
  358   5370 8.887272871195732e-02 1.9e+00 1.58e-02  1e-02  2e-02 46:34.4
  365   5475 8.807468384539076e-02 1.9e+00 1.40e-02  1e-02  1e-02 47:52.9
  372   5580 8.758830496834755e-02 1.9e+00 1.18e-02  9e-03  1e-02 49:09.8
  379   5685 8.590752364213425e-02 1.9e+00 1.06e-02  8e-03  1e-02 50:33.3
  386   5790 8.670674428776623e-02 1.9e+00 9.81e-03  8e-03  1e-02 51:53.6
  393   5895 8.575655011352977e-02 1.9e+00 1.04e-02  8e-03  1e-02 53:15.6
  400   6000 8.701580474296278e-02 1.9e+00 9.67e-03  8e-03  1e-02 54:34.1
  407   6105 8.512322325614483e-02 1.9e+00 9.78e-03  8e-03  1e-02 55:53.9
  415   6225 8.595509118667807e-02 1.9e+00 9.62e-03  8e-03  1e-02 57:23.8
  423   6345 8.599954071476923e-02 2.0e+00 8.89e-03  7e-03  9e-03 58:48.4
  431   6465 8.582045560645099e-02 2.0e+00 8.56e-03  7e-03  9e-03 60:10.6
  439   6585 8.515779340063900e-02 2.0e+00 8.42e-03  7e-03  9e-03 61:36.2
  447   6705 8.534287406221647e-02 2.1e+00 8.08e-03  6e-03  9e-03 63:01.6
  456   6840 8.647804942353550e-02 2.1e+00 7.99e-03  6e-03  8e-03 64:30.1
  465   6975 8.563463878232754e-02 2.1e+00 8.13e-03  6e-03  9e-03 66:00.6
  476   7140 8.618310937883752e-02 2.2e+00 6.84e-03  5e-03  7e-03 67:27.5
  488   7320 8.498300735043776e-02 2.2e+00 6.08e-03  5e-03  7e-03 68:56.8
  497   7455 8.539044996820766e-02 2.2e+00 5.56e-03  4e-03  6e-03 70:33.4
  500   7500 8.458927531948668e-02 2.2e+00 5.61e-03  4e-03  6e-03 71:05.9
  511   7665 8.464976828047929e-02 2.2e+00 5.51e-03  4e-03  6e-03 72:37.0
  525   7875 8.416350910698162e-02 2.3e+00 5.04e-03  4e-03  5e-03 74:09.9
  534   8010 8.347507269725411e-02 2.4e+00 4.39e-03  3e-03  5e-03 75:45.9
  545   8175 8.403607136754923e-02 2.4e+00 4.10e-03  3e-03  4e-03 77:20.4
  562   8430 8.374841845795478e-02 2.4e+00 3.58e-03  3e-03  4e-03 78:54.9
[stop]
