0 [0/400] 863.1748495525178
1 [0/400] 732.5208678354205
6 [0/400] 662.8308268991469
19 [0/400] 641.8615849973426
jitter = 1e-07
jitter = 1e-06
26 [0/400] 579.495097567964
28 [0/400] 570.9421356237309
32 [0/400] 535.3553390593273
34 [0/400] 521.2132034355965
38 [0/400] 507.0710678118655
44 [1/400] 4.446810009920217
45 [2/400] 2.8545001531827894
46 [3/400] 0.7818990602689921
58 [8/400] 0.758724312129464
76 [20/400] 0.698804758823031
82 [24/400] 0.6279745068749747
89 [29/400] 0.5233735548739498
90 [30/400] 0.5081000343883308
100 [37/400] 0.5081000343883308
102 [39/400] 0.4221598701283981
111 [47/400] 0.39884690988867355
118 [52/400] 0.3603940955649144
122 [56/400] 0.35284744769951926
123 [57/400] 0.3221856232196465
124 [58/400] 0.3220856118650934
125 [59/400] 0.31381912349679286
126 [60/400] 0.24880691657466072
140 [74/400] 0.2390557728299699
148 [82/400] 0.23468121647860865
152 [86/400] 0.22179717704970675
158 [92/400] 0.2092055600482572
161 [95/400] 0.2087934259891855
168 [102/400] 0.2018379763138261
200 [133/400] 0.1653536154171118
212 [145/400] 0.16278160041854306
216 [149/400] 0.1525913514595816
221 [152/400] 0.1510975670466193
229 [160/400] 0.15100027323245652
236 [167/400] 0.14945100917844548
241 [172/400] 0.14310391359358793
243 [174/400] 0.14101276967882803
244 [175/400] 0.13923701231297747
258 [189/400] 0.13250763694596862
287 [217/400] 0.12908423560830568
300 [229/400] 0.12908423560830568
325 [254/400] 0.12712710381769857
366 [294/400] 0.12657503598885483
400 [327/400] 0.12657503598885483
404 [331/400] 0.1263444606517244
406 [333/400] 0.1258494964675441
414 [341/400] 0.1254671667810568
416 [343/400] 0.12066686333114005
440 [366/400] 0.11985091154473336
457 [383/400] 0.1193608367070085
458 [384/400] 0.11841031463930399
464 [390/400] 0.11795727734241845
466 [392/400] 0.11759111656970997
[stop]
