0 [0/200] 884.7833745906952
1 [0/200] 838.6018092251313
2 [0/200] 738.3282186472748
3 [0/200] 683.8477631085024
jitter = 1e-07
jitter = 1e-06
jitter = 9.999999999999999e-06
jitter = 9.999999999999999e-05
jitter = 1e-07
jitter = 1e-06
jitter = 9.999999999999999e-06
jitter = 9.999999999999999e-05
15 [0/200] 641.4213562373095
17 [0/200] 636.019541102555
23 [0/200] 634.3502884254441
25 [0/200] 613.1370849898476
26 [0/200] 606.0660171779822
28 [0/200] 598.9949493661167
35 [0/200] 591.9238815542511
40 [0/200] 584.8528137423857
44 [0/200] 577.7817459305202
50 [0/200] 563.6396103067892
51 [1/200] 17.449861477783045
53 [3/200] 17.430661171211604
54 [4/200] 0.5124383843990862
58 [8/200] 0.302335257559215
62 [12/200] 0.22565276082925673
69 [19/200] 0.21543005430436823
70 [20/200] 0.17760662573398
76 [24/200] 0.13992399066604136
80 [27/200] 0.13856503728956882
82 [29/200] 0.1383201295037818
84 [30/200] 0.13334502673941295
89 [35/200] 0.12996002019303643
94 [39/200] 0.12949693630360065
100 [44/200] 0.12949693630360065
102 [46/200] 0.12735293214984078
103 [47/200] 0.1127719996664904
109 [53/200] 0.11148832139791023
112 [56/200] 0.09829222154797258
173 [109/200] 0.09479401942195122
176 [112/200] 0.09278999354723916
178 [114/200] 0.08598150861178505
198 [130/200] 0.08559988324188318
200 [132/200] 0.08559988324188318
[stop]
