(7_w,15)-aCMA-ES (mu_w=4.5,w_1=34%) in dimension 50 (seed=7, Fri May 23 16:55:38 2025)
Iterat #Fevals   function value  axis ratio  sigma  min&max std  t[m:s]
    1     15 6.806063472898159e+02 1.0e+00 2.37e-01  2e-01  2e-01 0:06.2
    2     30 6.353553390593274e+02 1.0e+00 2.27e-01  2e-01  2e-01 0:11.8
    3     45 6.260386393864487e+02 1.1e+00 2.18e-01  2e-01  2e-01 0:18.5
    4     60 6.865712895784945e+02 1.1e+00 2.12e-01  2e-01  2e-01 0:23.8
    5     75 6.924712446656050e+02 1.1e+00 2.07e-01  2e-01  2e-01 0:29.2
    7    105 5.724516545721839e+02 1.1e+00 1.98e-01  2e-01  2e-01 0:38.6
    9    135 5.282842712474619e+02 1.1e+00 1.93e-01  2e-01  2e-01 0:47.1
   11    165 5.143474213246706e-01 1.1e+00 1.92e-01  2e-01  2e-01 0:55.4
   14    210 4.260635043345132e+01 1.2e+00 1.96e-01  2e-01  2e-01 1:06.3
   17    255 5.070710678118655e+02 1.2e+00 1.97e-01  2e-01  2e-01 1:17.3
   20    300 5.353553390593274e+02 1.2e+00 1.98e-01  2e-01  2e-01 1:28.7
   23    345 5.070710678118655e+02 1.3e+00 1.90e-01  2e-01  2e-01 1:41.4
   26    390 5.070710678118655e+02 1.3e+00 1.86e-01  2e-01  2e-01 1:53.8
   29    435 6.630403615074547e-01 1.3e+00 1.87e-01  2e-01  2e-01 2:07.9
   33    495 5.141421356237310e+02 1.3e+00 1.78e-01  2e-01  2e-01 2:24.9
   37    555 5.070710678118655e+02 1.3e+00 1.77e-01  2e-01  2e-01 2:43.9
   41    615 2.094503623960911e+01 1.3e+00 1.75e-01  2e-01  2e-01 3:04.5
   45    675 1.597785529195424e+00 1.3e+00 1.68e-01  2e-01  2e-01 3:24.1
   49    735 4.805318894232388e-01 1.3e+00 1.56e-01  2e-01  2e-01 3:44.0
   53    795 4.251168140424429e-01 1.4e+00 1.38e-01  1e-01  1e-01 4:04.3
   57    855 2.340975538325356e-01 1.4e+00 1.23e-01  1e-01  1e-01 4:26.4
   61    915 2.650988732254013e-01 1.4e+00 1.11e-01  1e-01  1e-01 4:50.2
   65    975 3.110896678512134e-01 1.4e+00 1.07e-01  1e-01  1e-01 5:14.5
   69   1035 3.180632889597750e-01 1.4e+00 1.12e-01  1e-01  1e-01 5:37.7
   74   1110 4.848901283164381e-01 1.4e+00 1.20e-01  1e-01  1e-01 6:03.8
   79   1185 2.880021929377397e-01 1.4e+00 1.17e-01  1e-01  1e-01 6:30.8
   87   1305 4.028932517489664e-01 1.5e+00 1.08e-01  1e-01  1e-01 6:57.9
   96   1440 4.217590263020318e+00 1.5e+00 1.10e-01  1e-01  1e-01 7:25.9
  100   1500 3.163548013049262e-01 1.5e+00 1.08e-01  1e-01  1e-01 7:36.1
  110   1650 3.239376147190086e-01 1.5e+00 1.10e-01  1e-01  1e-01 8:11.5
  116   1740 4.984229969423694e-01 1.5e+00 1.01e-01  9e-02  1e-01 8:44.3
  123   1845 3.756784924414966e-01 1.6e+00 1.01e-01  9e-02  1e-01 9:19.4
  130   1950 3.828660651433426e-01 1.6e+00 9.90e-02  9e-02  1e-01 9:54.5
  136   2040 1.250028713644460e+00 1.6e+00 1.05e-01  1e-01  1e-01 10:32.0
  144   2160 7.251120604704216e-01 1.6e+00 1.18e-01  1e-01  1e-01 11:08.8
  153   2295 9.051612193974381e-01 1.6e+00 1.21e-01  1e-01  1e-01 11:46.8
  161   2415 9.302183951057279e-01 1.7e+00 1.11e-01  1e-01  1e-01 12:26.2
  168   2520 1.986139926348702e-01 1.7e+00 1.04e-01  9e-02  1e-01 13:10.1
  175   2625 2.436274736178246e-01 1.7e+00 9.90e-02  9e-02  1e-01 13:51.7
  182   2730 2.299630631522426e-01 1.7e+00 9.23e-02  8e-02  1e-01 14:36.7
  189   2835 5.054699885535996e-01 1.7e+00 8.22e-02  7e-02  9e-02 15:23.3
  196   2940 1.674086757485484e-01 1.7e+00 7.13e-02  6e-02  7e-02 16:07.4
  200   3000 1.737480630401612e-01 1.7e+00 6.89e-02  6e-02  7e-02 16:37.0
  207   3105 1.538150649627814e-01 1.8e+00 6.47e-02  5e-02  7e-02 17:21.7
  217   3255 1.655865796580487e-01 1.8e+00 5.54e-02  4e-02  6e-02 18:06.9
  226   3390 1.282497521025235e-01 1.8e+00 5.64e-02  5e-02  6e-02 18:55.4
  236   3540 1.290071339940262e-01 1.9e+00 5.39e-02  4e-02  6e-02 19:43.5
  243   3645 1.455120084049079e-01 1.9e+00 5.19e-02  4e-02  6e-02 20:36.3
  252   3780 1.242006602254533e-01 1.9e+00 4.47e-02  3e-02  5e-02 21:28.9
  260   3900 1.114738452923790e-01 1.9e+00 4.14e-02  3e-02  4e-02 22:20.6
  266   3990 1.072710673351590e-01 1.9e+00 3.76e-02  3e-02  4e-02 23:11.5
  271   4065 1.088020115626085e-01 1.9e+00 3.65e-02  3e-02  4e-02 24:04.5
  276   4140 9.937781885469894e-02 1.9e+00 3.58e-02  3e-02  4e-02 24:59.9
  282   4230 1.029689765966285e-01 1.9e+00 3.32e-02  3e-02  4e-02 25:59.8
  287   4305 9.936657139334513e-02 1.9e+00 3.24e-02  2e-02  3e-02 26:55.8
  292   4380 9.386496845508840e-02 1.9e+00 3.42e-02  3e-02  4e-02 27:51.8
  298   4470 9.769338998417687e-02 1.9e+00 3.43e-02  3e-02  4e-02 28:57.4
  300   4500 9.580831924482495e-02 1.9e+00 3.46e-02  3e-02  4e-02 29:18.3
  306   4590 9.274411328026598e-02 1.9e+00 3.42e-02  3e-02  4e-02 30:23.5
  312   4680 9.281103735090186e-02 1.9e+00 3.16e-02  2e-02  3e-02 31:28.5
  318   4770 9.763140094510905e-02 2.0e+00 2.81e-02  2e-02  3e-02 32:35.7
  324   4860 9.135250506693735e-02 2.0e+00 2.59e-02  2e-02  3e-02 33:43.4
  330   4950 9.030487893904128e-02 2.0e+00 2.46e-02  2e-02  3e-02 34:54.4
  336   5040 8.940465001345352e-02 2.0e+00 2.34e-02  2e-02  2e-02 36:04.0
  342   5130 8.785257126054982e-02 2.0e+00 2.15e-02  2e-02  2e-02 37:16.1
  348   5220 8.815134723612594e-02 2.0e+00 2.18e-02  2e-02  2e-02 38:23.7
  355   5325 8.728306444451474e-02 2.0e+00 2.06e-02  2e-02  2e-02 39:40.6
  362   5430 8.867729313684909e-02 2.0e+00 1.88e-02  1e-02  2e-02 40:52.9
  369   5535 8.713063668920892e-02 2.1e+00 1.72e-02  1e-02  2e-02 42:08.6
  375   5625 8.769895883250990e-02 2.1e+00 1.52e-02  1e-02  2e-02 43:19.7
  382   5730 8.651746945082678e-02 2.1e+00 1.39e-02  1e-02  2e-02 44:38.4
  389   5835 8.680698148057275e-02 2.1e+00 1.35e-02  1e-02  1e-02 45:53.4
  396   5940 8.692632504527327e-02 2.1e+00 1.41e-02  1e-02  2e-02 47:06.3
  400   6000 8.663464107849911e-02 2.1e+00 1.42e-02  1e-02  2e-02 47:45.9
  408   6120 8.607002061528572e-02 2.1e+00 1.40e-02  1e-02  2e-02 49:07.7
  415   6225 8.617373121717251e-02 2.1e+00 1.33e-02  1e-02  1e-02 50:23.2
  422   6330 8.609279691523722e-02 2.1e+00 1.27e-02  9e-03  1e-02 51:40.2
  430   6450 8.353432136905266e-02 2.1e+00 1.33e-02  1e-02  1e-02 53:03.8
  437   6555 8.468914536296836e-02 2.1e+00 1.39e-02  1e-02  2e-02 54:22.2
  445   6675 8.409563647371085e-02 2.1e+00 1.22e-02  9e-03  1e-02 55:45.0
  454   6810 8.274734463334316e-02 2.1e+00 1.12e-02  8e-03  1e-02 57:15.9
  463   6945 8.296207310671935e-02 2.1e+00 9.63e-03  7e-03  1e-02 58:45.4
  471   7065 8.197338265988470e-02 2.1e+00 8.49e-03  6e-03  9e-03 60:08.5
  479   7185 8.227957450332077e-02 2.1e+00 8.20e-03  6e-03  9e-03 61:32.9
  489   7335 8.150805998925634e-02 2.1e+00 7.56e-03  6e-03  8e-03 63:02.7
  499   7485 8.062027442405845e-02 2.2e+00 7.27e-03  5e-03  8e-03 64:30.1
  500   7500 8.099460689815983e-02 2.1e+00 7.20e-03  5e-03  8e-03 64:40.3
  509   7635 8.055016588156660e-02 2.2e+00 6.65e-03  5e-03  7e-03 66:12.8
  518   7770 8.034531457336221e-02 2.2e+00 6.32e-03  5e-03  7e-03 67:46.1
  527   7905 8.089383733898524e-02 2.2e+00 6.08e-03  5e-03  7e-03 69:22.9
  536   8040 8.030375066020540e-02 2.2e+00 5.02e-03  4e-03  5e-03 71:03.6
  545   8175 8.025264529167525e-02 2.2e+00 4.55e-03  3e-03  5e-03 72:38.2
  561   8415 8.015227473433537e-02 2.3e+00 4.63e-03  3e-03  5e-03 74:15.4
[stop]
