(5_w,10)-aCMA-ES (mu_w=3.2,w_1=45%) in dimension 10 (seed=14, Tue Jun 24 08:51:22 2025)
Iterat #Fevals   function value  axis ratio  sigma  min&max std  t[m:s]
    1     10 8.606244584051392e+02 1.0e+00 2.19e-01  2e-01  2e-01 0:00.1
    2     20 7.192031021678297e+02 1.2e+00 2.07e-01  2e-01  2e-01 0:00.2
    3     30 7.389193197338464e+02 1.2e+00 2.16e-01  2e-01  2e-01 0:00.2
    9     90 7.577225297788130e-01 2.0e+00 3.20e-01  3e-01  4e-01 0:03.5
   16    160 7.577225297788130e-01 2.3e+00 2.73e-01  2e-01  3e-01 0:09.1
   19    190 7.577225297788130e-01 2.2e+00 2.15e-01  2e-01  3e-01 0:14.9
   21    210 7.577225297788130e-01 2.3e+00 1.85e-01  2e-01  2e-01 0:23.1
   23    230 7.577225297788130e-01 2.2e+00 1.67e-01  1e-01  2e-01 0:31.5
   26    260 7.577225297788130e-01 2.3e+00 1.50e-01  1e-01  2e-01 0:42.3
   27    270 7.577225297788130e-01 2.3e+00 1.50e-01  1e-01  2e-01 0:47.4
termination on tolflatfitness=1 (Tue Jun 24 08:52:10 2025)
final/bestever f-value = 7.577225e-01 7.577225e-01
incumbent solution: [0.32487918 0.92193613 0.12457327 0.88459463 0.00879385 0.65589746
 0.04144954 0.6835597  ...]
std deviations: [0.13379203 0.13040566 0.16550458 0.14275514 0.14201177 0.1257317
 0.13933773 0.13950534 ...]
(10_w,21)-aCMA-ES (mu_w=6.2,w_1=27%) in dimension 10 (seed=15, Tue Jun 24 08:52:10 2025)
Iterat #Fevals   function value  axis ratio  sigma  min&max std  t[m:s]
    1    292 6.248660171779821e+02 1.0e+00 2.58e-01  2e-01  3e-01 0:00.1
    2    313 6.060660171779821e+02 1.3e+00 2.52e-01  2e-01  3e-01 0:00.2
    3    334 6.060660171779821e+02 1.4e+00 2.72e-01  3e-01  3e-01 0:00.3
   10    481 7.577225297788130e-01 2.2e+00 3.98e-01  3e-01  5e-01 0:03.9
   12    523 7.577225297788130e-01 2.3e+00 4.46e-01  4e-01  5e-01 0:08.6
   18    649 7.577225297788130e-01 2.4e+00 3.63e-01  3e-01  4e-01 0:14.7
   20    691 7.577225297788130e-01 2.1e+00 3.02e-01  2e-01  3e-01 0:23.4
   21    712 7.577225297788130e-01 2.1e+00 3.08e-01  2e-01  3e-01 0:32.0
   23    754 7.577225297788130e-01 2.0e+00 2.75e-01  2e-01  3e-01 0:45.4
   25    796 7.577225297788130e-01 2.0e+00 2.65e-01  2e-01  3e-01 1:03.4
[stop]
