0 [0/200] 1132.2586356589582
4 [0/200] 620.2081528017131
5 [0/200] 611.6227766016837
9 [0/200] 556.5685424949238
14 [0/200] 542.4264068711929
15 [1/200] 0.46166602759352027
22 [5/200] 0.36547322379978386
39 [21/200] 0.2956128045513292
41 [22/200] 0.22984292992166772
44 [25/200] 0.14805524486148053
45 [26/200] 0.1391229873844323
46 [27/200] 0.12420592396517507
47 [28/200] 0.12010612742249216
49 [30/200] 0.10110714667754436
50 [31/200] 0.09611642985752082
74 [54/200] 0.0931527833338178
82 [60/200] 0.08918856092328262
100 [76/200] 0.08918856092328262
199 [169/200] 0.08908345693218694
200 [170/200] 0.08908345693218694
[stop]
