(7_w,15)-aCMA-ES (mu_w=4.5,w_1=34%) in dimension 50 (seed=8, Tue Jun 17 07:36:30 2025)
Iterat #Fevals   function value  axis ratio  sigma  min&max std  t[m:s]
    1     15 6.424528137423856e+02 1.0e+00 2.36e-01  2e-01  2e-01 0:00.2
    2     30 6.144719600745605e+02 1.0e+00 2.27e-01  2e-01  2e-01 0:00.3
    3     45 5.252000000000000e+02 1.1e+00 2.20e-01  2e-01  2e-01 0:00.5
   16    240 7.607616578997416e-01 1.2e+00 2.04e-01  2e-01  2e-01 0:03.5
   19    285 7.607616578997416e-01 1.2e+00 1.99e-01  2e-01  2e-01 0:09.7
   22    330 7.267557530156432e-01 1.2e+00 2.03e-01  2e-01  2e-01 0:16.5
   25    375 7.384773702254533e-01 1.3e+00 1.98e-01  2e-01  2e-01 0:25.7
   27    405 6.840393568282237e-01 1.3e+00 1.92e-01  2e-01  2e-01 0:35.6
   29    435 7.308567672147224e-01 1.3e+00 1.88e-01  2e-01  2e-01 0:47.2
   31    465 7.235740837490787e-01 1.3e+00 1.85e-01  2e-01  2e-01 0:56.9
   33    495 6.719081077575224e-01 1.3e+00 1.86e-01  2e-01  2e-01 1:08.9
   36    540 6.678724258653754e-01 1.3e+00 1.91e-01  2e-01  2e-01 1:20.8
   39    585 6.724843705474383e-01 1.4e+00 1.85e-01  2e-01  2e-01 1:33.5
   42    630 6.359023279862503e-01 1.4e+00 1.79e-01  2e-01  2e-01 1:51.0
   46    690 4.595305480198120e-01 1.4e+00 1.76e-01  2e-01  2e-01 2:08.2
   50    750 3.883489253243385e-01 1.4e+00 1.77e-01  2e-01  2e-01 2:26.1
   53    795 3.408166959050388e-01 1.4e+00 1.74e-01  2e-01  2e-01 2:42.1
   57    855 2.816007064128548e-01 1.4e+00 1.65e-01  2e-01  2e-01 3:01.0
   61    915 3.533055765205835e-01 1.4e+00 1.58e-01  2e-01  2e-01 3:21.3
   66    990 2.465099637546550e-01 1.5e+00 1.55e-01  2e-01  2e-01 3:43.2
   71   1065 2.331425384936124e-01 1.5e+00 1.59e-01  2e-01  2e-01 4:05.7
   75   1125 2.219998128310324e-01 1.5e+00 1.56e-01  1e-01  2e-01 4:29.3
   80   1200 2.130564214549305e-01 1.5e+00 1.49e-01  1e-01  2e-01 4:54.4
   84   1260 2.123505892272229e-01 1.5e+00 1.42e-01  1e-01  2e-01 5:19.9
   88   1320 2.066156744701367e-01 1.5e+00 1.30e-01  1e-01  1e-01 5:45.3
   92   1380 1.843856030142870e-01 1.5e+00 1.30e-01  1e-01  1e-01 6:14.3
   96   1440 1.843856030142870e-01 1.5e+00 1.29e-01  1e-01  1e-01 6:45.2
  100   1500 1.843856030142870e-01 1.6e+00 1.26e-01  1e-01  1e-01 7:12.0
  104   1560 1.763545716842717e-01 1.6e+00 1.22e-01  1e-01  1e-01 7:40.2
  110   1650 1.843856030142870e-01 1.6e+00 1.16e-01  1e-01  1e-01 8:15.8
  115   1725 1.843856030142870e-01 1.6e+00 1.22e-01  1e-01  1e-01 8:46.4
  121   1815 1.843856030142870e-01 1.6e+00 1.14e-01  1e-01  1e-01 9:19.4
  130   1950 1.436510767245776e-01 1.6e+00 1.00e-01  9e-02  1e-01 9:56.9
  137   2055 1.436510767245776e-01 1.6e+00 9.80e-02  9e-02  1e-01 10:32.1
  142   2130 1.436510767245776e-01 1.6e+00 9.65e-02  9e-02  1e-01 11:10.3
[stop]
