(7_w,15)-aCMA-ES (mu_w=4.5,w_1=34%) in dimension 50 (seed=26, Fri May 23 16:55:38 2025)
Iterat #Fevals   function value  axis ratio  sigma  min&max std  t[m:s]
    1     15 5.653805867603185e+02 1.0e+00 2.37e-01  2e-01  2e-01 0:04.6
    2     30 5.952623869084730e+02 1.0e+00 2.28e-01  2e-01  2e-01 0:08.6
    3     45 5.636396103067893e+02 1.1e+00 2.22e-01  2e-01  2e-01 0:12.7
    4     60 5.514781507049349e+02 1.1e+00 2.17e-01  2e-01  2e-01 0:16.8
    5     75 2.031709972055912e+00 1.1e+00 2.13e-01  2e-01  2e-01 0:21.5
    7    105 5.500826941470787e+02 1.1e+00 2.06e-01  2e-01  2e-01 0:29.3
    9    135 5.212132034355965e+02 1.1e+00 2.03e-01  2e-01  2e-01 0:37.6
   11    165 5.200000000000000e+02 1.1e+00 2.00e-01  2e-01  2e-01 0:45.8
   13    195 5.212132034355965e+02 1.2e+00 1.98e-01  2e-01  2e-01 0:54.5
   16    240 5.666478016374210e-01 1.2e+00 1.94e-01  2e-01  2e-01 1:09.0
   19    285 1.762203836500266e+01 1.2e+00 1.92e-01  2e-01  2e-01 1:23.4
   22    330 5.070710678118655e+02 1.2e+00 1.90e-01  2e-01  2e-01 1:35.9
   26    390 1.502082045991235e+01 1.3e+00 1.88e-01  2e-01  2e-01 1:52.1
   30    450 5.070710678118655e+02 1.3e+00 1.84e-01  2e-01  2e-01 2:08.5
   34    510 5.070710678118655e+02 1.3e+00 1.72e-01  2e-01  2e-01 2:24.3
   38    570 5.070710678118655e+02 1.3e+00 1.59e-01  2e-01  2e-01 2:39.6
   42    630 2.033421352925868e+00 1.3e+00 1.44e-01  1e-01  1e-01 2:58.9
   46    690 2.966681322463899e-01 1.4e+00 1.42e-01  1e-01  1e-01 3:17.9
   50    750 3.901095719379049e-01 1.4e+00 1.36e-01  1e-01  1e-01 3:39.0
   54    810 1.013244662942297e+00 1.4e+00 1.27e-01  1e-01  1e-01 3:58.8
   58    870 2.574849247445653e+00 1.4e+00 1.25e-01  1e-01  1e-01 4:20.3
   63    945 5.418186312859323e-01 1.4e+00 1.20e-01  1e-01  1e-01 4:46.7
   68   1020 1.741182240191167e+00 1.4e+00 1.15e-01  1e-01  1e-01 5:10.8
   74   1110 4.151291760522228e-01 1.4e+00 1.07e-01  1e-01  1e-01 5:34.2
   81   1215 4.614166271571714e-01 1.4e+00 1.03e-01  1e-01  1e-01 5:58.7
   89   1335 4.677360261612355e-01 1.4e+00 9.63e-02  9e-02  1e-01 6:25.9
   98   1470 2.633012461565267e-01 1.5e+00 1.04e-01  1e-01  1e-01 6:53.2
  100   1500 2.210833676076677e-01 1.5e+00 1.05e-01  1e-01  1e-01 7:01.2
  107   1605 4.065055424401313e-01 1.6e+00 9.63e-02  9e-02  1e-01 7:32.0
  111   1665 2.309018271605827e-01 1.6e+00 9.14e-02  8e-02  1e-01 8:02.5
  116   1740 2.737439056041744e-01 1.6e+00 8.75e-02  8e-02  9e-02 8:37.5
  120   1800 2.526425293054715e-01 1.6e+00 8.24e-02  7e-02  9e-02 9:08.6
  124   1860 1.873905956239349e-01 1.6e+00 7.59e-02  7e-02  8e-02 9:45.1
  129   1935 1.299286980158763e-01 1.6e+00 7.25e-02  6e-02  8e-02 10:25.2
  134   2010 1.379560526389508e-01 1.7e+00 7.59e-02  7e-02  8e-02 10:59.6
  139   2085 1.713268480586984e-01 1.7e+00 8.00e-02  7e-02  8e-02 11:40.5
  144   2160 1.113331914967348e-01 1.7e+00 7.91e-02  7e-02  8e-02 12:18.1
  149   2235 1.157858739667720e-01 1.8e+00 7.61e-02  6e-02  8e-02 13:00.1
  154   2310 1.149088095807485e-01 1.8e+00 7.27e-02  6e-02  8e-02 13:40.5
  159   2385 1.567559106571392e-01 1.8e+00 7.22e-02  6e-02  8e-02 14:21.7
  165   2475 1.239675826648989e-01 1.8e+00 7.04e-02  6e-02  7e-02 15:06.1
  170   2550 1.265118024820456e-01 1.8e+00 6.68e-02  5e-02  7e-02 15:49.3
  175   2625 1.071009977839389e-01 1.8e+00 6.64e-02  5e-02  7e-02 16:32.8
  180   2700 1.136583296316218e-01 1.9e+00 6.47e-02  5e-02  7e-02 17:16.7
  186   2790 1.093204956062257e-01 1.9e+00 6.49e-02  5e-02  7e-02 18:08.5
  192   2880 1.048645879173287e-01 1.9e+00 6.37e-02  5e-02  7e-02 18:56.3
  198   2970 1.101508757868213e-01 1.9e+00 5.73e-02  5e-02  6e-02 19:46.9
  200   3000 1.008628475023680e-01 1.9e+00 5.48e-02  4e-02  6e-02 20:05.8
  209   3135 9.798673072625487e-02 1.9e+00 4.88e-02  4e-02  5e-02 20:55.6
  220   3300 1.004579746646168e-01 1.9e+00 4.86e-02  4e-02  5e-02 21:48.3
  229   3435 9.503313887276246e-02 1.9e+00 4.18e-02  3e-02  4e-02 22:39.3
  237   3555 9.652276516326189e-02 1.9e+00 3.68e-02  3e-02  4e-02 23:30.5
  243   3645 9.707702117807662e-02 1.9e+00 3.71e-02  3e-02  4e-02 24:27.2
  249   3735 9.301109520070590e-02 1.9e+00 3.83e-02  3e-02  4e-02 25:26.8
  254   3810 9.668544251717644e-02 1.9e+00 3.61e-02  3e-02  4e-02 26:22.4
  260   3900 9.693171642693139e-02 1.9e+00 3.53e-02  3e-02  4e-02 27:24.5
  266   3990 9.169798045902833e-02 1.9e+00 3.38e-02  3e-02  4e-02 28:23.5
  272   4080 9.345816660583270e-02 1.9e+00 3.44e-02  3e-02  4e-02 29:28.2
  278   4170 9.208376175053902e-02 1.9e+00 3.31e-02  3e-02  3e-02 30:29.6
  284   4260 9.158518545732816e-02 1.9e+00 2.96e-02  2e-02  3e-02 31:34.1
  290   4350 9.342384595955235e-02 1.9e+00 2.86e-02  2e-02  3e-02 32:35.1
  296   4440 9.010335140399869e-02 1.9e+00 2.71e-02  2e-02  3e-02 33:40.9
  300   4500 9.093762937619621e-02 1.9e+00 2.47e-02  2e-02  3e-02 34:26.1
  306   4590 8.955728273649746e-02 1.9e+00 2.31e-02  2e-02  2e-02 35:31.4
  313   4695 8.773319661487022e-02 1.9e+00 2.34e-02  2e-02  2e-02 36:37.3
  320   4800 8.779947898218231e-02 2.0e+00 2.07e-02  2e-02  2e-02 37:49.8
  327   4905 8.776703340221742e-02 2.0e+00 1.85e-02  1e-02  2e-02 39:06.0
  334   5010 8.703520793484187e-02 2.0e+00 1.77e-02  1e-02  2e-02 40:22.3
  341   5115 8.717577043078434e-02 2.0e+00 1.73e-02  1e-02  2e-02 41:37.5
  348   5220 8.589672015944878e-02 2.0e+00 1.75e-02  1e-02  2e-02 42:57.2
  357   5355 8.560459398326989e-02 2.0e+00 1.54e-02  1e-02  2e-02 44:10.9
  369   5535 8.577032657007845e-02 2.0e+00 1.56e-02  1e-02  2e-02 45:23.8
  380   5700 8.413740970022726e-02 2.1e+00 1.34e-02  1e-02  1e-02 46:36.7
  391   5865 8.505965935554188e-02 2.1e+00 1.25e-02  1e-02  1e-02 47:49.9
  400   6000 8.317618063472165e-02 2.1e+00 1.20e-02  1e-02  1e-02 48:47.8
  412   6180 8.311497052527592e-02 2.1e+00 1.12e-02  9e-03  1e-02 50:03.2
  420   6300 8.235028527656363e-02 2.1e+00 1.07e-02  9e-03  1e-02 51:23.6
  428   6420 8.449148141742419e-02 2.2e+00 1.02e-02  8e-03  1e-02 52:48.1
  436   6540 8.236836654744781e-02 2.2e+00 9.25e-03  7e-03  1e-02 54:10.3
  444   6660 8.220525873596206e-02 2.2e+00 9.28e-03  7e-03  1e-02 55:34.8
  451   6765 8.133618542025393e-02 2.2e+00 9.37e-03  7e-03  1e-02 56:55.3
  458   6870 8.171325379686642e-02 2.2e+00 8.54e-03  7e-03  9e-03 58:18.3
  465   6975 8.141862275425163e-02 2.2e+00 7.84e-03  6e-03  8e-03 59:42.5
  473   7095 8.100908285324325e-02 2.2e+00 7.19e-03  6e-03  8e-03 61:11.4
  481   7215 8.100977886127689e-02 2.2e+00 6.90e-03  5e-03  7e-03 62:39.7
  489   7335 8.011250695149844e-02 2.2e+00 6.48e-03  5e-03  7e-03 64:14.0
  497   7455 8.087617441375214e-02 2.2e+00 5.66e-03  4e-03  6e-03 65:51.1
  500   7500 8.011741039775350e-02 2.2e+00 5.40e-03  4e-03  6e-03 66:28.2
  508   7620 7.983506176144564e-02 2.2e+00 5.29e-03  4e-03  6e-03 68:02.5
  516   7740 8.021763223909933e-02 2.3e+00 5.39e-03  4e-03  6e-03 69:35.5
  524   7860 7.981818519334853e-02 2.3e+00 5.26e-03  4e-03  6e-03 71:08.9
[stop]
