(7_w,15)-aCMA-ES (mu_w=4.5,w_1=34%) in dimension 50 (seed=27, Fri May 23 16:55:38 2025)
Iterat #Fevals   function value  axis ratio  sigma  min&max std  t[m:s]
    1     15 5.989949493661167e+02 1.0e+00 2.36e-01  2e-01  2e-01 0:03.5
    2     30 7.440839951697924e+02 1.0e+00 2.28e-01  2e-01  2e-01 0:06.1
    3     45 6.989949493661168e+02 1.1e+00 2.21e-01  2e-01  2e-01 0:08.6
    5     75 6.272792206135786e+02 1.1e+00 2.09e-01  2e-01  2e-01 0:13.4
    7    105 5.388908729652601e+02 1.1e+00 2.03e-01  2e-01  2e-01 0:18.5
    9    135 5.586710678118654e+02 1.1e+00 1.97e-01  2e-01  2e-01 0:24.9
   11    165 5.282842712474619e+02 1.1e+00 1.95e-01  2e-01  2e-01 0:32.4
   13    195 5.158113883008419e+02 1.1e+00 1.95e-01  2e-01  2e-01 0:39.9
   16    240 5.070710678118655e+02 1.2e+00 1.90e-01  2e-01  2e-01 0:51.5
   19    285 6.425388929342144e+01 1.2e+00 1.86e-01  2e-01  2e-01 1:03.3
   23    345 5.070710678118655e+02 1.2e+00 1.75e-01  2e-01  2e-01 1:14.0
   28    420 5.141421356237310e+02 1.2e+00 1.58e-01  2e-01  2e-01 1:25.8
   33    495 2.093301357955176e+00 1.2e+00 1.42e-01  1e-01  1e-01 1:38.9
   39    585 6.672490547467614e+00 1.3e+00 1.43e-01  1e-01  1e-01 1:53.9
   45    675 5.212132034355964e+02 1.3e+00 1.41e-01  1e-01  1e-01 2:09.6
   51    765 1.946414021252819e+01 1.3e+00 1.44e-01  1e-01  1e-01 2:24.8
   58    870 5.070710678118655e+02 1.3e+00 1.41e-01  1e-01  1e-01 2:41.7
   65    975 9.698346939996108e-01 1.3e+00 1.39e-01  1e-01  1e-01 2:60.0
   72   1080 1.139090220926730e+00 1.4e+00 1.32e-01  1e-01  1e-01 3:19.0
   80   1200 6.966550184097193e-01 1.4e+00 1.19e-01  1e-01  1e-01 3:40.2
   84   1260 3.796592078539367e-01 1.4e+00 1.13e-01  1e-01  1e-01 4:00.6
   89   1335 6.165700693851360e+01 1.4e+00 1.11e-01  1e-01  1e-01 4:22.4
   94   1410 6.773831697011607e-01 1.4e+00 1.02e-01  1e-01  1e-01 4:48.1
   99   1485 6.591769505440903e-01 1.4e+00 9.19e-02  9e-02  1e-01 5:13.6
  100   1500 2.938714585697822e-01 1.4e+00 9.01e-02  8e-02  9e-02 5:18.4
  106   1590 5.070710678118655e+02 1.5e+00 8.58e-02  8e-02  9e-02 5:46.1
  111   1665 7.932300994165036e-01 1.5e+00 7.84e-02  7e-02  8e-02 6:12.2
  116   1740 2.526144125711380e-01 1.5e+00 7.41e-02  7e-02  8e-02 6:39.2
  120   1800 2.641881746403829e-01 1.5e+00 6.93e-02  6e-02  7e-02 7:09.7
  125   1875 2.836536380676379e-01 1.5e+00 6.63e-02  6e-02  7e-02 7:45.2
  131   1965 2.822681170072306e-01 1.5e+00 6.54e-02  6e-02  7e-02 8:16.5
  139   2085 2.126341755999147e-01 1.6e+00 6.65e-02  6e-02  7e-02 8:49.1
  144   2160 1.809971903362375e-01 1.6e+00 6.46e-02  6e-02  7e-02 9:23.5
  150   2250 1.640563435970344e-01 1.6e+00 5.83e-02  5e-02  6e-02 10:03.6
  155   2325 1.311845572398768e-01 1.6e+00 5.83e-02  5e-02  6e-02 10:47.7
  160   2400 1.270534862297125e-01 1.7e+00 5.86e-02  5e-02  6e-02 11:29.2
  164   2460 1.158711296507480e-01 1.7e+00 5.53e-02  5e-02  6e-02 12:08.1
  169   2535 1.249076862836741e-01 1.7e+00 5.45e-02  5e-02  6e-02 12:50.6
  174   2610 1.107659772935308e-01 1.7e+00 5.13e-02  4e-02  5e-02 13:30.5
  179   2685 1.152194270892738e-01 1.7e+00 4.82e-02  4e-02  5e-02 14:11.6
  184   2760 1.156616006531586e-01 1.8e+00 4.48e-02  4e-02  5e-02 14:59.9
  189   2835 1.091716352450437e-01 1.8e+00 4.07e-02  3e-02  4e-02 15:46.3
  194   2910 1.037533348554977e-01 1.8e+00 3.69e-02  3e-02  4e-02 16:37.1
  199   2985 1.020026069236874e-01 1.8e+00 3.38e-02  3e-02  4e-02 17:28.0
  200   3000 9.971370150817180e-02 1.8e+00 3.38e-02  3e-02  4e-02 17:39.1
  205   3075 1.006294629644653e-01 1.8e+00 3.21e-02  3e-02  3e-02 18:31.2
  210   3150 9.550341676002733e-02 1.8e+00 3.16e-02  3e-02  3e-02 19:21.9
  215   3225 9.364580312219410e-02 1.8e+00 3.17e-02  3e-02  3e-02 20:14.7
  221   3315 1.046232624209115e-01 1.9e+00 3.12e-02  3e-02  3e-02 21:05.7
  227   3405 9.466273786389799e-02 1.9e+00 2.82e-02  2e-02  3e-02 22:00.0
  233   3495 9.031491963079538e-02 1.9e+00 2.74e-02  2e-02  3e-02 23:00.1
  239   3585 9.433899774364415e-02 1.9e+00 2.61e-02  2e-02  3e-02 23:59.2
  244   3660 9.029134878134519e-02 1.9e+00 2.44e-02  2e-02  3e-02 24:53.4
  250   3750 9.075945929278403e-02 1.9e+00 2.20e-02  2e-02  2e-02 25:51.9
  256   3840 8.867972291438042e-02 1.9e+00 1.99e-02  2e-02  2e-02 26:54.7
  262   3930 9.014719300703322e-02 1.9e+00 1.96e-02  2e-02  2e-02 27:52.7
  268   4020 9.035656999642278e-02 1.9e+00 1.84e-02  1e-02  2e-02 28:49.1
  274   4110 9.086170538132121e-02 1.9e+00 1.65e-02  1e-02  2e-02 29:51.4
  280   4200 8.740251189953811e-02 1.9e+00 1.46e-02  1e-02  2e-02 30:54.0
  287   4305 8.802166747358404e-02 1.9e+00 1.34e-02  1e-02  1e-02 32:02.3
  294   4410 8.680056734631149e-02 1.9e+00 1.33e-02  1e-02  1e-02 33:12.3
  300   4500 8.655419698149172e-02 1.9e+00 1.31e-02  1e-02  1e-02 34:03.0
  307   4605 8.659104306301268e-02 1.9e+00 1.25e-02  1e-02  1e-02 35:11.0
  314   4710 8.777370430292460e-02 1.9e+00 1.19e-02  9e-03  1e-02 36:22.8
  321   4815 8.629063115229144e-02 2.0e+00 1.08e-02  8e-03  1e-02 37:34.7
  327   4905 8.702184603340984e-02 2.0e+00 1.04e-02  8e-03  1e-02 38:41.6
  334   5010 8.534485581703595e-02 2.0e+00 1.08e-02  8e-03  1e-02 39:55.2
  340   5100 8.519139352915031e-02 2.0e+00 1.10e-02  8e-03  1e-02 41:05.8
  346   5190 8.593044489564136e-02 2.0e+00 1.03e-02  8e-03  1e-02 42:14.8
  353   5295 8.436899241536558e-02 2.0e+00 1.12e-02  9e-03  1e-02 43:31.9
  360   5400 8.357898899842785e-02 2.0e+00 1.09e-02  8e-03  1e-02 44:50.4
  367   5505 8.512934455593538e-02 2.1e+00 1.02e-02  8e-03  1e-02 46:07.6
  375   5625 8.425669408053942e-02 2.1e+00 9.93e-03  8e-03  1e-02 47:30.0
  382   5730 8.372724125039782e-02 2.1e+00 9.76e-03  7e-03  1e-02 48:45.8
  390   5850 8.443411199583811e-02 2.1e+00 9.74e-03  7e-03  1e-02 50:07.9
  398   5970 8.402665112405147e-02 2.1e+00 9.50e-03  7e-03  1e-02 51:30.4
  400   6000 8.322547346811941e-02 2.1e+00 9.27e-03  7e-03  1e-02 51:51.7
  408   6120 8.359808501422536e-02 2.1e+00 7.97e-03  6e-03  9e-03 53:13.3
  417   6255 8.257324625552098e-02 2.1e+00 6.81e-03  5e-03  8e-03 54:38.9
  425   6375 8.276170250614341e-02 2.1e+00 7.00e-03  5e-03  8e-03 55:58.2
  433   6495 8.224700488895241e-02 2.1e+00 6.49e-03  5e-03  7e-03 57:19.5
  442   6630 8.355806075011991e-02 2.1e+00 6.13e-03  5e-03  7e-03 58:43.4
  456   6840 8.316465202492632e-02 2.2e+00 6.08e-03  5e-03  7e-03 60:05.7
  465   6975 8.250792989861186e-02 2.2e+00 6.15e-03  5e-03  7e-03 61:31.5
  474   7110 8.290097449562653e-02 2.2e+00 5.81e-03  4e-03  6e-03 63:03.6
  485   7275 8.288324580218695e-02 2.3e+00 5.29e-03  4e-03  6e-03 64:35.7
  494   7410 8.266503492605448e-02 2.3e+00 5.78e-03  4e-03  6e-03 66:08.7
  500   7500 8.229977324159221e-02 2.3e+00 5.21e-03  4e-03  6e-03 67:14.5
  509   7635 8.218170198221714e-02 2.3e+00 4.77e-03  4e-03  5e-03 68:48.0
  518   7770 8.260972387859697e-02 2.4e+00 4.27e-03  3e-03  5e-03 70:19.6
  527   7905 8.144834947183308e-02 2.4e+00 4.07e-03  3e-03  5e-03 71:54.1
  541   8115 8.163769169641692e-02 2.4e+00 4.20e-03  3e-03  5e-03 73:27.8
[stop]
