(7_w,15)-aCMA-ES (mu_w=4.5,w_1=34%) in dimension 50 (seed=12, Tue Jun 17 07:59:21 2025)
Iterat #Fevals   function value  axis ratio  sigma  min&max std  t[m:s]
    1     15 6.661700935788386e+02 1.0e+00 2.35e-01  2e-01  2e-01 0:01.1
    2     30 5.282842712474619e+02 1.0e+00 2.27e-01  2e-01  2e-01 0:02.1
    3     45 6.334166406412633e+02 1.1e+00 2.21e-01  2e-01  2e-01 0:02.9
    8    120 6.993865121500509e-01 1.1e+00 1.94e-01  2e-01  2e-01 0:06.8
   12    180 5.215436237850459e-01 1.1e+00 1.82e-01  2e-01  2e-01 0:11.2
   15    225 4.457322389990278e-01 1.1e+00 1.79e-01  2e-01  2e-01 0:16.5
   19    285 3.585792356256804e-01 1.2e+00 1.73e-01  2e-01  2e-01 0:23.0
   24    360 3.187436515861600e+00 1.2e+00 1.63e-01  2e-01  2e-01 0:31.0
   28    420 1.779378402985415e-01 1.3e+00 1.59e-01  2e-01  2e-01 0:39.3
   32    480 2.801446421242296e-01 1.3e+00 1.54e-01  2e-01  2e-01 0:48.8
   36    540 2.485006603899801e-01 1.3e+00 1.50e-01  1e-01  2e-01 0:59.7
   40    600 5.262556373786462e-01 1.3e+00 1.50e-01  1e-01  2e-01 1:12.8
   44    660 6.170281166022146e-01 1.4e+00 1.52e-01  1e-01  2e-01 1:26.5
   49    735 5.533753230938383e-01 1.4e+00 1.55e-01  2e-01  2e-01 1:40.8
   56    840 7.064418031741707e-01 1.4e+00 1.50e-01  1e-01  2e-01 1:54.8
   61    915 2.830435245285413e-01 1.5e+00 1.53e-01  1e-01  2e-01 2:10.4
   66    990 4.978690900282063e-01 1.5e+00 1.47e-01  1e-01  2e-01 2:27.2
   73   1095 6.730775178703834e-01 1.5e+00 1.35e-01  1e-01  1e-01 2:46.8
   79   1185 6.939235300739639e-01 1.5e+00 1.34e-01  1e-01  1e-01 3:06.8
   87   1305 1.016527245736710e+00 1.5e+00 1.46e-01  1e-01  2e-01 3:26.1
   96   1440 3.028843713483306e-01 1.6e+00 1.52e-01  1e-01  2e-01 3:46.9
  100   1500 5.164823168882660e+00 1.6e+00 1.54e-01  1e-01  2e-01 3:58.1
  111   1665 4.342115525108207e+00 1.6e+00 1.42e-01  1e-01  2e-01 4:20.7
  120   1800 1.501828409823700e+00 1.6e+00 1.50e-01  1e-01  2e-01 4:45.1
  132   1980 3.155857854531899e+00 1.7e+00 1.48e-01  1e-01  2e-01 5:10.9
  141   2115 1.396376649229278e-01 1.7e+00 1.33e-01  1e-01  1e-01 5:37.0
  149   2235 3.926923475946447e-01 1.7e+00 1.13e-01  1e-01  1e-01 6:05.3
  156   2340 1.610175503025543e-01 1.7e+00 1.01e-01  9e-02  1e-01 6:37.5
  162   2430 1.342488520954522e-01 1.7e+00 9.43e-02  8e-02  1e-01 7:07.3
  169   2535 1.310257712014198e-01 1.7e+00 8.88e-02  8e-02  1e-01 7:38.3
  175   2625 1.508587748178497e-01 1.7e+00 7.88e-02  7e-02  9e-02 8:10.8
  182   2730 1.368873204211860e-01 1.7e+00 7.05e-02  6e-02  8e-02 8:43.2
  189   2835 1.158531927504713e-01 1.7e+00 6.49e-02  6e-02  7e-02 9:19.4
  195   2925 9.981981394727654e-02 1.7e+00 6.32e-02  6e-02  7e-02 9:52.7
  200   3000 1.103783529886564e-01 1.7e+00 6.35e-02  6e-02  7e-02 10:23.3
  207   3105 1.093688635880621e-01 1.8e+00 6.46e-02  6e-02  7e-02 11:03.4
  214   3210 1.113197710265399e-01 1.8e+00 6.08e-02  5e-02  7e-02 11:41.5
  220   3300 1.367165504564563e-01 1.8e+00 5.71e-02  5e-02  6e-02 12:20.9
[stop]
