(7_w,15)-aCMA-ES (mu_w=4.5,w_1=34%) in dimension 50 (seed=18, Fri May 23 16:55:38 2025)
Iterat #Fevals   function value  axis ratio  sigma  min&max std  t[m:s]
    1     15 9.134068574435453e+02 1.0e+00 2.37e-01  2e-01  2e-01 0:06.3
    2     30 6.893115703813496e+02 1.0e+00 2.28e-01  2e-01  2e-01 0:11.9
    3     45 6.739875216171390e+02 1.1e+00 2.23e-01  2e-01  2e-01 0:17.3
    4     60 7.687005768508881e+02 1.1e+00 2.21e-01  2e-01  2e-01 0:23.1
    5     75 6.861700935788386e+02 1.1e+00 2.19e-01  2e-01  2e-01 0:28.9
    6     90 6.341532598737332e+02 1.1e+00 2.19e-01  2e-01  2e-01 0:34.0
    8    120 6.590990257669732e+02 1.1e+00 2.19e-01  2e-01  2e-01 0:45.4
   10    150 5.341421356237310e+02 1.1e+00 2.24e-01  2e-01  2e-01 0:55.6
   12    180 6.745819832849260e-01 1.2e+00 2.30e-01  2e-01  2e-01 1:05.6
   15    225 5.254950975679640e+02 1.2e+00 2.40e-01  2e-01  2e-01 1:18.7
   18    270 5.176776695296637e+02 1.3e+00 2.38e-01  2e-01  2e-01 1:31.9
   21    315 5.212132034355965e+02 1.3e+00 2.34e-01  2e-01  2e-01 1:46.0
   24    360 5.106066017177982e+02 1.3e+00 2.30e-01  2e-01  2e-01 1:59.0
   28    420 5.447213595499958e+02 1.4e+00 2.24e-01  2e-01  2e-01 2:15.6
   31    465 5.565685424949238e+02 1.4e+00 2.21e-01  2e-01  2e-01 2:29.7
   35    525 5.282842712474619e+02 1.4e+00 2.13e-01  2e-01  2e-01 2:47.8
   39    585 5.141421356237310e+02 1.4e+00 1.96e-01  2e-01  2e-01 3:05.9
   43    645 5.070710678118655e+02 1.4e+00 1.81e-01  2e-01  2e-01 3:23.8
   48    720 3.719769765284302e-01 1.4e+00 1.63e-01  2e-01  2e-01 3:46.6
   53    795 3.218688267692418e-01 1.4e+00 1.51e-01  1e-01  2e-01 4:10.8
   57    855 5.070710678118655e+02 1.5e+00 1.50e-01  1e-01  2e-01 4:32.1
   61    915 3.022731091762108e-01 1.5e+00 1.43e-01  1e-01  1e-01 4:54.2
   66    990 3.491617726514464e-01 1.5e+00 1.33e-01  1e-01  1e-01 5:22.0
   71   1065 1.674745817024496e-01 1.5e+00 1.25e-01  1e-01  1e-01 5:50.7
   76   1140 2.280076592863531e-01 1.5e+00 1.23e-01  1e-01  1e-01 6:19.9
   82   1230 3.728550453274311e-01 1.5e+00 1.11e-01  1e-01  1e-01 6:47.5
   87   1305 2.438906967371384e-01 1.5e+00 1.09e-01  1e-01  1e-01 7:14.2
   92   1380 2.498711058736970e-01 1.5e+00 1.07e-01  1e-01  1e-01 7:48.3
   97   1455 4.164877307525290e-01 1.5e+00 1.03e-01  1e-01  1e-01 8:16.5
  100   1500 2.061408469470149e+00 1.5e+00 9.94e-02  9e-02  1e-01 8:34.0
  106   1590 2.149317709972673e-01 1.5e+00 9.55e-02  9e-02  1e-01 9:07.2
  111   1665 2.590896108034546e-01 1.5e+00 9.06e-02  8e-02  9e-02 9:39.4
  117   1755 3.427941806598097e-01 1.5e+00 8.28e-02  8e-02  9e-02 10:18.3
  122   1830 2.452116202994543e-01 1.5e+00 7.74e-02  7e-02  8e-02 10:57.6
  127   1905 2.470226295920779e-01 1.5e+00 7.63e-02  7e-02  8e-02 11:37.7
  132   1980 2.656445446193428e-01 1.5e+00 7.74e-02  7e-02  8e-02 12:16.9
  138   2070 1.803381395449156e-01 1.6e+00 7.92e-02  7e-02  8e-02 12:58.8
  144   2160 1.482541092486176e-01 1.6e+00 7.96e-02  7e-02  8e-02 13:41.4
  149   2235 1.674864280978798e-01 1.6e+00 7.85e-02  7e-02  8e-02 14:22.7
  155   2325 1.359298521221420e-01 1.6e+00 7.10e-02  6e-02  7e-02 15:04.5
  160   2400 1.526027200351240e-01 1.6e+00 6.57e-02  6e-02  7e-02 15:53.5
  164   2460 1.453240873792823e-01 1.6e+00 6.26e-02  6e-02  7e-02 16:34.7
  169   2535 1.370346720575785e-01 1.6e+00 6.27e-02  6e-02  7e-02 17:17.1
  174   2610 1.173619824859408e-01 1.6e+00 6.05e-02  5e-02  6e-02 18:03.8
  179   2685 1.378883265443757e-01 1.6e+00 5.91e-02  5e-02  6e-02 18:52.7
  185   2775 1.223971203183536e-01 1.6e+00 5.53e-02  5e-02  6e-02 19:46.1
  190   2850 1.173911012452924e-01 1.6e+00 5.12e-02  5e-02  5e-02 20:37.2
  195   2925 1.146904913877996e-01 1.6e+00 4.97e-02  4e-02  5e-02 21:32.5
  200   3000 1.094333521122297e-01 1.6e+00 4.59e-02  4e-02  5e-02 22:20.0
  205   3075 1.089684903789904e-01 1.6e+00 4.27e-02  4e-02  5e-02 23:09.8
  210   3150 1.154425670859430e-01 1.7e+00 4.19e-02  4e-02  4e-02 24:02.9
  216   3240 1.109330571432449e-01 1.7e+00 3.99e-02  3e-02  4e-02 25:01.4
  222   3330 1.058754290599118e-01 1.7e+00 3.74e-02  3e-02  4e-02 26:02.5
  228   3420 9.895155720750090e-02 1.7e+00 3.47e-02  3e-02  4e-02 27:01.4
  234   3510 9.586370112976281e-02 1.7e+00 3.02e-02  3e-02  3e-02 28:04.1
  240   3600 9.493718198016871e-02 1.7e+00 2.79e-02  2e-02  3e-02 29:04.0
  246   3690 9.498215301955995e-02 1.7e+00 2.77e-02  2e-02  3e-02 30:06.4
  252   3780 9.383994691904862e-02 1.7e+00 2.72e-02  2e-02  3e-02 31:10.8
  258   3870 9.191800681453602e-02 1.8e+00 2.75e-02  2e-02  3e-02 32:16.2
  264   3960 9.302862652746249e-02 1.9e+00 2.64e-02  2e-02  3e-02 33:24.5
  270   4050 9.078157360006345e-02 1.9e+00 2.40e-02  2e-02  3e-02 34:27.6
  276   4140 9.490969600143093e-02 1.9e+00 2.22e-02  2e-02  2e-02 35:28.9
  282   4230 9.108471071619804e-02 1.9e+00 2.00e-02  2e-02  2e-02 36:32.2
  288   4320 9.109505118298605e-02 1.9e+00 1.85e-02  2e-02  2e-02 37:38.3
  295   4425 8.978653277604326e-02 1.9e+00 1.70e-02  1e-02  2e-02 38:53.8
  300   4500 8.984446972550683e-02 1.9e+00 1.58e-02  1e-02  2e-02 39:52.4
  306   4590 9.006502055053514e-02 2.0e+00 1.60e-02  1e-02  2e-02 41:04.8
  312   4680 8.814037375315818e-02 2.0e+00 1.57e-02  1e-02  2e-02 42:18.6
  319   4785 8.959186519747861e-02 2.0e+00 1.49e-02  1e-02  2e-02 43:37.2
  326   4890 8.853511740482392e-02 2.0e+00 1.39e-02  1e-02  1e-02 44:56.9
  333   4995 8.710711644787206e-02 2.0e+00 1.23e-02  1e-02  1e-02 46:07.0
  341   5115 8.683582331887213e-02 2.0e+00 1.16e-02  9e-03  1e-02 47:27.8
  349   5235 8.681794113431042e-02 2.1e+00 1.09e-02  9e-03  1e-02 48:42.8
  357   5355 8.804039372103210e-02 2.1e+00 1.03e-02  8e-03  1e-02 50:06.5
  365   5475 8.750184762385366e-02 2.1e+00 9.78e-03  8e-03  1e-02 51:29.9
  372   5580 8.652485603266111e-02 2.1e+00 9.36e-03  7e-03  1e-02 52:45.4
  380   5700 8.557841864919566e-02 2.1e+00 9.21e-03  7e-03  1e-02 54:12.4
  388   5820 8.596760122697736e-02 2.1e+00 8.42e-03  7e-03  9e-03 55:41.1
  396   5940 8.538153130356231e-02 2.2e+00 7.13e-03  6e-03  8e-03 57:08.4
  400   6000 8.555859816063179e-02 2.2e+00 6.60e-03  5e-03  7e-03 57:54.6
  408   6120 8.412205494627770e-02 2.2e+00 6.17e-03  5e-03  7e-03 59:21.9
  417   6255 8.412055679666457e-02 2.2e+00 5.63e-03  4e-03  6e-03 60:53.4
  426   6390 8.438816091669525e-02 2.2e+00 5.05e-03  4e-03  5e-03 62:24.8
  435   6525 8.446890074656956e-02 2.2e+00 4.71e-03  4e-03  5e-03 63:54.9
  445   6675 8.456015791692879e-02 2.2e+00 4.10e-03  3e-03  4e-03 65:26.1
  453   6795 8.368773089668261e-02 2.2e+00 3.66e-03  3e-03  4e-03 66:53.1
  462   6930 8.330601749417994e-02 2.3e+00 3.45e-03  3e-03  4e-03 68:28.1
  470   7050 8.299954383725261e-02 2.3e+00 3.17e-03  2e-03  3e-03 69:55.7
  479   7185 8.327072857380786e-02 2.3e+00 2.86e-03  2e-03  3e-03 71:30.3
  490   7350 8.304249780974365e-02 2.3e+00 2.47e-03  2e-03  3e-03 73:04.4
  500   7500 8.279859945550218e-02 2.3e+00 2.26e-03  2e-03  2e-03 74:07.8
  514   7710 8.295736753908353e-02 2.4e+00 2.09e-03  2e-03  2e-03 75:38.9
[stop]
