(6_w,12)-aCMA-ES (mu_w=3.7,w_1=40%) in dimension 20 (seed=8, Tue Jun 24 11:37:05 2025)
Iterat #Fevals   function value  axis ratio  sigma  min&max std  t[m:s]
    1     12 5.989949493661167e+02 1.0e+00 2.39e-01  2e-01  2e-01 0:00.3
    2     24 6.979898987322333e+02 1.1e+00 2.37e-01  2e-01  2e-01 0:00.6
    3     36 5.738241153011670e+02 1.1e+00 2.38e-01  2e-01  2e-01 0:00.9
   12    144 1.503636318179534e-01 1.4e+00 2.06e-01  2e-01  2e-01 0:04.9
   16    192 1.027453301281734e+00 1.5e+00 1.69e-01  2e-01  2e-01 0:09.5
   20    240 2.640554056983329e-01 1.5e+00 1.43e-01  1e-01  1e-01 0:17.4
   23    276 2.200603367884908e-01 1.5e+00 1.38e-01  1e-01  1e-01 0:24.0
   26    312 1.782777216278883e-01 1.5e+00 1.20e-01  1e-01  1e-01 0:31.8
   29    348 2.044333427588961e-01 1.5e+00 1.15e-01  1e-01  1e-01 0:40.7
   32    384 2.035197852217601e-01 1.6e+00 1.05e-01  9e-02  1e-01 0:51.8
   35    420 1.392648259499380e-01 1.6e+00 9.55e-02  8e-02  1e-01 1:05.4
   38    456 1.270524060707582e-01 1.7e+00 8.75e-02  7e-02  9e-02 1:19.0
   42    504 1.242593618334474e-01 1.8e+00 8.00e-02  6e-02  8e-02 1:33.6
   47    564 1.068011890938690e-01 1.8e+00 8.80e-02  7e-02  1e-01 1:51.4
   53    636 1.279235007330783e-01 2.1e+00 1.10e-01  8e-02  1e-01 2:06.9
   59    708 1.207097898762427e-01 2.2e+00 9.24e-02  6e-02  1e-01 2:23.5
   64    768 1.023954618603994e-01 2.2e+00 7.44e-02  5e-02  8e-02 2:41.7
   69    828 9.964580416550570e-02 2.2e+00 5.88e-02  4e-02  7e-02 3:04.3
   73    876 1.026487436472892e-01 2.3e+00 5.13e-02  3e-02  6e-02 3:22.6
   78    936 9.842890500540247e-02 2.4e+00 5.30e-02  3e-02  6e-02 3:46.4
   84   1008 9.581686747653406e-02 2.6e+00 5.62e-02  3e-02  6e-02 4:06.6
[stop]
