(7_w,15)-aCMA-ES (mu_w=4.5,w_1=34%) in dimension 50 (seed=13, Tue Jun 17 07:36:30 2025)
Iterat #Fevals   function value  axis ratio  sigma  min&max std  t[m:s]
    1     15 7.179875803918297e+02 1.0e+00 2.36e-01  2e-01  2e-01 0:00.2
    2     30 6.888376684661082e+02 1.0e+00 2.27e-01  2e-01  2e-01 0:00.3
    3     45 6.415477664211886e+02 1.0e+00 2.20e-01  2e-01  2e-01 0:00.5
   13    195 7.136141754317740e-01 1.2e+00 2.14e-01  2e-01  2e-01 0:04.8
   17    255 6.403700200100526e-01 1.2e+00 2.06e-01  2e-01  2e-01 0:10.5
   20    300 4.775634989706014e-01 1.2e+00 2.04e-01  2e-01  2e-01 0:16.8
   23    345 5.270823940607217e-01 1.3e+00 1.97e-01  2e-01  2e-01 0:23.9
   27    405 4.736660804469552e-01 1.3e+00 1.81e-01  2e-01  2e-01 0:34.0
   30    450 4.587586577242284e-01 1.3e+00 1.76e-01  2e-01  2e-01 0:43.6
   33    495 4.652565864231983e-01 1.3e+00 1.75e-01  2e-01  2e-01 1:00.3
   36    540 4.405501062581699e-01 1.3e+00 1.71e-01  2e-01  2e-01 1:17.1
   38    570 3.600296693364673e-01 1.3e+00 1.74e-01  2e-01  2e-01 1:28.3
   41    615 3.331044300258140e-01 1.4e+00 1.76e-01  2e-01  2e-01 1:42.6
   44    660 2.109760450069711e-01 1.4e+00 1.75e-01  2e-01  2e-01 1:57.9
   47    705 2.328828670592775e-01 1.4e+00 1.72e-01  2e-01  2e-01 2:12.8
   50    750 2.291605992272580e-01 1.4e+00 1.64e-01  2e-01  2e-01 2:30.7
   53    795 2.324314429693831e-01 1.4e+00 1.54e-01  1e-01  2e-01 2:48.9
   56    840 2.135425305252322e-01 1.4e+00 1.49e-01  1e-01  2e-01 3:07.2
   59    885 2.128132135039920e-01 1.4e+00 1.52e-01  1e-01  2e-01 3:25.9
   65    975 2.111101268477441e-01 1.5e+00 1.51e-01  1e-01  2e-01 3:49.4
   69   1035 1.921585253500198e-01 1.5e+00 1.48e-01  1e-01  2e-01 4:10.0
   74   1110 1.594704225927465e-01 1.5e+00 1.50e-01  1e-01  2e-01 4:35.6
   78   1170 1.226711266291718e-01 1.5e+00 1.58e-01  2e-01  2e-01 5:02.4
   83   1245 1.226733931035805e-01 1.5e+00 1.53e-01  1e-01  2e-01 5:32.5
   89   1335 1.172500431806813e-01 1.5e+00 1.48e-01  1e-01  2e-01 6:00.3
   94   1410 1.407579520149596e-01 1.5e+00 1.41e-01  1e-01  1e-01 6:26.3
   99   1485 1.226761040269673e-01 1.5e+00 1.31e-01  1e-01  1e-01 6:53.4
  100   1500 1.210669657397120e-01 1.5e+00 1.30e-01  1e-01  1e-01 7:02.4
  105   1575 1.172500431806813e-01 1.5e+00 1.26e-01  1e-01  1e-01 7:36.9
  110   1650 1.154254488863964e-01 1.5e+00 1.18e-01  1e-01  1e-01 8:09.2
  115   1725 1.154254488863964e-01 1.5e+00 1.12e-01  1e-01  1e-01 8:42.4
  119   1785 1.154254488863964e-01 1.5e+00 1.08e-01  1e-01  1e-01 9:17.4
  123   1845 1.154254488863964e-01 1.5e+00 1.04e-01  1e-01  1e-01 9:52.1
  127   1905 1.154254488863964e-01 1.5e+00 9.54e-02  9e-02  1e-01 10:25.9
  133   1995 1.154254488863964e-01 1.5e+00 9.20e-02  9e-02  1e-01 11:02.6
[stop]
