(6_w,12)-aCMA-ES (mu_w=3.7,w_1=40%) in dimension 20 (seed=8, Tue Jun 24 11:36:53 2025)
Iterat #Fevals   function value  axis ratio  sigma  min&max std  t[m:s]
    1     12 6.615658229401718e+02 1.0e+00 2.30e-01  2e-01  2e-01 0:00.7
    2     24 6.431623326908386e+02 1.1e+00 2.26e-01  2e-01  2e-01 0:01.5
    3     36 6.230586716212073e+02 1.1e+00 2.29e-01  2e-01  2e-01 0:02.2
    8     96 5.282842712474619e+02 1.3e+00 2.41e-01  2e-01  3e-01 0:05.6
   15    180 2.661076634453230e+00 1.5e+00 2.24e-01  2e-01  2e-01 0:10.7
   22    264 4.826016711234415e-01 1.6e+00 1.82e-01  2e-01  2e-01 0:17.2
   28    336 8.566051809906683e-01 1.7e+00 1.35e-01  1e-01  1e-01 0:26.3
   30    360 2.558088884426243e-01 1.7e+00 1.28e-01  1e-01  1e-01 0:33.6
   33    396 1.757732531088743e-01 1.7e+00 1.25e-01  1e-01  1e-01 0:46.2
   36    432 1.922865974171789e-01 1.7e+00 1.27e-01  1e-01  1e-01 0:57.9
   39    468 2.031883644939260e-01 1.8e+00 1.22e-01  1e-01  1e-01 1:08.1
   43    516 1.301235000660679e-01 1.8e+00 1.10e-01  9e-02  1e-01 1:21.5
   46    552 1.298443520698980e-01 1.9e+00 1.10e-01  9e-02  1e-01 1:34.1
   50    600 1.335578652227958e-01 1.9e+00 1.09e-01  9e-02  1e-01 1:50.8
   54    648 1.281226822090863e-01 1.9e+00 9.19e-02  7e-02  1e-01 2:08.8
   57    684 1.151759619201548e-01 2.0e+00 8.77e-02  7e-02  1e-01 2:26.0
   61    732 1.156425977215368e-01 2.0e+00 9.10e-02  7e-02  1e-01 2:46.7
   66    792 1.138754320985982e-01 2.1e+00 9.23e-02  7e-02  1e-01 3:06.5
   70    840 1.136350748011970e-01 2.1e+00 7.75e-02  6e-02  9e-02 3:29.4
   74    888 1.022078017552821e-01 2.1e+00 6.28e-02  5e-02  7e-02 3:50.1
   78    936 1.015754137046918e-01 2.2e+00 5.22e-02  4e-02  6e-02 4:11.0
   82    984 1.008833724809953e-01 2.2e+00 4.82e-02  4e-02  6e-02 4:34.1
[stop]
