(7_w,15)-aCMA-ES (mu_w=4.5,w_1=34%) in dimension 50 (seed=10, Tue Jun 17 07:36:30 2025)
Iterat #Fevals   function value  axis ratio  sigma  min&max std  t[m:s]
    1     15 6.115477664211886e+02 1.0e+00 2.36e-01  2e-01  2e-01 0:00.2
    2     30 6.371477664211886e+02 1.0e+00 2.26e-01  2e-01  2e-01 0:00.3
    3     45 5.627213595499958e+02 1.1e+00 2.20e-01  2e-01  2e-01 0:00.5
   18    270 3.491488264281843e+00 1.2e+00 2.14e-01  2e-01  2e-01 0:03.6
   23    345 2.881908447195640e+00 1.3e+00 2.05e-01  2e-01  2e-01 0:08.2
   26    390 3.069562626215831e+00 1.3e+00 1.99e-01  2e-01  2e-01 0:13.9
   29    435 3.060103643377436e+00 1.3e+00 1.92e-01  2e-01  2e-01 0:21.5
   32    480 3.022112128173329e+00 1.3e+00 1.86e-01  2e-01  2e-01 0:30.7
   35    525 2.806462060844455e+00 1.3e+00 1.82e-01  2e-01  2e-01 0:42.5
   37    555 2.950603803063531e+00 1.3e+00 1.73e-01  2e-01  2e-01 0:52.2
   39    585 3.078625744191076e+00 1.4e+00 1.69e-01  2e-01  2e-01 1:03.3
   42    630 8.876958372050319e-01 1.4e+00 1.62e-01  2e-01  2e-01 1:19.2
   45    675 8.764863424536264e-01 1.4e+00 1.50e-01  1e-01  2e-01 1:38.7
   47    705 7.508118887145647e-01 1.4e+00 1.44e-01  1e-01  1e-01 1:54.0
   49    735 7.508118887975108e-01 1.4e+00 1.43e-01  1e-01  1e-01 2:10.5
   52    780 7.508118887145647e-01 1.4e+00 1.42e-01  1e-01  1e-01 2:30.6
   55    825 7.508118887145647e-01 1.4e+00 1.41e-01  1e-01  1e-01 2:48.4
   59    885 7.508118887145647e-01 1.4e+00 1.41e-01  1e-01  1e-01 3:07.1
   62    930 7.508118887145647e-01 1.4e+00 1.37e-01  1e-01  1e-01 3:26.3
   65    975 7.508118887145647e-01 1.4e+00 1.32e-01  1e-01  1e-01 3:45.5
   69   1035 7.508073551353334e-01 1.4e+00 1.27e-01  1e-01  1e-01 4:07.0
   72   1080 7.508118887145647e-01 1.4e+00 1.20e-01  1e-01  1e-01 4:30.7
   75   1125 7.508118887145647e-01 1.4e+00 1.16e-01  1e-01  1e-01 4:54.3
   78   1170 7.508118887145647e-01 1.4e+00 1.19e-01  1e-01  1e-01 5:19.2
   83   1245 7.438282389162183e-01 1.4e+00 1.23e-01  1e-01  1e-01 5:46.7
   89   1335 3.319037866356078e-01 1.5e+00 1.19e-01  1e-01  1e-01 6:15.1
   93   1395 3.319037866356078e-01 1.5e+00 1.15e-01  1e-01  1e-01 6:41.4
   97   1455 3.288219179503331e-01 1.5e+00 1.14e-01  1e-01  1e-01 7:12.7
  100   1500 3.309313024006524e-01 1.5e+00 1.16e-01  1e-01  1e-01 7:38.5
  106   1590 3.288219179503331e-01 1.5e+00 1.15e-01  1e-01  1e-01 8:14.6
  114   1710 3.270480391527086e-01 1.5e+00 1.08e-01  1e-01  1e-01 8:46.1
  120   1800 2.074960891120979e-01 1.5e+00 9.83e-02  9e-02  1e-01 9:23.3
  125   1875 2.731442079336857e-01 1.5e+00 9.68e-02  9e-02  1e-01 9:55.3
  131   1965 2.731442079336857e-01 1.5e+00 9.33e-02  9e-02  1e-01 10:32.0
  136   2040 2.731442079336857e-01 1.5e+00 8.48e-02  8e-02  9e-02 11:14.1
termination on tolflatfitness=1 (Tue Jun 17 07:47:45 2025)
final/bestever f-value = 2.731442e-01 2.074961e-01
incumbent solution: [0.1449917  0.72561799 0.98253733 0.2340891  0.36630366 0.15672558
 0.82520764 0.86591352 ...]
std deviations: [0.08420016 0.08314611 0.08239203 0.0844512  0.08058566 0.08554558
 0.0878028  0.08377949 ...]
(15_w,31)-aCMA-ES (mu_w=8.9,w_1=20%) in dimension 50 (seed=11, Tue Jun 17 07:47:45 2025)
Iterat #Fevals   function value  axis ratio  sigma  min&max std  t[m:s]
    1   2072 6.300000000000000e+02 1.0e+00 2.36e-01  2e-01  2e-01 0:00.4
    2   2103 5.777817459305202e+02 1.1e+00 2.30e-01  2e-01  2e-01 0:00.8
    3   2134 5.777817459305203e+02 1.1e+00 2.26e-01  2e-01  2e-01 0:01.1
    8   2289 9.597347961110426e-01 1.1e+00 2.36e-01  2e-01  2e-01 0:04.1
   12   2413 1.255185616309290e+00 1.2e+00 2.58e-01  3e-01  3e-01 0:08.1
   16   2537 3.412784250977015e-01 1.3e+00 2.75e-01  3e-01  3e-01 0:13.5
   19   2630 3.125759112914747e-01 1.4e+00 2.70e-01  3e-01  3e-01 0:20.4
[stop]
