(7_w,15)-aCMA-ES (mu_w=4.5,w_1=34%) in dimension 50 (seed=13, Tue Jun 17 07:59:21 2025)
Iterat #Fevals   function value  axis ratio  sigma  min&max std  t[m:s]
    1     15 6.582870183310324e+02 1.0e+00 2.36e-01  2e-01  2e-01 0:00.9
    2     30 6.060660171779822e+02 1.0e+00 2.26e-01  2e-01  2e-01 0:01.9
    3     45 5.282842712474619e+02 1.0e+00 2.20e-01  2e-01  2e-01 0:02.6
    7    105 5.200000000000000e+02 1.1e+00 1.96e-01  2e-01  2e-01 0:06.3
   12    180 1.122790422545738e+01 1.1e+00 1.73e-01  2e-01  2e-01 0:10.7
   18    270 8.363253019432824e-01 1.2e+00 1.64e-01  2e-01  2e-01 0:16.3
   22    330 6.613118679112954e-01 1.2e+00 1.62e-01  2e-01  2e-01 0:23.1
   25    375 4.022031059212767e-01 1.2e+00 1.58e-01  2e-01  2e-01 0:31.0
   31    465 4.472178477928734e-01 1.3e+00 1.50e-01  1e-01  2e-01 0:39.9
   35    525 1.891183000860995e-01 1.3e+00 1.44e-01  1e-01  1e-01 0:49.6
   41    615 1.081578028539488e-01 1.3e+00 1.44e-01  1e-01  1e-01 1:00.2
   46    690 1.528839629143228e-01 1.4e+00 1.25e-01  1e-01  1e-01 1:12.0
   50    750 1.425701749228679e-01 1.4e+00 1.14e-01  1e-01  1e-01 1:26.0
   54    810 1.753241377112399e-01 1.4e+00 1.02e-01  1e-01  1e-01 1:42.8
   59    885 1.243626391888871e-01 1.4e+00 9.33e-02  9e-02  1e-01 2:03.3
   63    945 1.677693759593992e-01 1.4e+00 9.08e-02  9e-02  9e-02 2:22.2
   67   1005 1.240250005275882e-01 1.4e+00 8.80e-02  8e-02  9e-02 2:42.8
   71   1065 1.259855031789058e-01 1.4e+00 8.01e-02  8e-02  8e-02 3:01.3
   74   1110 1.143262234494901e-01 1.4e+00 7.80e-02  7e-02  8e-02 3:19.9
   78   1170 1.131723387365951e-01 1.4e+00 7.74e-02  7e-02  8e-02 3:44.2
   81   1215 1.012047562445093e-01 1.4e+00 7.52e-02  7e-02  8e-02 4:04.9
   85   1275 1.054314201731210e-01 1.4e+00 7.45e-02  7e-02  8e-02 4:27.6
   89   1335 1.243434646169613e-01 1.4e+00 7.31e-02  7e-02  8e-02 4:51.6
   93   1395 1.290497348707410e-01 1.4e+00 7.04e-02  7e-02  7e-02 5:16.3
   97   1455 9.447750947771730e-02 1.5e+00 6.84e-02  6e-02  7e-02 5:42.2
  100   1500 1.056819356140350e-01 1.5e+00 6.80e-02  6e-02  7e-02 6:04.1
  104   1560 9.176922496065765e-02 1.5e+00 6.55e-02  6e-02  7e-02 6:30.4
  108   1620 1.034512061287875e-01 1.5e+00 6.00e-02  5e-02  6e-02 7:00.8
  112   1680 9.501797286424107e-02 1.5e+00 5.67e-02  5e-02  6e-02 7:30.5
  117   1755 9.185210935945635e-02 1.5e+00 5.37e-02  5e-02  6e-02 7:59.8
  121   1815 9.435856436037916e-02 1.5e+00 5.26e-02  5e-02  5e-02 8:32.0
  126   1890 9.591867842885039e-02 1.5e+00 5.35e-02  5e-02  6e-02 9:04.1
  131   1965 1.007320521327997e-01 1.5e+00 5.32e-02  5e-02  6e-02 9:39.4
  136   2040 9.735644880185892e-02 1.6e+00 5.31e-02  5e-02  6e-02 10:17.1
  141   2115 9.202589818276730e-02 1.6e+00 5.09e-02  5e-02  5e-02 10:51.9
  146   2190 8.980727744080021e-02 1.6e+00 4.81e-02  4e-02  5e-02 11:28.7
[stop]
