(6_w,12)-aCMA-ES (mu_w=3.7,w_1=40%) in dimension 20 (seed=2, Tue Jun 24 10:45:32 2025)
Iterat #Fevals   function value  axis ratio  sigma  min&max std  t[m:s]
    1     12 6.343502884254440e+02 1.0e+00 2.35e-01  2e-01  2e-01 0:00.1
    2     24 5.787106781186548e+02 1.1e+00 2.27e-01  2e-01  2e-01 0:00.2
    3     36 5.967106781186548e+02 1.1e+00 2.26e-01  2e-01  2e-01 0:00.2
   16    192 1.613554040348463e+00 1.5e+00 2.27e-01  2e-01  2e-01 0:03.6
   19    228 1.733412485214044e-01 1.6e+00 2.48e-01  2e-01  3e-01 0:08.0
   22    264 2.088504728974122e-01 1.7e+00 2.42e-01  2e-01  3e-01 0:14.0
   25    300 4.492781387141675e-01 1.7e+00 2.36e-01  2e-01  3e-01 0:20.6
   28    336 2.511495344080722e-01 1.7e+00 2.33e-01  2e-01  3e-01 0:29.9
   31    372 1.716813854194523e-01 1.7e+00 2.18e-01  2e-01  2e-01 0:41.5
   34    408 2.088504728974122e-01 1.7e+00 1.94e-01  2e-01  2e-01 0:54.5
   36    432 2.088504728974122e-01 1.7e+00 1.93e-01  2e-01  2e-01 1:05.1
   39    468 2.088504728974122e-01 1.8e+00 1.91e-01  2e-01  2e-01 1:16.9
   43    516 1.944664196040851e-01 1.8e+00 1.95e-01  2e-01  2e-01 1:32.9
   47    564 1.964224474796348e-01 1.9e+00 2.01e-01  2e-01  2e-01 1:47.1
   51    612 1.944664196040851e-01 1.9e+00 2.12e-01  2e-01  2e-01 2:03.5
   56    672 1.944664196040851e-01 1.9e+00 1.83e-01  2e-01  2e-01 2:21.3
   59    708 1.944664196040851e-01 1.8e+00 1.66e-01  1e-01  2e-01 2:39.2
   62    744 1.944664196040851e-01 1.8e+00 1.57e-01  1e-01  2e-01 2:57.8
   66    792 1.944664196040851e-01 1.9e+00 1.34e-01  1e-01  1e-01 3:18.8
   68    816 1.944664196040851e-01 1.9e+00 1.26e-01  1e-01  1e-01 3:32.0
termination on tolflatfitness=1 (Tue Jun 24 10:49:04 2025)
final/bestever f-value = 1.944664e-01 1.642272e-01
incumbent solution: [0.26861077 0.98507314 0.99884226 0.11580035 0.72842367 0.88713461
 0.99978721 0.00149246 ...]
std deviations: [0.12585717 0.12256359 0.1201579  0.11930696 0.11334221 0.1337192
 0.12322816 0.11631166 ...]
(12_w,25)-aCMA-ES (mu_w=7.3,w_1=23%) in dimension 20 (seed=3, Tue Jun 24 10:49:04 2025)
Iterat #Fevals   function value  axis ratio  sigma  min&max std  t[m:s]
    1    842 7.912158627347047e+02 1.0e+00 2.43e-01  2e-01  2e-01 0:00.2
    2    867 7.108684091772938e+02 1.2e+00 2.43e-01  2e-01  2e-01 0:00.4
    3    892 6.767766952966368e+02 1.2e+00 2.54e-01  2e-01  3e-01 0:00.6
   11   1092 4.647464273422746e-01 1.5e+00 3.21e-01  3e-01  3e-01 0:04.2
   13   1142 3.420187356560739e-01 1.5e+00 3.03e-01  3e-01  3e-01 0:09.2
   15   1192 4.690954578109408e-01 1.6e+00 3.00e-01  3e-01  3e-01 0:18.2
   17   1242 2.567452128648886e-01 1.6e+00 3.07e-01  3e-01  3e-01 0:31.0
   19   1292 2.088504728974122e-01 1.7e+00 2.92e-01  3e-01  3e-01 0:42.4
[stop]
