0 [0/200] 1040.2018484830262
1 [0/200] 985.5129777886852
2 [0/200] 646.1017228191424
3 [0/200] 576.4852927038918
15 [0/200] 563.2455532033675
17 [0/200] 538.0788655293195
18 [0/200] 514.142135623731
22 [0/200] 507.0710678118655
24 [1/200] 0.18906963123690967
25 [2/200] 0.1632856382684989
26 [3/200] 0.16074359091744828
33 [6/200] 0.1549571080049978
35 [8/200] 0.1462171875776302
55 [22/200] 0.14431445708630755
76 [41/200] 0.1442509097252666
89 [52/200] 0.14380702352633049
100 [61/200] 0.14380702352633049
151 [108/200] 0.13801819933353163
154 [111/200] 0.13698856993259362
171 [127/200] 0.13696582998043114
172 [128/200] 0.1369360718200105
189 [143/200] 0.13659084666273238
200 [154/200] 0.13659084666273238
203 [157/200] 0.13160834052257736
212 [166/200] 0.13131036672533752
226 [180/200] 0.1308117792983734
228 [181/200] 0.12580084353485033
238 [191/200] 0.12550358102928286
[stop]
