(7_w,15)-aCMA-ES (mu_w=4.5,w_1=34%) in dimension 50 (seed=5, Tue Jun 17 07:36:30 2025)
Iterat #Fevals   function value  axis ratio  sigma  min&max std  t[m:s]
    1     15 7.144269870347671e+02 1.0e+00 2.35e-01  2e-01  2e-01 0:00.2
    2     30 7.121320343559644e+02 1.1e+00 2.24e-01  2e-01  2e-01 0:00.4
    3     45 7.121320343559642e+02 1.1e+00 2.16e-01  2e-01  2e-01 0:00.6
   18    270 1.206201543900894e+00 1.3e+00 2.33e-01  2e-01  2e-01 0:03.8
   23    345 8.634077236369875e-01 1.3e+00 2.40e-01  2e-01  2e-01 0:07.8
   29    435 2.586714918609753e+00 1.4e+00 2.51e-01  2e-01  3e-01 0:12.9
   35    525 7.331410078237814e-01 1.5e+00 2.61e-01  3e-01  3e-01 0:19.9
   39    585 3.971279394758382e-01 1.5e+00 2.40e-01  2e-01  2e-01 0:28.6
   42    630 4.488920212214751e-01 1.5e+00 2.23e-01  2e-01  2e-01 0:38.5
   45    675 4.682719141255053e-01 1.5e+00 2.18e-01  2e-01  2e-01 0:50.3
   48    720 4.885041949094573e-01 1.5e+00 2.09e-01  2e-01  2e-01 1:04.5
   52    780 5.982033066304608e-01 1.6e+00 1.97e-01  2e-01  2e-01 1:16.7
   55    825 4.412755370838580e-01 1.6e+00 1.86e-01  2e-01  2e-01 1:32.7
   58    870 4.216939814039161e-01 1.6e+00 1.74e-01  2e-01  2e-01 1:50.2
   61    915 3.532224348016432e-01 1.6e+00 1.68e-01  2e-01  2e-01 2:07.8
   64    960 3.194838709651099e-01 1.6e+00 1.72e-01  2e-01  2e-01 2:29.4
   68   1020 2.927158865079265e-01 1.6e+00 1.77e-01  2e-01  2e-01 2:47.5
   71   1065 3.112001473103637e-01 1.6e+00 1.78e-01  2e-01  2e-01 3:05.5
   76   1140 3.158270573239814e-01 1.6e+00 1.77e-01  2e-01  2e-01 3:27.4
   82   1230 2.262579302980151e-01 1.6e+00 1.60e-01  2e-01  2e-01 3:49.1
   86   1290 2.022812334408255e-01 1.6e+00 1.49e-01  1e-01  2e-01 4:12.9
   90   1350 1.994343891378718e-01 1.6e+00 1.46e-01  1e-01  2e-01 4:35.7
   94   1410 2.020873391590247e-01 1.6e+00 1.44e-01  1e-01  1e-01 5:04.0
   97   1455 1.994343891378718e-01 1.6e+00 1.44e-01  1e-01  1e-01 5:28.0
  100   1500 1.994343891378718e-01 1.6e+00 1.37e-01  1e-01  1e-01 5:53.3
  104   1560 1.994343891378718e-01 1.6e+00 1.36e-01  1e-01  1e-01 6:22.4
  110   1650 1.994343891378718e-01 1.6e+00 1.32e-01  1e-01  1e-01 6:52.2
  116   1740 1.994343891378718e-01 1.7e+00 1.25e-01  1e-01  1e-01 7:20.2
  122   1830 1.994343891378718e-01 1.7e+00 1.17e-01  1e-01  1e-01 7:51.5
  127   1905 1.992826333503003e-01 1.7e+00 1.08e-01  1e-01  1e-01 8:21.7
  131   1965 1.992826333503003e-01 1.7e+00 1.07e-01  1e-01  1e-01 8:52.6
  135   2025 1.992826333503003e-01 1.7e+00 1.06e-01  1e-01  1e-01 9:23.8
  142   2130 1.992826333503003e-01 1.7e+00 9.84e-02  9e-02  1e-01 10:02.1
  147   2205 1.992826333503003e-01 1.7e+00 9.34e-02  9e-02  1e-01 10:38.9
  152   2280 1.992826333503003e-01 1.7e+00 9.14e-02  8e-02  1e-01 11:16.9
[stop]
