(5_w,10)-aCMA-ES (mu_w=3.2,w_1=45%) in dimension 10 (seed=9, Tue Jun 24 08:30:41 2025)
Iterat #Fevals   function value  axis ratio  sigma  min&max std  t[m:s]
    1     10 7.731300056749533e+02 1.0e+00 2.65e-01  3e-01  3e-01 0:00.0
    2     20 6.772004514666935e+02 1.2e+00 2.69e-01  3e-01  3e-01 0:00.1
    3     30 7.545584412271571e+02 1.2e+00 2.75e-01  3e-01  3e-01 0:00.1
   17    170 7.577225297788130e-01 2.1e+00 2.02e-01  2e-01  3e-01 0:03.2
   20    200 7.577225297788130e-01 2.3e+00 2.36e-01  2e-01  3e-01 0:07.4
   23    230 7.577225297788130e-01 2.6e+00 1.97e-01  1e-01  3e-01 0:14.5
   25    250 7.577225297788130e-01 2.4e+00 1.75e-01  1e-01  2e-01 0:23.2
   27    270 7.577225297788130e-01 2.2e+00 1.71e-01  1e-01  2e-01 0:31.9
   28    280 7.577225297788130e-01 2.2e+00 1.67e-01  1e-01  2e-01 0:37.1
termination on tolflatfitness=1 (Tue Jun 24 08:31:19 2025)
final/bestever f-value = 7.577225e-01 7.577225e-01
incumbent solution: [0.2236244  0.70042647 0.0502048  0.74221995 0.25213767 0.97661263
 0.12950185 0.76011528 ...]
std deviations: [0.17823344 0.13623657 0.15232774 0.14023393 0.1985281  0.13919964
 0.12739051 0.18825859 ...]
(10_w,21)-aCMA-ES (mu_w=6.2,w_1=27%) in dimension 10 (seed=10, Tue Jun 24 08:31:19 2025)
Iterat #Fevals   function value  axis ratio  sigma  min&max std  t[m:s]
    1    302 6.328533025558642e+02 1.0e+00 2.28e-01  2e-01  2e-01 0:00.1
    2    323 6.369949493661167e+02 1.3e+00 2.19e-01  2e-01  2e-01 0:00.2
    3    344 5.989949493661167e+02 1.4e+00 2.25e-01  2e-01  2e-01 0:00.3
   23    764 5.380000000000000e+02 2.5e+00 2.47e-01  2e-01  3e-01 0:02.4
termination on tolflatfitness=1 after 1 restart (Tue Jun 24 08:31:21 2025)
final/bestever f-value = 5.380000e+02 7.577225e-01
incumbent solution: [0.71963247 0.0073193  0.75899523 0.26111591 0.79856326 0.22205573
 0.00944768 0.96093491 ...]
std deviations: [0.26383396 0.20996787 0.19571644 0.21837735 0.15259888 0.2231496
 0.21670391 0.21414476 ...]
(5_w,10)-aCMA-ES (mu_w=3.2,w_1=45%) in dimension 10 (seed=11, Tue Jun 24 08:31:21 2025)
Iterat #Fevals   function value  axis ratio  sigma  min&max std  t[m:s]
    1    775 9.675379879232346e+02 1.0e+00 6.46e-02  6e-02  7e-02 0:00.1
    2    785 9.675379879232346e+02 1.1e+00 6.23e-02  6e-02  6e-02 0:00.1
    3    795 9.675379879232346e+02 1.3e+00 5.77e-02  6e-02  6e-02 0:00.1
termination on tolflatfitness=1 after 2 restarts (Tue Jun 24 08:31:21 2025)
final/bestever f-value = 9.675380e+02 7.577225e-01
incumbent solution: [0.02207354 0.85065915 0.15881688 0.66067639 0.02482232 0.1609529
 0.96963412 0.00682673 ...]
std deviations: [0.05517379 0.05561548 0.05767432 0.05545081 0.05868558 0.05604568
 0.05639886 0.05817129 ...]
(10_w,20)-aCMA-ES (mu_w=5.9,w_1=27%) in dimension 10 (seed=12, Tue Jun 24 08:31:21 2025)
Iterat #Fevals   function value  axis ratio  sigma  min&max std  t[m:s]
    1    816 8.544009029333870e+02 1.0e+00 3.23e-03  3e-03  3e-03 0:00.1
termination on tolfun=1e-06 after 3 restarts (Tue Jun 24 08:31:22 2025)
final/bestever f-value = 8.544009e+02 7.577225e-01
incumbent solution: [0.58940674 0.14865605 0.09472734 0.19035879 0.39097426 0.84390684
 0.55024114 0.88421353 ...]
std deviations: [0.0033076  0.00326218 0.00319175 0.00330778 0.00315141 0.00328107
 0.00314212 0.00311787 ...]
(5_w,11)-aCMA-ES (mu_w=3.4,w_1=42%) in dimension 10 (seed=13, Tue Jun 24 08:31:22 2025)
Iterat #Fevals   function value  axis ratio  sigma  min&max std  t[m:s]
    1    828 6.328533025558642e+02 1.0e+00 1.96e-01  2e-01  2e-01 0:00.1
    2    839 7.215370849898477e+02 1.2e+00 1.84e-01  2e-01  2e-01 0:00.1
    3    850 6.515370849898476e+02 1.2e+00 1.78e-01  2e-01  2e-01 0:00.2
   22   1059 5.520000000000000e+02 2.1e+00 1.72e-01  1e-01  2e-01 0:01.4
termination on maxiter=22.0 after 4 restarts (Tue Jun 24 08:31:23 2025)
final/bestever f-value = 5.520000e+02 7.577225e-01
incumbent solution: [0.19881413 0.98659691 0.28644898 0.64136181 0.99985692 0.04828561
 0.12790614 0.96705489 ...]
std deviations: [0.14783922 0.15879039 0.14710785 0.14009947 0.15988439 0.17869821
 0.14210064 0.16858438 ...]
(21_w,43)-aCMA-ES (mu_w=12.1,w_1=15%) in dimension 10 (seed=14, Tue Jun 24 08:31:23 2025)
Iterat #Fevals   function value  axis ratio  sigma  min&max std  t[m:s]
    1   1103 5.380000000000000e+02 1.0e+00 2.42e-01  2e-01  3e-01 0:00.3
    2   1146 5.380000000000000e+02 1.3e+00 2.26e-01  2e-01  2e-01 0:00.5
    3   1189 5.380000000000000e+02 1.4e+00 2.39e-01  2e-01  3e-01 0:00.8
   10   1490 5.380000000000000e+02 2.4e+00 3.94e-01  3e-01  4e-01 0:02.4
termination on tolfunhist=1e-12 after 5 restarts (Tue Jun 24 08:31:25 2025)
final/bestever f-value = 5.380000e+02 7.577225e-01
incumbent solution: [0.97737897 0.12255191 0.99967155 0.0090514  0.9674881  0.01979038
 0.04019323 0.97634848 ...]
std deviations: [0.40634505 0.37384189 0.33172853 0.37601759 0.3239048  0.35366423
 0.41803945 0.32962249 ...]
(8_w,16)-aCMA-ES (mu_w=4.8,w_1=32%) in dimension 10 (seed=15, Tue Jun 24 08:31:25 2025)
Iterat #Fevals   function value  axis ratio  sigma  min&max std  t[m:s]
    1   1507 9.384062043356594e+02 1.0e+00 1.20e-02  1e-02  1e-02 0:00.1
termination on tolfun=1e-06 after 6 restarts (Tue Jun 24 08:31:25 2025)
final/bestever f-value = 9.384062e+02 7.577225e-01
incumbent solution: [0.16675204 0.88511947 0.56614836 0.40154351 0.46795067 0.62348374
 0.66998815 0.43840927 ...]
std deviations: [0.01182369 0.01140377 0.01196668 0.01202027 0.0119612  0.01199526
 0.01201331 0.01196969 ...]
(16_w,32)-aCMA-ES (mu_w=9.2,w_1=19%) in dimension 10 (seed=16, Tue Jun 24 08:31:25 2025)
Iterat #Fevals   function value  axis ratio  sigma  min&max std  t[m:s]
    1   1540 5.948000000000000e+02 1.0e+00 2.54e-02  2e-02  3e-02 0:00.2
    2   1572 5.948000000000000e+02 1.3e+00 2.84e-02  3e-02  3e-02 0:00.4
    3   1604 5.948000000000000e+02 1.4e+00 3.35e-02  3e-02  4e-02 0:00.6
    9   1796 7.577225297788130e-01 2.3e+00 9.05e-02  6e-02  1e-01 0:03.9
   10   1828 7.577225297788130e-01 2.4e+00 1.04e-01  7e-02  1e-01 0:09.9
   11   1860 7.577225297788130e-01 2.4e+00 1.23e-01  8e-02  2e-01 0:19.4
   12   1892 7.577225297788130e-01 2.7e+00 1.28e-01  8e-02  2e-01 0:29.6
   13   1924 7.577225297788130e-01 3.0e+00 1.24e-01  8e-02  2e-01 0:41.4
   14   1956 7.577225297788130e-01 3.2e+00 1.05e-01  7e-02  1e-01 0:53.4
   15   1988 7.577225297788130e-01 3.1e+00 1.01e-01  7e-02  1e-01 1:05.1
termination on maxiter=14.296875 after 7 restarts (Tue Jun 24 08:32:31 2025)
final/bestever f-value = 7.577225e-01 7.577225e-01
incumbent solution: [0.33705421 0.93485413 0.26086417 0.74946472 0.14176539 0.61742628
 0.40698184 0.6447054  ...]
std deviations: [0.12642465 0.10155988 0.1036662  0.10655329 0.10384652 0.08285399
 0.06777333 0.0770703  ...]
(43_w,87)-aCMA-ES (mu_w=23.6,w_1=9%) in dimension 10 (seed=17, Tue Jun 24 08:32:31 2025)
Iterat #Fevals   function value  axis ratio  sigma  min&max std  t[m:s]
    1   2076 6.979898987322333e+02 1.0e+00 2.82e-01  3e-01  3e-01 0:00.4
    2   2163 6.328533025558642e+02 1.5e+00 3.12e-01  3e-01  4e-01 0:00.8
    3   2250 6.373949493661166e+02 1.6e+00 3.81e-01  3e-01  5e-01 0:01.2
    7   2598 7.577225297788130e-01 2.3e+00 5.84e-01  4e-01  8e-01 0:04.7
   10   2859 7.577225297788130e-01 2.6e+00 5.92e-01  4e-01  9e-01 0:10.3
   13   3120 7.577225297788130e-01 3.2e+00 5.40e-01  3e-01  8e-01 0:18.8
[stop]
