(7_w,15)-aCMA-ES (mu_w=4.5,w_1=34%) in dimension 50 (seed=9, Tue Jun 17 07:36:30 2025)
Iterat #Fevals   function value  axis ratio  sigma  min&max std  t[m:s]
    1     15 6.381685424949237e+02 1.0e+00 2.37e-01  2e-01  2e-01 0:00.1
    2     30 6.709685424949237e+02 1.0e+00 2.27e-01  2e-01  2e-01 0:00.3
    3     45 6.349949493661167e+02 1.1e+00 2.20e-01  2e-01  2e-01 0:00.4
   18    270 3.613248017655725e+00 1.3e+00 2.41e-01  2e-01  2e-01 0:03.6
   27    405 5.064000000000000e+02 1.4e+00 2.46e-01  2e-01  3e-01 0:07.6
   30    450 7.361203765401896e-01 1.4e+00 2.45e-01  2e-01  3e-01 0:13.4
   32    480 8.840930271040187e-01 1.4e+00 2.44e-01  2e-01  3e-01 0:21.0
   35    525 7.446991361486861e-01 1.4e+00 2.40e-01  2e-01  2e-01 0:28.7
   41    615 5.403851334069558e-01 1.4e+00 2.19e-01  2e-01  2e-01 0:39.7
   46    690 3.582864518116137e-01 1.5e+00 2.08e-01  2e-01  2e-01 0:53.7
   49    735 3.478080139745837e-01 1.5e+00 2.11e-01  2e-01  2e-01 1:04.9
   52    780 3.849789529656578e-01 1.5e+00 2.08e-01  2e-01  2e-01 1:17.0
   55    825 4.038063271739486e-01 1.5e+00 2.02e-01  2e-01  2e-01 1:31.1
   58    870 4.037679725329297e-01 1.5e+00 2.01e-01  2e-01  2e-01 1:45.8
   61    915 3.181646356749125e-01 1.5e+00 2.03e-01  2e-01  2e-01 1:60.0
   67   1005 3.392799162443367e-01 1.5e+00 2.04e-01  2e-01  2e-01 2:17.9
   72   1080 3.134265220831600e-01 1.5e+00 1.89e-01  2e-01  2e-01 2:34.5
   78   1170 3.520082036865350e-01 1.5e+00 1.79e-01  2e-01  2e-01 2:52.7
   83   1245 2.805922166998457e-01 1.5e+00 1.60e-01  2e-01  2e-01 3:11.9
   88   1320 3.125383257001279e-01 1.5e+00 1.47e-01  1e-01  2e-01 3:32.8
   93   1395 2.547956921622239e-01 1.5e+00 1.35e-01  1e-01  1e-01 3:57.5
   97   1455 2.031770640631023e-01 1.5e+00 1.27e-01  1e-01  1e-01 4:24.1
  100   1500 2.408026620955921e-01 1.5e+00 1.23e-01  1e-01  1e-01 4:41.5
  105   1575 2.093530406123011e-01 1.5e+00 1.20e-01  1e-01  1e-01 5:10.2
  112   1680 1.928339926490958e-01 1.6e+00 1.20e-01  1e-01  1e-01 5:34.8
  120   1800 1.928339926490958e-01 1.6e+00 1.21e-01  1e-01  1e-01 6:00.9
  126   1890 1.845499148498981e-01 1.6e+00 1.11e-01  1e-01  1e-01 6:28.4
  131   1965 1.877294665676728e-01 1.6e+00 1.07e-01  1e-01  1e-01 6:56.5
  137   2055 1.877294665676728e-01 1.6e+00 1.03e-01  9e-02  1e-01 7:29.0
  143   2145 1.877294665676728e-01 1.7e+00 9.52e-02  8e-02  1e-01 7:60.0
  149   2235 1.877294665676728e-01 1.7e+00 9.02e-02  8e-02  1e-01 8:31.8
  155   2325 1.877294665676728e-01 1.7e+00 8.17e-02  7e-02  9e-02 9:05.7
  161   2415 1.877294665676728e-01 1.7e+00 8.20e-02  7e-02  9e-02 9:45.2
  167   2505 1.877294665676728e-01 1.7e+00 7.68e-02  7e-02  8e-02 10:21.9
  173   2595 1.877294665676728e-01 1.7e+00 6.99e-02  6e-02  7e-02 11:05.4
[stop]
