0 [0/400] 936.8851326473111
1 [0/400] 791.2902332725902
4 [0/400] 733.4556962653008
6 [0/400] 645.3827082810628
22 [0/400] 507.0710678118655
24 [1/400] 0.842030851040842
32 [4/400] 0.6855774716698596
36 [5/400] 0.6427733796753098
37 [6/400] 0.6414407184252563
46 [10/400] 0.5279486162928335
51 [14/400] 0.5012826980027818
53 [15/400] 0.4781060861542169
54 [16/400] 0.4761457492447424
57 [19/400] 0.42793006166736824
61 [22/400] 0.42168857524369463
72 [32/400] 0.35280053973233205
73 [33/400] 0.24956798330193602
83 [43/400] 0.21611427197387031
84 [44/400] 0.20911585833989316
85 [45/400] 0.195085954245688
87 [47/400] 0.18361252307649378
100 [59/400] 0.1596917803377371
101 [60/400] 0.12315915718478546
122 [77/400] 0.12062869970911938
132 [87/400] 0.11384746527845545
196 [145/400] 0.11335896936961157
200 [149/400] 0.11335896936961157
216 [161/400] 0.10977958965565511
223 [167/400] 0.10656821205755371
267 [206/400] 0.10651831221732416
300 [220/400] 0.10651831221732416
306 [223/400] 0.10621282585512568
321 [233/400] 0.10580391650082976
400 [277/400] 0.10580391650082976
430 [293/400] 0.105599321739809
434 [297/400] 0.1055445971048422
443 [305/400] 0.10395371016857835
475 [327/400] 0.10034060543698314
480 [332/400] 0.09881320943783334
494 [345/400] 0.09791065659803613
500 [350/400] 0.09791065659803613
534 [379/400] 0.09660476577551447
[stop]
