(7_w,15)-aCMA-ES (mu_w=4.5,w_1=34%) in dimension 50 (seed=6, Fri May 23 16:55:38 2025)
Iterat #Fevals   function value  axis ratio  sigma  min&max std  t[m:s]
    1     15 6.590454447680988e+02 1.0e+00 2.35e-01  2e-01  2e-01 0:04.9
    2     30 6.166726188957803e+02 1.0e+00 2.26e-01  2e-01  2e-01 0:09.9
    3     45 6.414213562373095e+02 1.1e+00 2.20e-01  2e-01  2e-01 0:14.1
    4     60 6.060660171779822e+02 1.1e+00 2.16e-01  2e-01  2e-01 0:18.3
    5     75 5.707106781186548e+02 1.1e+00 2.13e-01  2e-01  2e-01 0:22.7
    7    105 5.530330085889910e+02 1.1e+00 2.07e-01  2e-01  2e-01 0:32.0
    9    135 5.494974746830584e+02 1.1e+00 2.03e-01  2e-01  2e-01 0:41.9
   11    165 6.059192554694555e-01 1.1e+00 1.99e-01  2e-01  2e-01 0:51.3
   13    195 1.002909631633842e+01 1.1e+00 1.97e-01  2e-01  2e-01 1:00.0
   16    240 5.158113883008419e+02 1.2e+00 2.08e-01  2e-01  2e-01 1:12.2
   19    285 5.070710678118655e+02 1.2e+00 2.18e-01  2e-01  2e-01 1:24.2
   22    330 5.141421356237310e+02 1.3e+00 2.22e-01  2e-01  2e-01 1:36.8
   25    375 4.409333652961099e-01 1.3e+00 2.20e-01  2e-01  2e-01 1:50.7
   28    420 2.937498399659489e+00 1.3e+00 2.18e-01  2e-01  2e-01 2:04.4
   32    480 5.247487373415291e+02 1.4e+00 2.12e-01  2e-01  2e-01 2:21.2
   36    540 5.212132034355965e+02 1.4e+00 2.02e-01  2e-01  2e-01 2:39.5
   40    600 5.070710678118655e+02 1.4e+00 1.94e-01  2e-01  2e-01 2:58.6
   44    660 6.784658344298298e+00 1.4e+00 1.84e-01  2e-01  2e-01 3:17.2
   49    735 2.983781834958330e+00 1.4e+00 1.75e-01  2e-01  2e-01 3:38.6
   54    810 4.177177347884874e-01 1.4e+00 1.65e-01  2e-01  2e-01 4:01.3
   59    885 2.939999334643738e-01 1.5e+00 1.66e-01  2e-01  2e-01 4:24.9
   64    960 5.960174335959756e-01 1.5e+00 1.63e-01  2e-01  2e-01 4:49.4
   69   1035 5.141421356237310e+02 1.5e+00 1.54e-01  1e-01  2e-01 5:11.9
   74   1110 2.481330719298213e+00 1.5e+00 1.43e-01  1e-01  1e-01 5:36.4
   80   1200 3.223243789491208e-01 1.5e+00 1.42e-01  1e-01  1e-01 6:03.6
   85   1275 3.554497350539167e-01 1.5e+00 1.44e-01  1e-01  1e-01 6:28.8
   91   1365 5.741760942778911e-01 1.5e+00 1.49e-01  1e-01  2e-01 6:58.9
   97   1455 3.467597621305952e-01 1.5e+00 1.54e-01  1e-01  2e-01 7:28.6
  100   1500 4.005088915939298e-01 1.6e+00 1.51e-01  1e-01  2e-01 7:43.6
  106   1590 4.740102031145971e+00 1.6e+00 1.50e-01  1e-01  2e-01 8:13.3
  113   1695 9.211535943850083e-01 1.6e+00 1.42e-01  1e-01  1e-01 8:44.4
  120   1800 7.717681383325885e+01 1.6e+00 1.38e-01  1e-01  1e-01 9:17.5
  127   1905 3.184662895563076e-01 1.6e+00 1.30e-01  1e-01  1e-01 9:51.1
  135   2025 3.376334955940364e-01 1.6e+00 1.23e-01  1e-01  1e-01 10:28.8
  143   2145 4.211590283867110e-01 1.7e+00 1.19e-01  1e-01  1e-01 11:06.9
  151   2265 2.951775419509437e-01 1.7e+00 1.13e-01  1e-01  1e-01 11:45.9
  158   2370 3.529424466600176e-01 1.7e+00 1.03e-01  1e-01  1e-01 12:26.1
  165   2475 6.858099045725647e-01 1.7e+00 1.01e-01  9e-02  1e-01 13:05.5
  172   2580 2.618252649567373e-01 1.7e+00 9.34e-02  9e-02  1e-01 13:44.0
  181   2715 4.183752639027198e-01 1.7e+00 8.83e-02  8e-02  9e-02 14:27.5
  188   2820 3.694525896899881e-01 1.7e+00 8.85e-02  8e-02  9e-02 15:07.9
  196   2940 3.091084801980856e-01 1.7e+00 9.09e-02  8e-02  9e-02 15:51.8
  200   3000 2.825926756486110e-01 1.8e+00 8.94e-02  8e-02  9e-02 16:13.7
  208   3120 9.375145051476574e-01 1.8e+00 8.53e-02  8e-02  9e-02 16:58.9
  215   3225 3.791562321972102e-01 1.8e+00 9.47e-02  9e-02  1e-01 17:45.2
  223   3345 3.137555913898215e-01 1.8e+00 9.40e-02  9e-02  1e-01 18:35.3
  231   3465 3.874046057116511e-01 1.8e+00 8.74e-02  8e-02  9e-02 19:24.9
  240   3600 5.324817111269124e-01 1.8e+00 8.21e-02  7e-02  9e-02 20:16.9
  247   3705 4.534840214816214e-01 1.8e+00 8.08e-02  7e-02  9e-02 21:07.5
  254   3810 5.021850718036099e-01 1.8e+00 7.77e-02  7e-02  8e-02 21:56.9
  261   3915 1.036729014317071e+00 1.9e+00 6.98e-02  6e-02  8e-02 22:48.5
  267   4005 2.416191593708873e-01 1.9e+00 6.92e-02  6e-02  8e-02 23:42.6
  274   4110 3.095228562323080e-01 1.9e+00 6.57e-02  6e-02  7e-02 24:37.4
  280   4200 1.740528459427799e-01 1.9e+00 6.15e-02  5e-02  7e-02 25:30.5
  287   4305 1.936012712229415e-01 1.9e+00 6.07e-02  5e-02  7e-02 26:33.8
  294   4410 1.682592414354656e-01 1.9e+00 5.73e-02  5e-02  6e-02 27:38.2
  300   4500 1.677080306061236e-01 1.9e+00 5.12e-02  4e-02  6e-02 28:33.1
  309   4635 1.303373704431113e-01 2.0e+00 4.42e-02  4e-02  5e-02 29:31.2
  319   4785 1.066846458600877e-01 2.0e+00 4.25e-02  4e-02  5e-02 30:36.0
  325   4875 1.120645487219434e-01 2.0e+00 4.47e-02  4e-02  5e-02 31:37.7
  335   5025 1.079600551465417e-01 2.0e+00 4.04e-02  3e-02  4e-02 32:42.8
  341   5115 1.028769528415321e-01 2.1e+00 3.52e-02  3e-02  4e-02 33:44.0
  347   5205 1.015673111853079e-01 2.1e+00 3.00e-02  2e-02  3e-02 34:50.3
  353   5295 9.767455012179371e-02 2.1e+00 2.81e-02  2e-02  3e-02 35:58.2
  360   5400 9.986034932884404e-02 2.1e+00 2.79e-02  2e-02  3e-02 37:11.9
  367   5505 9.752431819454824e-02 2.1e+00 2.64e-02  2e-02  3e-02 38:24.2
  373   5595 9.370112568656408e-02 2.1e+00 2.29e-02  2e-02  2e-02 39:30.2
  380   5700 9.656136340316718e-02 2.1e+00 2.05e-02  2e-02  2e-02 40:45.3
  387   5805 9.432210751358884e-02 2.1e+00 1.82e-02  1e-02  2e-02 41:54.0
  394   5910 9.453350946376327e-02 2.1e+00 1.65e-02  1e-02  2e-02 43:09.2
  400   6000 9.236245654811548e-02 2.1e+00 1.54e-02  1e-02  2e-02 44:11.5
  411   6165 9.108672380311378e-02 2.1e+00 1.47e-02  1e-02  2e-02 45:26.8
  421   6315 8.964333379581517e-02 2.1e+00 1.32e-02  1e-02  1e-02 46:48.7
  429   6435 8.748165657125063e-02 2.1e+00 1.23e-02  1e-02  1e-02 48:12.5
  436   6540 8.897768495755755e-02 2.1e+00 1.18e-02  9e-03  1e-02 49:30.1
  444   6660 8.738087353412041e-02 2.1e+00 1.13e-02  9e-03  1e-02 50:55.2
  452   6780 8.631847722181740e-02 2.1e+00 1.25e-02  1e-02  1e-02 52:15.8
  459   6885 8.766982473215962e-02 2.2e+00 1.26e-02  1e-02  1e-02 53:34.3
  466   6990 8.712846844310711e-02 2.2e+00 1.18e-02  9e-03  1e-02 54:53.5
  473   7095 8.564835211439642e-02 2.2e+00 1.09e-02  8e-03  1e-02 56:15.0
  480   7200 8.643471263406760e-02 2.2e+00 1.06e-02  8e-03  1e-02 57:38.7
  487   7305 8.475534041410063e-02 2.2e+00 1.14e-02  9e-03  1e-02 59:02.2
  495   7425 8.437155046292494e-02 2.2e+00 1.05e-02  8e-03  1e-02 60:33.8
  500   7500 8.423400203207146e-02 2.2e+00 9.95e-03  8e-03  1e-02 61:27.9
  508   7620 8.367723097463613e-02 2.2e+00 9.23e-03  7e-03  1e-02 62:52.5
  517   7755 8.305144263150901e-02 2.3e+00 9.52e-03  7e-03  1e-02 64:20.4
  525   7875 8.300868490045119e-02 2.3e+00 8.43e-03  6e-03  9e-03 65:48.6
  533   7995 8.310697225543234e-02 2.3e+00 7.57e-03  6e-03  8e-03 67:20.1
  542   8130 8.287327212432846e-02 2.3e+00 6.28e-03  5e-03  7e-03 68:55.4
  551   8265 8.304581519985928e-02 2.3e+00 5.93e-03  5e-03  7e-03 70:28.2
  560   8400 8.245496160197092e-02 2.3e+00 5.54e-03  4e-03  6e-03 71:58.6
  569   8535 8.225850981150928e-02 2.4e+00 5.91e-03  5e-03  6e-03 73:35.0
  579   8685 8.213524185772485e-02 2.4e+00 5.80e-03  4e-03  6e-03 75:11.3
  594   8910 8.185175641673006e-02 2.4e+00 4.62e-03  4e-03  5e-03 76:47.2
  600   9000 8.148991184864263e-02 2.4e+00 3.93e-03  3e-03  4e-03 77:22.5
  618   9270 8.204766866463369e-02 2.4e+00 2.99e-03  2e-03  3e-03 79:03.3
[stop]
