0 [0/200] 896.9848480983499
2 [0/200] 890.390548580862
3 [0/200] 668.5901951359278
jitter = 1e-07
jitter = 1e-06
15 [0/200] 668.4
16 [0/200] 578.5421356237309
17 [0/200] 531.6227766016838
25 [0/200] 528.2842712474619
26 [0/200] 520.0
27 [0/200] 514.142135623731
32 [1/200] 0.2858792139836415
33 [2/200] 0.2738004721581214
34 [3/200] 0.2081806630459609
48 [12/200] 0.17526391267606123
54 [17/200] 0.172410541252138
72 [35/200] 0.09144104952640092
78 [39/200] 0.09003562286235389
80 [41/200] 0.0870608453329656
85 [46/200] 0.08438812548969782
100 [60/200] 0.08438812548969782
183 [137/200] 0.0843751683910682
200 [153/200] 0.0843751683910682
206 [159/200] 0.0843744959245663
[stop]
