(5_w,10)-aCMA-ES (mu_w=3.2,w_1=45%) in dimension 10 (seed=3, Tue Jun 24 08:09:53 2025)
Iterat #Fevals   function value  axis ratio  sigma  min&max std  t[m:s]
    1     10 6.060660171779822e+02 1.0e+00 2.49e-01  2e-01  3e-01 0:00.1
    2     20 6.060660171779822e+02 1.2e+00 2.55e-01  2e-01  3e-01 0:00.2
    3     30 6.060660171779822e+02 1.3e+00 2.76e-01  3e-01  3e-01 0:00.2
   10    100 6.060660171779822e+02 1.6e+00 2.21e-01  2e-01  2e-01 0:00.7
termination on tolfunhist=1e-12 (Tue Jun 24 08:09:54 2025)
final/bestever f-value = 6.060660e+02 6.060660e+02
incumbent solution: [1.96195825e-04 9.50646182e-01 2.01856865e-02 9.81783760e-01
 9.95451301e-01 9.92463023e-01 5.03076670e-02 2.56561824e-02 ...]
std deviations: [0.22599139 0.21235995 0.22213242 0.23686639 0.22120198 0.21488014
 0.20585135 0.21446808 ...]
(10_w,21)-aCMA-ES (mu_w=6.2,w_1=27%) in dimension 10 (seed=4, Tue Jun 24 08:09:54 2025)
Iterat #Fevals   function value  axis ratio  sigma  min&max std  t[m:s]
    1    122 7.496660171779820e+02 1.0e+00 2.33e-01  2e-01  2e-01 0:00.1
    2    143 7.331999999999999e+02 1.3e+00 2.25e-01  2e-01  2e-01 0:00.3
    3    164 7.133949493661166e+02 1.4e+00 2.34e-01  2e-01  2e-01 0:00.4
   18    479 5.520000000000000e+02 2.2e+00 2.20e-01  2e-01  3e-01 0:02.9
termination on tolflatfitness=1 after 1 restart (Tue Jun 24 08:09:57 2025)
final/bestever f-value = 5.520000e+02 7.577225e-01
incumbent solution: [1.38546529e-01 9.98205011e-01 3.03504629e-04 9.93050139e-01
 9.23914614e-01 7.54981598e-02 1.13881688e-02 9.92837154e-01 ...]
std deviations: [0.1892228  0.25389124 0.18710724 0.19736628 0.16786569 0.1887201
 0.18915782 0.18275183 ...]
(8_w,17)-aCMA-ES (mu_w=5.1,w_1=31%) in dimension 10 (seed=5, Tue Jun 24 08:09:57 2025)
Iterat #Fevals   function value  axis ratio  sigma  min&max std  t[m:s]
    1    497 7.835370849898476e+02 1.0e+00 7.12e-02  7e-02  7e-02 0:00.1
    2    514 7.637320343559643e+02 1.2e+00 7.33e-02  7e-02  8e-02 0:00.2
    3    531 7.637320343559643e+02 1.3e+00 8.07e-02  7e-02  9e-02 0:00.3
    6    582 7.637320343559643e+02 1.7e+00 1.20e-01  1e-01  1e-01 0:00.5
termination on tolflatfitness=1 after 2 restarts (Tue Jun 24 08:09:57 2025)
final/bestever f-value = 7.637320e+02 7.577225e-01
incumbent solution: [0.22970888 0.29902905 0.78634064 0.28024863 0.81187269 0.26706654
 0.99996848 0.8242253  ...]
std deviations: [0.11548279 0.12782379 0.14875701 0.1244862  0.12263849 0.12132483
 0.11022077 0.11301156 ...]
(5_w,11)-aCMA-ES (mu_w=3.4,w_1=42%) in dimension 10 (seed=6, Tue Jun 24 08:09:57 2025)
Iterat #Fevals   function value  axis ratio  sigma  min&max std  t[m:s]
    1    594 8.606244584051392e+02 1.0e+00 2.98e-02  3e-02  3e-02 0:00.1
termination on tolfun=1e-06 after 3 restarts (Tue Jun 24 08:09:57 2025)
final/bestever f-value = 8.606245e+02 7.577225e-01
incumbent solution: [0.35863483 0.72443737 0.10668496 0.17401599 0.51113838 0.75230079
 0.41545308 0.33799747 ...]
std deviations: [0.03037336 0.03012409 0.02915005 0.02966002 0.02948033 0.02984561
 0.0305391  0.02946023 ...]
(5_w,10)-aCMA-ES (mu_w=3.2,w_1=45%) in dimension 10 (seed=7, Tue Jun 24 08:09:57 2025)
Iterat #Fevals   function value  axis ratio  sigma  min&max std  t[m:s]
    1    605 7.215370849898477e+02 1.0e+00 1.03e-01  1e-01  1e-01 0:00.1
    2    615 7.215370849898477e+02 1.2e+00 9.69e-02  9e-02  1e-01 0:00.1
    3    625 7.215370849898477e+02 1.2e+00 9.43e-02  9e-02  1e-01 0:00.2
termination on tolfun=1e-06 after 4 restarts (Tue Jun 24 08:09:57 2025)
final/bestever f-value = 7.215371e+02 7.577225e-01
incumbent solution: [0.42283313 0.75812123 0.23346678 0.78855673 0.83429633 0.80340057
 0.97548805 0.22870568 ...]
std deviations: [0.09602674 0.08987358 0.0916321  0.09271544 0.09163111 0.09576079
 0.08862519 0.09486075 ...]
(9_w,19)-aCMA-ES (mu_w=5.6,w_1=29%) in dimension 10 (seed=8, Tue Jun 24 08:09:57 2025)
Iterat #Fevals   function value  axis ratio  sigma  min&max std  t[m:s]
    1    645 8.765584412271571e+02 1.0e+00 6.54e-02  6e-02  7e-02 0:00.1
    2    664 7.545584412271571e+02 1.3e+00 6.11e-02  6e-02  7e-02 0:00.2
    3    683 7.545584412271571e+02 1.5e+00 6.28e-02  6e-02  7e-02 0:00.3
    5    721 8.765584412271571e+02 1.5e+00 5.90e-02  6e-02  6e-02 0:00.5
termination on tolflatfitness=1 after 5 restarts (Tue Jun 24 08:09:58 2025)
final/bestever f-value = 8.765584e+02 7.577225e-01
incumbent solution: [0.81812718 0.01176591 0.95425241 0.60453683 0.59010481 0.94055485
 0.8994273  0.06502315 ...]
std deviations: [0.0634384  0.05763297 0.06041652 0.06083334 0.05586425 0.05884179
 0.05697558 0.06023791 ...]
(5_w,10)-aCMA-ES (mu_w=3.2,w_1=45%) in dimension 10 (seed=9, Tue Jun 24 08:09:58 2025)
Iterat #Fevals   function value  axis ratio  sigma  min&max std  t[m:s]
    1    732 7.012660171779821e+02 1.0e+00 4.41e-02  4e-02  5e-02 0:00.1
    2    742 7.012660171779821e+02 1.2e+00 4.28e-02  4e-02  4e-02 0:00.1
    3    752 7.012660171779821e+02 1.3e+00 4.61e-02  4e-02  5e-02 0:00.2
    4    762 7.012660171779821e+02 1.4e+00 4.59e-02  4e-02  5e-02 0:00.3
termination on tolflatfitness=1 after 6 restarts (Tue Jun 24 08:09:58 2025)
final/bestever f-value = 7.012660e+02 7.577225e-01
incumbent solution: [0.86296801 0.53958883 0.43834478 0.0574496  0.63014153 0.85314299
 0.37664975 0.65820819 ...]
std deviations: [0.04462523 0.04568406 0.04537713 0.04411258 0.04330777 0.04386113
 0.05235141 0.04610009 ...]
(21_w,43)-aCMA-ES (mu_w=12.1,w_1=15%) in dimension 10 (seed=10, Tue Jun 24 08:09:58 2025)
Iterat #Fevals   function value  axis ratio  sigma  min&max std  t[m:s]
    1    806 7.410482519219808e+02 1.0e+00 2.96e-01  3e-01  3e-01 0:00.2
    2    849 5.989949493661167e+02 1.4e+00 3.84e-01  4e-01  4e-01 0:00.4
    3    892 5.989949493661167e+02 1.5e+00 4.20e-01  4e-01  5e-01 0:00.6
   17   1494 5.380000000000000e+02 2.5e+00 3.10e-01  2e-01  4e-01 0:03.7
   19   1580 5.989949493661167e+02 2.8e+00 3.16e-01  2e-01  4e-01 0:04.1
termination on tolflatfitness=1 after 7 restarts (Tue Jun 24 08:10:02 2025)
final/bestever f-value = 5.989949e+02 7.577225e-01
incumbent solution: [6.35842909e-02 7.34527048e-02 9.40371748e-01 1.58856820e-02
 9.63610799e-01 4.80764387e-06 8.94100289e-01 9.79415108e-01 ...]
std deviations: [0.24257909 0.21329118 0.20808414 0.26532373 0.22684534 0.27347289
 0.38736836 0.28303041 ...]
(6_w,13)-aCMA-ES (mu_w=4.0,w_1=38%) in dimension 10 (seed=11, Tue Jun 24 08:10:02 2025)
Iterat #Fevals   function value  axis ratio  sigma  min&max std  t[m:s]
    1   1594 9.299370849898476e+02 1.0e+00 1.20e-02  1e-02  1e-02 0:00.1
termination on tolfun=1e-06 after 8 restarts (Tue Jun 24 08:10:02 2025)
final/bestever f-value = 9.299371e+02 7.577225e-01
incumbent solution: [0.52958925 0.17428351 0.81738298 0.68949854 0.89614652 0.33555948
 0.5663178  0.69008118 ...]
std deviations: [0.01199821 0.01181817 0.01163921 0.01228785 0.01196156 0.01210869
 0.01203746 0.01200863 ...]
(5_w,10)-aCMA-ES (mu_w=3.2,w_1=45%) in dimension 10 (seed=12, Tue Jun 24 08:10:02 2025)
Iterat #Fevals   function value  axis ratio  sigma  min&max std  t[m:s]
    1   1605 7.121320343559643e+02 1.0e+00 1.25e-02  1e-02  1e-02 0:00.0
    2   1615 7.121320343559643e+02 1.2e+00 1.36e-02  1e-02  1e-02 0:00.1
    3   1625 7.121320343559643e+02 1.4e+00 1.39e-02  1e-02  2e-02 0:00.1
    5   1645 7.121320343559643e+02 1.5e+00 1.52e-02  1e-02  2e-02 0:00.2
termination on tolflatfitness=1 after 9 restarts (Tue Jun 24 08:10:03 2025)
final/bestever f-value = 7.121320e+02 7.577225e-01
incumbent solution: [0.2301184  0.87715424 0.44755665 0.41218086 0.29948033 0.52322009
 0.27229093 0.16751805 ...]
std deviations: [0.0146162  0.01546202 0.01463568 0.01608672 0.01519847 0.01669908
 0.0147084  0.01518082 ...]
(6_w,13)-aCMA-ES (mu_w=4.0,w_1=38%) in dimension 10 (seed=13, Tue Jun 24 08:10:03 2025)
Iterat #Fevals   function value  axis ratio  sigma  min&max std  t[m:s]
    1   1659 8.308533025558640e+02 1.0e+00 6.52e-02  6e-02  7e-02 0:00.0
    2   1672 8.869265136196270e+02 1.2e+00 6.38e-02  6e-02  7e-02 0:00.1
    3   1685 8.869265136196270e+02 1.2e+00 6.62e-02  6e-02  7e-02 0:00.1
    6   1724 8.869265136196270e+02 1.5e+00 7.64e-02  7e-02  8e-02 0:00.3
termination on tolflatfitness=1 after 10 restarts (Tue Jun 24 08:10:03 2025)
final/bestever f-value = 8.869265e+02 7.577225e-01
incumbent solution: [0.87364315 0.56006747 0.97880075 0.75743359 0.97909494 0.40349642
 0.90718502 0.38179012 ...]
std deviations: [0.06809511 0.0751777  0.07060143 0.07629681 0.0744083  0.0759306
 0.07317587 0.08153604 ...]
(7_w,14)-aCMA-ES (mu_w=4.3,w_1=36%) in dimension 10 (seed=14, Tue Jun 24 08:10:03 2025)
Iterat #Fevals   function value  axis ratio  sigma  min&max std  t[m:s]
    1   1739 7.545584412271571e+02 1.0e+00 1.23e-02  1e-02  1e-02 0:00.1
termination on tolfun=1e-06 after 11 restarts (Tue Jun 24 08:10:03 2025)
final/bestever f-value = 7.545584e+02 7.577225e-01
incumbent solution: [0.55273568 0.2721274  0.14556138 0.60273644 0.72456844 0.54641784
 0.4049973  0.26229258 ...]
std deviations: [0.01242306 0.01222845 0.01235588 0.01233816 0.0124698  0.01196528
 0.01170249 0.01244588 ...]
(8_w,16)-aCMA-ES (mu_w=4.8,w_1=32%) in dimension 10 (seed=15, Tue Jun 24 08:10:03 2025)
Iterat #Fevals   function value  axis ratio  sigma  min&max std  t[m:s]
    1   1756 8.141584412271570e+02 1.0e+00 1.23e-02  1e-02  1e-02 0:00.1
termination on tolfun=1e-06 after 12 restarts (Tue Jun 24 08:10:03 2025)
final/bestever f-value = 8.141584e+02 7.577225e-01
incumbent solution: [0.46128545 0.97043611 0.90843797 0.75042718 0.925716   0.86477972
 0.63664271 0.322959   ...]
std deviations: [0.0121442  0.0117129  0.01229106 0.0123461  0.01228544 0.01232042
 0.01233896 0.01229415 ...]
(16_w,32)-aCMA-ES (mu_w=9.2,w_1=19%) in dimension 10 (seed=16, Tue Jun 24 08:10:03 2025)
Iterat #Fevals   function value  axis ratio  sigma  min&max std  t[m:s]
    1   1789 1.004123049768691e+03 1.0e+00 2.94e-02  3e-02  3e-02 0:00.1
    2   1821 1.004123049768691e+03 1.3e+00 3.61e-02  3e-02  4e-02 0:00.3
    3   1853 1.004123049768691e+03 1.5e+00 4.12e-02  4e-02  5e-02 0:00.5
    4   1885 1.004123049768691e+03 1.6e+00 4.62e-02  4e-02  5e-02 0:00.7
termination on tolflatfitness=1 after 13 restarts (Tue Jun 24 08:10:04 2025)
final/bestever f-value = 1.004123e+03 7.577225e-01
incumbent solution: [0.54972151 0.13761402 0.84390524 0.03084425 0.29389069 0.22596689
 0.39239615 0.00617335 ...]
std deviations: [0.05140102 0.05043105 0.0458313  0.04619152 0.0469946  0.04226104
 0.04581132 0.04406157 ...]
(21_w,42)-aCMA-ES (mu_w=11.8,w_1=16%) in dimension 10 (seed=17, Tue Jun 24 08:10:04 2025)
Iterat #Fevals   function value  axis ratio  sigma  min&max std  t[m:s]
    1   1928 7.012660171779821e+02 1.0e+00 7.40e-02  7e-02  8e-02 0:00.2
    2   1970 7.012660171779821e+02 1.3e+00 1.05e-01  1e-01  1e-01 0:00.5
    3   2012 6.252660171779821e+02 1.6e+00 1.31e-01  1e-01  2e-01 0:00.7
   12   2390 7.577225297788130e-01 2.0e+00 4.58e-01  3e-01  6e-01 0:04.0
   15   2516 7.577225297788130e-01 2.7e+00 4.88e-01  3e-01  6e-01 0:06.4
termination on maxiter=14.25 after 14 restarts (Tue Jun 24 08:10:11 2025)
final/bestever f-value = 7.577225e-01 7.577225e-01
incumbent solution: [0.00278091 0.98543915 0.01104949 0.52989978 0.23707877 0.58982194
 0.09684396 0.98894767 ...]
std deviations: [0.39888412 0.43670194 0.4085361  0.64316866 0.52644895 0.42647189
 0.38772739 0.33978023 ...]
(43_w,87)-aCMA-ES (mu_w=23.6,w_1=9%) in dimension 10 (seed=18, Tue Jun 24 08:10:11 2025)
Iterat #Fevals   function value  axis ratio  sigma  min&max std  t[m:s]
    1   2604 5.948000000000000e+02 1.0e+00 3.15e-01  3e-01  3e-01 0:00.5
    2   2691 5.380000000000000e+02 1.4e+00 3.61e-01  3e-01  4e-01 0:00.9
    3   2778 5.380000000000000e+02 1.6e+00 4.47e-01  4e-01  6e-01 0:01.4
    9   3300 7.577225297788130e-01 2.6e+00 4.69e-01  3e-01  5e-01 0:04.8
   17   3996 5.380000000000000e+02 2.5e+00 4.46e-01  2e-01  3e-01 0:09.2
   20   4257 5.380000000000000e+02 2.4e+00 3.97e-01  2e-01  3e-01 0:10.5
termination on tolflatfitness=1 after 15 restarts (Tue Jun 24 08:10:21 2025)
final/bestever f-value = 5.380000e+02 7.577225e-01
incumbent solution: [9.99529941e-01 9.55320432e-04 9.54591028e-01 1.26217433e-01
 9.99701585e-01 1.23540131e-02 6.79598087e-03 9.37693876e-01 ...]
std deviations: [0.28395843 0.23480989 0.21381747 0.19130998 0.20682    0.20730308
 0.21748359 0.19287601 ...]
[stop]
