(6_w,12)-aCMA-ES (mu_w=3.7,w_1=40%) in dimension 20 (seed=10, Tue Jun 24 11:48:43 2025)
Iterat #Fevals   function value  axis ratio  sigma  min&max std  t[m:s]
    1     12 5.940000000000000e+02 1.0e+00 2.34e-01  2e-01  2e-01 0:00.1
    2     24 5.440000000000000e+02 1.1e+00 2.26e-01  2e-01  2e-01 0:00.3
    3     36 5.440000000000000e+02 1.1e+00 2.22e-01  2e-01  2e-01 0:00.4
   11    132 2.538159206277637e-01 1.3e+00 1.81e-01  2e-01  2e-01 0:04.0
   13    156 2.538159206277637e-01 1.3e+00 1.74e-01  2e-01  2e-01 0:08.4
   16    192 2.347410221794039e-01 1.4e+00 1.75e-01  2e-01  2e-01 0:15.5
   18    216 2.347410221794039e-01 1.4e+00 1.79e-01  2e-01  2e-01 0:23.9
   20    240 2.347410221794039e-01 1.5e+00 1.70e-01  2e-01  2e-01 0:31.1
   22    264 2.347410221794039e-01 1.5e+00 1.69e-01  2e-01  2e-01 0:39.4
   24    288 2.102293046936872e-01 1.5e+00 1.61e-01  1e-01  2e-01 0:49.7
   28    336 2.089604505310418e-01 1.6e+00 1.64e-01  1e-01  2e-01 1:02.7
   33    396 2.102293046936872e-01 1.6e+00 1.42e-01  1e-01  1e-01 1:15.2
   36    432 2.102293046936872e-01 1.6e+00 1.35e-01  1e-01  1e-01 1:32.0
   41    492 2.102293046936872e-01 1.6e+00 1.23e-01  1e-01  1e-01 1:48.5
   44    528 2.102293046936872e-01 1.7e+00 1.15e-01  1e-01  1e-01 2:04.4
   47    564 2.102293046936872e-01 1.7e+00 1.05e-01  9e-02  1e-01 2:21.0
   51    612 2.089604505310418e-01 1.8e+00 1.05e-01  8e-02  1e-01 2:43.4
   55    660 2.089604505310418e-01 1.9e+00 1.14e-01  9e-02  1e-01 3:04.4
   60    720 2.089604505310418e-01 2.1e+00 1.08e-01  9e-02  1e-01 3:24.8
   65    780 2.089604505310418e-01 2.1e+00 9.75e-02  8e-02  1e-01 3:45.6
[stop]
