(7_w,15)-aCMA-ES (mu_w=4.5,w_1=34%) in dimension 50 (seed=6, Tue Jun 17 07:36:30 2025)
Iterat #Fevals   function value  axis ratio  sigma  min&max std  t[m:s]
    1     15 1.706224799176869e+00 1.0e+00 2.34e-01  2e-01  2e-01 0:00.6
    2     30 5.948000000000000e+02 1.0e+00 2.23e-01  2e-01  2e-01 0:00.8
    3     45 6.068264068711928e+02 1.0e+00 2.15e-01  2e-01  2e-01 0:01.0
   16    240 4.975084238476827e+00 1.2e+00 1.97e-01  2e-01  2e-01 0:04.8
   19    285 2.955622949763041e+00 1.2e+00 1.94e-01  2e-01  2e-01 0:11.2
   23    345 4.503101359587389e+00 1.3e+00 1.82e-01  2e-01  2e-01 0:18.9
   31    465 4.146369288161948e+00 1.3e+00 1.66e-01  2e-01  2e-01 0:28.4
   33    495 3.722505039183458e+00 1.3e+00 1.63e-01  2e-01  2e-01 0:36.7
   35    525 3.849833363016795e+00 1.3e+00 1.60e-01  2e-01  2e-01 0:47.1
   38    570 3.844057665246533e+00 1.3e+00 1.60e-01  2e-01  2e-01 0:58.3
   41    615 3.766825783492148e+00 1.4e+00 1.57e-01  2e-01  2e-01 1:09.6
   44    660 3.755035613566104e+00 1.4e+00 1.56e-01  2e-01  2e-01 1:21.5
   47    705 3.601382776494888e+00 1.4e+00 1.51e-01  1e-01  2e-01 1:35.6
   49    735 3.601382789614916e+00 1.4e+00 1.47e-01  1e-01  2e-01 1:50.3
   52    780 1.680866152691966e+00 1.4e+00 1.44e-01  1e-01  1e-01 2:05.5
   56    840 1.831932851221059e+00 1.4e+00 1.43e-01  1e-01  1e-01 2:22.0
   61    915 1.818636725130584e+00 1.4e+00 1.41e-01  1e-01  1e-01 2:38.3
   65    975 1.835192063441299e+00 1.4e+00 1.41e-01  1e-01  1e-01 2:57.0
   69   1035 1.670353931787129e+00 1.4e+00 1.36e-01  1e-01  1e-01 3:19.3
   73   1095 1.608736362497880e+00 1.4e+00 1.36e-01  1e-01  1e-01 3:42.0
   78   1170 6.232859286235152e-01 1.4e+00 1.25e-01  1e-01  1e-01 4:02.5
   83   1245 6.306813288112627e-01 1.5e+00 1.18e-01  1e-01  1e-01 4:29.0
   88   1320 6.232859286235152e-01 1.5e+00 1.14e-01  1e-01  1e-01 4:55.8
   93   1395 6.232859286235152e-01 1.5e+00 1.11e-01  1e-01  1e-01 5:20.9
   97   1455 3.910454491885511e-01 1.5e+00 1.03e-01  1e-01  1e-01 5:46.3
  100   1500 6.232859286235152e-01 1.5e+00 9.67e-02  9e-02  1e-01 6:10.0
  104   1560 6.232859286235152e-01 1.5e+00 9.57e-02  9e-02  1e-01 6:44.3
termination on tolflatfitness=1 (Tue Jun 17 07:43:15 2025)
final/bestever f-value = 6.232859e-01 3.910454e-01
incumbent solution: [0.11743962 0.9140149  0.99933606 0.08967536 0.08824612 0.4065679
 0.89444329 0.72975456 ...]
std deviations: [0.09201982 0.09359596 0.09795741 0.09467163 0.09401577 0.0977449
 0.09204545 0.09714681 ...]
(15_w,31)-aCMA-ES (mu_w=8.9,w_1=20%) in dimension 50 (seed=7, Tue Jun 17 07:43:15 2025)
Iterat #Fevals   function value  axis ratio  sigma  min&max std  t[m:s]
    1   1592 5.195999999999999e+02 1.0e+00 2.34e-01  2e-01  2e-01 0:00.4
    2   1623 5.172000000000000e+02 1.1e+00 2.26e-01  2e-01  2e-01 0:00.7
    3   1654 5.675129357800830e-01 1.1e+00 2.21e-01  2e-01  2e-01 0:01.7
    6   1747 7.663233386530777e-01 1.1e+00 2.17e-01  2e-01  2e-01 0:06.8
    8   1809 6.301742537013543e-01 1.1e+00 2.26e-01  2e-01  2e-01 0:11.4
   11   1902 5.293114049627459e-01 1.2e+00 2.32e-01  2e-01  2e-01 0:19.0
   14   1995 3.533852497104889e-01 1.2e+00 2.44e-01  2e-01  2e-01 0:25.9
   17   2088 1.704802660010778e+00 1.3e+00 2.45e-01  2e-01  2e-01 0:33.7
   20   2181 2.744745441865615e+00 1.3e+00 2.54e-01  2e-01  3e-01 0:42.8
   22   2243 5.694302326867888e-01 1.4e+00 2.48e-01  2e-01  3e-01 0:53.5
   25   2336 8.226345882107685e-01 1.4e+00 2.43e-01  2e-01  2e-01 1:06.9
   28   2429 6.752926587472449e-01 1.4e+00 2.30e-01  2e-01  2e-01 1:23.6
   31   2522 4.311744551437970e-01 1.4e+00 2.23e-01  2e-01  2e-01 1:42.0
   34   2615 3.810618610332646e-01 1.4e+00 2.17e-01  2e-01  2e-01 2:02.0
   35   2646 3.635692389397216e-01 1.4e+00 2.20e-01  2e-01  2e-01 2:16.6
   38   2739 2.045890281570536e-01 1.4e+00 2.24e-01  2e-01  2e-01 2:36.3
   40   2801 2.238630592084974e-01 1.4e+00 2.18e-01  2e-01  2e-01 2:57.4
   42   2863 2.143344000451844e-01 1.4e+00 2.13e-01  2e-01  2e-01 3:15.9
   44   2925 2.196543616273033e-01 1.4e+00 2.10e-01  2e-01  2e-01 3:35.6
   46   2987 1.927164365140585e-01 1.5e+00 2.13e-01  2e-01  2e-01 3:55.3
   48   3049 1.905722921250535e-01 1.5e+00 2.10e-01  2e-01  2e-01 4:19.8
   51   3142 1.824175712520315e-01 1.5e+00 2.07e-01  2e-01  2e-01 4:49.4
[stop]
