0 [0/200] 1057.712388565972
1 [0/200] 817.7817459305202
3 [0/200] 620.208152801713
14 [0/200] 614.0175425099138
15 [0/200] 522.6710678118654
20 [0/200] 510.0
21 [0/200] 507.0710678118655
22 [1/200] 0.10965869338917048
53 [24/200] 0.107939757113147
81 [48/200] 0.09472659506268881
100 [66/200] 0.09472659506268881
124 [89/200] 0.09443723189652313
148 [113/200] 0.0943487430375451
158 [122/200] 0.09357866530811637
163 [127/200] 0.09313241890322516
188 [150/200] 0.093127406741622
197 [159/200] 0.08953150617668207
200 [162/200] 0.08953150617668207
213 [174/200] 0.08651015968790306
228 [186/200] 0.08563464483410647
[stop]
