(6_w,12)-aCMA-ES (mu_w=3.7,w_1=40%) in dimension 20 (seed=13, Tue Jun 24 12:19:13 2025)
Iterat #Fevals   function value  axis ratio  sigma  min&max std  t[m:s]
    1     12 6.231526010525133e+02 1.0e+00 2.33e-01  2e-01  2e-01 0:00.6
    2     24 5.707106781186548e+02 1.1e+00 2.28e-01  2e-01  2e-01 0:01.3
    3     36 5.651323307596588e+02 1.1e+00 2.30e-01  2e-01  2e-01 0:01.8
    7     84 8.814615491593106e-01 1.3e+00 2.48e-01  2e-01  3e-01 0:06.4
   12    144 4.222887295666685e+00 1.5e+00 2.76e-01  3e-01  3e-01 0:11.4
   18    216 1.432588900214305e+01 1.7e+00 3.02e-01  3e-01  3e-01 0:17.3
   27    324 1.619526055000069e+00 1.7e+00 2.50e-01  2e-01  3e-01 0:23.8
   36    432 3.388624572079246e+00 1.8e+00 2.06e-01  2e-01  2e-01 0:31.1
   43    516 4.939844699911810e+00 1.9e+00 1.73e-01  1e-01  2e-01 0:39.7
   49    588 1.703771665853892e+01 2.0e+00 1.39e-01  1e-01  1e-01 0:48.7
   53    636 1.894937909768076e-01 2.0e+00 1.17e-01  9e-02  1e-01 0:59.5
   57    684 1.509621642001915e-01 2.0e+00 1.23e-01  9e-02  1e-01 1:11.8
   62    744 1.411455101071559e-01 2.2e+00 1.21e-01  9e-02  1e-01 1:25.3
   66    792 1.171698772408104e-01 2.2e+00 1.19e-01  8e-02  1e-01 1:40.8
   70    840 1.333783039677811e-01 2.2e+00 1.04e-01  7e-02  1e-01 1:55.6
   74    888 1.171513928338550e-01 2.1e+00 9.17e-02  6e-02  1e-01 2:11.6
   78    936 1.356746997475842e-01 2.2e+00 8.64e-02  6e-02  9e-02 2:29.4
   81    972 1.279717820116308e-01 2.2e+00 7.60e-02  5e-02  8e-02 2:46.7
   85   1020 1.155939199067183e-01 2.2e+00 7.66e-02  5e-02  8e-02 3:06.6
   89   1068 9.898615102260880e-02 2.2e+00 6.74e-02  5e-02  7e-02 3:30.6
   93   1116 9.942202164903806e-02 2.2e+00 7.01e-02  5e-02  8e-02 3:53.6
   97   1164 9.268625165868463e-02 2.2e+00 6.53e-02  4e-02  7e-02 4:19.3
  100   1200 9.435692417893962e-02 2.2e+00 6.29e-02  4e-02  7e-02 4:32.4
[stop]
