0 [0/400] 1096.8223580972835
1 [0/400] 626.4911064067352
4 [0/400] 593.4762952994884
11 [0/400] 521.2132034355965
21 [0/400] 507.0710678118655
23 [1/400] 0.7096281263887384
31 [4/400] 0.6253639751649689
35 [6/400] 0.2679635714249706
55 [22/400] 0.24634590750216717
60 [26/400] 0.23509700785430426
68 [34/400] 0.2338862100031005
69 [35/400] 0.22413368320039898
70 [36/400] 0.22002572905087642
76 [41/400] 0.20818077934411772
77 [42/400] 0.20707695137079213
81 [46/400] 0.20535963094664972
89 [54/400] 0.20436843647056843
100 [63/400] 0.20436843647056843
118 [79/400] 0.20280058024527212
119 [80/400] 0.2001629019451931
160 [117/400] 0.19889621002228602
177 [134/400] 0.18609070651112875
182 [139/400] 0.17203351605818326
184 [141/400] 0.15798556935621186
187 [144/400] 0.15541186958613307
200 [156/400] 0.15541186958613307
204 [160/400] 0.15470541299006868
207 [163/400] 0.15464550759456447
221 [177/400] 0.14962959937015582
240 [196/400] 0.14899239260996155
249 [204/400] 0.14832511480678387
259 [214/400] 0.13728417504720827
267 [222/400] 0.13389910956038836
275 [230/400] 0.1321108055818265
280 [235/400] 0.12703103817751885
284 [239/400] 0.11298123566827672
289 [244/400] 0.10338355640936803
292 [247/400] 0.10199367595195061
300 [255/400] 0.10199367595195061
342 [295/400] 0.10171475866553645
345 [298/400] 0.1000186593076123
352 [305/400] 0.09776227241508484
364 [317/400] 0.0977126274175015
391 [343/400] 0.09555825331148132
392 [344/400] 0.09459994293998744
400 [351/400] 0.09459994293998744
401 [352/400] 0.0943219452997827
405 [355/400] 0.09360547211208523
432 [380/400] 0.09316744790800456
[stop]
