(5_w,10)-aCMA-ES (mu_w=3.2,w_1=45%) in dimension 10 (seed=10, Tue Jun 24 08:34:09 2025)
Iterat #Fevals   function value  axis ratio  sigma  min&max std  t[m:s]
    1     10 6.908533025558642e+02 1.0e+00 2.41e-01  2e-01  2e-01 0:00.0
    2     20 6.908533025558642e+02 1.2e+00 2.37e-01  2e-01  2e-01 0:00.1
    3     30 6.908533025558642e+02 1.3e+00 2.25e-01  2e-01  2e-01 0:00.2
    7     70 6.908533025558642e+02 1.6e+00 2.50e-01  2e-01  3e-01 0:00.4
termination on tolflatfitness=1 (Tue Jun 24 08:34:09 2025)
final/bestever f-value = 6.908533e+02 6.908533e+02
incumbent solution: [0.94661792 0.32442259 0.13544873 0.99960652 0.99994401 0.24210116
 0.10481401 0.94076425 ...]
std deviations: [0.25974943 0.25216149 0.23743676 0.22524094 0.24391333 0.25940038
 0.23112429 0.24399763 ...]
(10_w,21)-aCMA-ES (mu_w=6.2,w_1=27%) in dimension 10 (seed=11, Tue Jun 24 08:34:09 2025)
Iterat #Fevals   function value  axis ratio  sigma  min&max std  t[m:s]
    1     92 6.369949493661168e+02 1.0e+00 2.25e-01  2e-01  2e-01 0:00.1
    2    113 6.979898987322333e+02 1.2e+00 2.49e-01  2e-01  3e-01 0:00.2
    3    134 5.989949493661167e+02 1.5e+00 2.72e-01  2e-01  3e-01 0:00.3
   15    386 7.577225297788130e-01 2.5e+00 3.20e-01  2e-01  4e-01 0:04.5
   18    449 7.577225297788130e-01 2.7e+00 3.21e-01  2e-01  4e-01 0:10.6
   20    491 7.577225297788130e-01 2.8e+00 2.91e-01  2e-01  4e-01 0:17.2
   22    533 7.577225297788130e-01 2.9e+00 2.58e-01  2e-01  3e-01 0:27.9
   23    554 7.577225297788130e-01 3.0e+00 2.64e-01  2e-01  3e-01 0:35.0
   25    596 7.577225297788130e-01 3.1e+00 2.16e-01  1e-01  3e-01 0:51.2
   27    638 7.577225297788130e-01 3.2e+00 2.10e-01  1e-01  3e-01 1:10.1
   29    680 7.577225297788130e-01 3.3e+00 2.07e-01  1e-01  3e-01 1:28.3
   31    722 7.577225297788130e-01 3.4e+00 1.79e-01  1e-01  2e-01 1:47.6
[stop]
