(7_w,15)-aCMA-ES (mu_w=4.5,w_1=34%) in dimension 50 (seed=9, Fri May 23 16:55:38 2025)
Iterat #Fevals   function value  axis ratio  sigma  min&max std  t[m:s]
    1     15 7.144269870347671e+02 1.0e+00 2.36e-01  2e-01  2e-01 0:05.1
    2     30 6.254846631611749e+02 1.0e+00 2.29e-01  2e-01  2e-01 0:10.2
    3     45 6.073412127516714e+02 1.1e+00 2.24e-01  2e-01  2e-01 0:16.0
    4     60 5.765685424949238e+02 1.1e+00 2.22e-01  2e-01  2e-01 0:21.2
    5     75 5.212132034355964e+02 1.1e+00 2.22e-01  2e-01  2e-01 0:26.7
    7    105 5.424264068711929e+02 1.1e+00 2.25e-01  2e-01  2e-01 0:35.8
    9    135 4.956824729664078e-01 1.1e+00 2.30e-01  2e-01  2e-01 0:45.4
   11    165 5.494974746830584e+02 1.2e+00 2.29e-01  2e-01  2e-01 0:54.0
   13    195 5.353553390593274e+02 1.2e+00 2.27e-01  2e-01  2e-01 1:02.0
   16    240 5.070710678118655e+02 1.2e+00 2.23e-01  2e-01  2e-01 1:14.4
   19    285 3.292623850028354e-01 1.2e+00 2.21e-01  2e-01  2e-01 1:27.8
   22    330 1.356230178047029e+01 1.2e+00 2.27e-01  2e-01  2e-01 1:41.2
   25    375 5.141421356237310e+02 1.2e+00 2.25e-01  2e-01  2e-01 1:53.3
   28    420 5.066147739679514e-01 1.3e+00 2.18e-01  2e-01  2e-01 2:07.1
   31    465 2.302367884187966e+00 1.3e+00 2.03e-01  2e-01  2e-01 2:22.1
   35    525 5.740248037479680e-01 1.3e+00 1.95e-01  2e-01  2e-01 2:40.7
   39    585 5.176776695296637e+02 1.3e+00 1.91e-01  2e-01  2e-01 2:57.1
   43    645 8.642542544516457e-01 1.3e+00 1.90e-01  2e-01  2e-01 3:15.2
   47    705 7.799930108800737e-01 1.3e+00 1.71e-01  2e-01  2e-01 3:33.6
   52    780 9.224261855145121e-01 1.4e+00 1.59e-01  2e-01  2e-01 3:56.7
   56    840 3.291825993836286e+00 1.4e+00 1.53e-01  1e-01  2e-01 4:16.9
   61    915 4.164984233396946e-01 1.4e+00 1.53e-01  1e-01  2e-01 4:40.6
   67   1005 6.166914517255658e-01 1.4e+00 1.49e-01  1e-01  2e-01 5:07.9
   71   1065 1.150471497416047e+00 1.4e+00 1.46e-01  1e-01  2e-01 5:32.3
   76   1140 6.294847913808640e-01 1.5e+00 1.40e-01  1e-01  1e-01 5:57.7
   82   1230 8.707529687414030e-01 1.5e+00 1.35e-01  1e-01  1e-01 6:30.0
   88   1320 8.793140606968151e+00 1.5e+00 1.29e-01  1e-01  1e-01 6:59.2
   94   1410 3.564029259190069e+00 1.5e+00 1.22e-01  1e-01  1e-01 7:27.6
  100   1500 4.777495737069891e-01 1.5e+00 1.18e-01  1e-01  1e-01 7:58.5
  106   1590 4.193133851463964e-01 1.5e+00 1.13e-01  1e-01  1e-01 8:32.5
  113   1695 3.053802183141877e-01 1.5e+00 1.06e-01  1e-01  1e-01 9:06.2
  120   1800 2.930979049413613e-01 1.5e+00 1.01e-01  9e-02  1e-01 9:39.7
  127   1905 3.078473031108664e-01 1.6e+00 9.57e-02  9e-02  1e-01 10:16.4
  134   2010 2.051711483360349e-01 1.6e+00 9.85e-02  9e-02  1e-01 10:51.7
  141   2115 6.632470312188156e-01 1.6e+00 9.40e-02  9e-02  1e-01 11:29.4
  148   2220 2.718592861213518e-01 1.6e+00 9.70e-02  9e-02  1e-01 12:04.5
  156   2340 3.492324321178704e-01 1.6e+00 9.53e-02  9e-02  1e-01 12:41.1
  163   2445 5.438539198701877e-01 1.6e+00 8.00e-02  7e-02  8e-02 13:22.4
  171   2565 3.692805330236496e-01 1.7e+00 7.73e-02  7e-02  8e-02 14:03.7
  178   2670 4.983350376413326e-01 1.7e+00 7.58e-02  7e-02  8e-02 14:42.7
  185   2775 5.786752283647336e-01 1.7e+00 7.58e-02  7e-02  8e-02 15:24.8
  192   2880 2.588849478204985e-01 1.7e+00 6.88e-02  6e-02  7e-02 16:06.4
  198   2970 2.176224118817346e-01 1.7e+00 6.21e-02  5e-02  7e-02 16:55.1
  200   3000 1.866001521886641e-01 1.7e+00 5.82e-02  5e-02  6e-02 17:12.8
  206   3090 1.534771754161266e-01 1.7e+00 5.28e-02  5e-02  6e-02 18:05.6
  212   3180 1.373019269090186e-01 1.7e+00 5.06e-02  4e-02  5e-02 18:55.7
  217   3255 1.551219844437816e-01 1.7e+00 4.79e-02  4e-02  5e-02 19:42.7
  223   3345 1.540565200576578e-01 1.7e+00 4.70e-02  4e-02  5e-02 20:37.7
  230   3450 1.358732817733480e-01 1.7e+00 4.77e-02  4e-02  5e-02 21:33.1
  236   3540 1.238874401861817e-01 1.7e+00 5.16e-02  4e-02  5e-02 22:26.6
  242   3630 1.288431020544172e-01 1.7e+00 5.33e-02  4e-02  6e-02 23:19.9
  248   3720 1.132774288799816e-01 1.8e+00 5.27e-02  4e-02  6e-02 24:14.9
  255   3825 1.179543664677430e-01 1.8e+00 5.04e-02  4e-02  5e-02 25:15.4
  261   3915 1.267038530383720e-01 1.8e+00 4.78e-02  4e-02  5e-02 26:13.7
  267   4005 1.181172425581971e-01 1.9e+00 4.08e-02  3e-02  4e-02 27:14.8
  273   4095 1.123824479105430e-01 1.9e+00 3.65e-02  3e-02  4e-02 28:16.9
  279   4185 1.093124871802132e-01 1.9e+00 3.64e-02  3e-02  4e-02 29:23.2
  285   4275 1.097296568622426e-01 1.9e+00 3.61e-02  3e-02  4e-02 30:27.7
  291   4365 1.061475540857463e-01 1.9e+00 3.53e-02  3e-02  4e-02 31:35.8
  296   4440 9.489010814813642e-02 1.9e+00 3.20e-02  2e-02  3e-02 32:35.8
  300   4500 1.000128366278236e-01 2.0e+00 3.09e-02  2e-02  3e-02 33:22.2
  306   4590 9.713639203611503e-02 2.0e+00 2.80e-02  2e-02  3e-02 34:27.3
  312   4680 9.481350734401783e-02 2.0e+00 2.61e-02  2e-02  3e-02 35:35.1
  318   4770 8.929563230400914e-02 2.0e+00 2.47e-02  2e-02  3e-02 36:46.3
  324   4860 9.052395210149908e-02 2.0e+00 2.30e-02  2e-02  2e-02 37:55.9
  330   4950 8.815256698375781e-02 2.1e+00 2.12e-02  2e-02  2e-02 39:02.0
  336   5040 8.736374436816448e-02 2.1e+00 2.02e-02  1e-02  2e-02 40:10.4
  342   5130 8.738738907210326e-02 2.1e+00 2.05e-02  1e-02  2e-02 41:21.6
  349   5235 8.912445404692998e-02 2.1e+00 1.99e-02  1e-02  2e-02 42:41.0
  356   5340 8.627003141494066e-02 2.2e+00 1.88e-02  1e-02  2e-02 43:56.9
  363   5445 8.449635603555539e-02 2.2e+00 1.56e-02  1e-02  2e-02 45:07.5
  370   5550 8.311395259138268e-02 2.2e+00 1.37e-02  1e-02  1e-02 46:19.4
  378   5670 8.222747890551482e-02 2.2e+00 1.25e-02  9e-03  1e-02 47:34.7
  386   5790 8.244345977043693e-02 2.2e+00 1.29e-02  9e-03  1e-02 48:50.2
  394   5910 8.094204170307798e-02 2.2e+00 1.35e-02  9e-03  1e-02 50:08.5
  400   6000 8.147925344852888e-02 2.2e+00 1.29e-02  9e-03  1e-02 51:13.9
  409   6135 8.107505914972514e-02 2.2e+00 1.12e-02  8e-03  1e-02 52:40.4
  418   6270 8.063980616327933e-02 2.3e+00 1.01e-02  7e-03  1e-02 54:00.6
  427   6405 7.991044759401497e-02 2.3e+00 9.60e-03  7e-03  1e-02 55:28.5
  435   6525 7.983843224691756e-02 2.3e+00 9.82e-03  7e-03  1e-02 56:47.7
  445   6675 7.975381138315932e-02 2.4e+00 9.62e-03  6e-03  1e-02 58:12.9
  454   6810 7.956996698024758e-02 2.4e+00 8.86e-03  6e-03  1e-02 59:41.0
  463   6945 8.022076487078325e-02 2.5e+00 9.40e-03  6e-03  1e-02 61:09.3
  472   7080 7.982789669363283e-02 2.5e+00 9.63e-03  6e-03  1e-02 62:38.0
  482   7230 7.930857195545710e-02 2.5e+00 9.85e-03  7e-03  1e-02 64:09.1
  494   7410 7.945916913220399e-02 2.5e+00 9.67e-03  6e-03  1e-02 65:34.3
  500   7500 7.919364053045687e-02 2.5e+00 8.59e-03  6e-03  9e-03 66:09.1
  511   7665 7.910427907399092e-02 2.5e+00 7.46e-03  5e-03  8e-03 67:40.9
  523   7845 7.858931765844124e-02 2.5e+00 5.99e-03  4e-03  6e-03 69:20.0
  532   7980 7.825693393194655e-02 2.5e+00 5.91e-03  4e-03  6e-03 70:50.5
  541   8115 7.874885629464018e-02 2.5e+00 5.53e-03  4e-03  6e-03 72:23.2
  550   8250 7.861882807145851e-02 2.5e+00 5.70e-03  4e-03  6e-03 73:59.8
  559   8385 7.800431414372487e-02 2.5e+00 5.84e-03  4e-03  6e-03 75:32.0
  569   8535 7.830794322923634e-02 2.5e+00 5.19e-03  3e-03  6e-03 77:09.4
[stop]
