0 [0/200] 1252.4592853778418
1 [0/200] 881.8376618407356
4 [0/200] 614.2365965879586
12 [0/200] 557.0087712549569
13 [0/200] 531.6227766016838
18 [0/200] 515.8113883008419
20 [1/200] 0.20757415447703118
22 [3/200] 0.16865051648935567
33 [12/200] 0.161896744190682
47 [24/200] 0.12301823576489476
51 [27/200] 0.11804674456531454
62 [38/200] 0.11443573299484619
68 [44/200] 0.10830844766549157
76 [52/200] 0.09505459976061373
77 [53/200] 0.09323463062236398
79 [55/200] 0.09143645191573246
91 [67/200] 0.09135881706991231
94 [70/200] 0.09112929436686085
97 [73/200] 0.09056373540540504
100 [76/200] 0.09056373540540504
106 [81/200] 0.08938536386635718
170 [136/200] 0.08871644578968796
190 [153/200] 0.08842727526898497
196 [159/200] 0.08841606235742051
197 [160/200] 0.0883284039915532
200 [163/200] 0.0883284039915532
226 [183/200] 0.08831466734121038
245 [197/200] 0.08824655730786896
[stop]
