(6_w,12)-aCMA-ES (mu_w=3.7,w_1=40%) in dimension 20 (seed=7, Tue Jun 24 11:28:46 2025)
Iterat #Fevals   function value  axis ratio  sigma  min&max std  t[m:s]
    1     12 6.353553390593274e+02 1.0e+00 2.30e-01  2e-01  2e-01 0:00.3
    2     24 5.707106781186548e+02 1.1e+00 2.28e-01  2e-01  2e-01 0:00.6
    3     36 5.200000000000000e+02 1.2e+00 2.19e-01  2e-01  2e-01 0:00.8
   11    132 1.183718513723945e+00 1.4e+00 2.13e-01  2e-01  2e-01 0:04.5
   17    204 1.480236684520013e+00 1.5e+00 1.96e-01  2e-01  2e-01 0:09.0
   25    300 1.934540831740129e-01 1.6e+00 1.54e-01  1e-01  2e-01 0:14.0
   28    336 1.557370035354303e-01 1.6e+00 1.28e-01  1e-01  1e-01 0:21.1
   34    408 1.978004801743672e-01 1.6e+00 1.01e-01  8e-02  1e-01 0:29.7
   37    444 3.166717673698828e-01 1.7e+00 9.72e-02  8e-02  1e-01 0:38.8
   40    480 1.921001137855013e-01 1.8e+00 9.77e-02  7e-02  1e-01 0:49.0
   43    516 8.141728380404696e-01 1.8e+00 1.02e-01  8e-02  1e-01 1:01.5
   46    552 2.119419067788726e-01 1.9e+00 1.10e-01  8e-02  1e-01 1:14.7
   52    624 2.631717448749706e-01 2.0e+00 1.26e-01  9e-02  1e-01 1:27.4
   58    696 2.668944416305224e-01 2.2e+00 1.12e-01  8e-02  1e-01 1:40.8
   63    756 1.959598454718862e-01 2.2e+00 9.42e-02  7e-02  1e-01 1:58.4
   66    792 2.212411107296485e-01 2.2e+00 7.94e-02  6e-02  9e-02 2:13.4
   70    840 1.203241370676639e-01 2.2e+00 7.49e-02  5e-02  8e-02 2:31.6
   74    888 9.570253303968712e-02 2.3e+00 6.07e-02  4e-02  7e-02 2:50.1
   78    936 1.000597307725962e-01 2.3e+00 5.98e-02  4e-02  7e-02 3:12.3
   82    984 9.986062573740846e-02 2.4e+00 5.59e-02  4e-02  6e-02 3:35.7
   86   1032 1.023011263018712e-01 2.5e+00 5.66e-02  4e-02  6e-02 3:56.4
[stop]
