(6_w,12)-aCMA-ES (mu_w=3.7,w_1=40%) in dimension 20 (seed=15, Tue Jun 24 12:33:09 2025)
Iterat #Fevals   function value  axis ratio  sigma  min&max std  t[m:s]
    1     12 5.380788655293195e+02 1.0e+00 2.41e-01  2e-01  2e-01 0:00.7
    2     24 6.447598615915314e+02 1.1e+00 2.37e-01  2e-01  2e-01 0:01.3
    3     36 4.957316911300895e+00 1.2e+00 2.32e-01  2e-01  2e-01 0:02.4
    8     96 5.353553390593274e+02 1.4e+00 2.63e-01  2e-01  3e-01 0:05.6
   12    144 9.470051653679872e-01 1.6e+00 2.65e-01  2e-01  3e-01 0:09.8
   17    204 5.070710678118655e+02 1.6e+00 2.76e-01  3e-01  3e-01 0:15.0
   25    300 5.141421356237310e+02 1.7e+00 2.48e-01  2e-01  3e-01 0:21.4
   34    408 5.312797985944369e-01 1.8e+00 2.29e-01  2e-01  2e-01 0:28.5
   43    516 1.782395382415166e+00 1.9e+00 1.81e-01  2e-01  2e-01 0:36.9
   49    588 1.328957916935466e-01 1.9e+00 1.55e-01  1e-01  2e-01 0:49.1
   57    684 8.926784355301840e-01 2.0e+00 1.44e-01  1e-01  2e-01 0:59.4
   63    756 7.549759411396602e-01 2.0e+00 1.09e-01  9e-02  1e-01 1:10.7
   68    816 3.058563508265635e-01 2.0e+00 9.44e-02  8e-02  1e-01 1:23.0
   73    876 1.834750662991346e-01 2.0e+00 8.81e-02  7e-02  9e-02 1:38.2
   76    912 1.427214225835337e-01 2.0e+00 8.50e-02  7e-02  9e-02 1:52.3
   81    972 1.798277136008586e-01 2.1e+00 9.30e-02  8e-02  1e-01 2:10.1
   86   1032 1.371387097249198e-01 2.2e+00 8.85e-02  7e-02  1e-01 2:28.5
   90   1080 1.239800069457173e-01 2.2e+00 8.84e-02  7e-02  1e-01 2:48.3
   94   1128 1.260932173330479e-01 2.2e+00 8.54e-02  6e-02  9e-02 3:09.1
   99   1188 1.059719673199862e-01 2.3e+00 8.92e-02  6e-02  1e-01 3:32.9
  100   1200 1.026499731042330e-01 2.3e+00 9.18e-02  7e-02  1e-01 3:36.9
  107   1284 9.781804583215351e-02 2.3e+00 8.21e-02  6e-02  9e-02 4:02.3
  112   1344 1.203177656296200e-01 2.4e+00 8.80e-02  6e-02  1e-01 4:25.5
  118   1416 1.019700621554902e-01 2.4e+00 7.81e-02  5e-02  8e-02 4:49.8
[stop]
