(5_w,10)-aCMA-ES (mu_w=3.2,w_1=45%) in dimension 10 (seed=8, Tue Jun 24 08:28:28 2025)
Iterat #Fevals   function value  axis ratio  sigma  min&max std  t[m:s]
    1     10 7.389193197338464e+02 1.0e+00 2.67e-01  3e-01  3e-01 0:00.1
    2     20 6.445949493661167e+02 1.2e+00 2.86e-01  3e-01  3e-01 0:00.1
    3     30 5.460000000000000e+02 1.2e+00 3.35e-01  3e-01  4e-01 0:00.2
   16    160 7.577225297788130e-01 1.7e+00 2.81e-01  2e-01  3e-01 0:04.4
   20    200 7.577225297788130e-01 1.7e+00 2.28e-01  2e-01  2e-01 0:11.7
   22    220 7.577225297788130e-01 1.8e+00 2.27e-01  2e-01  2e-01 0:20.2
   24    240 7.577225297788130e-01 1.8e+00 2.30e-01  2e-01  2e-01 0:27.3
   27    270 7.577225297788130e-01 1.8e+00 1.89e-01  2e-01  2e-01 0:38.6
   28    280 7.577225297788130e-01 1.8e+00 1.69e-01  1e-01  2e-01 0:43.2
termination on tolflatfitness=1 (Tue Jun 24 08:29:12 2025)
final/bestever f-value = 7.577225e-01 7.577225e-01
incumbent solution: [0.19025712 0.97777338 0.20267316 0.90107734 0.04831083 0.95436681
 0.07187662 0.89502138 ...]
std deviations: [0.1571845  0.14152063 0.16289331 0.13917512 0.14449236 0.15016115
 0.1460885  0.14861419 ...]
(10_w,21)-aCMA-ES (mu_w=6.2,w_1=27%) in dimension 10 (seed=9, Tue Jun 24 08:29:12 2025)
Iterat #Fevals   function value  axis ratio  sigma  min&max std  t[m:s]
    1    302 6.648000000000000e+02 1.0e+00 2.56e-01  2e-01  3e-01 0:00.1
    2    323 6.220000000000000e+02 1.4e+00 2.73e-01  2e-01  3e-01 0:00.2
    3    344 5.989949493661167e+02 1.6e+00 3.26e-01  3e-01  4e-01 0:00.3
   19    680 5.384000000000000e+02 2.1e+00 2.40e-01  2e-01  3e-01 0:02.5
termination on tolflatfitness=1 after 1 restart (Tue Jun 24 08:29:15 2025)
final/bestever f-value = 5.384000e+02 7.577225e-01
incumbent solution: [0.9961856  0.07009908 0.07720094 0.88579107 0.03778705 0.93726765
 0.03439079 0.88511889 ...]
std deviations: [0.24871047 0.25128488 0.21284883 0.16746569 0.17798218 0.21815904
 0.19806898 0.20483899 ...]
(5_w,11)-aCMA-ES (mu_w=3.4,w_1=42%) in dimension 10 (seed=10, Tue Jun 24 08:29:15 2025)
Iterat #Fevals   function value  axis ratio  sigma  min&max std  t[m:s]
    1    692 1.079827560572969e+03 1.0e+00 9.73e-02  9e-02  1e-01 0:00.1
    2    703 1.079827560572969e+03 1.2e+00 9.87e-02  9e-02  1e-01 0:00.1
    3    714 1.037401153701776e+03 1.3e+00 1.12e-01  1e-01  1e-01 0:00.2
   19    890 6.448660171779820e+02 2.6e+00 1.73e-01  2e-01  2e-01 0:01.1
termination on maxiter=18.181818181818183 after 2 restarts (Tue Jun 24 08:29:16 2025)
final/bestever f-value = 7.545584e+02 7.577225e-01
incumbent solution: [0.7537278  0.05869332 0.32271385 0.60051193 0.93363359 0.98969274
 0.07791401 0.003781   ...]
std deviations: [0.17227173 0.15830502 0.16877394 0.17221944 0.16254902 0.20855728
 0.18727864 0.17381431 ...]
(21_w,43)-aCMA-ES (mu_w=12.1,w_1=15%) in dimension 10 (seed=11, Tue Jun 24 08:29:16 2025)
Iterat #Fevals   function value  axis ratio  sigma  min&max std  t[m:s]
    1    934 7.331999999999999e+02 1.0e+00 2.53e-01  2e-01  3e-01 0:00.2
    2    977 6.233949493661166e+02 1.3e+00 2.68e-01  2e-01  3e-01 0:00.5
    3   1020 6.080000000000000e+02 1.5e+00 2.54e-01  2e-01  3e-01 0:00.7
   17   1622 5.380000000000000e+02 3.9e+00 3.89e-01  2e-01  5e-01 0:03.7
   24   1923 5.380000000000000e+02 2.8e+00 2.53e-01  1e-01  2e-01 0:05.0
termination on tolflatfitness=1 after 3 restarts (Tue Jun 24 08:29:21 2025)
final/bestever f-value = 5.380000e+02 7.577225e-01
incumbent solution: [0.97898657 0.08481585 0.98437252 0.25035461 0.99179715 0.07621852
 0.07239256 0.83654632 ...]
std deviations: [0.2088405  0.21473534 0.22658643 0.17257651 0.22009423 0.22075578
 0.16017371 0.14843759 ...]
(7_w,15)-aCMA-ES (mu_w=4.5,w_1=34%) in dimension 10 (seed=12, Tue Jun 24 08:29:21 2025)
Iterat #Fevals   function value  axis ratio  sigma  min&max std  t[m:s]
    1   1939 7.777193197338463e+02 1.0e+00 5.81e-03  6e-03  6e-03 0:00.1
termination on tolfun=1e-06 after 4 restarts (Tue Jun 24 08:29:21 2025)
final/bestever f-value = 7.777193e+02 7.577225e-01
incumbent solution: [0.61066396 0.71022296 0.35819165 0.43352985 0.71621189 0.5161076
 0.22955758 0.81881878 ...]
std deviations: [0.00558225 0.00566798 0.00565713 0.00591728 0.00588175 0.00605518
 0.00571091 0.00574543 ...]
(6_w,12)-aCMA-ES (mu_w=3.7,w_1=40%) in dimension 10 (seed=13, Tue Jun 24 08:29:21 2025)
Iterat #Fevals   function value  axis ratio  sigma  min&max std  t[m:s]
    1   1952 1.054534432728999e+03 1.0e+00 2.34e-02  2e-02  2e-02 0:00.1
termination on tolfun=1e-06 after 5 restarts (Tue Jun 24 08:29:21 2025)
final/bestever f-value = 1.054534e+03 7.577225e-01
incumbent solution: [0.2396201  0.78030528 0.66782185 0.20320229 0.36006326 0.31806413
 0.16717089 0.58206342 ...]
std deviations: [0.02303044 0.02254132 0.02293851 0.02312681 0.02369764 0.02338313
 0.02303113 0.02397954 ...]
(8_w,16)-aCMA-ES (mu_w=4.8,w_1=32%) in dimension 10 (seed=14, Tue Jun 24 08:29:21 2025)
Iterat #Fevals   function value  axis ratio  sigma  min&max std  t[m:s]
    1   1969 1.124821354677597e+03 1.0e+00 3.46e-03  3e-03  4e-03 0:00.1
termination on tolfun=1e-06 after 6 restarts (Tue Jun 24 08:29:21 2025)
final/bestever f-value = 1.124821e+03 7.577225e-01
incumbent solution: [0.21365157 0.74772513 0.75888778 0.44989806 0.45984485 0.54221583
 0.25488156 0.24624847 ...]
std deviations: [0.00352394 0.00341814 0.00348256 0.00342401 0.0034484  0.00340185
 0.00327642 0.00348455 ...]
(5_w,11)-aCMA-ES (mu_w=3.4,w_1=42%) in dimension 10 (seed=15, Tue Jun 24 08:29:21 2025)
Iterat #Fevals   function value  axis ratio  sigma  min&max std  t[m:s]
    1   1981 7.275370849898475e+02 1.0e+00 1.17e-01  1e-01  1e-01 0:00.0
    2   1992 6.328533025558642e+02 1.2e+00 1.11e-01  1e-01  1e-01 0:00.1
    3   2003 6.328533025558642e+02 1.2e+00 1.08e-01  1e-01  1e-01 0:00.2
    6   2036 6.328533025558642e+02 1.4e+00 1.02e-01  9e-02  1e-01 0:00.3
termination on tolflatfitness=1 after 7 restarts (Tue Jun 24 08:29:22 2025)
final/bestever f-value = 6.328533e+02 7.577225e-01
incumbent solution: [0.18559486 0.88233005 0.01516288 0.70967093 0.67591793 0.17041575
 0.18901964 0.99966816 ...]
std deviations: [0.09799181 0.09974597 0.09348966 0.09150341 0.08612278 0.1006263
 0.10103558 0.10793282 ...]
(9_w,19)-aCMA-ES (mu_w=5.6,w_1=29%) in dimension 10 (seed=16, Tue Jun 24 08:29:22 2025)
Iterat #Fevals   function value  axis ratio  sigma  min&max std  t[m:s]
    1   2056 7.148660171779821e+02 1.0e+00 5.93e-02  6e-02  6e-02 0:00.1
    2   2075 7.148660171779821e+02 1.3e+00 6.00e-02  6e-02  6e-02 0:00.2
    3   2094 7.148660171779821e+02 1.4e+00 6.02e-02  6e-02  7e-02 0:00.3
   19   2398 7.577225297788130e-01 2.7e+00 3.26e-01  2e-01  5e-01 0:04.2
   21   2436 7.577225297788130e-01 2.9e+00 3.19e-01  2e-01  5e-01 0:08.4
   24   2493 7.577225297788130e-01 3.0e+00 3.37e-01  2e-01  5e-01 0:16.6
   26   2531 7.577225297788130e-01 3.1e+00 2.92e-01  2e-01  4e-01 0:28.0
   28   2569 7.577225297788130e-01 3.1e+00 2.33e-01  2e-01  3e-01 0:41.9
   29   2588 7.577225297788130e-01 3.1e+00 2.20e-01  2e-01  3e-01 0:50.4
   30   2607 7.577225297788130e-01 3.0e+00 2.26e-01  2e-01  3e-01 0:58.9
termination on tolflatfitness=1 after 8 restarts (Tue Jun 24 08:30:21 2025)
final/bestever f-value = 7.577225e-01 7.577225e-01
incumbent solution: [4.61599393e-03 9.51184732e-01 1.49419048e-01 9.10995863e-01
 7.57732256e-04 8.48368102e-01 3.39310968e-02 8.78119083e-01 ...]
std deviations: [0.20605322 0.2898922  0.20648116 0.22196092 0.19779949 0.19834676
 0.22077035 0.19934749 ...]
(6_w,13)-aCMA-ES (mu_w=4.0,w_1=38%) in dimension 10 (seed=17, Tue Jun 24 08:30:21 2025)
Iterat #Fevals   function value  axis ratio  sigma  min&max std  t[m:s]
    1   2621 6.772004514666935e+02 1.0e+00 5.85e-02  6e-02  6e-02 0:00.1
    2   2634 6.772004514666935e+02 1.2e+00 5.68e-02  5e-02  6e-02 0:00.1
termination on tolfun=1e-06 after 9 restarts (Tue Jun 24 08:30:21 2025)
termination on tolflatfitness=1 after 9 restarts (Tue Jun 24 08:30:21 2025)
final/bestever f-value = 6.772005e+02 7.577225e-01
incumbent solution: [0.08442072 0.9364943  0.3903709  0.21054544 0.68445539 0.39185588
 0.93284159 0.91668841 ...]
std deviations: [0.05696413 0.06317427 0.05346266 0.05614387 0.05512537 0.05602483
 0.05462722 0.05517901 ...]
(5_w,10)-aCMA-ES (mu_w=3.2,w_1=45%) in dimension 10 (seed=18, Tue Jun 24 08:30:21 2025)
Iterat #Fevals   function value  axis ratio  sigma  min&max std  t[m:s]
    1   2645 9.675379879232346e+02 1.0e+00 7.58e-02  7e-02  8e-02 0:00.0
    2   2655 9.675379879232346e+02 1.3e+00 8.32e-02  8e-02  9e-02 0:00.1
    3   2665 9.675379879232346e+02 1.5e+00 8.21e-02  8e-02  9e-02 0:00.2
   32   2955 7.577225297788130e-01 2.6e+00 3.36e-01  2e-01  4e-01 0:03.5
   36   2995 7.577225297788130e-01 2.5e+00 2.82e-01  2e-01  3e-01 0:07.6
   38   3015 7.577225297788130e-01 2.4e+00 2.72e-01  2e-01  3e-01 0:13.5
[stop]
