(7_w,15)-aCMA-ES (mu_w=4.5,w_1=34%) in dimension 50 (seed=16, Fri May 23 16:55:38 2025)
Iterat #Fevals   function value  axis ratio  sigma  min&max std  t[m:s]
    1     15 8.023609217388369e+02 1.0e+00 2.36e-01  2e-01  2e-01 0:05.7
    2     30 7.891256660796410e+02 1.0e+00 2.24e-01  2e-01  2e-01 0:12.4
    3     45 6.425661889132098e+02 1.0e+00 2.17e-01  2e-01  2e-01 0:17.8
    4     60 5.848528137423857e+02 1.1e+00 2.15e-01  2e-01  2e-01 0:22.3
    6     90 5.282842712474619e+02 1.1e+00 2.17e-01  2e-01  2e-01 0:30.4
    8    120 5.459619407771256e+02 1.1e+00 2.20e-01  2e-01  2e-01 0:38.1
   10    150 5.141421356237310e+02 1.1e+00 2.24e-01  2e-01  2e-01 0:46.4
   12    180 5.282842712474619e+02 1.2e+00 2.25e-01  2e-01  2e-01 0:54.7
   14    210 5.141421356237310e+02 1.2e+00 2.23e-01  2e-01  2e-01 1:03.8
   16    240 6.281905232257188e-01 1.2e+00 2.20e-01  2e-01  2e-01 1:13.4
   19    285 1.073365580819055e+01 1.3e+00 2.14e-01  2e-01  2e-01 1:26.6
   22    330 5.852185575684260e-01 1.3e+00 2.08e-01  2e-01  2e-01 1:39.3
   25    375 4.449178806821951e-01 1.3e+00 2.03e-01  2e-01  2e-01 1:54.3
   29    435 5.141421356237310e+02 1.3e+00 1.91e-01  2e-01  2e-01 2:10.6
   33    495 1.070422446881889e+00 1.3e+00 1.73e-01  2e-01  2e-01 2:28.3
   37    555 5.212132034355965e+02 1.4e+00 1.71e-01  2e-01  2e-01 2:45.3
   41    615 5.070710678118655e+02 1.4e+00 1.74e-01  2e-01  2e-01 3:04.4
   45    675 1.152405962618621e+00 1.4e+00 1.74e-01  2e-01  2e-01 3:23.0
   50    750 5.200000000000000e+02 1.4e+00 1.74e-01  2e-01  2e-01 3:44.6
   55    825 8.489569003941728e-01 1.4e+00 1.67e-01  2e-01  2e-01 4:06.6
   60    900 6.802942512917308e-01 1.4e+00 1.63e-01  2e-01  2e-01 4:30.8
   65    975 6.188799527174137e-01 1.5e+00 1.61e-01  2e-01  2e-01 4:53.4
   70   1050 1.926258873887582e+00 1.5e+00 1.57e-01  1e-01  2e-01 5:17.5
   76   1140 1.292694292255041e+00 1.5e+00 1.61e-01  2e-01  2e-01 5:44.0
   81   1215 4.910509944358423e+01 1.5e+00 1.60e-01  2e-01  2e-01 6:08.7
   86   1290 7.685658556144030e+00 1.5e+00 1.53e-01  1e-01  2e-01 6:35.3
   93   1395 5.070710678118655e+02 1.5e+00 1.50e-01  1e-01  2e-01 7:05.1
   99   1485 4.869647431645759e-01 1.5e+00 1.45e-01  1e-01  2e-01 7:35.7
  100   1500 2.313578565267177e+01 1.5e+00 1.44e-01  1e-01  2e-01 7:40.0
  107   1605 5.494814104529671e-01 1.5e+00 1.33e-01  1e-01  1e-01 8:12.8
  114   1710 5.070710678118655e+02 1.6e+00 1.29e-01  1e-01  1e-01 8:46.2
  120   1800 2.929310380971525e-01 1.6e+00 1.33e-01  1e-01  1e-01 9:19.3
  127   1905 2.640584890580653e-01 1.6e+00 1.26e-01  1e-01  1e-01 9:55.3
  133   1995 2.244739802929270e-01 1.7e+00 1.19e-01  1e-01  1e-01 10:31.0
  139   2085 3.440883173533925e-01 1.7e+00 1.13e-01  1e-01  1e-01 11:06.4
  146   2190 4.001364291530000e-01 1.7e+00 1.03e-01  1e-01  1e-01 11:44.8
  155   2325 3.022518486836543e-01 1.7e+00 9.38e-02  9e-02  1e-01 12:25.2
  164   2460 3.166931650379302e-01 1.7e+00 9.50e-02  9e-02  1e-01 13:03.0
  172   2580 2.182249766675514e-01 1.7e+00 9.90e-02  9e-02  1e-01 13:44.4
  180   2700 3.510555411871106e-01 1.7e+00 9.84e-02  9e-02  1e-01 14:27.8
  188   2820 2.938050937153585e-01 1.8e+00 9.79e-02  9e-02  1e-01 15:09.6
  200   3000 5.100139379873053e-01 1.8e+00 8.91e-02  8e-02  1e-01 15:50.5
  210   3150 3.148404032658257e-01 1.8e+00 8.99e-02  8e-02  1e-01 16:36.0
  219   3285 2.086290953804527e-01 1.8e+00 9.30e-02  8e-02  1e-01 17:22.0
  226   3390 2.084937208227198e-01 1.9e+00 9.04e-02  8e-02  1e-01 18:10.1
  233   3495 1.715058243826610e-01 1.9e+00 8.87e-02  8e-02  1e-01 18:56.5
  241   3615 1.517231973168047e-01 1.9e+00 8.61e-02  8e-02  1e-01 19:48.2
  248   3720 1.465032826232100e-01 1.9e+00 7.84e-02  7e-02  9e-02 20:40.1
  255   3825 1.254381716974456e-01 1.9e+00 7.48e-02  6e-02  8e-02 21:33.4
  261   3915 1.270961078496004e-01 2.0e+00 7.07e-02  6e-02  8e-02 22:26.8
  268   4020 1.332702345298138e-01 2.0e+00 6.69e-02  6e-02  8e-02 23:26.5
  275   4125 1.507791802703307e-01 2.0e+00 6.11e-02  5e-02  7e-02 24:20.2
  281   4215 1.334462147902875e-01 2.0e+00 5.93e-02  5e-02  7e-02 25:14.1
  287   4305 1.408341648384739e-01 2.0e+00 5.83e-02  5e-02  6e-02 26:13.7
  293   4395 1.370874218141979e-01 2.0e+00 5.49e-02  5e-02  6e-02 27:11.3
  299   4485 1.211821852662949e-01 2.0e+00 5.23e-02  4e-02  6e-02 28:08.6
  300   4500 1.221035641404174e-01 2.0e+00 5.24e-02  4e-02  6e-02 28:19.7
  307   4605 1.301351220905664e-01 2.0e+00 5.13e-02  4e-02  6e-02 29:23.3
  313   4695 1.218632134656479e-01 2.0e+00 4.70e-02  4e-02  5e-02 30:23.9
  319   4785 1.195336396812265e-01 2.0e+00 4.34e-02  3e-02  5e-02 31:28.7
  325   4875 1.187391135525939e-01 2.0e+00 4.22e-02  3e-02  5e-02 32:38.8
  331   4965 1.137611318799077e-01 2.0e+00 4.07e-02  3e-02  4e-02 33:44.3
  337   5055 1.154578899704723e-01 2.0e+00 3.74e-02  3e-02  4e-02 34:47.4
  343   5145 1.120483186624228e-01 2.0e+00 3.63e-02  3e-02  4e-02 35:51.3
  350   5250 1.055584435089469e-01 2.0e+00 3.44e-02  3e-02  4e-02 37:06.8
  357   5355 1.070914795841355e-01 2.0e+00 3.02e-02  2e-02  3e-02 38:17.6
  363   5445 1.111530446099379e-01 2.0e+00 2.69e-02  2e-02  3e-02 39:26.2
  370   5550 1.060381755668669e-01 2.0e+00 2.35e-02  2e-02  3e-02 40:42.3
  377   5655 1.008168208736930e-01 2.1e+00 2.10e-02  2e-02  2e-02 41:59.5
  384   5760 9.878436974974332e-02 2.0e+00 1.99e-02  2e-02  2e-02 43:19.6
  391   5865 9.946350754122105e-02 2.0e+00 1.92e-02  1e-02  2e-02 44:40.3
  398   5970 9.634836436770783e-02 2.1e+00 1.88e-02  1e-02  2e-02 45:58.7
  400   6000 9.607940264222398e-02 2.1e+00 1.88e-02  1e-02  2e-02 46:20.5
  407   6105 9.314721612055279e-02 2.1e+00 1.80e-02  1e-02  2e-02 47:42.5
  414   6210 9.295328074267858e-02 2.1e+00 1.75e-02  1e-02  2e-02 49:01.1
  421   6315 9.122736769850975e-02 2.2e+00 1.58e-02  1e-02  2e-02 50:21.1
  428   6420 9.173164872973399e-02 2.2e+00 1.53e-02  1e-02  2e-02 51:43.0
  435   6525 9.173652872686970e-02 2.2e+00 1.44e-02  1e-02  2e-02 53:06.2
  442   6630 9.136123788588586e-02 2.3e+00 1.40e-02  1e-02  1e-02 54:28.8
  450   6750 9.103472645564517e-02 2.3e+00 1.32e-02  1e-02  1e-02 55:52.1
  462   6930 8.890900771403190e-02 2.4e+00 1.24e-02  9e-03  1e-02 57:20.4
  470   7050 9.040697817873056e-02 2.4e+00 1.17e-02  9e-03  1e-02 58:48.3
  477   7155 8.986344519699141e-02 2.4e+00 1.14e-02  8e-03  1e-02 60:12.0
  485   7275 8.897931680166354e-02 2.4e+00 1.04e-02  7e-03  1e-02 61:45.5
  492   7380 8.771332021503891e-02 2.4e+00 8.88e-03  6e-03  1e-02 63:11.0
  500   7500 8.873797200929179e-02 2.5e+00 8.36e-03  6e-03  9e-03 64:34.3
  508   7620 8.788970377056926e-02 2.5e+00 7.81e-03  6e-03  8e-03 66:01.8
  517   7755 8.771355836613828e-02 2.5e+00 7.58e-03  5e-03  8e-03 67:33.5
  526   7890 8.807696648303855e-02 2.5e+00 8.17e-03  6e-03  9e-03 69:04.5
  535   8025 8.451054941322807e-02 2.5e+00 7.66e-03  5e-03  8e-03 70:38.2
  547   8205 8.572664828302187e-02 2.6e+00 7.25e-03  5e-03  8e-03 72:14.4
  561   8415 8.605609775498661e-02 2.7e+00 7.24e-03  5e-03  8e-03 73:48.3
  573   8595 8.501329740875677e-02 2.7e+00 6.80e-03  5e-03  7e-03 75:21.2
  584   8760 8.488672183949555e-02 2.7e+00 6.27e-03  4e-03  7e-03 76:58.8
[stop]
