(6_w,12)-aCMA-ES (mu_w=3.7,w_1=40%) in dimension 20 (seed=7, Tue Jun 24 11:27:51 2025)
Iterat #Fevals   function value  axis ratio  sigma  min&max std  t[m:s]
    1     12 6.574040315955946e+02 1.0e+00 2.32e-01  2e-01  2e-01 0:01.1
    2     24 6.782694157495065e+02 1.1e+00 2.23e-01  2e-01  2e-01 0:02.1
    3     36 6.018454681856108e+02 1.1e+00 2.07e-01  2e-01  2e-01 0:02.8
    7     84 5.447213595499958e+02 1.2e+00 1.87e-01  2e-01  2e-01 0:06.0
   12    144 5.158113883008419e+02 1.4e+00 1.95e-01  2e-01  2e-01 0:10.2
   19    228 5.200000000000000e+02 1.4e+00 2.02e-01  2e-01  2e-01 0:15.5
   23    276 4.311358604344100e-01 1.5e+00 1.92e-01  2e-01  2e-01 0:21.8
   30    360 4.917181814890268e-01 1.6e+00 1.53e-01  1e-01  2e-01 0:30.1
   36    432 5.002815861713510e-01 1.6e+00 1.32e-01  1e-01  1e-01 0:39.8
   39    468 1.362636819325762e-01 1.7e+00 1.22e-01  1e-01  1e-01 0:51.0
   45    540 1.566165165467240e+00 1.8e+00 1.20e-01  1e-01  1e-01 1:01.6
   49    588 7.464415268939256e-01 1.8e+00 1.11e-01  1e-01  1e-01 1:13.1
   53    636 1.740000946154475e-01 1.9e+00 1.12e-01  9e-02  1e-01 1:26.5
   56    672 1.702022721020917e-01 1.9e+00 1.04e-01  9e-02  1e-01 1:40.4
   59    708 1.655642661425615e-01 1.9e+00 9.02e-02  7e-02  1e-01 1:55.9
   63    756 1.495030943685263e-01 2.0e+00 7.81e-02  6e-02  9e-02 2:15.7
   66    792 1.411242919704429e-01 2.0e+00 7.07e-02  5e-02  8e-02 2:37.1
   69    828 1.281018632982455e-01 2.1e+00 6.70e-02  5e-02  8e-02 2:57.3
   73    876 1.256383433198725e-01 2.3e+00 6.26e-02  4e-02  7e-02 3:20.2
   77    924 1.036266794006745e-01 2.5e+00 7.14e-02  5e-02  8e-02 3:41.5
   81    972 9.432443511858087e-02 2.6e+00 8.26e-02  6e-02  1e-01 4:03.9
   85   1020 1.009787455574393e-01 2.6e+00 8.23e-02  6e-02  9e-02 4:28.5
[stop]
