0 [0/200] 1202.9966906679165
1 [0/200] 771.9833144014597
6 [0/200] 712.5949493661167
11 [0/200] 641.4213562373095
13 [0/200] 636.750288425444
15 [0/200] 606.0660171779822
18 [0/200] 598.9949493661167
30 [0/200] 566.3631367767814
32 [0/200] 563.6396103067892
37 [0/200] 556.5685424949238
38 [0/200] 535.3553390593274
39 [1/200] 0.32634858782565085
68 [20/200] 0.3035513748746892
71 [23/200] 0.2766790145110944
94 [45/200] 0.27566237070396504
98 [48/200] 0.2662291743854017
100 [50/200] 0.2662291743854017
114 [63/200] 0.2615680684459375
121 [69/200] 0.2612495290917319
200 [131/200] 0.2612495290917319
230 [151/200] 0.26031618838391185
234 [153/200] 0.25604658795970825
245 [164/200] 0.25234865738431533
265 [182/200] 0.24986706074709247
279 [195/200] 0.24871848544813085
284 [199/200] 0.24604000391233216
[stop]
