(7_w,15)-aCMA-ES (mu_w=4.5,w_1=34%) in dimension 50 (seed=14, Tue Jun 17 07:36:30 2025)
Iterat #Fevals   function value  axis ratio  sigma  min&max std  t[m:s]
    1     15 6.453827082810628e+02 1.0e+00 2.38e-01  2e-01  2e-01 0:00.2
    2     30 5.208000000000001e+02 1.0e+00 2.29e-01  2e-01  2e-01 0:00.3
    3     45 5.320000000000000e+02 1.0e+00 2.22e-01  2e-01  2e-01 0:00.5
   12    180 5.315876751987190e-01 1.1e+00 2.05e-01  2e-01  2e-01 0:04.3
   20    300 3.145002990171101e-01 1.2e+00 1.86e-01  2e-01  2e-01 0:09.4
   23    345 2.973374956503740e-01 1.2e+00 1.74e-01  2e-01  2e-01 0:17.7
   24    360 3.046079969267462e-01 1.2e+00 1.71e-01  2e-01  2e-01 0:23.9
   26    390 2.639114040642341e-01 1.3e+00 1.66e-01  2e-01  2e-01 0:36.1
   28    420 3.034624523391275e-01 1.3e+00 1.67e-01  2e-01  2e-01 0:47.1
   31    465 2.991195520504133e-01 1.3e+00 1.65e-01  2e-01  2e-01 0:57.0
   35    525 3.266972983161863e-01 1.3e+00 1.54e-01  1e-01  2e-01 1:09.8
   37    555 2.630817091610895e-01 1.3e+00 1.50e-01  1e-01  2e-01 1:24.6
   41    615 2.615379642513211e-01 1.3e+00 1.47e-01  1e-01  2e-01 1:40.2
   44    660 2.576466812842400e-01 1.3e+00 1.48e-01  1e-01  2e-01 2:00.3
   48    720 2.561034127126313e-01 1.3e+00 1.48e-01  1e-01  2e-01 2:18.6
   52    780 2.226641743533874e-01 1.3e+00 1.46e-01  1e-01  1e-01 2:41.5
   55    825 2.315381065151750e-01 1.3e+00 1.50e-01  1e-01  2e-01 2:58.9
   59    885 2.073939742344652e-01 1.4e+00 1.60e-01  2e-01  2e-01 3:23.1
   63    945 2.110250387783964e-01 1.4e+00 1.61e-01  2e-01  2e-01 3:45.8
   67   1005 1.935383386398679e-01 1.5e+00 1.58e-01  2e-01  2e-01 4:10.0
   70   1050 1.935383386398679e-01 1.5e+00 1.56e-01  1e-01  2e-01 4:31.9
   73   1095 1.935383386398679e-01 1.5e+00 1.53e-01  1e-01  2e-01 4:53.8
   77   1155 2.017666419399111e-01 1.5e+00 1.51e-01  1e-01  2e-01 5:16.2
   81   1215 1.938371093304352e-01 1.5e+00 1.47e-01  1e-01  2e-01 5:44.2
   85   1275 1.935383386398679e-01 1.5e+00 1.48e-01  1e-01  2e-01 6:10.5
   89   1335 1.715267566899154e-01 1.5e+00 1.39e-01  1e-01  1e-01 6:40.3
   95   1425 1.715267566899154e-01 1.6e+00 1.37e-01  1e-01  1e-01 7:08.1
   99   1485 1.715267566899154e-01 1.6e+00 1.31e-01  1e-01  1e-01 7:37.6
  100   1500 1.715267566899154e-01 1.6e+00 1.29e-01  1e-01  1e-01 7:41.7
  104   1560 1.650131109839260e-01 1.6e+00 1.22e-01  1e-01  1e-01 8:13.9
  109   1635 1.650131109839260e-01 1.6e+00 1.20e-01  1e-01  1e-01 8:46.5
  114   1710 1.650131109839260e-01 1.6e+00 1.16e-01  1e-01  1e-01 9:24.8
  119   1785 1.650131109839260e-01 1.6e+00 1.19e-01  1e-01  1e-01 10:02.4
  124   1860 1.650131109839260e-01 1.6e+00 1.21e-01  1e-01  1e-01 10:40.5
  129   1935 1.650131109839260e-01 1.6e+00 1.23e-01  1e-01  1e-01 11:15.8
[stop]
