0 [0/400] 979.472019766112
3 [0/400] 771.5947724593907
4 [0/400] 510.4
30 [0/400] 502.4
36 [1/400] 0.36272285082285743
46 [3/400] 0.3341630941531939
47 [4/400] 0.32387554978281496
48 [5/400] 0.14189515660947383
70 [23/400] 0.13784327840074664
100 [45/400] 0.13784327840074664
102 [46/400] 0.13782781044431924
103 [47/400] 0.13682388393507922
116 [56/400] 0.1313200233088515
118 [58/400] 0.13025950971853872
134 [71/400] 0.12968712512976055
141 [77/400] 0.1242108236845657
182 [111/400] 0.1237819994223982
200 [121/400] 0.1237819994223982
229 [146/400] 0.12337835934445465
237 [153/400] 0.12298904617194349
242 [157/400] 0.12081009046020469
258 [171/400] 0.11814140938234766
286 [196/400] 0.11681651194694609
287 [197/400] 0.1160971994139213
297 [207/400] 0.11482668607475063
299 [209/400] 0.11399519241842188
300 [210/400] 0.11399519241842188
305 [215/400] 0.1135860111105975
321 [229/400] 0.11314846360695617
332 [238/400] 0.11013284047548419
392 [283/400] 0.1092668785635731
397 [287/400] 0.10922190528268166
400 [290/400] 0.10922190528268166
500 [363/400] 0.10922190528268166
550 [381/400] 0.10662869013188803
568 [394/400] 0.10660154330042376
[stop]
