(7_w,15)-aCMA-ES (mu_w=4.5,w_1=34%) in dimension 50 (seed=1, Tue Jun 17 07:36:30 2025)
Iterat #Fevals   function value  axis ratio  sigma  min&max std  t[m:s]
    1     15 6.295741732923815e+02 1.0e+00 2.36e-01  2e-01  2e-01 0:00.1
    2     30 5.851213595499958e+02 1.0e+00 2.28e-01  2e-01  2e-01 0:00.3
    3     45 6.182008922626949e+02 1.0e+00 2.23e-01  2e-01  2e-01 0:00.4
   15    225 1.215634818397798e+00 1.2e+00 2.14e-01  2e-01  2e-01 0:04.8
   17    255 5.639258749700002e-01 1.2e+00 2.18e-01  2e-01  2e-01 0:09.0
   20    300 1.289246082473084e+00 1.3e+00 2.33e-01  2e-01  2e-01 0:14.9
   23    345 6.452409014888942e-01 1.3e+00 2.34e-01  2e-01  2e-01 0:21.5
   26    390 6.469531071618506e-01 1.4e+00 2.32e-01  2e-01  2e-01 0:30.0
   30    450 5.714922390051893e-01 1.4e+00 2.24e-01  2e-01  2e-01 0:41.4
   33    495 6.214990406178211e-01 1.4e+00 2.16e-01  2e-01  2e-01 0:51.5
   36    540 3.163207938621150e-01 1.4e+00 2.04e-01  2e-01  2e-01 1:06.2
   39    585 5.714977322944603e-01 1.5e+00 1.95e-01  2e-01  2e-01 1:21.8
   42    630 3.339628400716632e-01 1.5e+00 1.87e-01  2e-01  2e-01 1:36.5
   45    675 3.264762840250139e-01 1.5e+00 1.88e-01  2e-01  2e-01 1:54.9
   48    720 3.409717033363058e-01 1.5e+00 1.86e-01  2e-01  2e-01 2:09.7
   53    795 2.943224481951984e-01 1.5e+00 1.83e-01  2e-01  2e-01 2:28.7
   57    855 2.194450439019706e-01 1.5e+00 1.82e-01  2e-01  2e-01 2:45.5
   60    900 1.903483550075673e-01 1.5e+00 1.74e-01  2e-01  2e-01 3:03.3
   63    945 2.350911939077220e-01 1.5e+00 1.67e-01  2e-01  2e-01 3:26.8
   67   1005 1.752461638377269e-01 1.5e+00 1.60e-01  2e-01  2e-01 3:50.0
   70   1050 1.902489480050519e-01 1.5e+00 1.57e-01  2e-01  2e-01 4:10.5
   74   1110 1.799343801805219e-01 1.5e+00 1.53e-01  1e-01  2e-01 4:37.6
   78   1170 1.848219866441722e-01 1.5e+00 1.49e-01  1e-01  2e-01 5:03.3
   83   1245 1.580167812801478e-01 1.5e+00 1.45e-01  1e-01  2e-01 5:30.7
   89   1335 1.580167812801478e-01 1.6e+00 1.37e-01  1e-01  1e-01 5:58.6
   93   1395 1.580167812801478e-01 1.6e+00 1.31e-01  1e-01  1e-01 6:25.6
   98   1470 1.580167812801478e-01 1.6e+00 1.21e-01  1e-01  1e-01 6:57.9
  100   1500 1.580167812801478e-01 1.6e+00 1.20e-01  1e-01  1e-01 7:14.0
  104   1560 1.580167812801478e-01 1.6e+00 1.17e-01  1e-01  1e-01 7:47.1
  109   1635 1.580167812801478e-01 1.6e+00 1.10e-01  1e-01  1e-01 8:23.2
  115   1725 1.580167812801478e-01 1.6e+00 9.92e-02  9e-02  1e-01 8:56.4
  122   1830 1.580167812801478e-01 1.6e+00 9.37e-02  9e-02  1e-01 9:30.4
  127   1905 1.580167812801478e-01 1.6e+00 8.29e-02  8e-02  9e-02 10:05.1
  131   1965 1.580167812801478e-01 1.6e+00 8.15e-02  8e-02  9e-02 10:40.5
  133   1995 1.580167812801478e-01 1.6e+00 8.03e-02  8e-02  8e-02 11:00.4
termination on tolflatfitness=1 (Tue Jun 17 07:47:31 2025)
final/bestever f-value = 1.580168e-01 1.561640e-01
incumbent solution: [0.58903617 0.74237822 0.31321544 0.15892306 0.1470616  0.74454461
 0.87428701 0.19459591 ...]
std deviations: [0.07651493 0.07873107 0.08182363 0.07630461 0.07614932 0.0805794
 0.08053867 0.07700638 ...]
(15_w,31)-aCMA-ES (mu_w=8.9,w_1=20%) in dimension 50 (seed=2, Tue Jun 17 07:47:31 2025)
Iterat #Fevals   function value  axis ratio  sigma  min&max std  t[m:s]
    1   2027 5.948264068711928e+02 1.0e+00 2.35e-01  2e-01  2e-01 0:00.4
    2   2058 5.424264068711929e+02 1.1e+00 2.30e-01  2e-01  2e-01 0:00.8
    3   2089 5.440264068711929e+02 1.1e+00 2.28e-01  2e-01  2e-01 0:01.1
   13   2399 5.524264068711929e+02 1.2e+00 2.33e-01  2e-01  2e-01 0:04.4
   19   2585 6.977815752963725e-01 1.3e+00 2.22e-01  2e-01  2e-01 0:09.9
   23   2709 7.195869916286611e-01 1.4e+00 2.26e-01  2e-01  2e-01 0:17.1
   25   2771 7.282093092229931e-01 1.4e+00 2.32e-01  2e-01  2e-01 0:23.8
   27   2833 6.005896622420622e-01 1.4e+00 2.32e-01  2e-01  2e-01 0:33.9
   31   2957 1.534213879541580e+00 1.4e+00 2.28e-01  2e-01  2e-01 0:42.9
[stop]
