(6_w,12)-aCMA-ES (mu_w=3.7,w_1=40%) in dimension 20 (seed=4, Tue Jun 24 10:51:16 2025)
Iterat #Fevals   function value  axis ratio  sigma  min&max std  t[m:s]
    1     12 8.606244584051392e+02 1.0e+00 2.32e-01  2e-01  2e-01 0:00.3
    2     24 8.295510134781794e+02 1.1e+00 2.24e-01  2e-01  2e-01 0:00.6
    3     36 7.828427124746190e+02 1.1e+00 2.15e-01  2e-01  2e-01 0:00.9
   10    120 1.186789006991165e-01 1.3e+00 2.09e-01  2e-01  2e-01 0:03.9
   15    180 2.702126792159466e-01 1.4e+00 1.87e-01  2e-01  2e-01 0:08.2
   20    240 2.292651920476847e-01 1.4e+00 1.57e-01  1e-01  2e-01 0:14.1
   28    336 1.272263474875600e-01 1.6e+00 1.58e-01  1e-01  2e-01 0:21.9
   35    420 2.202552344618368e-01 1.7e+00 1.66e-01  1e-01  2e-01 0:29.7
   47    564 5.447213595499958e+02 2.1e+00 2.33e-01  2e-01  3e-01 0:37.9
   63    756 5.353553390593273e+02 2.6e+00 2.60e-01  2e-01  3e-01 0:47.1
   72    864 3.475385328453916e-01 2.6e+00 1.76e-01  1e-01  2e-01 0:58.9
   77    924 1.637629665656687e-01 2.7e+00 1.59e-01  1e-01  2e-01 1:12.8
   81    972 1.036729121685360e-01 2.7e+00 1.40e-01  9e-02  2e-01 1:25.8
   87   1044 1.377726951447903e-01 2.8e+00 1.31e-01  8e-02  2e-01 1:42.8
   92   1104 1.007641221934581e-01 2.9e+00 1.20e-01  7e-02  2e-01 1:59.5
   97   1164 1.173304427716937e-01 2.9e+00 1.30e-01  7e-02  2e-01 2:14.7
  100   1200 1.298185873670213e-01 3.0e+00 1.30e-01  7e-02  2e-01 2:22.2
  105   1260 1.100467971254863e-01 3.0e+00 1.05e-01  6e-02  1e-01 2:39.7
  109   1308 9.653348962468919e-02 3.1e+00 9.47e-02  5e-02  1e-01 3:02.0
  114   1368 1.036399963605494e-01 3.3e+00 7.15e-02  4e-02  9e-02 3:25.6
  118   1416 9.396189562224584e-02 3.2e+00 7.30e-02  4e-02  9e-02 3:50.6
  122   1464 8.714596933772664e-02 3.2e+00 7.19e-02  3e-02  8e-02 4:13.4
[stop]
