(5_w,10)-aCMA-ES (mu_w=3.2,w_1=45%) in dimension 10 (seed=13, Tue Jun 24 08:47:35 2025)
Iterat #Fevals   function value  axis ratio  sigma  min&max std  t[m:s]
    1     10 7.345949493661167e+02 1.0e+00 2.41e-01  2e-01  2e-01 0:00.1
    2     20 6.645949493661167e+02 1.2e+00 2.42e-01  2e-01  2e-01 0:00.1
    3     30 5.989949493661167e+02 1.3e+00 2.53e-01  2e-01  3e-01 0:00.1
   27    270 5.520000000000000e+02 2.1e+00 1.68e-01  1e-01  2e-01 0:01.4
termination on tolflatfitness=1 (Tue Jun 24 08:47:36 2025)
final/bestever f-value = 5.520000e+02 5.520000e+02
incumbent solution: [1.29257560e-01 9.09246666e-01 7.19440970e-02 9.79063144e-01
 9.82139490e-01 3.18302809e-01 6.54346573e-04 9.52084833e-01 ...]
std deviations: [0.16007032 0.18947626 0.15895505 0.15144755 0.14328613 0.14852819
 0.14230877 0.1571054  ...]
(10_w,21)-aCMA-ES (mu_w=6.2,w_1=27%) in dimension 10 (seed=14, Tue Jun 24 08:47:36 2025)
Iterat #Fevals   function value  axis ratio  sigma  min&max std  t[m:s]
    1    292 6.144000000000000e+02 1.0e+00 2.52e-01  2e-01  3e-01 0:00.1
    2    313 5.989949493661167e+02 1.3e+00 2.73e-01  2e-01  3e-01 0:00.2
    3    334 5.989949493661167e+02 1.4e+00 2.83e-01  3e-01  3e-01 0:00.3
   15    586 7.577225297788130e-01 2.9e+00 3.52e-01  3e-01  5e-01 0:05.1
   18    649 7.577225297788130e-01 2.9e+00 3.11e-01  2e-01  4e-01 0:12.7
   20    691 7.577225297788130e-01 2.8e+00 2.88e-01  2e-01  3e-01 0:23.1
   21    712 7.577225297788130e-01 2.8e+00 2.58e-01  2e-01  3e-01 0:30.6
   22    733 7.577225297788130e-01 2.8e+00 2.53e-01  2e-01  3e-01 0:39.0
   23    754 7.577225297788130e-01 2.8e+00 2.17e-01  1e-01  3e-01 0:47.0
   24    775 7.577225297788130e-01 2.8e+00 2.09e-01  1e-01  2e-01 0:56.6
   25    796 7.577225297788130e-01 2.7e+00 1.77e-01  1e-01  2e-01 1:07.4
termination on tolflatfitness=1 after 1 restart (Tue Jun 24 08:48:44 2025)
final/bestever f-value = 7.577225e-01 7.577225e-01
incumbent solution: [0.15653695 0.99864057 0.09913597 0.95903595 0.13275392 0.97928153
 0.0359642  0.96846068 ...]
std deviations: [0.1877584  0.17975759 0.12344677 0.13486314 0.17367048 0.19073842
 0.13698251 0.12781045 ...]
(9_w,19)-aCMA-ES (mu_w=5.6,w_1=29%) in dimension 10 (seed=15, Tue Jun 24 08:48:44 2025)
Iterat #Fevals   function value  axis ratio  sigma  min&max std  t[m:s]
    1    816 7.408000000000000e+02 1.0e+00 8.07e-02  8e-02  9e-02 0:00.1
    2    835 7.008660171779821e+02 1.3e+00 8.95e-02  9e-02  1e-01 0:00.2
    3    854 7.008660171779821e+02 1.4e+00 1.03e-01  1e-01  1e-01 0:00.3
   14   1063 5.520000000000000e+02 2.1e+00 2.61e-01  2e-01  3e-01 0:02.5
termination on maxiter=13.842105263157896 after 2 restarts (Tue Jun 24 08:48:47 2025)
final/bestever f-value = 5.520000e+02 7.577225e-01
incumbent solution: [0.10987727 0.857871   0.16644037 0.91002823 0.92699856 0.18127325
 0.05871234 0.93231386 ...]
std deviations: [0.27570675 0.24853649 0.24127714 0.30316611 0.21536884 0.23784372
 0.325942   0.27129941 ...]
(21_w,43)-aCMA-ES (mu_w=12.1,w_1=15%) in dimension 10 (seed=16, Tue Jun 24 08:48:47 2025)
Iterat #Fevals   function value  axis ratio  sigma  min&max std  t[m:s]
    1   1107 7.275370849898475e+02 1.0e+00 2.65e-01  3e-01  3e-01 0:00.2
    2   1150 5.989949493661167e+02 1.3e+00 3.10e-01  3e-01  4e-01 0:00.4
    3   1193 5.989949493661167e+02 1.6e+00 3.78e-01  4e-01  5e-01 0:00.7
   10   1494 5.384000000000000e+02 1.9e+00 4.90e-01  4e-01  5e-01 0:03.9
   13   1623 7.577225297788130e-01 2.1e+00 4.66e-01  3e-01  5e-01 0:08.3
   15   1709 7.577225297788130e-01 2.3e+00 3.82e-01  3e-01  4e-01 0:14.9
   16   1752 7.577225297788130e-01 2.4e+00 3.34e-01  2e-01  3e-01 0:24.0
   17   1795 7.577225297788130e-01 2.4e+00 3.39e-01  2e-01  3e-01 0:38.8
[stop]
