(6_w,12)-aCMA-ES (mu_w=3.7,w_1=40%) in dimension 20 (seed=3, Tue Jun 24 10:49:56 2025)
Iterat #Fevals   function value  axis ratio  sigma  min&max std  t[m:s]
    1     12 7.545584412271571e+02 1.0e+00 2.36e-01  2e-01  2e-01 0:00.1
    2     24 6.602438584428735e+02 1.1e+00 2.36e-01  2e-01  2e-01 0:00.2
    3     36 6.177817459305203e+02 1.2e+00 2.32e-01  2e-01  2e-01 0:00.3
   11    132 1.279616626963652e+00 1.5e+00 2.50e-01  2e-01  3e-01 0:05.5
   13    156 1.256566287661007e+00 1.6e+00 2.71e-01  3e-01  3e-01 0:10.3
   16    192 4.708002629254092e-01 1.7e+00 2.57e-01  2e-01  3e-01 0:15.7
   19    228 1.256611932054853e+00 1.7e+00 2.13e-01  2e-01  2e-01 0:23.4
   22    264 1.256566287661007e+00 1.7e+00 1.96e-01  2e-01  2e-01 0:33.2
   24    288 1.256566287661007e+00 1.7e+00 2.12e-01  2e-01  2e-01 0:41.8
   27    324 1.256566287661007e+00 1.8e+00 1.95e-01  2e-01  2e-01 0:51.6
   29    348 1.256566287661007e+00 1.8e+00 1.74e-01  2e-01  2e-01 1:02.5
   32    384 1.256566287661007e+00 1.8e+00 1.76e-01  2e-01  2e-01 1:18.4
   35    420 1.256566287661007e+00 1.8e+00 1.65e-01  1e-01  2e-01 1:32.0
   38    456 1.256566287661007e+00 1.9e+00 1.62e-01  1e-01  2e-01 1:46.5
   41    492 1.256566287661007e+00 1.9e+00 1.39e-01  1e-01  1e-01 2:03.8
termination on tolflatfitness=1 (Tue Jun 24 10:52:00 2025)
final/bestever f-value = 1.256566e+00 4.708003e-01
incumbent solution: [0.11616305 0.79602999 0.86273059 0.06196158 0.00224074 0.98834868
 0.00989265 0.00518243 ...]
std deviations: [0.12692141 0.13591879 0.13744165 0.13292339 0.1263838  0.12759078
 0.13717587 0.1371459  ...]
(12_w,25)-aCMA-ES (mu_w=7.3,w_1=23%) in dimension 20 (seed=4, Tue Jun 24 10:52:00 2025)
Iterat #Fevals   function value  axis ratio  sigma  min&max std  t[m:s]
    1    518 5.824621125123532e+02 1.0e+00 2.26e-01  2e-01  2e-01 0:00.2
    2    543 5.777817459305202e+02 1.1e+00 2.11e-01  2e-01  2e-01 0:00.4
    3    568 2.131933396223225e-01 1.2e+00 2.16e-01  2e-01  2e-01 0:01.1
    5    618 1.765407865625711e-01 1.3e+00 2.37e-01  2e-01  2e-01 0:06.8
    7    668 1.765407865625711e-01 1.4e+00 2.40e-01  2e-01  3e-01 0:11.3
    9    718 1.765407865625711e-01 1.5e+00 2.51e-01  2e-01  3e-01 0:17.1
   11    768 1.765407865625711e-01 1.6e+00 2.48e-01  2e-01  3e-01 0:25.8
   13    818 1.733412485214044e-01 1.6e+00 2.52e-01  2e-01  3e-01 0:34.5
   15    868 1.733412485214044e-01 1.7e+00 2.34e-01  2e-01  3e-01 0:48.6
   17    918 1.733412485214044e-01 1.7e+00 2.38e-01  2e-01  3e-01 1:02.2
   19    968 1.733412485214044e-01 1.8e+00 2.38e-01  2e-01  3e-01 1:20.1
   21   1018 1.504110608718611e-01 1.8e+00 2.54e-01  2e-01  3e-01 1:35.0
   23   1068 1.733412485214044e-01 1.9e+00 2.51e-01  2e-01  3e-01 1:47.5
[stop]
