0 [0/1000] 942.9590213907316
1 [0/1000] 753.7703270203137
4 [0/1000] 644.7477664211885
6 [0/1000] 628.0792206135785
34 [0/1000] 621.2528137423858
jitter = 1e-07
jitter = 1e-06
jitter = 9.999999999999999e-06
jitter = 9.999999999999999e-05
jitter = 0.001
jitter = 0.01
jitter = 0.1
jitter = 1.0
jitter = 10.0
jitter is too large, give up fitting GP
jitter = 1e-07
jitter = 1e-06
jitter = 9.999999999999999e-06
jitter = 9.999999999999999e-05
jitter = 0.001
jitter = 0.01
jitter = 0.1
jitter = 1.0
jitter = 10.0
jitter is too large, give up fitting GP
jitter = 1e-07
jitter = 1e-06
jitter = 9.999999999999999e-06
jitter = 9.999999999999999e-05
jitter = 0.001
jitter = 0.01
jitter = 0.1
jitter = 1.0
jitter = 10.0
jitter is too large, give up fitting GP
jitter = 1e-07
jitter = 1e-06
jitter = 9.999999999999999e-06
jitter = 9.999999999999999e-05
jitter = 0.001
jitter = 0.01
jitter = 0.1
jitter = 1.0
jitter = 10.0
jitter is too large, give up fitting GP
jitter = 1e-07
jitter = 1e-06
jitter = 9.999999999999999e-06
jitter = 9.999999999999999e-05
jitter = 0.001
jitter = 0.01
jitter = 0.1
jitter = 1.0
jitter = 10.0
jitter is too large, give up fitting GP
jitter = 1e-07
jitter = 1e-06
jitter = 9.999999999999999e-06
jitter = 9.999999999999999e-05
jitter = 0.001
jitter = 0.01
jitter = 0.1
jitter = 1.0
jitter = 10.0
jitter is too large, give up fitting GP
jitter = 1e-07
jitter = 1e-06
jitter = 9.999999999999999e-06
jitter = 9.999999999999999e-05
jitter = 0.001
jitter = 0.01
jitter = 0.1
jitter = 1.0
jitter = 10.0
jitter is too large, give up fitting GP
jitter = 1e-07
jitter = 1e-06
jitter = 9.999999999999999e-06
jitter = 9.999999999999999e-05
jitter = 0.001
jitter = 0.01
jitter = 0.1
jitter = 1.0
jitter = 10.0
jitter is too large, give up fitting GP
jitter = 1e-07
jitter = 1e-06
jitter = 9.999999999999999e-06
jitter = 9.999999999999999e-05
jitter = 0.001
jitter = 0.01
jitter = 0.1
jitter = 1.0
jitter = 10.0
jitter is too large, give up fitting GP
jitter = 1e-07
jitter = 1e-06
jitter = 9.999999999999999e-06
jitter = 9.999999999999999e-05
jitter = 0.001
jitter = 0.01
jitter = 0.1
jitter = 1.0
jitter = 10.0
jitter is too large, give up fitting GP
jitter = 1e-07
jitter = 1e-06
jitter = 9.999999999999999e-06
jitter = 9.999999999999999e-05
jitter = 0.001
jitter = 0.01
jitter = 0.1
jitter = 1.0
jitter = 10.0
jitter is too large, give up fitting GP
jitter = 1e-07
jitter = 1e-06
jitter = 9.999999999999999e-06
jitter = 9.999999999999999e-05
jitter = 0.001
jitter = 0.01
jitter = 0.1
jitter = 1.0
jitter = 10.0
jitter is too large, give up fitting GP
jitter = 1e-07
jitter = 1e-06
jitter = 9.999999999999999e-06
jitter = 9.999999999999999e-05
jitter = 0.001
jitter = 0.01
jitter = 0.1
jitter = 1.0
jitter = 10.0
jitter is too large, give up fitting GP
jitter = 1e-07
jitter = 1e-06
jitter = 9.999999999999999e-06
jitter = 9.999999999999999e-05
jitter = 0.001
jitter = 0.01
jitter = 0.1
jitter = 1.0
jitter = 10.0
jitter is too large, give up fitting GP
jitter = 1e-07
jitter = 1e-06
jitter = 9.999999999999999e-06
jitter = 9.999999999999999e-05
jitter = 0.001
jitter = 0.01
jitter = 0.1
jitter = 1.0
jitter = 10.0
jitter is too large, give up fitting GP
jitter = 1e-07
jitter = 1e-06
jitter = 9.999999999999999e-06
jitter = 9.999999999999999e-05
jitter = 0.001
jitter = 0.01
jitter = 0.1
jitter = 1.0
jitter = 10.0
jitter is too large, give up fitting GP
jitter = 1e-07
jitter = 1e-06
jitter = 9.999999999999999e-06
jitter = 9.999999999999999e-05
jitter = 0.001
jitter = 0.01
jitter = 0.1
jitter = 1.0
jitter = 10.0
jitter is too large, give up fitting GP
jitter = 1e-07
jitter = 1e-06
jitter = 9.999999999999999e-06
jitter = 9.999999999999999e-05
jitter = 0.001
jitter = 0.01
jitter = 0.1
jitter = 1.0
jitter = 10.0
jitter is too large, give up fitting GP
jitter = 1e-07
jitter = 1e-06
jitter = 9.999999999999999e-06
jitter = 9.999999999999999e-05
jitter = 0.001
jitter = 0.01
jitter = 0.1
jitter = 1.0
jitter = 10.0
jitter is too large, give up fitting GP
jitter = 1e-07
jitter = 1e-06
jitter = 9.999999999999999e-06
jitter = 9.999999999999999e-05
jitter = 0.001
jitter = 0.01
jitter = 0.1
jitter = 1.0
jitter = 10.0
jitter is too large, give up fitting GP
jitter = 1e-07
jitter = 1e-06
jitter = 9.999999999999999e-06
jitter = 9.999999999999999e-05
jitter = 0.001
jitter = 0.01
jitter = 0.1
jitter = 1.0
jitter = 10.0
jitter is too large, give up fitting GP
jitter = 1e-07
jitter = 1e-06
jitter = 9.999999999999999e-06
jitter = 9.999999999999999e-05
jitter = 0.001
jitter = 0.01
jitter = 0.1
jitter = 1.0
jitter = 10.0
jitter is too large, give up fitting GP
jitter = 1e-07
jitter = 1e-06
jitter = 9.999999999999999e-06
jitter = 9.999999999999999e-05
jitter = 0.001
jitter = 0.01
jitter = 0.1
jitter = 1.0
jitter = 10.0
jitter is too large, give up fitting GP
jitter = 1e-07
jitter = 1e-06
jitter = 9.999999999999999e-06
jitter = 9.999999999999999e-05
jitter = 0.001
jitter = 0.01
jitter = 0.1
jitter = 1.0
jitter = 10.0
jitter is too large, give up fitting GP
jitter = 1e-07
jitter = 1e-06
jitter = 9.999999999999999e-06
jitter = 9.999999999999999e-05
jitter = 0.001
jitter = 0.01
jitter = 0.1
jitter = 1.0
jitter = 10.0
jitter is too large, give up fitting GP
jitter = 1e-07
jitter = 1e-06
jitter = 9.999999999999999e-06
jitter = 9.999999999999999e-05
jitter = 0.001
jitter = 0.01
jitter = 0.1
jitter = 1.0
jitter = 10.0
jitter is too large, give up fitting GP
jitter = 1e-07
jitter = 1e-06
jitter = 9.999999999999999e-06
jitter = 9.999999999999999e-05
jitter = 0.001
jitter = 0.01
jitter = 0.1
jitter = 1.0
jitter = 10.0
jitter is too large, give up fitting GP
jitter = 1e-07
jitter = 1e-06
jitter = 9.999999999999999e-06
jitter = 9.999999999999999e-05
jitter = 0.001
jitter = 0.01
jitter = 0.1
jitter = 1.0
jitter = 10.0
jitter is too large, give up fitting GP
jitter = 1e-07
jitter = 1e-06
jitter = 9.999999999999999e-06
jitter = 9.999999999999999e-05
jitter = 0.001
jitter = 0.01
jitter = 0.1
jitter = 1.0
jitter = 10.0
jitter is too large, give up fitting GP
jitter = 1e-07
jitter = 1e-06
jitter = 9.999999999999999e-06
jitter = 9.999999999999999e-05
jitter = 0.001
jitter = 0.01
jitter = 0.1
jitter = 1.0
jitter = 10.0
jitter is too large, give up fitting GP
jitter = 1e-07
jitter = 1e-06
jitter = 9.999999999999999e-06
jitter = 9.999999999999999e-05
jitter = 0.001
jitter = 0.01
jitter = 0.1
jitter = 1.0
jitter = 10.0
jitter is too large, give up fitting GP
jitter = 1e-07
jitter = 1e-06
jitter = 9.999999999999999e-06
jitter = 9.999999999999999e-05
jitter = 0.001
jitter = 0.01
jitter = 0.1
jitter = 1.0
jitter = 10.0
jitter is too large, give up fitting GP
jitter = 1e-07
jitter = 1e-06
jitter = 9.999999999999999e-06
jitter = 9.999999999999999e-05
jitter = 0.001
jitter = 0.01
jitter = 0.1
jitter = 1.0
jitter = 10.0
jitter is too large, give up fitting GP
jitter = 1e-07
jitter = 1e-06
jitter = 9.999999999999999e-06
jitter = 9.999999999999999e-05
jitter = 0.001
jitter = 0.01
jitter = 0.1
jitter = 1.0
jitter = 10.0
jitter is too large, give up fitting GP
jitter = 1e-07
jitter = 1e-06
jitter = 9.999999999999999e-06
jitter = 9.999999999999999e-05
jitter = 0.001
jitter = 0.01
jitter = 0.1
jitter = 1.0
jitter = 10.0
jitter is too large, give up fitting GP
jitter = 1e-07
jitter = 1e-06
jitter = 9.999999999999999e-06
jitter = 9.999999999999999e-05
jitter = 0.001
jitter = 0.01
jitter = 0.1
jitter = 1.0
jitter = 10.0
jitter is too large, give up fitting GP
jitter = 1e-07
jitter = 1e-06
jitter = 9.999999999999999e-06
jitter = 9.999999999999999e-05
jitter = 0.001
jitter = 0.01
jitter = 0.1
jitter = 1.0
jitter = 10.0
jitter is too large, give up fitting GP
jitter = 1e-07
jitter = 1e-06
jitter = 9.999999999999999e-06
jitter = 9.999999999999999e-05
jitter = 0.001
jitter = 0.01
jitter = 0.1
jitter = 1.0
jitter = 10.0
jitter is too large, give up fitting GP
jitter = 1e-07
jitter = 1e-06
jitter = 9.999999999999999e-06
jitter = 9.999999999999999e-05
jitter = 0.001
jitter = 0.01
jitter = 0.1
jitter = 1.0
jitter = 10.0
jitter is too large, give up fitting GP
jitter = 1e-07
jitter = 1e-06
jitter = 9.999999999999999e-06
jitter = 9.999999999999999e-05
jitter = 0.001
jitter = 0.01
jitter = 0.1
jitter = 1.0
jitter = 10.0
jitter is too large, give up fitting GP
jitter = 1e-07
jitter = 1e-06
jitter = 9.999999999999999e-06
jitter = 9.999999999999999e-05
jitter = 0.001
jitter = 0.01
jitter = 0.1
jitter = 1.0
jitter = 10.0
jitter is too large, output random predictions
jitter = 1e-07
jitter = 1e-06
jitter = 9.999999999999999e-06
jitter = 9.999999999999999e-05
jitter = 0.001
jitter = 0.01
jitter = 0.1
jitter = 1.0
jitter = 10.0
jitter is too large, output random predictions
jitter = 1e-07
jitter = 1e-06
jitter = 9.999999999999999e-06
jitter = 9.999999999999999e-05
jitter = 0.001
jitter = 0.01
jitter = 0.1
jitter = 1.0
jitter = 10.0
jitter is too large, output random predictions
jitter = 1e-07
jitter = 1e-06
jitter = 9.999999999999999e-06
jitter = 9.999999999999999e-05
jitter = 0.001
jitter = 0.01
jitter = 0.1
jitter = 1.0
jitter = 10.0
jitter is too large, output random predictions
jitter = 1e-07
jitter = 1e-06
jitter = 9.999999999999999e-06
jitter = 9.999999999999999e-05
jitter = 0.001
jitter = 0.01
jitter = 0.1
jitter = 1.0
jitter = 10.0
jitter is too large, output random predictions
jitter = 1e-07
jitter = 1e-06
jitter = 9.999999999999999e-06
jitter = 9.999999999999999e-05
jitter = 0.001
jitter = 0.01
jitter = 0.1
jitter = 1.0
jitter = 10.0
jitter is too large, output random predictions
jitter = 1e-07
jitter = 1e-06
jitter = 9.999999999999999e-06
jitter = 9.999999999999999e-05
jitter = 0.001
jitter = 0.01
jitter = 0.1
jitter = 1.0
jitter = 10.0
jitter is too large, output random predictions
jitter = 1e-07
jitter = 1e-06
jitter = 9.999999999999999e-06
jitter = 9.999999999999999e-05
jitter = 0.001
jitter = 0.01
jitter = 0.1
jitter = 1.0
jitter = 10.0
jitter is too large, output random predictions
jitter = 1e-07
jitter = 1e-06
jitter = 9.999999999999999e-06
jitter = 9.999999999999999e-05
jitter = 0.001
jitter = 0.01
jitter = 0.1
jitter = 1.0
jitter = 10.0
jitter is too large, output random predictions
jitter = 1e-07
jitter = 1e-06
jitter = 9.999999999999999e-06
jitter = 9.999999999999999e-05
jitter = 0.001
jitter = 0.01
jitter = 0.1
jitter = 1.0
jitter = 10.0
jitter is too large, output random predictions
jitter = 1e-07
jitter = 1e-06
jitter = 9.999999999999999e-06
jitter = 9.999999999999999e-05
jitter = 0.001
jitter = 0.01
jitter = 0.1
jitter = 1.0
jitter = 10.0
jitter is too large, output random predictions
jitter = 1e-07
jitter = 1e-06
jitter = 9.999999999999999e-06
jitter = 9.999999999999999e-05
jitter = 0.001
jitter = 0.01
jitter = 0.1
jitter = 1.0
jitter = 10.0
jitter is too large, output random predictions
jitter = 1e-07
jitter = 1e-06
jitter = 9.999999999999999e-06
jitter = 9.999999999999999e-05
jitter = 0.001
jitter = 0.01
jitter = 0.1
jitter = 1.0
jitter = 10.0
jitter is too large, output random predictions
jitter = 1e-07
jitter = 1e-06
jitter = 9.999999999999999e-06
jitter = 9.999999999999999e-05
jitter = 0.001
jitter = 0.01
jitter = 0.1
jitter = 1.0
jitter = 10.0
jitter is too large, output random predictions
jitter = 1e-07
jitter = 1e-06
jitter = 9.999999999999999e-06
jitter = 9.999999999999999e-05
jitter = 0.001
jitter = 0.01
jitter = 0.1
jitter = 1.0
jitter = 10.0
jitter is too large, output random predictions
jitter = 1e-07
jitter = 1e-06
jitter = 9.999999999999999e-06
jitter = 9.999999999999999e-05
jitter = 0.001
jitter = 0.01
jitter = 0.1
jitter = 1.0
jitter = 10.0
jitter is too large, output random predictions
jitter = 1e-07
jitter = 1e-06
jitter = 9.999999999999999e-06
jitter = 9.999999999999999e-05
jitter = 0.001
jitter = 0.01
jitter = 0.1
jitter = 1.0
jitter = 10.0
jitter is too large, output random predictions
jitter = 1e-07
jitter = 1e-06
jitter = 9.999999999999999e-06
jitter = 9.999999999999999e-05
jitter = 0.001
jitter = 0.01
jitter = 0.1
jitter = 1.0
jitter = 10.0
jitter is too large, output random predictions
jitter = 1e-07
jitter = 1e-06
jitter = 9.999999999999999e-06
jitter = 9.999999999999999e-05
jitter = 0.001
jitter = 0.01
jitter = 0.1
jitter = 1.0
jitter = 10.0
jitter is too large, output random predictions
jitter = 1e-07
jitter = 1e-06
jitter = 9.999999999999999e-06
jitter = 9.999999999999999e-05
jitter = 0.001
jitter = 0.01
jitter = 0.1
jitter = 1.0
jitter = 10.0
jitter is too large, output random predictions
jitter = 1e-07
jitter = 1e-06
jitter = 9.999999999999999e-06
jitter = 9.999999999999999e-05
jitter = 0.001
jitter = 0.01
jitter = 0.1
jitter = 1.0
jitter = 10.0
jitter is too large, output random predictions
jitter = 1e-07
jitter = 1e-06
jitter = 9.999999999999999e-06
jitter = 9.999999999999999e-05
jitter = 0.001
jitter = 0.01
jitter = 0.1
jitter = 1.0
jitter = 10.0
jitter is too large, output random predictions
jitter = 1e-07
jitter = 1e-06
jitter = 9.999999999999999e-06
jitter = 9.999999999999999e-05
jitter = 0.001
jitter = 0.01
jitter = 0.1
jitter = 1.0
jitter = 10.0
jitter is too large, output random predictions
jitter = 1e-07
jitter = 1e-06
jitter = 9.999999999999999e-06
jitter = 9.999999999999999e-05
jitter = 0.001
jitter = 0.01
jitter = 0.1
jitter = 1.0
jitter = 10.0
jitter is too large, output random predictions
jitter = 1e-07
jitter = 1e-06
jitter = 9.999999999999999e-06
jitter = 9.999999999999999e-05
jitter = 0.001
jitter = 0.01
jitter = 0.1
jitter = 1.0
jitter = 10.0
jitter is too large, output random predictions
jitter = 1e-07
jitter = 1e-06
jitter = 9.999999999999999e-06
jitter = 9.999999999999999e-05
jitter = 0.001
jitter = 0.01
jitter = 0.1
jitter = 1.0
jitter = 10.0
jitter is too large, output random predictions
jitter = 1e-07
jitter = 1e-06
jitter = 9.999999999999999e-06
jitter = 9.999999999999999e-05
jitter = 0.001
jitter = 0.01
jitter = 0.1
jitter = 1.0
jitter = 10.0
jitter is too large, output random predictions
jitter = 1e-07
jitter = 1e-06
jitter = 9.999999999999999e-06
jitter = 9.999999999999999e-05
jitter = 0.001
jitter = 0.01
jitter = 0.1
jitter = 1.0
jitter = 10.0
jitter is too large, output random predictions
jitter = 1e-07
jitter = 1e-06
jitter = 9.999999999999999e-06
jitter = 9.999999999999999e-05
jitter = 0.001
jitter = 0.01
jitter = 0.1
jitter = 1.0
jitter = 10.0
jitter is too large, output random predictions
jitter = 1e-07
jitter = 1e-06
jitter = 9.999999999999999e-06
jitter = 9.999999999999999e-05
jitter = 0.001
jitter = 0.01
jitter = 0.1
jitter = 1.0
jitter = 10.0
jitter is too large, output random predictions
jitter = 1e-07
jitter = 1e-06
jitter = 9.999999999999999e-06
jitter = 9.999999999999999e-05
jitter = 0.001
jitter = 0.01
jitter = 0.1
jitter = 1.0
jitter = 10.0
jitter is too large, output random predictions
jitter = 1e-07
jitter = 1e-06
jitter = 9.999999999999999e-06
jitter = 9.999999999999999e-05
jitter = 0.001
jitter = 0.01
jitter = 0.1
jitter = 1.0
jitter = 10.0
jitter is too large, output random predictions
jitter = 1e-07
jitter = 1e-06
jitter = 9.999999999999999e-06
jitter = 9.999999999999999e-05
jitter = 0.001
jitter = 0.01
jitter = 0.1
jitter = 1.0
jitter = 10.0
jitter is too large, output random predictions
jitter = 1e-07
jitter = 1e-06
jitter = 9.999999999999999e-06
jitter = 9.999999999999999e-05
jitter = 0.001
jitter = 0.01
jitter = 0.1
jitter = 1.0
jitter = 10.0
jitter is too large, output random predictions
jitter = 1e-07
jitter = 1e-06
jitter = 9.999999999999999e-06
jitter = 9.999999999999999e-05
jitter = 0.001
jitter = 0.01
jitter = 0.1
jitter = 1.0
jitter = 10.0
jitter is too large, output random predictions
jitter = 1e-07
jitter = 1e-06
jitter = 9.999999999999999e-06
jitter = 9.999999999999999e-05
jitter = 0.001
jitter = 0.01
jitter = 0.1
jitter = 1.0
jitter = 10.0
jitter is too large, output random predictions
jitter = 1e-07
jitter = 1e-06
jitter = 9.999999999999999e-06
jitter = 9.999999999999999e-05
jitter = 0.001
jitter = 0.01
jitter = 0.1
jitter = 1.0
jitter = 10.0
jitter is too large, output random predictions
jitter = 1e-07
jitter = 1e-06
jitter = 9.999999999999999e-06
jitter = 9.999999999999999e-05
jitter = 0.001
jitter = 0.01
jitter = 0.1
jitter = 1.0
jitter = 10.0
jitter is too large, output random predictions
jitter = 1e-07
jitter = 1e-06
jitter = 9.999999999999999e-06
jitter = 9.999999999999999e-05
jitter = 0.001
jitter = 0.01
jitter = 0.1
jitter = 1.0
jitter = 10.0
jitter is too large, output random predictions
jitter = 1e-07
jitter = 1e-06
jitter = 9.999999999999999e-06
jitter = 9.999999999999999e-05
jitter = 0.001
jitter = 0.01
jitter = 0.1
jitter = 1.0
jitter = 10.0
jitter is too large, output random predictions
jitter = 1e-07
jitter = 1e-06
jitter = 9.999999999999999e-06
jitter = 9.999999999999999e-05
jitter = 0.001
jitter = 0.01
jitter = 0.1
jitter = 1.0
jitter = 10.0
jitter is too large, output random predictions
jitter = 1e-07
jitter = 1e-06
jitter = 9.999999999999999e-06
jitter = 9.999999999999999e-05
jitter = 0.001
jitter = 0.01
jitter = 0.1
jitter = 1.0
jitter = 10.0
jitter is too large, output random predictions
jitter = 1e-07
jitter = 1e-06
jitter = 9.999999999999999e-06
jitter = 9.999999999999999e-05
jitter = 0.001
jitter = 0.01
jitter = 0.1
jitter = 1.0
jitter = 10.0
jitter is too large, output random predictions
jitter = 1e-07
jitter = 1e-06
jitter = 9.999999999999999e-06
jitter = 9.999999999999999e-05
jitter = 0.001
jitter = 0.01
jitter = 0.1
jitter = 1.0
jitter = 10.0
jitter is too large, output random predictions
jitter = 1e-07
jitter = 1e-06
jitter = 9.999999999999999e-06
jitter = 9.999999999999999e-05
jitter = 0.001
jitter = 0.01
jitter = 0.1
jitter = 1.0
jitter = 10.0
jitter is too large, output random predictions
jitter = 1e-07
jitter = 1e-06
jitter = 9.999999999999999e-06
jitter = 9.999999999999999e-05
jitter = 0.001
jitter = 0.01
jitter = 0.1
jitter = 1.0
jitter = 10.0
jitter is too large, output random predictions
jitter = 1e-07
jitter = 1e-06
jitter = 9.999999999999999e-06
jitter = 9.999999999999999e-05
jitter = 0.001
jitter = 0.01
jitter = 0.1
jitter = 1.0
jitter = 10.0
jitter is too large, output random predictions
jitter = 1e-07
jitter = 1e-06
jitter = 9.999999999999999e-06
jitter = 9.999999999999999e-05
jitter = 0.001
jitter = 0.01
jitter = 0.1
jitter = 1.0
jitter = 10.0
jitter is too large, output random predictions
jitter = 1e-07
jitter = 1e-06
jitter = 9.999999999999999e-06
jitter = 9.999999999999999e-05
jitter = 0.001
jitter = 0.01
jitter = 0.1
jitter = 1.0
jitter = 10.0
jitter is too large, output random predictions
jitter = 1e-07
jitter = 1e-06
jitter = 9.999999999999999e-06
jitter = 9.999999999999999e-05
jitter = 0.001
jitter = 0.01
jitter = 0.1
jitter = 1.0
jitter = 10.0
jitter is too large, output random predictions
jitter = 1e-07
jitter = 1e-06
jitter = 9.999999999999999e-06
jitter = 9.999999999999999e-05
jitter = 0.001
jitter = 0.01
jitter = 0.1
jitter = 1.0
jitter = 10.0
jitter is too large, output random predictions
jitter = 1e-07
jitter = 1e-06
jitter = 9.999999999999999e-06
jitter = 9.999999999999999e-05
jitter = 0.001
jitter = 0.01
jitter = 0.1
jitter = 1.0
jitter = 10.0
jitter is too large, output random predictions
jitter = 1e-07
jitter = 1e-06
jitter = 9.999999999999999e-06
jitter = 9.999999999999999e-05
jitter = 0.001
jitter = 0.01
jitter = 0.1
jitter = 1.0
jitter = 10.0
jitter is too large, output random predictions
jitter = 1e-07
jitter = 1e-06
jitter = 9.999999999999999e-06
jitter = 9.999999999999999e-05
jitter = 0.001
jitter = 0.01
jitter = 0.1
jitter = 1.0
jitter = 10.0
jitter is too large, output random predictions
jitter = 1e-07
jitter = 1e-06
jitter = 9.999999999999999e-06
jitter = 9.999999999999999e-05
jitter = 0.001
jitter = 0.01
jitter = 0.1
jitter = 1.0
jitter = 10.0
jitter is too large, output random predictions
jitter = 1e-07
jitter = 1e-06
jitter = 9.999999999999999e-06
jitter = 9.999999999999999e-05
jitter = 0.001
jitter = 0.01
jitter = 0.1
jitter = 1.0
jitter = 10.0
jitter is too large, output random predictions
jitter = 1e-07
jitter = 1e-06
jitter = 9.999999999999999e-06
jitter = 9.999999999999999e-05
jitter = 0.001
jitter = 0.01
jitter = 0.1
jitter = 1.0
jitter = 10.0
jitter is too large, output random predictions
jitter = 1e-07
jitter = 1e-06
jitter = 9.999999999999999e-06
jitter = 9.999999999999999e-05
jitter = 0.001
jitter = 0.01
jitter = 0.1
jitter = 1.0
jitter = 10.0
jitter is too large, output random predictions
jitter = 1e-07
jitter = 1e-06
jitter = 9.999999999999999e-06
jitter = 9.999999999999999e-05
jitter = 0.001
jitter = 0.01
jitter = 0.1
jitter = 1.0
jitter = 10.0
jitter is too large, output random predictions
jitter = 1e-07
jitter = 1e-06
jitter = 9.999999999999999e-06
jitter = 9.999999999999999e-05
jitter = 0.001
jitter = 0.01
jitter = 0.1
jitter = 1.0
jitter = 10.0
jitter is too large, output random predictions
jitter = 1e-07
jitter = 1e-06
jitter = 9.999999999999999e-06
jitter = 9.999999999999999e-05
jitter = 0.001
jitter = 0.01
jitter = 0.1
jitter = 1.0
jitter = 10.0
jitter is too large, output random predictions
jitter = 1e-07
jitter = 1e-06
jitter = 9.999999999999999e-06
jitter = 9.999999999999999e-05
jitter = 0.001
jitter = 0.01
jitter = 0.1
jitter = 1.0
jitter = 10.0
jitter is too large, output random predictions
jitter = 1e-07
jitter = 1e-06
jitter = 9.999999999999999e-06
jitter = 9.999999999999999e-05
jitter = 0.001
jitter = 0.01
jitter = 0.1
jitter = 1.0
jitter = 10.0
jitter is too large, output random predictions
jitter = 1e-07
jitter = 1e-06
jitter = 9.999999999999999e-06
jitter = 9.999999999999999e-05
jitter = 0.001
jitter = 0.01
jitter = 0.1
jitter = 1.0
jitter = 10.0
jitter is too large, output random predictions
jitter = 1e-07
jitter = 1e-06
jitter = 9.999999999999999e-06
jitter = 9.999999999999999e-05
jitter = 0.001
jitter = 0.01
jitter = 0.1
jitter = 1.0
jitter = 10.0
jitter is too large, output random predictions
jitter = 1e-07
jitter = 1e-06
jitter = 9.999999999999999e-06
jitter = 9.999999999999999e-05
jitter = 0.001
jitter = 0.01
jitter = 0.1
jitter = 1.0
jitter = 10.0
jitter is too large, output random predictions
jitter = 1e-07
jitter = 1e-06
jitter = 9.999999999999999e-06
jitter = 9.999999999999999e-05
jitter = 0.001
jitter = 0.01
jitter = 0.1
jitter = 1.0
jitter = 10.0
jitter is too large, output random predictions
jitter = 1e-07
jitter = 1e-06
jitter = 9.999999999999999e-06
jitter = 9.999999999999999e-05
jitter = 0.001
jitter = 0.01
jitter = 0.1
jitter = 1.0
jitter = 10.0
jitter is too large, output random predictions
jitter = 1e-07
jitter = 1e-06
jitter = 9.999999999999999e-06
jitter = 9.999999999999999e-05
jitter = 0.001
jitter = 0.01
jitter = 0.1
jitter = 1.0
jitter = 10.0
jitter is too large, output random predictions
jitter = 1e-07
jitter = 1e-06
jitter = 9.999999999999999e-06
jitter = 9.999999999999999e-05
jitter = 0.001
jitter = 0.01
jitter = 0.1
jitter = 1.0
jitter = 10.0
jitter is too large, output random predictions
jitter = 1e-07
jitter = 1e-06
jitter = 9.999999999999999e-06
jitter = 9.999999999999999e-05
jitter = 0.001
jitter = 0.01
jitter = 0.1
jitter = 1.0
jitter = 10.0
jitter is too large, output random predictions
jitter = 1e-07
jitter = 1e-06
jitter = 9.999999999999999e-06
jitter = 9.999999999999999e-05
jitter = 0.001
jitter = 0.01
jitter = 0.1
jitter = 1.0
jitter = 10.0
jitter is too large, output random predictions
jitter = 1e-07
jitter = 1e-06
jitter = 9.999999999999999e-06
jitter = 9.999999999999999e-05
jitter = 0.001
jitter = 0.01
jitter = 0.1
jitter = 1.0
jitter = 10.0
jitter is too large, output random predictions
jitter = 1e-07
jitter = 1e-06
jitter = 9.999999999999999e-06
jitter = 9.999999999999999e-05
jitter = 0.001
jitter = 0.01
jitter = 0.1
jitter = 1.0
jitter = 10.0
jitter is too large, output random predictions
jitter = 1e-07
jitter = 1e-06
jitter = 9.999999999999999e-06
jitter = 9.999999999999999e-05
jitter = 0.001
jitter = 0.01
jitter = 0.1
jitter = 1.0
jitter = 10.0
jitter is too large, output random predictions
jitter = 1e-07
jitter = 1e-06
jitter = 9.999999999999999e-06
jitter = 9.999999999999999e-05
jitter = 0.001
jitter = 0.01
jitter = 0.1
jitter = 1.0
jitter = 10.0
jitter is too large, output random predictions
jitter = 1e-07
jitter = 1e-06
jitter = 9.999999999999999e-06
jitter = 9.999999999999999e-05
jitter = 0.001
jitter = 0.01
jitter = 0.1
jitter = 1.0
jitter = 10.0
jitter is too large, output random predictions
jitter = 1e-07
jitter = 1e-06
jitter = 9.999999999999999e-06
jitter = 9.999999999999999e-05
jitter = 0.001
jitter = 0.01
jitter = 0.1
jitter = 1.0
jitter = 10.0
jitter is too large, output random predictions
jitter = 1e-07
jitter = 1e-06
jitter = 9.999999999999999e-06
jitter = 9.999999999999999e-05
jitter = 0.001
jitter = 0.01
jitter = 0.1
jitter = 1.0
jitter = 10.0
jitter is too large, output random predictions
jitter = 1e-07
jitter = 1e-06
jitter = 9.999999999999999e-06
jitter = 9.999999999999999e-05
jitter = 0.001
jitter = 0.01
jitter = 0.1
jitter = 1.0
jitter = 10.0
jitter is too large, output random predictions
jitter = 1e-07
jitter = 1e-06
jitter = 9.999999999999999e-06
jitter = 9.999999999999999e-05
jitter = 0.001
jitter = 0.01
jitter = 0.1
jitter = 1.0
jitter = 10.0
jitter is too large, output random predictions
jitter = 1e-07
jitter = 1e-06
jitter = 9.999999999999999e-06
jitter = 9.999999999999999e-05
jitter = 0.001
jitter = 0.01
jitter = 0.1
jitter = 1.0
jitter = 10.0
jitter is too large, output random predictions
jitter = 1e-07
jitter = 1e-06
jitter = 9.999999999999999e-06
jitter = 9.999999999999999e-05
jitter = 0.001
jitter = 0.01
jitter = 0.1
jitter = 1.0
jitter = 10.0
jitter is too large, output random predictions
jitter = 1e-07
jitter = 1e-06
jitter = 9.999999999999999e-06
jitter = 9.999999999999999e-05
jitter = 0.001
jitter = 0.01
jitter = 0.1
jitter = 1.0
jitter = 10.0
jitter is too large, output random predictions
jitter = 1e-07
jitter = 1e-06
jitter = 9.999999999999999e-06
jitter = 9.999999999999999e-05
jitter = 0.001
jitter = 0.01
jitter = 0.1
jitter = 1.0
jitter = 10.0
jitter is too large, output random predictions
jitter = 1e-07
jitter = 1e-06
jitter = 9.999999999999999e-06
jitter = 9.999999999999999e-05
jitter = 0.001
jitter = 0.01
jitter = 0.1
jitter = 1.0
jitter = 10.0
jitter is too large, output random predictions
jitter = 1e-07
jitter = 1e-06
jitter = 9.999999999999999e-06
jitter = 9.999999999999999e-05
jitter = 0.001
jitter = 0.01
jitter = 0.1
jitter = 1.0
jitter = 10.0
jitter is too large, output random predictions
jitter = 1e-07
jitter = 1e-06
jitter = 9.999999999999999e-06
jitter = 9.999999999999999e-05
jitter = 0.001
jitter = 0.01
jitter = 0.1
jitter = 1.0
jitter = 10.0
jitter is too large, output random predictions
jitter = 1e-07
jitter = 1e-06
jitter = 9.999999999999999e-06
jitter = 9.999999999999999e-05
jitter = 0.001
jitter = 0.01
jitter = 0.1
jitter = 1.0
jitter = 10.0
jitter is too large, output random predictions
jitter = 1e-07
jitter = 1e-06
jitter = 9.999999999999999e-06
jitter = 9.999999999999999e-05
jitter = 0.001
jitter = 0.01
jitter = 0.1
jitter = 1.0
jitter = 10.0
jitter is too large, output random predictions
jitter = 1e-07
jitter = 1e-06
jitter = 9.999999999999999e-06
jitter = 9.999999999999999e-05
jitter = 0.001
jitter = 0.01
jitter = 0.1
jitter = 1.0
jitter = 10.0
jitter is too large, output random predictions
jitter = 1e-07
jitter = 1e-06
jitter = 9.999999999999999e-06
jitter = 9.999999999999999e-05
jitter = 0.001
jitter = 0.01
jitter = 0.1
jitter = 1.0
jitter = 10.0
jitter is too large, output random predictions
jitter = 1e-07
jitter = 1e-06
jitter = 9.999999999999999e-06
jitter = 9.999999999999999e-05
jitter = 0.001
jitter = 0.01
jitter = 0.1
jitter = 1.0
jitter = 10.0
jitter is too large, output random predictions
jitter = 1e-07
jitter = 1e-06
jitter = 9.999999999999999e-06
jitter = 9.999999999999999e-05
jitter = 0.001
jitter = 0.01
jitter = 0.1
jitter = 1.0
jitter = 10.0
jitter is too large, output random predictions
jitter = 1e-07
jitter = 1e-06
jitter = 9.999999999999999e-06
jitter = 9.999999999999999e-05
jitter = 0.001
jitter = 0.01
jitter = 0.1
jitter = 1.0
jitter = 10.0
jitter is too large, output random predictions
jitter = 1e-07
jitter = 1e-06
jitter = 9.999999999999999e-06
jitter = 9.999999999999999e-05
jitter = 0.001
jitter = 0.01
jitter = 0.1
jitter = 1.0
jitter = 10.0
jitter is too large, output random predictions
jitter = 1e-07
jitter = 1e-06
jitter = 9.999999999999999e-06
jitter = 9.999999999999999e-05
jitter = 0.001
jitter = 0.01
jitter = 0.1
jitter = 1.0
jitter = 10.0
jitter is too large, output random predictions
jitter = 1e-07
jitter = 1e-06
jitter = 9.999999999999999e-06
jitter = 9.999999999999999e-05
jitter = 0.001
jitter = 0.01
jitter = 0.1
jitter = 1.0
jitter = 10.0
jitter is too large, output random predictions
jitter = 1e-07
jitter = 1e-06
jitter = 9.999999999999999e-06
jitter = 9.999999999999999e-05
jitter = 0.001
jitter = 0.01
jitter = 0.1
jitter = 1.0
jitter = 10.0
jitter is too large, output random predictions
jitter = 1e-07
jitter = 1e-06
jitter = 9.999999999999999e-06
jitter = 9.999999999999999e-05
jitter = 0.001
jitter = 0.01
jitter = 0.1
jitter = 1.0
jitter = 10.0
jitter is too large, output random predictions
jitter = 1e-07
jitter = 1e-06
jitter = 9.999999999999999e-06
jitter = 9.999999999999999e-05
jitter = 0.001
jitter = 0.01
jitter = 0.1
jitter = 1.0
jitter = 10.0
jitter is too large, output random predictions
jitter = 1e-07
jitter = 1e-06
jitter = 9.999999999999999e-06
jitter = 9.999999999999999e-05
jitter = 0.001
jitter = 0.01
jitter = 0.1
jitter = 1.0
jitter = 10.0
jitter is too large, output random predictions
jitter = 1e-07
jitter = 1e-06
jitter = 9.999999999999999e-06
jitter = 9.999999999999999e-05
jitter = 0.001
jitter = 0.01
jitter = 0.1
jitter = 1.0
jitter = 10.0
jitter is too large, output random predictions
jitter = 1e-07
jitter = 1e-06
jitter = 9.999999999999999e-06
jitter = 9.999999999999999e-05
57 [0/1000] 587.2264068711928
jitter = 1e-07
jitter = 1e-06
jitter = 9.999999999999999e-06
jitter = 9.999999999999999e-05
jitter = 1e-07
jitter = 1e-06
jitter = 9.999999999999999e-06
jitter = 9.999999999999999e-05
jitter = 1e-07
jitter = 1e-06
jitter = 9.999999999999999e-06
jitter = 9.999999999999999e-05
jitter = 1e-07
jitter = 1e-06
jitter = 9.999999999999999e-06
jitter = 9.999999999999999e-05
jitter = 1e-07
jitter = 1e-06
jitter = 9.999999999999999e-06
jitter = 9.999999999999999e-05
jitter = 1e-07
jitter = 1e-06
jitter = 9.999999999999999e-06
jitter = 1e-07
jitter = 1e-06
jitter = 9.999999999999999e-06
jitter = 9.999999999999999e-05
jitter = 1e-07
jitter = 1e-06
jitter = 9.999999999999999e-06
jitter = 1e-07
jitter = 1e-06
jitter = 9.999999999999999e-06
jitter = 9.999999999999999e-05
jitter = 1e-07
jitter = 1e-06
jitter = 9.999999999999999e-06
jitter = 9.999999999999999e-05
jitter = 1e-07
jitter = 1e-06
jitter = 9.999999999999999e-06
jitter = 9.999999999999999e-05
jitter = 1e-07
jitter = 1e-06
jitter = 9.999999999999999e-06
jitter = 9.999999999999999e-05
jitter = 1e-07
jitter = 1e-06
jitter = 9.999999999999999e-06
jitter = 9.999999999999999e-05
jitter = 1e-07
jitter = 1e-06
jitter = 9.999999999999999e-06
jitter = 1e-07
jitter = 1e-06
jitter = 9.999999999999999e-06
jitter = 1e-07
jitter = 1e-06
jitter = 9.999999999999999e-06
jitter = 1e-07
jitter = 1e-06
jitter = 9.999999999999999e-06
jitter = 9.999999999999999e-05
jitter = 1e-07
jitter = 1e-06
jitter = 9.999999999999999e-06
jitter = 9.999999999999999e-05
jitter = 1e-07
jitter = 1e-06
jitter = 9.999999999999999e-06
jitter = 9.999999999999999e-05
jitter = 1e-07
jitter = 1e-06
jitter = 9.999999999999999e-06
jitter = 9.999999999999999e-05
jitter = 1e-07
jitter = 1e-06
jitter = 9.999999999999999e-06
jitter = 1e-07
jitter = 1e-06
jitter = 9.999999999999999e-06
jitter = 9.999999999999999e-05
jitter = 1e-07
jitter = 1e-06
jitter = 9.999999999999999e-06
jitter = 9.999999999999999e-05
jitter = 1e-07
jitter = 1e-06
jitter = 9.999999999999999e-06
jitter = 1e-07
jitter = 1e-06
jitter = 9.999999999999999e-06
jitter = 9.999999999999999e-05
jitter = 1e-07
jitter = 1e-06
jitter = 9.999999999999999e-06
jitter = 1e-07
jitter = 1e-06
jitter = 9.999999999999999e-06
jitter = 1e-07
jitter = 1e-06
jitter = 9.999999999999999e-06
jitter = 1e-07
jitter = 1e-06
jitter = 9.999999999999999e-06
jitter = 1e-07
jitter = 1e-06
jitter = 9.999999999999999e-06
jitter = 9.999999999999999e-05
jitter = 1e-07
jitter = 1e-06
jitter = 9.999999999999999e-06
jitter = 9.999999999999999e-05
jitter = 1e-07
jitter = 1e-06
jitter = 9.999999999999999e-06
jitter = 9.999999999999999e-05
jitter = 1e-07
jitter = 1e-06
jitter = 9.999999999999999e-06
jitter = 9.999999999999999e-05
jitter = 1e-07
jitter = 1e-06
jitter = 9.999999999999999e-06
jitter = 1e-07
jitter = 1e-06
jitter = 9.999999999999999e-06
jitter = 1e-07
jitter = 1e-06
jitter = 9.999999999999999e-06
jitter = 1e-07
jitter = 1e-06
jitter = 9.999999999999999e-06
jitter = 1e-07
jitter = 1e-06
jitter = 9.999999999999999e-06
jitter = 9.999999999999999e-05
jitter = 1e-07
jitter = 1e-06
jitter = 9.999999999999999e-06
jitter = 9.999999999999999e-05
jitter = 1e-07
jitter = 1e-06
jitter = 9.999999999999999e-06
jitter = 9.999999999999999e-05
jitter = 1e-07
jitter = 1e-06
jitter = 9.999999999999999e-06
jitter = 9.999999999999999e-05
jitter = 1e-07
jitter = 1e-06
jitter = 9.999999999999999e-06
jitter = 1e-07
jitter = 1e-06
jitter = 9.999999999999999e-06
jitter = 9.999999999999999e-05
jitter = 1e-07
jitter = 1e-06
jitter = 9.999999999999999e-06
jitter = 9.999999999999999e-05
jitter = 1e-07
jitter = 1e-06
jitter = 9.999999999999999e-06
jitter = 9.999999999999999e-05
jitter = 1e-07
jitter = 1e-06
jitter = 9.999999999999999e-06
jitter = 1e-07
jitter = 1e-06
jitter = 9.999999999999999e-06
jitter = 9.999999999999999e-05
jitter = 1e-07
jitter = 1e-06
jitter = 9.999999999999999e-06
jitter = 9.999999999999999e-05
jitter = 1e-07
jitter = 1e-06
jitter = 9.999999999999999e-06
jitter = 9.999999999999999e-05
jitter = 1e-07
jitter = 1e-06
jitter = 9.999999999999999e-06
jitter = 1e-07
jitter = 1e-06
jitter = 9.999999999999999e-06
jitter = 9.999999999999999e-05
jitter = 1e-07
jitter = 1e-06
jitter = 1e-07
jitter = 1e-06
jitter = 9.999999999999999e-06
jitter = 1e-07
jitter = 1e-06
jitter = 9.999999999999999e-06
jitter = 9.999999999999999e-05
jitter = 0.001
jitter = 1e-07
jitter = 1e-06
jitter = 9.999999999999999e-06
jitter = 1e-07
jitter = 1e-06
jitter = 9.999999999999999e-06
jitter = 9.999999999999999e-05
jitter = 1e-07
jitter = 1e-06
jitter = 9.999999999999999e-06
jitter = 1e-07
jitter = 1e-06
jitter = 9.999999999999999e-06
jitter = 1e-07
jitter = 1e-06
jitter = 9.999999999999999e-06
jitter = 1e-07
jitter = 1e-06
jitter = 9.999999999999999e-06
jitter = 1e-07
jitter = 1e-06
jitter = 9.999999999999999e-06
jitter = 1e-07
jitter = 1e-06
jitter = 9.999999999999999e-06
jitter = 9.999999999999999e-05
jitter = 1e-07
jitter = 1e-06
jitter = 9.999999999999999e-06
jitter = 1e-07
jitter = 1e-06
jitter = 9.999999999999999e-06
jitter = 1e-07
jitter = 1e-06
jitter = 9.999999999999999e-06
jitter = 1e-07
jitter = 1e-06
jitter = 9.999999999999999e-06
jitter = 9.999999999999999e-05
jitter = 1e-07
jitter = 1e-06
jitter = 9.999999999999999e-06
jitter = 1e-07
jitter = 1e-06
jitter = 9.999999999999999e-06
jitter = 1e-07
jitter = 1e-06
jitter = 9.999999999999999e-06
jitter = 1e-07
jitter = 1e-06
jitter = 9.999999999999999e-06
jitter = 1e-07
jitter = 1e-06
jitter = 9.999999999999999e-06
jitter = 9.999999999999999e-05
jitter = 1e-07
jitter = 1e-06
jitter = 9.999999999999999e-06
jitter = 1e-07
jitter = 1e-06
jitter = 9.999999999999999e-06
jitter = 1e-07
jitter = 1e-06
jitter = 9.999999999999999e-06
jitter = 1e-07
jitter = 1e-06
jitter = 9.999999999999999e-06
jitter = 1e-07
jitter = 1e-06
jitter = 9.999999999999999e-06
jitter = 1e-07
jitter = 1e-06
jitter = 9.999999999999999e-06
jitter = 1e-07
jitter = 1e-06
jitter = 9.999999999999999e-06
jitter = 1e-07
jitter = 1e-06
jitter = 9.999999999999999e-06
jitter = 1e-07
jitter = 1e-06
jitter = 9.999999999999999e-06
jitter = 1e-07
jitter = 1e-06
jitter = 9.999999999999999e-06
jitter = 1e-07
jitter = 1e-06
jitter = 9.999999999999999e-06
jitter = 9.999999999999999e-05
jitter = 1e-07
jitter = 1e-06
jitter = 9.999999999999999e-06
jitter = 1e-07
jitter = 1e-06
jitter = 9.999999999999999e-06
jitter = 9.999999999999999e-05
jitter = 1e-07
jitter = 1e-06
jitter = 9.999999999999999e-06
jitter = 1e-07
jitter = 1e-06
jitter = 9.999999999999999e-06
jitter = 9.999999999999999e-05
jitter = 1e-07
jitter = 1e-06
jitter = 9.999999999999999e-06
jitter = 1e-07
jitter = 1e-06
jitter = 1e-07
jitter = 1e-06
jitter = 9.999999999999999e-06
jitter = 1e-07
jitter = 1e-06
jitter = 9.999999999999999e-06
jitter = 9.999999999999999e-05
jitter = 1e-07
jitter = 1e-06
jitter = 9.999999999999999e-06
jitter = 1e-07
jitter = 1e-06
jitter = 9.999999999999999e-06
jitter = 9.999999999999999e-05
jitter = 1e-07
jitter = 1e-06
jitter = 9.999999999999999e-06
jitter = 9.999999999999999e-05
jitter = 1e-07
jitter = 1e-06
jitter = 9.999999999999999e-06
jitter = 9.999999999999999e-05
jitter = 1e-07
jitter = 1e-06
jitter = 9.999999999999999e-06
jitter = 9.999999999999999e-05
jitter = 1e-07
jitter = 1e-06
jitter = 9.999999999999999e-06
jitter = 9.999999999999999e-05
jitter = 1e-07
jitter = 1e-06
jitter = 9.999999999999999e-06
jitter = 1e-07
jitter = 1e-06
jitter = 9.999999999999999e-06
jitter = 1e-07
jitter = 1e-06
jitter = 9.999999999999999e-06
jitter = 9.999999999999999e-05
jitter = 1e-07
jitter = 1e-06
jitter = 9.999999999999999e-06
jitter = 9.999999999999999e-05
jitter = 1e-07
jitter = 1e-06
jitter = 9.999999999999999e-06
jitter = 9.999999999999999e-05
jitter = 1e-07
jitter = 1e-06
jitter = 9.999999999999999e-06
jitter = 9.999999999999999e-05
jitter = 1e-07
jitter = 1e-06
jitter = 9.999999999999999e-06
jitter = 1e-07
jitter = 1e-06
jitter = 9.999999999999999e-06
jitter = 1e-07
jitter = 1e-06
jitter = 9.999999999999999e-06
jitter = 9.999999999999999e-05
jitter = 1e-07
jitter = 1e-06
jitter = 9.999999999999999e-06
jitter = 1e-07
jitter = 1e-06
jitter = 9.999999999999999e-06
jitter = 1e-07
jitter = 1e-06
jitter = 9.999999999999999e-06
jitter = 1e-07
jitter = 1e-06
jitter = 9.999999999999999e-06
jitter = 1e-07
jitter = 1e-06
jitter = 9.999999999999999e-06
jitter = 1e-07
jitter = 1e-06
jitter = 1e-07
jitter = 1e-06
jitter = 9.999999999999999e-06
jitter = 1e-07
jitter = 1e-06
jitter = 1e-07
jitter = 1e-06
jitter = 9.999999999999999e-06
jitter = 1e-07
jitter = 1e-06
jitter = 9.999999999999999e-06
jitter = 1e-07
jitter = 1e-06
jitter = 9.999999999999999e-06
jitter = 1e-07
jitter = 1e-06
jitter = 9.999999999999999e-06
jitter = 1e-07
jitter = 1e-06
jitter = 1e-07
jitter = 1e-07
jitter = 1e-06
jitter = 1e-07
jitter = 1e-06
jitter = 1e-07
jitter = 1e-06
jitter = 1e-07
jitter = 1e-06
jitter = 9.999999999999999e-06
jitter = 1e-07
jitter = 1e-06
jitter = 9.999999999999999e-06
jitter = 1e-07
jitter = 1e-06
jitter = 1e-07
jitter = 1e-06
jitter = 9.999999999999999e-06
jitter = 1e-07
jitter = 1e-06
jitter = 9.999999999999999e-06
jitter = 1e-07
jitter = 1e-06
jitter = 9.999999999999999e-06
jitter = 1e-07
jitter = 1e-06
jitter = 1e-07
jitter = 1e-06
jitter = 9.999999999999999e-06
jitter = 9.999999999999999e-05
jitter = 1e-07
jitter = 1e-06
jitter = 9.999999999999999e-06
jitter = 1e-07
jitter = 1e-06
jitter = 9.999999999999999e-06
jitter = 1e-07
jitter = 1e-06
jitter = 1e-07
jitter = 1e-06
jitter = 9.999999999999999e-06
jitter = 1e-07
jitter = 1e-06
jitter = 9.999999999999999e-06
jitter = 1e-07
jitter = 1e-06
jitter = 9.999999999999999e-06
jitter = 1e-07
jitter = 1e-06
jitter = 1e-07
jitter = 1e-06
jitter = 1e-07
jitter = 1e-06
jitter = 1e-07
jitter = 1e-07
jitter = 1e-06
jitter = 9.999999999999999e-06
jitter = 1e-07
jitter = 1e-07
jitter = 1e-06
jitter = 1e-07
jitter = 1e-06
jitter = 1e-07
79 [0/1000] 567.6
89 [0/1000] 551.6
92 [0/1000] 500.8
93 [1/1000] 0.4732875526841277
100 [5/1000] 0.4732875526841277
158 [44/1000] 0.4538755089969533
163 [46/1000] 0.4531494443269066
200 [73/1000] 0.4531494443269066
300 [154/1000] 0.4531494443269066
400 [236/1000] 0.4531494443269066
500 [319/1000] 0.4531494443269066
595 [395/1000] 0.28795929689225425
600 [400/1000] 0.28795929689225425
700 [496/1000] 0.28795929689225425
800 [585/1000] 0.28795929689225425
900 [684/1000] 0.28795929689225425
984 [766/1000] 0.19411531530750692
1000 [781/1000] 0.19411531530750692
1100 [879/1000] 0.19411531530750692
1200 [979/1000] 0.19411531530750692
[stop]
