0 [0/400] 922.3059692844324
1 [0/400] 862.0520765343247
2 [0/400] 690.9188309203678
11 [0/400] 690.5817459305202
22 [0/400] 600.4876698189862
32 [0/400] 577.7817459305202
35 [0/400] 556.5685424949238
36 [0/400] 525.495097567964
38 [0/400] 520.0
51 [0/400] 514.142135623731
52 [1/400] 32.76085973280111
56 [3/400] 28.45239328080482
58 [4/400] 21.628328975560954
59 [5/400] 5.696538987910192
60 [6/400] 1.3680721355228396
61 [7/400] 1.2829678060510934
64 [10/400] 1.0378033454984004
69 [13/400] 0.8005219219971564
88 [27/400] 0.4827086544992739
93 [29/400] 0.3778175887426958
100 [35/400] 0.3778175887426958
105 [40/400] 0.36055787504421294
116 [49/400] 0.18996645366052753
124 [57/400] 0.16650690940157528
148 [80/400] 0.1654039472842927
152 [84/400] 0.16466926929388115
153 [85/400] 0.15763281351137753
155 [87/400] 0.1512156499466656
159 [91/400] 0.1303321316786214
165 [96/400] 0.12779604600355088
182 [111/400] 0.10819319996003221
187 [116/400] 0.09954597312258225
197 [124/400] 0.09312703129421948
200 [127/400] 0.09312703129421948
222 [147/400] 0.09287856880246212
276 [196/400] 0.09259552855257662
300 [219/400] 0.09259552855257662
315 [232/400] 0.09255675897012802
400 [307/400] 0.09255675897012802
431 [336/400] 0.09224119753524124
500 [383/400] 0.09224119753524124
[stop]
