(6_w,12)-aCMA-ES (mu_w=3.7,w_1=40%) in dimension 20 (seed=2, Tue Jun 24 10:45:32 2025)
Iterat #Fevals   function value  axis ratio  sigma  min&max std  t[m:s]
    1     12 6.106559225355879e+02 1.0e+00 2.42e-01  2e-01  2e-01 0:01.0
    2     24 6.629457131400222e+02 1.1e+00 2.48e-01  2e-01  3e-01 0:01.7
    3     36 5.848528137423857e+02 1.2e+00 2.40e-01  2e-01  2e-01 0:02.5
    7     84 5.141421356237310e+02 1.3e+00 2.28e-01  2e-01  2e-01 0:05.7
   12    144 5.380788655293195e+02 1.5e+00 2.31e-01  2e-01  3e-01 0:10.1
   19    228 5.612132034355964e+02 1.8e+00 2.93e-01  3e-01  4e-01 0:15.6
   27    324 6.185841379298320e+02 2.2e+00 3.47e-01  3e-01  5e-01 0:21.6
   37    444 5.432968950979574e+02 2.6e+00 3.25e-01  3e-01  5e-01 0:29.1
   47    564 5.919238815542511e+02 2.6e+00 3.50e-01  3e-01  5e-01 0:37.1
   58    696 4.194939158316031e-01 2.7e+00 3.70e-01  3e-01  5e-01 0:46.5
   69    828 5.070710678118655e+02 2.8e+00 3.08e-01  3e-01  4e-01 0:57.1
   82    984 5.424264068711929e+02 3.0e+00 3.45e-01  3e-01  4e-01 1:08.8
   97   1164 5.424264068711929e+02 3.2e+00 2.78e-01  2e-01  4e-01 1:21.2
  100   1200 1.592588508570552e-01 3.1e+00 2.68e-01  2e-01  3e-01 1:23.8
  113   1356 8.903144800831295e-01 3.1e+00 2.54e-01  2e-01  3e-01 1:38.5
  125   1500 2.568876950616236e+00 3.3e+00 1.97e-01  1e-01  2e-01 1:54.1
  133   1596 1.188659826598330e-01 3.1e+00 1.87e-01  1e-01  2e-01 2:13.0
  140   1680 1.268115107022387e-01 2.9e+00 1.57e-01  1e-01  2e-01 2:31.4
  148   1776 6.899553851676332e-01 3.1e+00 1.25e-01  9e-02  2e-01 2:51.2
  155   1860 1.218982970532732e-01 3.0e+00 1.04e-01  7e-02  1e-01 3:11.8
  162   1944 1.448943183981481e-01 3.1e+00 9.79e-02  6e-02  1e-01 3:35.9
  167   2004 1.132539028866262e-01 3.2e+00 8.14e-02  5e-02  1e-01 4:00.6
  171   2052 9.399374070646883e-02 3.1e+00 7.87e-02  5e-02  1e-01 4:23.8
  177   2124 1.056238259035621e-01 3.1e+00 7.12e-02  5e-02  9e-02 4:48.1
  183   2196 9.267544515821237e-02 3.1e+00 6.99e-02  4e-02  8e-02 5:15.1
  189   2268 1.002061861692428e-01 3.1e+00 6.49e-02  4e-02  7e-02 5:41.5
  194   2328 9.581398518824784e-02 3.0e+00 4.99e-02  3e-02  6e-02 6:12.1
[stop]
