(7_w,15)-aCMA-ES (mu_w=4.5,w_1=34%) in dimension 50 (seed=10, Fri May 23 16:55:38 2025)
Iterat #Fevals   function value  axis ratio  sigma  min&max std  t[m:s]
    1     15 6.223176342388570e+02 1.0e+00 2.37e-01  2e-01  2e-01 0:05.3
    2     30 5.954594154601839e+02 1.0e+00 2.28e-01  2e-01  2e-01 0:10.4
    3     45 7.619821829381273e+02 1.1e+00 2.22e-01  2e-01  2e-01 0:15.3
    4     60 5.282842712474619e+02 1.1e+00 2.16e-01  2e-01  2e-01 0:20.4
    5     75 6.920279579551077e+02 1.1e+00 2.12e-01  2e-01  2e-01 0:25.8
    7    105 5.935931342313621e+02 1.1e+00 2.05e-01  2e-01  2e-01 0:35.8
    9    135 5.200000000000000e+02 1.1e+00 1.98e-01  2e-01  2e-01 0:44.5
   11    165 5.141421356237310e+02 1.1e+00 1.96e-01  2e-01  2e-01 0:52.6
   13    195 5.522210011530505e+02 1.1e+00 1.97e-01  2e-01  2e-01 1:00.9
   15    225 5.424264068711929e+02 1.2e+00 1.96e-01  2e-01  2e-01 1:10.2
   18    270 5.582377951720348e+02 1.2e+00 1.89e-01  2e-01  2e-01 1:24.1
   21    315 5.825038688229207e+02 1.2e+00 1.80e-01  2e-01  2e-01 1:37.1
   24    360 5.070710678118655e+02 1.2e+00 1.72e-01  2e-01  2e-01 1:50.7
   28    420 8.752772995082481e+00 1.2e+00 1.71e-01  2e-01  2e-01 2:08.3
   32    480 5.212132034355965e+02 1.3e+00 1.76e-01  2e-01  2e-01 2:24.7
   36    540 5.341421356237310e+02 1.3e+00 1.78e-01  2e-01  2e-01 2:41.6
   40    600 8.242270160110286e+01 1.3e+00 1.76e-01  2e-01  2e-01 2:58.5
   44    660 3.907019073328088e+00 1.3e+00 1.68e-01  2e-01  2e-01 3:15.8
   48    720 3.653355976164137e+00 1.3e+00 1.70e-01  2e-01  2e-01 3:35.2
   52    780 1.012208864744179e+00 1.4e+00 1.72e-01  2e-01  2e-01 3:54.7
   57    855 1.360749792585139e+00 1.4e+00 1.79e-01  2e-01  2e-01 4:16.1
   62    930 5.070710678118655e+02 1.5e+00 1.85e-01  2e-01  2e-01 4:38.6
   67   1005 1.154712940638656e+00 1.5e+00 1.92e-01  2e-01  2e-01 5:02.3
   72   1080 5.070710678118655e+02 1.5e+00 1.84e-01  2e-01  2e-01 5:26.2
   77   1155 1.766273876039650e+00 1.5e+00 1.74e-01  2e-01  2e-01 5:50.9
   82   1230 5.070710678118655e+02 1.5e+00 1.68e-01  2e-01  2e-01 6:19.2
   88   1320 3.201878070125986e-01 1.5e+00 1.57e-01  1e-01  2e-01 6:50.9
   94   1410 5.141421356237310e+02 1.6e+00 1.40e-01  1e-01  2e-01 7:21.7
  100   1500 3.524885952541954e-01 1.6e+00 1.34e-01  1e-01  1e-01 7:55.3
  106   1590 4.684993503614784e+01 1.6e+00 1.38e-01  1e-01  1e-01 8:26.7
  112   1680 9.489830359360231e-01 1.6e+00 1.35e-01  1e-01  1e-01 8:57.4
  119   1785 7.097048205648596e-01 1.6e+00 1.36e-01  1e-01  1e-01 9:33.2
  126   1890 3.329252320168475e-01 1.7e+00 1.30e-01  1e-01  1e-01 10:06.9
  133   1995 3.491332362115827e-01 1.7e+00 1.19e-01  1e-01  1e-01 10:42.6
  140   2100 3.468223105935225e-01 1.7e+00 1.12e-01  1e-01  1e-01 11:21.0
  148   2220 7.626277396223646e-01 1.7e+00 1.10e-01  1e-01  1e-01 12:01.3
  155   2325 5.064447370907353e-01 1.7e+00 1.09e-01  1e-01  1e-01 12:43.2
  163   2445 6.657571023721245e-01 1.7e+00 1.06e-01  9e-02  1e-01 13:20.7
  174   2610 2.465386743699561e-01 1.7e+00 9.80e-02  9e-02  1e-01 14:01.2
  183   2745 1.790484355102105e-01 1.7e+00 8.70e-02  7e-02  9e-02 14:40.3
  191   2865 1.538200718870825e-01 1.7e+00 7.96e-02  7e-02  9e-02 15:23.7
  196   2940 1.677882070283012e-01 1.7e+00 7.72e-02  7e-02  8e-02 16:06.2
  200   3000 1.430466606063329e-01 1.7e+00 7.05e-02  6e-02  8e-02 16:41.2
  205   3075 1.523897865435543e-01 1.7e+00 6.23e-02  5e-02  7e-02 17:24.9
  210   3150 1.157397805289365e-01 1.7e+00 5.82e-02  5e-02  6e-02 18:17.2
  215   3225 1.206654333125956e-01 1.7e+00 5.54e-02  5e-02  6e-02 19:10.8
  220   3300 1.095792983511281e-01 1.7e+00 5.16e-02  4e-02  6e-02 20:04.9
  225   3375 9.997018609255318e-02 1.7e+00 4.93e-02  4e-02  5e-02 20:54.0
  230   3450 9.354724116164403e-02 1.8e+00 4.81e-02  4e-02  5e-02 21:49.7
  235   3525 1.057647908953894e-01 1.8e+00 4.35e-02  4e-02  5e-02 22:44.9
  240   3600 1.069741878263214e-01 1.8e+00 3.88e-02  3e-02  4e-02 23:37.9
  246   3690 9.688851614939942e-02 1.8e+00 3.31e-02  3e-02  4e-02 24:39.6
  251   3765 9.595306343980080e-02 1.8e+00 2.88e-02  2e-02  3e-02 25:34.2
  256   3840 9.175122308021111e-02 1.8e+00 2.68e-02  2e-02  3e-02 26:31.1
  262   3930 9.547548208207104e-02 1.8e+00 2.50e-02  2e-02  3e-02 27:36.7
  267   4005 9.341182069234885e-02 1.8e+00 2.37e-02  2e-02  3e-02 28:32.6
  273   4095 9.006765689217519e-02 1.8e+00 2.12e-02  2e-02  2e-02 29:34.0
  278   4170 8.751075204034509e-02 1.8e+00 1.90e-02  2e-02  2e-02 30:31.8
  284   4260 8.748547313746118e-02 1.8e+00 1.79e-02  1e-02  2e-02 31:40.9
  290   4350 8.717105492764254e-02 1.8e+00 1.75e-02  1e-02  2e-02 32:48.1
  296   4440 8.763092075161763e-02 1.8e+00 1.66e-02  1e-02  2e-02 33:57.1
  300   4500 8.607502696484098e-02 1.8e+00 1.58e-02  1e-02  2e-02 34:40.8
  306   4590 8.619982891237367e-02 1.8e+00 1.51e-02  1e-02  2e-02 35:46.3
  312   4680 8.675739998961091e-02 1.9e+00 1.45e-02  1e-02  2e-02 36:53.2
  318   4770 8.442173524719027e-02 1.9e+00 1.36e-02  1e-02  1e-02 38:02.8
  324   4860 8.537574488836580e-02 1.9e+00 1.30e-02  1e-02  1e-02 39:13.0
  330   4950 8.562684694646192e-02 1.9e+00 1.22e-02  1e-02  1e-02 40:28.6
  336   5040 8.659237073567200e-02 1.9e+00 1.12e-02  9e-03  1e-02 41:45.3
  342   5130 8.635804613292894e-02 1.9e+00 1.12e-02  9e-03  1e-02 42:58.3
  348   5220 8.435420063065094e-02 1.9e+00 1.08e-02  9e-03  1e-02 44:09.2
  354   5310 8.448184631467781e-02 1.9e+00 1.06e-02  9e-03  1e-02 45:19.8
  360   5400 8.361145587224292e-02 1.9e+00 9.84e-03  8e-03  1e-02 46:31.6
  366   5490 8.217243765913455e-02 2.0e+00 9.10e-03  8e-03  1e-02 47:44.5
  373   5595 8.314606075669753e-02 2.0e+00 8.02e-03  7e-03  9e-03 48:58.0
  380   5700 8.282123181888720e-02 2.0e+00 7.15e-03  6e-03  8e-03 50:19.9
  387   5805 8.307469682440798e-02 2.0e+00 6.37e-03  5e-03  7e-03 51:38.5
  394   5910 8.233964888384605e-02 2.0e+00 5.69e-03  5e-03  6e-03 52:57.7
  400   6000 8.193135864949030e-02 2.0e+00 5.09e-03  4e-03  5e-03 54:01.4
  410   6150 8.180870541381199e-02 2.0e+00 4.24e-03  3e-03  5e-03 55:21.6
  419   6285 8.172811100087765e-02 2.0e+00 3.83e-03  3e-03  4e-03 56:49.6
  429   6435 8.146566799104510e-02 2.0e+00 3.87e-03  3e-03  4e-03 58:12.2
  439   6585 8.109954590650913e-02 2.0e+00 3.43e-03  3e-03  4e-03 59:41.9
  447   6705 8.115474284924547e-02 2.0e+00 3.20e-03  3e-03  3e-03 61:09.8
  454   6810 8.117657937855886e-02 2.1e+00 3.00e-03  2e-03  3e-03 62:33.5
  463   6945 8.073352440549389e-02 2.1e+00 2.61e-03  2e-03  3e-03 64:07.9
  471   7065 8.096101754131796e-02 2.1e+00 2.60e-03  2e-03  3e-03 65:37.0
  479   7185 8.109138082360957e-02 2.1e+00 2.43e-03  2e-03  3e-03 67:07.7
  487   7305 8.080902152199296e-02 2.1e+00 2.22e-03  2e-03  2e-03 68:36.2
  495   7425 8.027623021565573e-02 2.1e+00 2.19e-03  2e-03  2e-03 70:08.8
  500   7500 8.040465901340690e-02 2.1e+00 2.04e-03  2e-03  2e-03 71:05.6
  509   7635 8.050676534859014e-02 2.1e+00 1.93e-03  2e-03  2e-03 72:46.4
  518   7770 8.060912968654166e-02 2.1e+00 1.86e-03  1e-03  2e-03 74:19.9
  527   7905 8.054387285663289e-02 2.2e+00 2.13e-03  2e-03  2e-03 75:54.1
  542   8130 8.034188331305279e-02 2.3e+00 1.74e-03  1e-03  2e-03 77:28.7
  558   8370 8.022007666055714e-02 2.3e+00 1.48e-03  1e-03  2e-03 79:05.6
[stop]
