0 [0/200] 727.2128255968765
10 [0/200] 669.7056274847714
12 [0/200] 627.2792206135786
21 [0/200] 612.0528137423858
28 [0/200] 570.7106781186548
30 [0/200] 556.5685424949238
32 [0/200] 549.4974746830583
50 [0/200] 542.4264068711929
51 [0/200] 528.2842712474619
56 [0/200] 514.142135623731
59 [0/200] 507.0710678118655
60 [1/200] 0.8249756361974213
61 [2/200] 0.3701132570300338
63 [3/200] 0.3473267695130572
67 [5/200] 0.30950549200733724
84 [19/200] 0.30534124536509755
87 [21/200] 0.3005323672354435
91 [25/200] 0.2677647620741515
94 [27/200] 0.2650883822169372
100 [33/200] 0.2650883822169372
105 [38/200] 0.23948757607259383
109 [41/200] 0.230310586148778
117 [49/200] 0.21836637081223814
124 [55/200] 0.19114761837619637
130 [61/200] 0.18873785225075757
132 [63/200] 0.18551319745965095
134 [65/200] 0.18483367140990725
146 [76/200] 0.1836935734663205
163 [92/200] 0.17196216007955079
184 [112/200] 0.1539986150773021
200 [126/200] 0.1539986150773021
201 [127/200] 0.14467627191459753
219 [143/200] 0.1358676622402875
[stop]
