0 [0/400] 825.2691193458119
2 [0/400] 763.6396103067892
3 [0/400] 713.5323817465893
5 [0/400] 633.2815516927099
13 [0/400] 620.4603696419924
17 [0/400] 613.1370849898476
32 [0/400] 591.9238815542511
34 [0/400] 552.8359800372803
37 [1/400] 52.97608262989619
72 [15/400] 51.80153829094296
80 [23/400] 47.29567071701757
84 [26/400] 46.510903122720244
96 [38/400] 38.745101734408074
97 [39/400] 33.611406737835495
99 [41/400] 26.365627693591318
100 [41/400] 26.365627693591318
101 [42/400] 23.21047375846158
103 [44/400] 6.341203695511474
104 [45/400] 1.9896954480987263
107 [48/400] 1.9846127607450799
114 [54/400] 1.9272876209911836
126 [64/400] 1.8494246530169849
127 [65/400] 1.5062047211888152
132 [70/400] 1.4155266877379828
142 [80/400] 1.1486485931825992
146 [83/400] 1.0632630984569218
148 [84/400] 1.0216718092738688
152 [88/400] 0.9931862609554414
155 [91/400] 0.9907794024212029
159 [95/400] 0.8813541075857594
178 [111/400] 0.8684229552496401
184 [116/400] 0.8526229323025306
193 [125/400] 0.7392256051277313
200 [132/400] 0.7392256051277313
207 [139/400] 0.7361700935559663
216 [148/400] 0.5574769365301033
223 [155/400] 0.5510036373660678
231 [162/400] 0.5495534563334874
241 [171/400] 0.45121498600389687
243 [173/400] 0.4480672250309497
252 [182/400] 0.4369466737101656
261 [191/400] 0.3968794501781413
264 [194/400] 0.3386540137373194
270 [200/400] 0.3149770459021219
285 [215/400] 0.29517864104339997
292 [222/400] 0.2812946434797
300 [230/400] 0.2812946434797
305 [235/400] 0.27730963050104385
307 [237/400] 0.2681245107258142
310 [240/400] 0.24255916705086722
331 [260/400] 0.2167753229965773
350 [279/400] 0.21427709678239729
377 [306/400] 0.2121799035934255
392 [321/400] 0.20877157543493763
394 [323/400] 0.19414723937700135
400 [329/400] 0.19414723937700135
405 [334/400] 0.1906401915912835
411 [340/400] 0.18815108939065228
415 [344/400] 0.17328363373731784
418 [347/400] 0.16227257479629853
424 [353/400] 0.15951981932810688
454 [382/400] 0.14957253116969754
455 [383/400] 0.14925622817214299
469 [396/400] 0.14694480792621406
[stop]
