0 [0/400] 856.1737592580989
1 [0/400] 715.6139872630226
2 [0/400] 671.2580412300085
5 [0/400] 606.0660171779822
6 [0/400] 528.2842712474619
23 [0/400] 521.2132034355965
28 [0/400] 514.142135623731
34 [1/400] 1.2259409503076528
38 [2/400] 1.1428308353393344
43 [5/400] 1.1422739059179166
48 [7/400] 1.1314533873569703
49 [8/400] 1.1247232653175965
50 [9/400] 1.0953676139071384
58 [14/400] 0.8197816325813325
60 [15/400] 0.5917777062294629
65 [19/400] 0.5343525025222831
68 [22/400] 0.5185434927788791
69 [23/400] 0.5047812211120603
79 [32/400] 0.3913513297762261
83 [36/400] 0.34421955032844953
93 [46/400] 0.328102812255084
100 [52/400] 0.328102812255084
110 [62/400] 0.3234237041687346
113 [65/400] 0.3119723631961982
114 [66/400] 0.28535244107079427
116 [68/400] 0.27905746410082555
128 [80/400] 0.26180191849980883
130 [82/400] 0.23171027946912873
134 [86/400] 0.2055548530610295
135 [87/400] 0.20542292421682773
136 [88/400] 0.1958641293327756
138 [90/400] 0.18842858206905544
142 [94/400] 0.18720623639804332
143 [95/400] 0.18682060714579019
145 [97/400] 0.17058796776323407
149 [101/400] 0.1652100113243213
160 [112/400] 0.1649915031432641
166 [118/400] 0.1649894975282698
167 [119/400] 0.16356226324077297
170 [122/400] 0.16102479211028642
178 [130/400] 0.15832913496339923
187 [139/400] 0.15715282391065738
188 [140/400] 0.15710488795374253
195 [147/400] 0.1544498249896269
200 [152/400] 0.1544498249896269
216 [168/400] 0.15114365692901388
220 [172/400] 0.14917844551532233
221 [173/400] 0.1461089599974792
223 [175/400] 0.14449725861806398
236 [188/400] 0.14077183447375763
242 [194/400] 0.14066664985383692
255 [206/400] 0.13554363660560442
265 [216/400] 0.1347288453619811
273 [224/400] 0.13410766007731406
299 [249/400] 0.1339832646757151
300 [250/400] 0.1339832646757151
308 [258/400] 0.13154977354391076
309 [259/400] 0.12800980330072542
326 [276/400] 0.12522501141408762
327 [277/400] 0.12092546971929877
339 [289/400] 0.11588724190682023
347 [297/400] 0.11347908507599552
360 [310/400] 0.11264187803174405
361 [311/400] 0.1108337334915594
370 [320/400] 0.108339764961944
372 [322/400] 0.10604406367563934
377 [327/400] 0.10538558539630646
383 [333/400] 0.10538127982688873
388 [338/400] 0.10141703939121649
391 [341/400] 0.10140732603266417
400 [349/400] 0.10140732603266417
454 [399/400] 0.09884440169258342
[stop]
