0 [0/400] 893.5659708883127
2 [0/400] 630.0027470835707
23 [0/400] 598.9949493661167
25 [0/400] 556.5685424949238
27 [0/400] 502.0
29 [1/400] 0.19454469380707262
32 [3/400] 0.19431852347454687
35 [5/400] 0.11981530733177259
47 [13/400] 0.11267094526397589
48 [14/400] 0.10850653504729948
100 [56/400] 0.10850653504729948
169 [115/400] 0.10417650568134965
183 [129/400] 0.10197572531751445
200 [145/400] 0.10197572531751445
214 [158/400] 0.10156357084742867
234 [175/400] 0.10057835551868279
263 [202/400] 0.10008950448172091
287 [224/400] 0.09975009373653594
296 [233/400] 0.09852602457069151
300 [236/400] 0.09852602457069151
335 [271/400] 0.0978858236612499
340 [276/400] 0.09508450461918262
356 [290/400] 0.09306190086117604
357 [291/400] 0.09248515344619165
378 [312/400] 0.09238001887359604
400 [333/400] 0.09238001887359604
420 [353/400] 0.09201260199401094
442 [374/400] 0.09182404016531281
[stop]
