(7_w,15)-aCMA-ES (mu_w=4.5,w_1=34%) in dimension 50 (seed=29, Fri May 23 16:55:38 2025)
Iterat #Fevals   function value  axis ratio  sigma  min&max std  t[m:s]
    1     15 5.777817459305203e+02 1.0e+00 2.36e-01  2e-01  2e-01 0:04.5
    2     30 7.050609665440988e+02 1.0e+00 2.26e-01  2e-01  2e-01 0:09.3
    3     45 6.517751615997465e+02 1.0e+00 2.16e-01  2e-01  2e-01 0:13.8
    4     60 5.836396103067893e+02 1.1e+00 2.09e-01  2e-01  2e-01 0:18.1
    6     90 5.494974746830584e+02 1.1e+00 2.05e-01  2e-01  2e-01 0:24.1
    8    120 5.459619407771256e+02 1.1e+00 2.04e-01  2e-01  2e-01 0:29.5
   11    165 5.228824561127074e+02 1.1e+00 2.02e-01  2e-01  2e-01 0:36.9
   14    210 5.353553390593274e+02 1.2e+00 1.99e-01  2e-01  2e-01 0:44.0
   17    255 2.078229664331910e+01 1.2e+00 1.99e-01  2e-01  2e-01 0:52.6
   20    300 5.840201441394512e-01 1.2e+00 1.97e-01  2e-01  2e-01 1:03.8
   23    345 5.070710678118655e+02 1.2e+00 1.97e-01  2e-01  2e-01 1:14.9
   26    390 8.104867645793350e-01 1.3e+00 1.97e-01  2e-01  2e-01 1:27.6
   29    435 3.851370377153807e-01 1.3e+00 1.93e-01  2e-01  2e-01 1:39.8
   32    480 5.141421356237310e+02 1.3e+00 1.88e-01  2e-01  2e-01 1:54.2
   36    540 1.096950068176676e+00 1.3e+00 1.79e-01  2e-01  2e-01 2:11.7
   40    600 5.070710678118655e+02 1.4e+00 1.76e-01  2e-01  2e-01 2:28.6
   44    660 5.270710678118655e+02 1.4e+00 1.75e-01  2e-01  2e-01 2:47.5
   48    720 1.557906328798202e+00 1.4e+00 1.75e-01  2e-01  2e-01 3:06.8
   52    780 1.872972144344092e+00 1.4e+00 1.74e-01  2e-01  2e-01 3:25.5
   57    855 8.119440073233574e-01 1.5e+00 1.64e-01  2e-01  2e-01 3:46.3
   61    915 7.650530064795500e-01 1.5e+00 1.59e-01  2e-01  2e-01 4:07.4
   66    990 1.871570716916713e+00 1.5e+00 1.57e-01  2e-01  2e-01 4:31.1
   71   1065 9.044734702063111e-01 1.5e+00 1.52e-01  1e-01  2e-01 4:56.7
   76   1140 5.106066017177982e+02 1.5e+00 1.46e-01  1e-01  1e-01 5:20.2
   82   1230 5.070710678118655e+02 1.5e+00 1.41e-01  1e-01  1e-01 5:46.7
   87   1305 2.868068942808781e-01 1.5e+00 1.39e-01  1e-01  1e-01 6:14.1
   93   1395 9.017662701238440e-01 1.5e+00 1.32e-01  1e-01  1e-01 6:41.4
   99   1485 4.328963375403834e-01 1.5e+00 1.35e-01  1e-01  1e-01 7:09.5
  100   1500 1.249408369179192e+00 1.5e+00 1.35e-01  1e-01  1e-01 7:13.6
  106   1590 1.033672989937635e+00 1.6e+00 1.28e-01  1e-01  1e-01 7:44.3
  112   1680 1.099132488921452e+00 1.6e+00 1.19e-01  1e-01  1e-01 8:15.0
  119   1785 4.122186233179422e-01 1.6e+00 1.15e-01  1e-01  1e-01 8:50.3
  125   1875 2.618095969651414e-01 1.6e+00 1.07e-01  1e-01  1e-01 9:27.0
  131   1965 4.719869776111245e-01 1.6e+00 9.85e-02  9e-02  1e-01 10:04.6
  138   2070 3.378766535068068e-01 1.6e+00 9.32e-02  9e-02  1e-01 10:41.4
  143   2145 1.998513514287052e-01 1.6e+00 8.87e-02  8e-02  9e-02 11:17.1
  148   2220 3.145754290057058e-01 1.6e+00 8.70e-02  8e-02  9e-02 11:58.3
  153   2295 2.729470065703333e-01 1.6e+00 7.85e-02  7e-02  8e-02 12:40.0
  158   2370 2.277476033474094e-01 1.6e+00 7.93e-02  7e-02  8e-02 13:20.9
  163   2445 2.733385253919899e-01 1.6e+00 8.07e-02  7e-02  8e-02 14:07.5
  170   2550 1.638163369492525e-01 1.7e+00 7.84e-02  7e-02  8e-02 14:49.2
  178   2670 1.507225560036583e-01 1.7e+00 7.39e-02  7e-02  8e-02 15:30.6
  189   2835 1.728999542509947e-01 1.7e+00 7.37e-02  7e-02  8e-02 16:16.6
  198   2970 1.609591421945138e-01 1.7e+00 6.72e-02  6e-02  7e-02 17:04.3
  200   3000 1.605095791251196e-01 1.7e+00 6.65e-02  6e-02  7e-02 17:15.7
  209   3135 1.364981742309467e-01 1.7e+00 6.29e-02  6e-02  7e-02 18:03.5
  217   3255 1.189823569388500e-01 1.7e+00 5.48e-02  5e-02  6e-02 18:55.1
  222   3330 1.304369616979351e-01 1.7e+00 5.37e-02  5e-02  6e-02 19:43.9
  228   3420 1.082775341135488e-01 1.7e+00 5.58e-02  5e-02  6e-02 20:39.7
  233   3495 1.097242437292770e-01 1.7e+00 5.56e-02  5e-02  6e-02 21:34.3
  239   3585 9.556769522201997e-02 1.7e+00 5.34e-02  5e-02  6e-02 22:30.4
  244   3660 1.093271166378077e-01 1.7e+00 5.06e-02  4e-02  5e-02 23:22.3
  249   3735 9.894202562907856e-02 1.7e+00 4.73e-02  4e-02  5e-02 24:17.8
  255   3825 9.973395034034523e-02 1.7e+00 4.58e-02  4e-02  5e-02 25:15.9
  260   3900 9.699069723962736e-02 1.7e+00 4.32e-02  4e-02  5e-02 26:11.6
  266   3990 9.980182389838213e-02 1.7e+00 4.16e-02  4e-02  4e-02 27:13.8
  272   4080 9.794828156007010e-02 1.8e+00 4.11e-02  4e-02  4e-02 28:17.1
  278   4170 9.397837662177785e-02 1.8e+00 3.71e-02  3e-02  4e-02 29:20.8
  284   4260 9.854992498026162e-02 1.8e+00 3.42e-02  3e-02  4e-02 30:28.7
  290   4350 9.279990181821762e-02 1.8e+00 3.05e-02  3e-02  3e-02 31:36.6
  296   4440 8.866098903074465e-02 1.8e+00 2.72e-02  2e-02  3e-02 32:41.4
  300   4500 8.863468211224235e-02 1.8e+00 2.66e-02  2e-02  3e-02 33:25.5
  307   4605 9.033754086089024e-02 1.8e+00 2.46e-02  2e-02  3e-02 34:36.7
  315   4725 8.896907352125130e-02 1.8e+00 2.20e-02  2e-02  2e-02 35:45.0
  325   4875 8.771515481619302e-02 1.8e+00 1.76e-02  1e-02  2e-02 36:49.9
  336   5040 8.691214383885471e-02 1.8e+00 1.43e-02  1e-02  2e-02 37:57.4
  345   5175 8.523409599963577e-02 1.8e+00 1.43e-02  1e-02  2e-02 39:05.1
  352   5280 8.565053234885994e-02 1.8e+00 1.27e-02  1e-02  1e-02 40:17.9
  359   5385 8.427667881340337e-02 1.9e+00 1.03e-02  9e-03  1e-02 41:35.4
  366   5490 8.435438578851914e-02 1.9e+00 9.31e-03  8e-03  1e-02 42:47.9
  373   5595 8.467968381151644e-02 1.9e+00 8.74e-03  7e-03  1e-02 43:58.2
  381   5715 8.489521723394139e-02 1.9e+00 8.06e-03  7e-03  9e-03 45:18.2
  389   5835 8.489704573553213e-02 1.9e+00 8.13e-03  7e-03  9e-03 46:37.0
  396   5940 8.347556389601313e-02 1.9e+00 7.92e-03  7e-03  9e-03 47:53.7
  400   6000 8.400402085163670e-02 1.9e+00 7.62e-03  6e-03  8e-03 48:38.1
  407   6105 8.387525483084129e-02 1.9e+00 6.77e-03  6e-03  8e-03 49:53.9
  419   6285 8.353169579159100e-02 1.9e+00 5.79e-03  5e-03  6e-03 51:12.6
  433   6495 8.334474172489383e-02 2.0e+00 5.49e-03  4e-03  6e-03 52:34.7
  445   6675 8.244030688373502e-02 2.0e+00 5.11e-03  4e-03  6e-03 53:58.0
  453   6795 8.229261515209947e-02 2.0e+00 5.02e-03  4e-03  6e-03 55:27.8
  460   6900 8.307151495550145e-02 2.0e+00 4.93e-03  4e-03  6e-03 56:48.0
  468   7020 8.232981362885548e-02 2.1e+00 4.81e-03  4e-03  6e-03 58:10.6
  477   7155 8.228838151876519e-02 2.1e+00 4.43e-03  3e-03  5e-03 59:39.8
  485   7275 8.224910415480149e-02 2.1e+00 4.30e-03  3e-03  5e-03 61:06.0
  494   7410 8.235268225874877e-02 2.1e+00 3.96e-03  3e-03  5e-03 62:39.6
  500   7500 8.281603375183436e-02 2.1e+00 3.72e-03  3e-03  4e-03 63:44.2
  508   7620 8.237931636034782e-02 2.1e+00 3.39e-03  3e-03  4e-03 65:17.4
  516   7740 8.219769406626254e-02 2.1e+00 3.00e-03  2e-03  3e-03 66:47.6
  524   7860 8.217328650695822e-02 2.1e+00 3.03e-03  2e-03  4e-03 68:18.9
  532   7980 8.226401369266347e-02 2.2e+00 2.94e-03  2e-03  3e-03 69:48.7
[stop]
