0 [0/400] 845.9509945801525
2 [0/400] 816.2399521064503
7 [0/400] 772.1314255183328
10 [0/400] 656.204993518133
13 [0/400] 635.1335525605224
32 [0/400] 607.3412127516714
33 [0/400] 569.6419413859205
37 [0/400] 563.6396103067892
44 [0/400] 556.5685424949238
45 [0/400] 528.6113883008419
46 [0/400] 514.142135623731
53 [0/400] 507.0710678118655
55 [1/400] 0.8087662860397404
71 [12/400] 0.805953141975295
77 [15/400] 0.7869961737803104
100 [31/400] 0.7869961737803104
109 [39/400] 0.541822442506539
162 [83/400] 0.5082557135030279
172 [92/400] 0.4996497355975855
176 [96/400] 0.49329059687192606
177 [97/400] 0.48895322358295745
192 [108/400] 0.4815703714476195
200 [114/400] 0.4815703714476195
211 [124/400] 0.44510671516093403
214 [127/400] 0.4377595289484692
215 [128/400] 0.43138977342365215
217 [130/400] 0.35919709547020856
218 [131/400] 0.3434188382182132
241 [152/400] 0.3163124279506002
244 [155/400] 0.3136184446667618
247 [158/400] 0.22039891031452444
255 [165/400] 0.16412846966222427
262 [171/400] 0.14817907005170966
263 [172/400] 0.14410941402836347
279 [186/400] 0.13777982640108288
281 [188/400] 0.1334124498947532
297 [200/400] 0.13234132471760224
299 [202/400] 0.11633341094525645
300 [202/400] 0.11633341094525645
304 [206/400] 0.11542440390827959
313 [215/400] 0.11475242403184427
314 [216/400] 0.09802435330761458
327 [227/400] 0.09775646982265716
363 [259/400] 0.09422055551390005
400 [296/400] 0.09422055551390005
422 [317/400] 0.09302397066448448
500 [372/400] 0.09302397066448448
[stop]
