(7_w,15)-aCMA-ES (mu_w=4.5,w_1=34%) in dimension 50 (seed=8, Fri May 23 16:55:39 2025)
Iterat #Fevals   function value  axis ratio  sigma  min&max std  t[m:s]
    1     15 6.673149262547388e+02 1.0e+00 2.38e-01  2e-01  2e-01 0:06.0
    2     30 5.636396103067892e+02 1.0e+00 2.29e-01  2e-01  2e-01 0:12.1
    3     45 6.414213562373095e+02 1.1e+00 2.21e-01  2e-01  2e-01 0:17.8
    4     60 6.272792206135786e+02 1.1e+00 2.19e-01  2e-01  2e-01 0:23.8
    5     75 6.909188309203679e+02 1.1e+00 2.19e-01  2e-01  2e-01 0:29.4
    7    105 5.813172798364529e+02 1.1e+00 2.21e-01  2e-01  2e-01 0:38.9
    9    135 5.813172798364529e+02 1.1e+00 2.24e-01  2e-01  2e-01 0:49.0
   11    165 5.782219746905533e+02 1.2e+00 2.29e-01  2e-01  2e-01 0:58.9
   13    195 5.553553390593273e+02 1.2e+00 2.37e-01  2e-01  2e-01 1:08.8
   15    225 5.905538513813741e+02 1.2e+00 2.41e-01  2e-01  3e-01 1:18.5
   18    270 5.282842712474619e+02 1.3e+00 2.46e-01  2e-01  3e-01 1:32.7
   21    315 7.127462369358466e+01 1.3e+00 2.50e-01  2e-01  3e-01 1:46.9
   24    360 5.141421356237310e+02 1.3e+00 2.49e-01  2e-01  3e-01 2:00.8
   27    405 5.282842712474619e+02 1.4e+00 2.46e-01  2e-01  3e-01 2:14.6
   31    465 5.176776695296637e+02 1.4e+00 2.36e-01  2e-01  2e-01 2:30.6
   35    525 5.141421356237310e+02 1.4e+00 2.37e-01  2e-01  3e-01 2:47.5
   39    585 5.318198051533947e+02 1.4e+00 2.35e-01  2e-01  2e-01 3:04.7
   43    645 5.141421356237310e+02 1.4e+00 2.29e-01  2e-01  2e-01 3:22.2
   48    720 5.141421356237310e+02 1.4e+00 2.18e-01  2e-01  2e-01 3:43.1
   53    795 5.494974746830583e+02 1.4e+00 2.13e-01  2e-01  2e-01 4:04.1
   59    885 5.282842712474619e+02 1.4e+00 2.10e-01  2e-01  2e-01 4:27.3
   64    960 5.354773001390425e-01 1.4e+00 1.99e-01  2e-01  2e-01 4:49.0
   69   1035 6.157332893043865e-01 1.4e+00 1.95e-01  2e-01  2e-01 5:12.3
   75   1125 2.655944082117671e-01 1.4e+00 1.74e-01  2e-01  2e-01 5:39.4
   80   1200 3.259023746866220e+00 1.5e+00 1.65e-01  2e-01  2e-01 6:05.0
   85   1275 7.580718178029173e-01 1.5e+00 1.63e-01  2e-01  2e-01 6:32.5
   90   1350 5.995839490019778e-01 1.5e+00 1.59e-01  2e-01  2e-01 7:03.4
   96   1440 7.178227495422811e-01 1.5e+00 1.52e-01  1e-01  2e-01 7:33.9
  100   1500 7.764067771240835e-01 1.5e+00 1.50e-01  1e-01  2e-01 7:57.8
  106   1590 3.262748621217033e-01 1.5e+00 1.43e-01  1e-01  2e-01 8:29.5
  113   1695 7.690910422572460e-01 1.5e+00 1.35e-01  1e-01  1e-01 9:04.9
  120   1800 1.059161926141945e+00 1.5e+00 1.36e-01  1e-01  1e-01 9:40.6
  126   1890 7.118878014683951e-01 1.5e+00 1.29e-01  1e-01  1e-01 10:17.0
  132   1980 6.897501336046986e-01 1.5e+00 1.26e-01  1e-01  1e-01 10:50.5
  139   2085 8.048782684857736e-01 1.6e+00 1.18e-01  1e-01  1e-01 11:27.2
  146   2190 3.509313628296616e-01 1.6e+00 1.13e-01  1e-01  1e-01 12:06.9
  152   2280 2.376357821394912e-01 1.6e+00 1.04e-01  9e-02  1e-01 12:45.0
  158   2370 3.582001475022538e-01 1.6e+00 9.70e-02  9e-02  1e-01 13:23.9
  165   2475 2.236128752127192e-01 1.6e+00 9.08e-02  8e-02  1e-01 14:08.1
  172   2580 2.656335591055959e-01 1.6e+00 8.60e-02  8e-02  9e-02 14:50.8
  178   2670 3.197324372203504e-01 1.6e+00 8.33e-02  8e-02  9e-02 15:31.0
  185   2775 2.064326687538263e-01 1.6e+00 8.47e-02  8e-02  9e-02 16:15.9
  192   2880 1.521006645808995e-01 1.6e+00 7.90e-02  7e-02  8e-02 17:00.4
  199   2985 1.467718895960768e-01 1.6e+00 7.82e-02  7e-02  8e-02 17:47.8
  200   3000 2.029291765618337e-01 1.6e+00 7.81e-02  7e-02  8e-02 17:53.7
  208   3120 1.579933625936419e-01 1.7e+00 7.58e-02  7e-02  8e-02 18:44.9
  215   3225 1.510785059218971e-01 1.7e+00 6.84e-02  6e-02  7e-02 19:34.7
  222   3330 1.656554654546697e-01 1.7e+00 6.32e-02  6e-02  7e-02 20:29.6
  228   3420 1.536683932701253e-01 1.7e+00 5.75e-02  5e-02  6e-02 21:20.8
  234   3510 1.516964218357005e-01 1.7e+00 5.55e-02  5e-02  6e-02 22:16.8
  240   3600 1.286309660461145e-01 1.7e+00 5.41e-02  5e-02  6e-02 23:09.5
  247   3705 1.560018209101459e-01 1.7e+00 5.74e-02  5e-02  6e-02 24:07.9
  253   3795 1.248139951377164e-01 1.8e+00 5.46e-02  5e-02  6e-02 25:01.6
  260   3900 1.179836730771783e-01 1.8e+00 5.10e-02  5e-02  5e-02 25:59.1
  266   3990 1.198496880057524e-01 1.8e+00 4.96e-02  4e-02  5e-02 26:54.8
  273   4095 1.225188875747825e-01 1.8e+00 4.97e-02  5e-02  5e-02 27:50.1
  280   4200 1.124510730088960e-01 1.8e+00 4.61e-02  4e-02  5e-02 28:47.6
  287   4305 1.193458113858031e-01 1.8e+00 4.37e-02  4e-02  5e-02 29:48.8
  295   4425 1.081929886404231e-01 1.8e+00 4.21e-02  4e-02  4e-02 30:55.3
  300   4500 1.072462285906760e-01 1.8e+00 3.88e-02  3e-02  4e-02 31:46.6
  307   4605 1.081883861605666e-01 1.8e+00 3.78e-02  3e-02  4e-02 32:53.6
  314   4710 1.068901391911258e-01 1.9e+00 3.66e-02  3e-02  4e-02 34:00.8
  321   4815 1.021099585681978e-01 1.9e+00 3.41e-02  3e-02  4e-02 35:10.8
  328   4920 1.009155504336522e-01 1.9e+00 3.06e-02  3e-02  3e-02 36:14.8
  334   5010 1.027919727334646e-01 1.9e+00 2.91e-02  3e-02  3e-02 37:21.0
  341   5115 1.007115567495341e-01 1.9e+00 2.79e-02  2e-02  3e-02 38:35.0
  348   5220 1.005360641254600e-01 1.9e+00 2.55e-02  2e-02  3e-02 39:45.5
  355   5325 9.632278957589745e-02 1.9e+00 2.29e-02  2e-02  2e-02 40:55.3
  362   5430 1.004872661922596e-01 1.9e+00 2.12e-02  2e-02  2e-02 42:09.7
  369   5535 9.708126909335429e-02 1.9e+00 1.98e-02  2e-02  2e-02 43:30.9
  376   5640 9.621055059727043e-02 1.9e+00 1.88e-02  2e-02  2e-02 44:52.4
  382   5730 9.414893928525843e-02 1.9e+00 1.89e-02  2e-02  2e-02 46:04.3
  389   5835 9.782542242266755e-02 1.9e+00 1.80e-02  2e-02  2e-02 47:17.5
  397   5955 9.862190837267593e-02 2.0e+00 1.70e-02  1e-02  2e-02 48:34.2
  400   6000 9.675565089492098e-02 2.0e+00 1.61e-02  1e-02  2e-02 49:06.7
  407   6105 9.429642850473104e-02 2.0e+00 1.49e-02  1e-02  2e-02 50:28.2
  415   6225 9.371957278432694e-02 2.0e+00 1.41e-02  1e-02  2e-02 51:56.1
  422   6330 9.559967411121474e-02 2.0e+00 1.43e-02  1e-02  2e-02 53:19.1
  430   6450 9.432297418734648e-02 2.0e+00 1.42e-02  1e-02  2e-02 54:39.1
  438   6570 9.380196206671114e-02 2.0e+00 1.40e-02  1e-02  2e-02 56:04.3
  445   6675 9.369509934236184e-02 2.0e+00 1.36e-02  1e-02  1e-02 57:25.4
  453   6795 9.199905932939405e-02 2.0e+00 1.27e-02  1e-02  1e-02 58:54.6
  462   6930 9.457778549635532e-02 2.0e+00 1.23e-02  1e-02  1e-02 60:27.3
  470   7050 9.358916241962484e-02 2.0e+00 1.18e-02  1e-02  1e-02 61:50.3
  479   7185 9.358545946435536e-02 2.0e+00 1.08e-02  9e-03  1e-02 63:25.2
  487   7305 9.152270605656909e-02 2.1e+00 1.05e-02  9e-03  1e-02 64:57.3
  495   7425 9.193269049495659e-02 2.1e+00 1.12e-02  9e-03  1e-02 66:29.6
  500   7500 9.126863814511402e-02 2.1e+00 1.09e-02  9e-03  1e-02 67:19.8
  509   7635 9.038627442146378e-02 2.1e+00 1.04e-02  8e-03  1e-02 68:52.9
  519   7785 8.985660933234646e-02 2.1e+00 9.15e-03  7e-03  1e-02 70:29.9
  528   7920 8.949028574527496e-02 2.2e+00 8.45e-03  7e-03  9e-03 72:05.1
  537   8055 8.892624530736093e-02 2.2e+00 7.01e-03  6e-03  7e-03 73:42.0
  546   8190 8.832874610230756e-02 2.2e+00 6.10e-03  5e-03  6e-03 75:14.5
  559   8385 8.864558794655072e-02 2.2e+00 5.77e-03  5e-03  6e-03 76:53.8
  575   8625 8.877491956055444e-02 2.3e+00 4.86e-03  4e-03  5e-03 78:29.0
  593   8895 8.820864253545974e-02 2.3e+00 4.24e-03  3e-03  5e-03 80:06.3
  600   9000 8.750444347564883e-02 2.3e+00 3.88e-03  3e-03  4e-03 80:46.8
[stop]
