(6_w,12)-aCMA-ES (mu_w=3.7,w_1=40%) in dimension 20 (seed=4, Tue Jun 24 10:51:05 2025)
Iterat #Fevals   function value  axis ratio  sigma  min&max std  t[m:s]
    1     12 7.017373107231942e+02 1.0e+00 2.30e-01  2e-01  2e-01 0:00.8
    2     24 6.000000000000000e+02 1.1e+00 2.14e-01  2e-01  2e-01 0:01.5
    3     36 5.565685424949238e+02 1.1e+00 2.07e-01  2e-01  2e-01 0:02.0
    9    108 5.141421356237310e+02 1.3e+00 2.18e-01  2e-01  2e-01 0:05.5
   14    168 7.782970627081280e-01 1.6e+00 2.17e-01  2e-01  3e-01 0:09.5
   19    228 6.386676467132123e+00 1.6e+00 1.85e-01  2e-01  2e-01 0:14.7
   23    276 6.940989397377710e-01 1.7e+00 1.81e-01  2e-01  2e-01 0:23.1
   29    348 8.822923746284181e-01 1.7e+00 1.61e-01  1e-01  2e-01 0:31.4
   33    396 1.286198346141905e+00 1.7e+00 1.37e-01  1e-01  2e-01 0:41.1
   36    432 5.300210024336752e-01 1.7e+00 1.23e-01  1e-01  1e-01 0:51.0
   40    480 8.726155413527121e-01 1.7e+00 1.10e-01  9e-02  1e-01 1:05.0
   43    516 2.742038815186714e-01 1.7e+00 1.03e-01  8e-02  1e-01 1:17.5
   46    552 1.729059277751768e-01 1.8e+00 1.02e-01  8e-02  1e-01 1:30.3
   50    600 1.663548096428052e-01 1.9e+00 8.70e-02  6e-02  1e-01 1:45.9
   53    636 1.625910974801356e-01 1.9e+00 8.60e-02  6e-02  1e-01 2:00.2
   57    684 1.680437695366060e-01 1.9e+00 8.07e-02  5e-02  9e-02 2:18.8
   60    720 1.582175744549050e-01 2.0e+00 7.20e-02  5e-02  8e-02 2:37.5
   63    756 1.597790548630268e-01 2.1e+00 6.15e-02  4e-02  7e-02 2:57.5
   66    792 1.530618713813700e-01 2.1e+00 5.81e-02  4e-02  7e-02 3:19.1
   69    828 1.517754580687979e-01 2.1e+00 5.76e-02  4e-02  7e-02 3:39.2
   73    876 1.486902106372536e-01 2.1e+00 5.43e-02  3e-02  6e-02 4:02.2
   77    924 1.431822828278053e-01 2.2e+00 5.54e-02  3e-02  6e-02 4:27.0
[stop]
