0 [0/400] 778.8065685240133
3 [0/400] 766.2867502747341
4 [0/400] 680.3154621172781
13 [0/400] 669.3149262547389
18 [0/400] 603.6396103067893
jitter = 1e-07
jitter = 1e-06
jitter = 9.999999999999999e-06
jitter = 9.999999999999999e-05
22 [0/400] 582.157731058639
jitter = 1e-07
jitter = 1e-06
jitter = 9.999999999999999e-06
jitter = 9.999999999999999e-05
26 [0/400] 576.157731058639
30 [0/400] 534.0
38 [1/400] 0.8829833457339764
100 [52/400] 0.8829833457339764
200 [139/400] 0.8829833457339764
300 [228/400] 0.8829833457339764
400 [323/400] 0.8829833457339764
[stop]
