(7_w,15)-aCMA-ES (mu_w=4.5,w_1=34%) in dimension 50 (seed=3, Tue Jun 17 07:59:21 2025)
Iterat #Fevals   function value  axis ratio  sigma  min&max std  t[m:s]
    1     15 6.032479881202222e+02 1.0e+00 2.36e-01  2e-01  2e-01 0:00.8
    2     30 5.919238815542511e+02 1.0e+00 2.29e-01  2e-01  2e-01 0:01.5
    3     45 5.141421356237310e+02 1.1e+00 2.22e-01  2e-01  2e-01 0:02.1
    8    120 5.141421356237310e+02 1.1e+00 2.00e-01  2e-01  2e-01 0:05.5
   12    180 5.070710678118655e+02 1.1e+00 1.93e-01  2e-01  2e-01 0:09.8
   15    225 1.001622488946421e+00 1.2e+00 1.92e-01  2e-01  2e-01 0:16.1
   20    300 2.295803865268432e-01 1.2e+00 2.03e-01  2e-01  2e-01 0:24.1
   24    360 1.393736387581346e+00 1.3e+00 2.02e-01  2e-01  2e-01 0:31.9
   29    435 6.718266898167872e+00 1.4e+00 2.04e-01  2e-01  2e-01 0:40.5
   34    510 1.252726867883080e+00 1.4e+00 1.93e-01  2e-01  2e-01 0:50.5
   41    615 1.537107351172720e+00 1.4e+00 1.84e-01  2e-01  2e-01 1:01.5
   48    720 2.473855848059260e+00 1.4e+00 1.73e-01  2e-01  2e-01 1:13.3
   53    795 3.763790507450757e-01 1.4e+00 1.71e-01  2e-01  2e-01 1:26.2
   60    900 6.156138153305146e-01 1.5e+00 1.65e-01  1e-01  2e-01 1:40.3
   67   1005 3.262979068981147e-01 1.5e+00 1.66e-01  2e-01  2e-01 1:54.4
   79   1185 2.097476624650932e-01 1.5e+00 1.58e-01  1e-01  2e-01 2:10.6
   87   1305 2.278540174092178e-01 1.5e+00 1.66e-01  1e-01  2e-01 2:26.7
   97   1455 3.259767219511055e-01 1.6e+00 1.66e-01  1e-01  2e-01 2:44.2
  100   1500 2.028023287707681e-01 1.6e+00 1.65e-01  1e-01  2e-01 2:49.0
  110   1650 3.236099481272507e-01 1.6e+00 1.45e-01  1e-01  2e-01 3:09.8
  117   1755 1.802166144994710e-01 1.6e+00 1.32e-01  1e-01  1e-01 3:30.4
  123   1845 1.773251260860703e-01 1.7e+00 1.27e-01  1e-01  1e-01 3:53.2
  130   1950 2.334668927647679e-01 1.7e+00 1.17e-01  1e-01  1e-01 4:16.8
  138   2070 5.877940531281113e-01 1.7e+00 1.22e-01  1e-01  1e-01 4:44.0
  148   2220 2.438187239052268e-01 1.7e+00 1.14e-01  1e-01  1e-01 5:09.3
  158   2370 1.731170506228542e-01 1.7e+00 1.00e-01  8e-02  1e-01 5:37.4
  164   2460 1.575122111068412e-01 1.7e+00 8.55e-02  7e-02  9e-02 6:06.7
  169   2535 1.593103432575297e-01 1.7e+00 8.13e-02  7e-02  8e-02 6:33.8
  174   2610 1.092715796877779e-01 1.7e+00 7.92e-02  6e-02  8e-02 7:04.4
  180   2700 1.293018396364067e-01 1.8e+00 7.43e-02  6e-02  8e-02 7:36.4
  186   2790 1.344423283298424e-01 1.8e+00 7.19e-02  6e-02  7e-02 8:10.8
  191   2865 1.019818099360775e-01 1.8e+00 6.70e-02  5e-02  7e-02 8:48.1
  196   2940 1.046417099854295e-01 1.8e+00 6.14e-02  5e-02  6e-02 9:21.5
  200   3000 1.024473012955571e-01 1.8e+00 6.09e-02  5e-02  6e-02 9:48.7
  206   3090 1.074706346487425e-01 1.8e+00 6.35e-02  5e-02  7e-02 10:25.4
  212   3180 1.019280859717863e-01 1.8e+00 6.07e-02  5e-02  6e-02 11:09.5
  218   3270 9.821773849280951e-02 1.8e+00 5.87e-02  5e-02  6e-02 11:50.8
  225   3375 9.579294867783480e-02 1.8e+00 5.58e-02  4e-02  6e-02 12:30.1
[stop]
