0 [0/200] 879.354064878301
3 [0/200] 805.5790458640595
9 [0/200] 652.4
16 [0/200] 577.7817459305202
17 [0/200] 562.8
19 [1/200] 0.8779021038901056
26 [4/200] 0.3199552773731992
58 [26/200] 0.3108844968486896
64 [31/200] 0.3035145544694886
74 [40/200] 0.28302719091224454
81 [47/200] 0.2796092724005712
88 [54/200] 0.2747632274550995
89 [55/200] 0.26860490854528807
99 [63/200] 0.26632728087600765
100 [64/200] 0.26632728087600765
104 [68/200] 0.26324448488565966
105 [69/200] 0.26178946023621985
115 [77/200] 0.25915294273392114
121 [83/200] 0.2532562812003447
143 [103/200] 0.23905900141654288
144 [104/200] 0.21876452479869996
162 [117/200] 0.21110557494708554
181 [129/200] 0.20415373619645227
183 [131/200] 0.19893457837871437
200 [143/200] 0.19893457837871437
229 [167/200] 0.19769073709266208
[stop]
