(7_w,15)-aCMA-ES (mu_w=4.5,w_1=34%) in dimension 50 (seed=12, Tue Jun 17 07:36:30 2025)
Iterat #Fevals   function value  axis ratio  sigma  min&max std  t[m:s]
    1     15 6.203213595499958e+02 1.0e+00 2.37e-01  2e-01  2e-01 0:00.1
    2     30 6.477555244525214e+02 1.0e+00 2.32e-01  2e-01  2e-01 0:00.3
    3     45 6.711741732923813e+02 1.1e+00 2.27e-01  2e-01  2e-01 0:00.4
   19    285 4.873048539155653e-01 1.3e+00 2.64e-01  3e-01  3e-01 0:04.1
   33    495 5.779131086225051e-01 1.4e+00 2.37e-01  2e-01  2e-01 0:08.4
   42    630 9.222413826485573e-01 1.4e+00 2.16e-01  2e-01  2e-01 0:13.9
   46    690 5.544258854205517e-01 1.4e+00 2.04e-01  2e-01  2e-01 0:19.9
   52    780 6.164290738965008e-01 1.4e+00 1.84e-01  2e-01  2e-01 0:28.5
   55    825 2.675172419793967e+00 1.4e+00 1.79e-01  2e-01  2e-01 0:37.1
   58    870 2.572233486097387e+00 1.4e+00 1.73e-01  2e-01  2e-01 0:49.8
   61    915 2.588957032473844e+00 1.4e+00 1.69e-01  2e-01  2e-01 0:59.9
   64    960 4.271028250110497e-01 1.4e+00 1.67e-01  2e-01  2e-01 1:13.3
   67   1005 6.117038277567723e-01 1.4e+00 1.64e-01  2e-01  2e-01 1:25.3
   71   1065 3.686104619083385e-01 1.4e+00 1.52e-01  1e-01  2e-01 1:40.4
   75   1125 2.336095617060409e-01 1.5e+00 1.45e-01  1e-01  2e-01 1:56.7
   78   1170 1.886814995673021e-01 1.5e+00 1.41e-01  1e-01  1e-01 2:13.9
   82   1230 1.886814995673021e-01 1.5e+00 1.36e-01  1e-01  1e-01 2:31.3
   86   1290 1.886814995673021e-01 1.5e+00 1.26e-01  1e-01  1e-01 2:51.0
   89   1335 1.886814995673021e-01 1.5e+00 1.17e-01  1e-01  1e-01 3:10.5
   92   1380 1.886814995673021e-01 1.5e+00 1.10e-01  1e-01  1e-01 3:31.3
   96   1440 1.884505172489485e-01 1.5e+00 1.05e-01  1e-01  1e-01 3:55.3
  100   1500 1.886814995673021e-01 1.5e+00 9.56e-02  9e-02  1e-01 4:23.3
  104   1560 1.886814995673021e-01 1.5e+00 8.65e-02  8e-02  9e-02 4:52.8
  107   1605 1.886814995673021e-01 1.5e+00 8.22e-02  8e-02  8e-02 5:16.6
  110   1650 1.886814995673021e-01 1.5e+00 8.06e-02  8e-02  8e-02 5:40.8
  115   1725 1.886814995673021e-01 1.5e+00 7.58e-02  7e-02  8e-02 6:13.4
  119   1785 1.886814995673021e-01 1.5e+00 7.02e-02  7e-02  7e-02 6:48.6
  123   1845 1.886814995673021e-01 1.5e+00 6.85e-02  6e-02  7e-02 7:19.8
  127   1905 1.886814995673021e-01 1.5e+00 6.52e-02  6e-02  7e-02 7:53.7
  131   1965 1.886814995673021e-01 1.5e+00 6.43e-02  6e-02  7e-02 8:28.6
  135   2025 1.886814995673021e-01 1.6e+00 6.39e-02  6e-02  7e-02 8:59.0
  139   2085 1.886814995673021e-01 1.6e+00 6.33e-02  6e-02  7e-02 9:33.3
  140   2100 1.886814995673021e-01 1.6e+00 6.35e-02  6e-02  7e-02 9:42.9
termination on tolflatfitness=1 (Tue Jun 17 07:46:13 2025)
final/bestever f-value = 1.886815e-01 1.194548e-01
incumbent solution: [0.64204831 0.14046923 0.92129061 0.0047282  0.39389645 0.9995727
 0.68913522 0.93326584 ...]
std deviations: [0.06212822 0.06537915 0.06249701 0.06208951 0.05937004 0.06238102
 0.06039929 0.06453451 ...]
(15_w,31)-aCMA-ES (mu_w=8.9,w_1=20%) in dimension 50 (seed=13, Tue Jun 17 07:46:13 2025)
Iterat #Fevals   function value  axis ratio  sigma  min&max std  t[m:s]
    1   2132 6.623477664211887e+02 1.0e+00 2.37e-01  2e-01  2e-01 0:00.5
    2   2163 6.728528137423856e+02 1.1e+00 2.29e-01  2e-01  2e-01 0:00.9
    3   2194 7.025403974469018e+02 1.1e+00 2.26e-01  2e-01  2e-01 0:01.3
   11   2442 5.395999999999999e+02 1.2e+00 2.40e-01  2e-01  2e-01 0:04.5
   20   2721 5.131085545085086e-01 1.3e+00 2.47e-01  2e-01  3e-01 0:08.6
   26   2907 1.311285584585709e+00 1.4e+00 2.44e-01  2e-01  3e-01 0:14.1
   31   3062 2.975094746860945e+00 1.5e+00 2.48e-01  2e-01  3e-01 0:20.6
   36   3217 1.818353290543866e+00 1.5e+00 2.43e-01  2e-01  2e-01 0:29.6
   40   3341 1.372345890823254e+00 1.5e+00 2.34e-01  2e-01  2e-01 0:39.0
   43   3434 6.728682277192080e-01 1.6e+00 2.48e-01  2e-01  3e-01 0:50.2
   46   3527 3.655988148319070e+00 1.6e+00 2.38e-01  2e-01  2e-01 1:00.3
   49   3620 1.560334332158063e+00 1.6e+00 2.23e-01  2e-01  2e-01 1:12.2
   52   3713 7.237963391767812e-01 1.6e+00 2.15e-01  2e-01  2e-01 1:25.3
   54   3775 8.373941157430939e-01 1.6e+00 2.15e-01  2e-01  2e-01 1:39.0
   56   3837 3.708920906251525e-01 1.6e+00 2.13e-01  2e-01  2e-01 1:57.5
[stop]
