(7_w,15)-aCMA-ES (mu_w=4.5,w_1=34%) in dimension 50 (seed=10, Tue Jun 17 07:59:21 2025)
Iterat #Fevals   function value  axis ratio  sigma  min&max std  t[m:s]
    1     15 5.919238815542512e+02 1.0e+00 2.36e-01  2e-01  2e-01 0:01.1
    2     30 5.777817459305203e+02 1.0e+00 2.29e-01  2e-01  2e-01 0:01.9
    3     45 5.694974746830583e+02 1.1e+00 2.23e-01  2e-01  2e-01 0:03.0
    7    105 5.424264068711929e+02 1.1e+00 2.10e-01  2e-01  2e-01 0:06.3
   13    195 5.141421356237310e+02 1.1e+00 1.98e-01  2e-01  2e-01 0:11.1
   18    270 5.505549870761598e+00 1.2e+00 1.84e-01  2e-01  2e-01 0:16.8
   24    360 3.428029741132045e-01 1.2e+00 1.76e-01  2e-01  2e-01 0:24.7
   30    450 5.070710678118655e+02 1.2e+00 1.75e-01  2e-01  2e-01 0:31.9
   34    510 4.552528234308395e-01 1.3e+00 1.73e-01  2e-01  2e-01 0:40.2
   42    630 5.070710678118655e+02 1.3e+00 1.79e-01  2e-01  2e-01 0:49.6
   50    750 2.360681365272191e+02 1.4e+00 1.74e-01  2e-01  2e-01 1:00.4
   57    855 1.937459393173011e-01 1.4e+00 1.59e-01  2e-01  2e-01 1:12.5
   62    930 2.988458994911188e-01 1.5e+00 1.43e-01  1e-01  1e-01 1:24.6
   68   1020 1.406437635002468e-01 1.5e+00 1.29e-01  1e-01  1e-01 1:39.0
   72   1080 9.904230418409163e-02 1.5e+00 1.23e-01  1e-01  1e-01 1:53.2
   79   1185 1.995098205915551e-01 1.5e+00 1.20e-01  1e-01  1e-01 2:10.3
   84   1260 2.006720259700537e-01 1.5e+00 1.20e-01  1e-01  1e-01 2:28.8
   87   1305 1.242462932148602e-01 1.5e+00 1.20e-01  1e-01  1e-01 2:46.1
   92   1380 1.137135674038963e-01 1.5e+00 1.14e-01  1e-01  1e-01 3:07.4
   98   1470 1.266544369786283e-01 1.5e+00 1.04e-01  1e-01  1e-01 3:28.4
  100   1500 1.382651395932637e-01 1.5e+00 1.02e-01  1e-01  1e-01 3:38.4
  104   1560 1.475276595386909e-01 1.5e+00 9.65e-02  9e-02  1e-01 4:01.4
  108   1620 1.447222665037519e-01 1.5e+00 9.30e-02  9e-02  1e-01 4:27.8
  112   1680 1.502441220806930e-01 1.5e+00 8.09e-02  8e-02  8e-02 4:53.2
  116   1740 1.123178550264037e-01 1.6e+00 7.52e-02  7e-02  8e-02 5:20.1
  121   1815 9.616091222664815e-02 1.6e+00 7.18e-02  7e-02  8e-02 5:49.8
  126   1890 1.027503380609570e-01 1.6e+00 6.77e-02  6e-02  7e-02 6:20.8
  130   1950 9.282136810242564e-02 1.6e+00 6.38e-02  6e-02  7e-02 6:49.1
  136   2040 1.011543619496622e-01 1.6e+00 6.38e-02  6e-02  7e-02 7:25.8
  141   2115 9.618644689111636e-02 1.6e+00 6.21e-02  6e-02  7e-02 7:56.0
  146   2190 1.035141779544756e-01 1.6e+00 5.96e-02  5e-02  6e-02 8:32.1
  150   2250 9.061352112493307e-02 1.6e+00 5.75e-02  5e-02  6e-02 9:07.2
  155   2325 8.762653997020176e-02 1.6e+00 5.39e-02  5e-02  6e-02 9:44.2
  160   2400 8.437899143365540e-02 1.6e+00 5.25e-02  5e-02  6e-02 10:17.5
  165   2475 8.648779682696506e-02 1.7e+00 4.97e-02  5e-02  5e-02 10:55.8
  170   2550 8.584578520707926e-02 1.7e+00 4.89e-02  4e-02  5e-02 11:33.6
  175   2625 8.304468276869865e-02 1.7e+00 4.64e-02  4e-02  5e-02 12:12.1
[stop]
