(7_w,15)-aCMA-ES (mu_w=4.5,w_1=34%) in dimension 50 (seed=23, Fri May 23 16:55:38 2025)
Iterat #Fevals   function value  axis ratio  sigma  min&max std  t[m:s]
    1     15 7.333452377915605e+02 1.0e+00 2.36e-01  2e-01  2e-01 0:07.3
    2     30 5.636396103067893e+02 1.0e+00 2.27e-01  2e-01  2e-01 0:13.5
    3     45 6.955087362779736e+02 1.1e+00 2.21e-01  2e-01  2e-01 0:19.0
    4     60 6.387378814193345e+02 1.1e+00 2.19e-01  2e-01  2e-01 0:24.0
    5     75 5.447213595499958e+02 1.1e+00 2.18e-01  2e-01  2e-01 0:28.7
    6     90 5.879942905448967e+02 1.1e+00 2.17e-01  2e-01  2e-01 0:33.9
    8    120 5.494974746830583e+02 1.1e+00 2.14e-01  2e-01  2e-01 0:42.3
   10    150 1.081125603157239e+00 1.1e+00 2.13e-01  2e-01  2e-01 0:51.8
   12    180 5.696419413859205e+02 1.2e+00 2.10e-01  2e-01  2e-01 1:00.7
   15    225 5.141421356237310e+02 1.2e+00 2.12e-01  2e-01  2e-01 1:13.3
   18    270 1.633056768734282e+01 1.2e+00 2.13e-01  2e-01  2e-01 1:25.6
   21    315 5.386938444135493e+02 1.3e+00 2.08e-01  2e-01  2e-01 1:38.7
   24    360 1.178649063230520e+00 1.3e+00 2.00e-01  2e-01  2e-01 1:51.4
   28    420 3.560107246161693e+02 1.3e+00 1.91e-01  2e-01  2e-01 2:08.6
   32    480 3.112933450568719e-01 1.3e+00 1.86e-01  2e-01  2e-01 2:26.0
   36    540 5.070710678118655e+02 1.3e+00 1.88e-01  2e-01  2e-01 2:42.8
   40    600 5.070710678118655e+02 1.4e+00 1.81e-01  2e-01  2e-01 2:59.6
   44    660 1.663479911991433e+00 1.4e+00 1.78e-01  2e-01  2e-01 3:18.6
   48    720 2.667551870364328e+00 1.4e+00 1.77e-01  2e-01  2e-01 3:38.2
   53    795 2.153805698919327e+00 1.4e+00 1.81e-01  2e-01  2e-01 4:00.5
   58    870 7.062226822752252e-01 1.4e+00 1.89e-01  2e-01  2e-01 4:23.0
   64    960 8.401034501169018e+00 1.4e+00 1.77e-01  2e-01  2e-01 4:48.0
   69   1035 7.447529001937661e-01 1.5e+00 1.66e-01  2e-01  2e-01 5:10.2
   74   1110 6.909151904869073e-01 1.5e+00 1.54e-01  1e-01  2e-01 5:36.3
   79   1185 1.166132618304288e+00 1.5e+00 1.53e-01  1e-01  2e-01 6:01.4
   84   1260 8.166310325061472e-01 1.5e+00 1.57e-01  1e-01  2e-01 6:26.7
   89   1335 2.242790717118568e-01 1.5e+00 1.57e-01  1e-01  2e-01 6:55.6
   95   1425 2.946558014839774e+00 1.5e+00 1.53e-01  1e-01  2e-01 7:27.2
  100   1500 7.795256623646972e+01 1.5e+00 1.51e-01  1e-01  2e-01 7:50.0
  106   1590 7.492221832494490e+00 1.5e+00 1.49e-01  1e-01  2e-01 8:19.9
  113   1695 3.034962988243336e-01 1.5e+00 1.40e-01  1e-01  1e-01 8:52.3
  123   1845 3.096828062581652e-01 1.5e+00 1.15e-01  1e-01  1e-01 9:26.0
  133   1995 5.556399064035794e-01 1.5e+00 9.21e-02  9e-02  1e-01 10:01.0
  139   2085 1.827027557069548e-01 1.5e+00 8.02e-02  7e-02  8e-02 10:34.5
  143   2145 2.771291940530454e-01 1.5e+00 7.27e-02  7e-02  8e-02 11:09.0
  148   2220 2.214226064234435e-01 1.5e+00 6.58e-02  6e-02  7e-02 11:51.1
  152   2280 1.291422327294248e-01 1.5e+00 6.42e-02  6e-02  7e-02 12:29.2
  157   2355 1.430228756452170e-01 1.5e+00 6.56e-02  6e-02  7e-02 13:12.0
  163   2445 1.217749193766786e-01 1.6e+00 6.48e-02  6e-02  7e-02 13:50.9
  169   2535 1.801020182624964e-01 1.6e+00 6.44e-02  6e-02  7e-02 14:32.2
  176   2640 1.364646344386581e-01 1.6e+00 6.50e-02  6e-02  7e-02 15:14.9
  182   2730 1.550319755648588e-01 1.6e+00 6.21e-02  6e-02  6e-02 16:01.5
  188   2820 1.462896174969404e-01 1.6e+00 5.81e-02  5e-02  6e-02 16:51.4
  194   2910 1.172592628109481e-01 1.6e+00 5.38e-02  5e-02  6e-02 17:42.1
  199   2985 1.207292663684856e-01 1.6e+00 5.18e-02  5e-02  5e-02 18:28.6
  200   3000 1.139966578913855e-01 1.6e+00 5.09e-02  4e-02  5e-02 18:39.3
  205   3075 1.147669444142111e-01 1.6e+00 4.74e-02  4e-02  5e-02 19:31.1
  210   3150 1.069306930435888e-01 1.6e+00 4.26e-02  4e-02  5e-02 20:26.9
  215   3225 1.097827975819080e-01 1.6e+00 3.81e-02  3e-02  4e-02 21:22.5
  220   3300 9.785270135485344e-02 1.6e+00 3.48e-02  3e-02  4e-02 22:17.8
  225   3375 1.014699714296707e-01 1.6e+00 3.12e-02  3e-02  3e-02 23:13.6
  230   3450 1.059732116787886e-01 1.6e+00 2.86e-02  2e-02  3e-02 24:09.8
  235   3525 9.981229939615670e-02 1.6e+00 2.48e-02  2e-02  3e-02 25:05.9
  240   3600 9.946784258910860e-02 1.6e+00 2.50e-02  2e-02  3e-02 26:04.2
  245   3675 9.939316392093311e-02 1.7e+00 2.47e-02  2e-02  3e-02 26:58.6
  250   3750 9.962310014927397e-02 1.7e+00 2.34e-02  2e-02  2e-02 27:55.0
  256   3840 1.014514781294837e-01 1.7e+00 2.21e-02  2e-02  2e-02 28:57.2
  262   3930 9.913660009158765e-02 1.8e+00 1.95e-02  2e-02  2e-02 30:05.1
  268   4020 9.521669109456643e-02 1.8e+00 1.67e-02  1e-02  2e-02 31:11.2
  274   4110 9.501171062097077e-02 1.8e+00 1.50e-02  1e-02  2e-02 32:17.8
  280   4200 9.410313911289524e-02 1.8e+00 1.44e-02  1e-02  2e-02 33:20.3
  286   4290 9.308736626286321e-02 1.8e+00 1.37e-02  1e-02  1e-02 34:28.7
  292   4380 9.401046032684510e-02 1.8e+00 1.37e-02  1e-02  1e-02 35:35.6
  298   4470 9.183514207903153e-02 1.8e+00 1.29e-02  1e-02  1e-02 36:42.1
  300   4500 9.114494514057089e-02 1.8e+00 1.33e-02  1e-02  1e-02 37:02.3
  306   4590 9.011476831219754e-02 1.8e+00 1.27e-02  1e-02  1e-02 38:08.5
  313   4695 9.141623249352421e-02 1.8e+00 1.16e-02  1e-02  1e-02 39:23.9
  319   4785 9.072000719132463e-02 1.8e+00 1.09e-02  9e-03  1e-02 40:33.7
  326   4890 9.099785020897133e-02 1.8e+00 9.76e-03  8e-03  1e-02 41:49.1
  333   4995 9.052484239066852e-02 1.8e+00 9.58e-03  8e-03  1e-02 43:03.2
  340   5100 8.938812449177153e-02 1.9e+00 9.98e-03  8e-03  1e-02 44:22.4
  347   5205 8.946086723264970e-02 2.0e+00 1.07e-02  9e-03  1e-02 45:41.8
  353   5295 8.988792451198040e-02 2.0e+00 1.05e-02  9e-03  1e-02 46:54.8
  360   5400 8.999731740760758e-02 2.0e+00 1.01e-02  8e-03  1e-02 48:19.1
  367   5505 8.921432064577704e-02 2.1e+00 8.81e-03  7e-03  1e-02 49:34.1
  374   5610 8.858283271490786e-02 2.1e+00 8.63e-03  7e-03  9e-03 50:49.7
  382   5730 8.891202436411973e-02 2.1e+00 8.59e-03  7e-03  9e-03 52:16.0
  389   5835 8.942334991556716e-02 2.1e+00 8.58e-03  7e-03  9e-03 53:36.5
  396   5940 8.818638692112371e-02 2.1e+00 8.09e-03  7e-03  9e-03 54:56.5
  400   6000 8.927608994058814e-02 2.1e+00 8.04e-03  6e-03  9e-03 55:43.2
  408   6120 8.791454705908397e-02 2.1e+00 6.96e-03  6e-03  8e-03 57:12.2
  416   6240 8.669008596257743e-02 2.2e+00 6.39e-03  5e-03  7e-03 58:35.7
  424   6360 8.747718374828882e-02 2.2e+00 5.96e-03  5e-03  7e-03 59:57.7
  432   6480 8.710546485816208e-02 2.2e+00 5.88e-03  5e-03  6e-03 61:26.7
  440   6600 8.701485122592612e-02 2.2e+00 6.10e-03  5e-03  7e-03 62:56.4
  448   6720 8.589001327161565e-02 2.3e+00 5.81e-03  5e-03  6e-03 64:26.0
  456   6840 8.579248840594637e-02 2.3e+00 5.22e-03  4e-03  6e-03 65:56.5
  465   6975 8.551816429665139e-02 2.3e+00 4.98e-03  4e-03  5e-03 67:30.8
  474   7110 8.549965351461411e-02 2.4e+00 4.70e-03  4e-03  5e-03 69:05.2
  483   7245 8.527607511057698e-02 2.5e+00 4.35e-03  3e-03  5e-03 70:38.1
  492   7380 8.558579235212242e-02 2.5e+00 4.06e-03  3e-03  4e-03 72:15.0
  500   7500 8.497930909424348e-02 2.5e+00 3.85e-03  3e-03  4e-03 73:32.9
  510   7650 8.508036350095269e-02 2.6e+00 3.10e-03  2e-03  3e-03 75:06.0
[stop]
