0 [0/400] 1338.6953414817071
1 [0/400] 1170.3202986417004
2 [0/400] 1072.0710623434397
3 [0/400] 579.5227223840493
23 [0/400] 565.3805867603185
24 [0/400] 548.2842712474619
28 [0/400] 521.2132034355965
31 [0/400] 514.142135623731
48 [0/400] 507.0710678118655
49 [1/400] 11.20658276944372
54 [4/400] 10.831649541936635
62 [6/400] 8.704283725925002
63 [7/400] 3.9664551351734474
64 [8/400] 3.785766113875346
68 [12/400] 3.763964323348085
78 [20/400] 2.5453299817402297
86 [27/400] 2.471862342770209
89 [29/400] 1.1232538946398005
96 [36/400] 0.6863927524114999
100 [40/400] 0.6863927524114999
102 [42/400] 0.6782777492921924
105 [45/400] 0.6237719126832367
107 [47/400] 0.6204013130415083
108 [48/400] 0.5735154342710291
112 [52/400] 0.46270549408673
123 [61/400] 0.4214100715028265
127 [64/400] 0.41703861556661903
155 [83/400] 0.37748107744536585
161 [89/400] 0.3760559369487604
163 [91/400] 0.3233026592044993
171 [98/400] 0.31942918326829606
173 [100/400] 0.31547146329688375
183 [110/400] 0.2933527907760079
187 [114/400] 0.24842098409281294
200 [125/400] 0.24842098409281294
209 [133/400] 0.24054289124647987
213 [137/400] 0.24044594482994616
215 [139/400] 0.23292209867049446
220 [144/400] 0.17312500059687355
226 [149/400] 0.15679764738301746
293 [214/400] 0.15424162183440693
294 [215/400] 0.14957099450893147
300 [221/400] 0.14957099450893147
314 [234/400] 0.14848837337819834
322 [242/400] 0.1482858468503811
326 [246/400] 0.14291430109800213
327 [247/400] 0.1425380855738581
362 [282/400] 0.13721443532911326
364 [284/400] 0.13674333519980475
389 [309/400] 0.13431670577233162
399 [316/400] 0.13364903583457738
400 [317/400] 0.13364903583457738
427 [341/400] 0.13306033759629735
430 [344/400] 0.1286971395297522
466 [380/400] 0.12823443668354173
472 [386/400] 0.1277888755044493
477 [390/400] 0.12653239286307005
478 [391/400] 0.12643310869905222
482 [395/400] 0.12539078052273195
485 [398/400] 0.1250782438221438
[stop]
