(7_w,15)-aCMA-ES (mu_w=4.5,w_1=34%) in dimension 50 (seed=9, Tue Jun 17 07:59:21 2025)
Iterat #Fevals   function value  axis ratio  sigma  min&max std  t[m:s]
    1     15 5.070710678118655e+02 1.0e+00 2.38e-01  2e-01  2e-01 0:00.7
    2     30 5.703166210152331e+02 1.0e+00 2.30e-01  2e-01  2e-01 0:01.3
    3     45 5.965685424949238e+02 1.1e+00 2.26e-01  2e-01  2e-01 0:02.0
    6     90 5.353553390593273e+02 1.1e+00 2.19e-01  2e-01  2e-01 0:05.1
    9    135 8.016371668400915e+00 1.1e+00 2.17e-01  2e-01  2e-01 0:09.3
   13    195 3.794131690140086e+00 1.2e+00 2.19e-01  2e-01  2e-01 0:14.4
   18    270 2.996859786525381e+00 1.2e+00 2.24e-01  2e-01  2e-01 0:21.8
   25    375 5.168994413033098e-01 1.3e+00 2.08e-01  2e-01  2e-01 0:31.3
   35    525 5.282842712474619e+02 1.4e+00 2.17e-01  2e-01  2e-01 0:39.4
   45    675 3.769050340988910e-01 1.5e+00 2.21e-01  2e-01  2e-01 0:49.3
   56    840 5.282842712474619e+02 1.6e+00 2.05e-01  2e-01  2e-01 1:00.2
   67   1005 1.932138505356953e+00 1.7e+00 2.03e-01  2e-01  2e-01 1:13.0
   77   1155 2.737153061076888e+00 1.7e+00 2.10e-01  2e-01  2e-01 1:25.6
   90   1350 5.141421356237310e+02 1.7e+00 2.06e-01  2e-01  2e-01 1:39.2
   99   1485 5.310487227668195e-01 1.7e+00 1.95e-01  2e-01  2e-01 1:53.3
  100   1500 1.251999017334376e+00 1.7e+00 1.91e-01  2e-01  2e-01 1:55.4
  109   1635 3.387520322220477e-01 1.8e+00 1.84e-01  2e-01  2e-01 2:12.6
  123   1845 2.549217428129793e+00 1.8e+00 2.10e-01  2e-01  2e-01 2:29.8
  139   2085 8.087494035070186e-01 1.9e+00 2.01e-01  2e-01  2e-01 2:48.3
  156   2340 8.457783520745952e+00 1.9e+00 1.86e-01  2e-01  2e-01 3:07.8
  176   2640 4.752991046685921e+00 1.9e+00 1.84e-01  2e-01  2e-01 3:29.6
  190   2850 2.667088998712349e-01 1.9e+00 1.74e-01  2e-01  2e-01 3:52.0
  200   3000 6.597869117692086e-01 1.9e+00 1.78e-01  2e-01  2e-01 4:05.8
  215   3225 4.128769281399770e+00 2.0e+00 1.59e-01  1e-01  2e-01 4:28.8
  230   3450 4.748910050718679e-01 2.0e+00 1.47e-01  1e-01  2e-01 4:55.6
  243   3645 3.275452098802722e-01 2.0e+00 1.52e-01  1e-01  2e-01 5:24.2
  260   3900 2.295548663722197e+00 2.0e+00 1.94e-01  2e-01  2e-01 5:51.6
  276   4140 7.108455523524194e-01 2.0e+00 1.47e-01  1e-01  2e-01 6:19.8
  286   4290 2.543659933139580e-01 2.0e+00 1.26e-01  1e-01  1e-01 6:49.8
  294   4410 3.007771735181904e-01 2.0e+00 1.20e-01  1e-01  1e-01 7:20.4
  300   4500 1.997508453038846e-01 2.0e+00 1.21e-01  1e-01  1e-01 7:39.1
  307   4605 3.282778593641140e-01 2.0e+00 1.14e-01  1e-01  1e-01 8:11.7
  314   4710 1.731251483866611e-01 2.1e+00 1.09e-01  9e-02  1e-01 8:46.9
  322   4830 1.778233091879121e-01 2.1e+00 1.03e-01  9e-02  1e-01 9:20.9
  331   4965 1.853638540029892e-01 2.1e+00 9.87e-02  9e-02  1e-01 9:58.5
  343   5145 2.607966586521611e-01 2.1e+00 1.00e-01  9e-02  1e-01 10:35.0
  352   5280 2.528008558776939e-01 2.1e+00 1.01e-01  9e-02  1e-01 11:14.3
  360   5400 1.262000128433349e-01 2.1e+00 1.03e-01  9e-02  1e-01 11:56.7
  370   5550 2.613879165985676e-01 2.1e+00 9.92e-02  9e-02  1e-01 12:35.3
  381   5715 1.966374561297623e-01 2.1e+00 8.22e-02  7e-02  9e-02 13:14.4
  393   5895 1.194842950560880e-01 2.1e+00 8.83e-02  8e-02  9e-02 13:55.9
  400   6000 1.215227474328282e-01 2.2e+00 9.01e-02  8e-02  1e-01 14:16.6
[stop]
