(5_w,10)-aCMA-ES (mu_w=3.2,w_1=45%) in dimension 10 (seed=12, Tue Jun 24 08:42:42 2025)
Iterat #Fevals   function value  axis ratio  sigma  min&max std  t[m:s]
    1     10 6.924533025558642e+02 1.0e+00 2.51e-01  2e-01  3e-01 0:00.1
    2     20 6.328533025558642e+02 1.3e+00 2.65e-01  3e-01  3e-01 0:00.1
    3     30 6.160000000000000e+02 1.4e+00 2.90e-01  3e-01  3e-01 0:00.2
   11    110 7.577225297788130e-01 2.0e+00 3.25e-01  3e-01  4e-01 0:04.6
   19    190 7.577225297788130e-01 2.2e+00 2.60e-01  2e-01  3e-01 0:09.0
   21    210 7.577225297788130e-01 2.1e+00 2.22e-01  2e-01  3e-01 0:14.7
   24    240 7.577225297788130e-01 2.1e+00 1.90e-01  2e-01  2e-01 0:21.6
   26    260 7.577225297788130e-01 2.2e+00 2.16e-01  2e-01  3e-01 0:29.1
   29    290 7.577225297788130e-01 2.3e+00 1.88e-01  2e-01  2e-01 0:37.7
   32    320 7.577225297788130e-01 2.3e+00 1.72e-01  1e-01  2e-01 0:49.9
   35    350 7.577225297788130e-01 2.4e+00 1.45e-01  1e-01  2e-01 1:01.8
   37    370 7.577225297788130e-01 2.4e+00 1.27e-01  9e-02  2e-01 1:11.4
termination on tolflatfitness=1 (Tue Jun 24 08:43:53 2025)
final/bestever f-value = 7.577225e-01 7.577225e-01
incumbent solution: [0.14794651 0.86210836 0.12301091 0.91056946 0.28981058 0.95853701
 0.06792341 0.97510055 ...]
std deviations: [0.10085995 0.09704052 0.10084121 0.10594623 0.10384365 0.09800435
 0.16109702 0.1170105  ...]
(10_w,21)-aCMA-ES (mu_w=6.2,w_1=27%) in dimension 10 (seed=13, Tue Jun 24 08:43:53 2025)
Iterat #Fevals   function value  axis ratio  sigma  min&max std  t[m:s]
    1    392 6.248660171779821e+02 1.0e+00 2.43e-01  2e-01  3e-01 0:00.1
    2    413 6.060660171779822e+02 1.3e+00 2.57e-01  2e-01  3e-01 0:00.2
    3    434 5.460000000000000e+02 1.4e+00 2.93e-01  3e-01  3e-01 0:00.3
    5    476 7.577225297788130e-01 1.6e+00 3.64e-01  3e-01  4e-01 0:03.3
    7    518 7.577225297788130e-01 1.7e+00 4.36e-01  4e-01  5e-01 0:07.5
   10    581 7.577225297788130e-01 2.0e+00 3.50e-01  3e-01  4e-01 0:12.9
   12    623 7.577225297788130e-01 1.9e+00 3.19e-01  3e-01  3e-01 0:22.1
   14    665 7.577225297788130e-01 1.9e+00 2.88e-01  2e-01  3e-01 0:35.1
[stop]
