(6_w,12)-aCMA-ES (mu_w=3.7,w_1=40%) in dimension 20 (seed=1, Tue Jun 24 10:45:31 2025)
Iterat #Fevals   function value  axis ratio  sigma  min&max std  t[m:s]
    1     12 7.592388078089900e+02 1.0e+00 2.30e-01  2e-01  2e-01 0:00.1
    2     24 6.240000000000000e+02 1.1e+00 2.17e-01  2e-01  2e-01 0:00.2
    3     36 6.686712779343300e+02 1.1e+00 2.13e-01  2e-01  2e-01 0:00.3
    8     96 4.283910216467966e-01 1.3e+00 2.27e-01  2e-01  2e-01 0:04.6
   11    132 4.031756302904550e-01 1.4e+00 2.21e-01  2e-01  2e-01 0:09.5
   16    192 4.464394974471454e-01 1.6e+00 1.95e-01  2e-01  2e-01 0:16.2
   18    216 1.272539755443746e+00 1.6e+00 1.84e-01  2e-01  2e-01 0:23.5
   21    252 1.272539755443746e+00 1.7e+00 1.79e-01  2e-01  2e-01 0:33.1
   23    276 1.272539755443746e+00 1.7e+00 1.81e-01  2e-01  2e-01 0:44.0
   26    312 4.283910216467966e-01 1.8e+00 1.61e-01  1e-01  2e-01 0:57.7
   28    336 4.283910216467966e-01 1.8e+00 1.62e-01  1e-01  2e-01 1:08.0
   31    372 1.256588423482314e+00 1.8e+00 1.58e-01  1e-01  2e-01 1:19.9
   34    408 1.256588423482314e+00 1.8e+00 1.42e-01  1e-01  2e-01 1:33.9
   37    444 1.256588423482314e+00 1.8e+00 1.29e-01  1e-01  1e-01 1:48.5
   40    480 1.256588423482314e+00 1.9e+00 1.15e-01  1e-01  1e-01 2:07.9
   41    492 1.256588423482314e+00 1.9e+00 1.15e-01  1e-01  1e-01 2:15.0
termination on tolflatfitness=1 (Tue Jun 24 10:47:47 2025)
final/bestever f-value = 1.256588e+00 4.031756e-01
incumbent solution: [0.23645529 0.99967176 0.96933252 0.08880476 0.13146908 0.95543873
 0.06125911 0.18437585 ...]
std deviations: [0.1158265  0.10551289 0.12373831 0.10731477 0.10183019 0.12211419
 0.11233907 0.12230304 ...]
(12_w,25)-aCMA-ES (mu_w=7.3,w_1=23%) in dimension 20 (seed=2, Tue Jun 24 10:47:47 2025)
Iterat #Fevals   function value  axis ratio  sigma  min&max std  t[m:s]
    1    518 6.484924240491749e+02 1.0e+00 2.37e-01  2e-01  2e-01 0:00.2
    2    543 4.209214545999720e-01 1.2e+00 2.37e-01  2e-01  2e-01 0:01.1
    3    568 5.636396103067892e+02 1.2e+00 2.50e-01  2e-01  3e-01 0:01.4
    9    718 1.602569223366528e-01 1.5e+00 3.47e-01  3e-01  4e-01 0:05.0
   13    818 1.551173919081356e-01 1.6e+00 3.27e-01  3e-01  4e-01 0:12.3
   15    868 1.555566033347165e-01 1.7e+00 2.86e-01  3e-01  3e-01 0:19.9
   17    918 1.469915956364072e-01 1.7e+00 2.72e-01  2e-01  3e-01 0:27.3
   19    968 1.555566033347165e-01 1.7e+00 2.43e-01  2e-01  3e-01 0:38.1
   20    993 1.543713392690120e-01 1.7e+00 2.38e-01  2e-01  3e-01 0:46.3
   22   1043 1.551173919081356e-01 1.7e+00 2.27e-01  2e-01  3e-01 1:00.5
   24   1093 1.551173919081356e-01 1.8e+00 2.18e-01  2e-01  2e-01 1:19.0
   25   1118 1.551173919081356e-01 1.8e+00 2.16e-01  2e-01  2e-01 1:30.5
   27   1168 1.551173919081356e-01 1.8e+00 2.23e-01  2e-01  3e-01 1:53.0
[stop]
