(6_w,12)-aCMA-ES (mu_w=3.7,w_1=40%) in dimension 20 (seed=6, Tue Jun 24 11:13:59 2025)
Iterat #Fevals   function value  axis ratio  sigma  min&max std  t[m:s]
    1     12 6.861577310586390e+02 1.0e+00 2.39e-01  2e-01  2e-01 0:00.1
    2     24 5.480000000000000e+02 1.1e+00 2.32e-01  2e-01  2e-01 0:00.2
    3     36 5.520000000000000e+02 1.1e+00 2.26e-01  2e-01  2e-01 0:00.3
    9    108 1.283038289545278e+00 1.3e+00 2.27e-01  2e-01  2e-01 0:04.4
   12    144 1.283038289545278e+00 1.4e+00 2.19e-01  2e-01  2e-01 0:10.6
   14    168 1.283038289545278e+00 1.5e+00 2.16e-01  2e-01  2e-01 0:16.1
   17    204 1.283038289545278e+00 1.5e+00 2.23e-01  2e-01  2e-01 0:23.3
   20    240 1.283038289545278e+00 1.6e+00 2.01e-01  2e-01  2e-01 0:31.1
   23    276 1.283038289545278e+00 1.6e+00 1.88e-01  2e-01  2e-01 0:45.2
   26    312 1.283038289545278e+00 1.6e+00 1.83e-01  2e-01  2e-01 0:57.8
   29    348 1.283038289545278e+00 1.6e+00 1.81e-01  2e-01  2e-01 1:11.5
   32    384 1.283038289545278e+00 1.6e+00 1.58e-01  1e-01  2e-01 1:26.2
   35    420 1.283038289545278e+00 1.7e+00 1.53e-01  1e-01  2e-01 1:44.1
termination on tolflatfitness=1 (Tue Jun 24 11:15:44 2025)
final/bestever f-value = 1.283038e+00 1.283038e+00
incumbent solution: [0.99996956 0.89720878 0.91165505 0.01937034 0.01634745 0.93849606
 0.10411498 0.03389265 ...]
std deviations: [0.15424085 0.15639565 0.15196529 0.13859889 0.14849279 0.1336484
 0.13979366 0.14080476 ...]
(12_w,25)-aCMA-ES (mu_w=7.3,w_1=23%) in dimension 20 (seed=7, Tue Jun 24 11:15:44 2025)
Iterat #Fevals   function value  axis ratio  sigma  min&max std  t[m:s]
    1    446 5.840000000000000e+02 1.0e+00 2.29e-01  2e-01  2e-01 0:00.2
    2    471 5.720000000000000e+02 1.1e+00 2.26e-01  2e-01  2e-01 0:00.3
    3    496 5.620000000000000e+02 1.2e+00 2.37e-01  2e-01  2e-01 0:00.5
   11    696 1.363736988276978e-01 1.6e+00 2.18e-01  2e-01  2e-01 0:05.0
   13    746 1.363736988276978e-01 1.6e+00 2.20e-01  2e-01  2e-01 0:10.6
   15    796 1.338083207434556e-01 1.6e+00 2.14e-01  2e-01  2e-01 0:19.2
   17    846 1.363736988276978e-01 1.7e+00 2.21e-01  2e-01  2e-01 0:31.1
   19    896 1.036848282547648e-01 1.8e+00 2.20e-01  2e-01  2e-01 0:47.7
   21    946 1.036848282547648e-01 1.9e+00 2.60e-01  2e-01  3e-01 1:00.1
   24   1021 1.036848282547648e-01 2.1e+00 2.58e-01  2e-01  3e-01 1:09.7
   26   1071 1.357893399135371e-01 2.1e+00 2.46e-01  2e-01  3e-01 1:19.8
   28   1121 1.357893399135371e-01 2.1e+00 2.49e-01  2e-01  3e-01 1:33.8
   30   1171 1.357893399135371e-01 2.0e+00 2.36e-01  2e-01  3e-01 1:52.0
   32   1221 1.357893399135371e-01 2.1e+00 2.33e-01  2e-01  3e-01 2:12.8
[stop]
