(7_w,15)-aCMA-ES (mu_w=4.5,w_1=34%) in dimension 50 (seed=1, Fri May 23 16:55:39 2025)
Iterat #Fevals   function value  axis ratio  sigma  min&max std  t[m:s]
    1     15 7.188090450644078e+02 1.0e+00 2.38e-01  2e-01  2e-01 0:05.0
    2     30 6.308147545195112e+02 1.0e+00 2.29e-01  2e-01  2e-01 0:08.9
    3     45 6.490104654287823e+02 1.1e+00 2.24e-01  2e-01  2e-01 0:13.9
    4     60 6.711778516101714e+02 1.1e+00 2.20e-01  2e-01  2e-01 0:18.3
    5     75 5.552268050859362e+02 1.1e+00 2.18e-01  2e-01  2e-01 0:23.3
    7    105 5.070710678118655e+02 1.1e+00 2.17e-01  2e-01  2e-01 0:32.2
    9    135 5.316227766016838e+02 1.1e+00 2.21e-01  2e-01  2e-01 0:41.4
   11    165 5.070710678118655e+02 1.2e+00 2.26e-01  2e-01  2e-01 0:50.6
   13    195 3.551462408018459e+00 1.2e+00 2.27e-01  2e-01  2e-01 1:00.5
   16    240 5.447213595499958e+02 1.2e+00 2.34e-01  2e-01  2e-01 1:13.7
   19    285 4.189914544649003e-01 1.3e+00 2.36e-01  2e-01  2e-01 1:27.9
   22    330 5.141421356237310e+02 1.3e+00 2.33e-01  2e-01  2e-01 1:40.9
   25    375 5.254950975679640e+02 1.4e+00 2.33e-01  2e-01  2e-01 1:54.1
   29    435 5.070710678118655e+02 1.4e+00 2.39e-01  2e-01  2e-01 2:11.6
   33    495 5.282842712474619e+02 1.4e+00 2.35e-01  2e-01  2e-01 2:28.3
   37    555 1.083465317479849e+02 1.4e+00 2.22e-01  2e-01  2e-01 2:44.9
   42    630 2.490093264687561e+00 1.5e+00 2.04e-01  2e-01  2e-01 3:04.9
   46    690 5.070710678118655e+02 1.5e+00 1.97e-01  2e-01  2e-01 3:22.5
   51    765 5.141421356237308e+02 1.5e+00 1.85e-01  2e-01  2e-01 3:42.4
   56    840 5.141421356237310e+02 1.5e+00 1.79e-01  2e-01  2e-01 4:01.4
   61    915 5.070710678118655e+02 1.5e+00 1.76e-01  2e-01  2e-01 4:24.5
   66    990 2.341189431721805e+00 1.5e+00 1.69e-01  2e-01  2e-01 4:49.1
   71   1065 1.300332254204388e+00 1.5e+00 1.60e-01  2e-01  2e-01 5:15.7
   76   1140 5.554985363037939e-01 1.5e+00 1.50e-01  1e-01  2e-01 5:39.3
   81   1215 5.289861703113161e-01 1.5e+00 1.39e-01  1e-01  1e-01 6:05.4
   87   1305 4.322109708834725e+01 1.5e+00 1.37e-01  1e-01  1e-01 6:33.6
   93   1395 4.280164435529080e+00 1.6e+00 1.28e-01  1e-01  1e-01 7:00.8
   98   1470 3.464543842576892e-01 1.6e+00 1.18e-01  1e-01  1e-01 7:28.6
  100   1500 3.600878133885740e+01 1.6e+00 1.17e-01  1e-01  1e-01 7:39.3
  105   1575 2.737337650289585e-01 1.6e+00 1.15e-01  1e-01  1e-01 8:09.5
  111   1665 4.575791578274002e-01 1.6e+00 1.13e-01  1e-01  1e-01 8:43.1
  118   1770 8.834405014631028e-01 1.6e+00 1.07e-01  1e-01  1e-01 9:16.3
  124   1860 2.777706714669050e-01 1.6e+00 9.77e-02  9e-02  1e-01 9:51.6
  130   1950 2.650329278692471e-01 1.6e+00 8.92e-02  8e-02  9e-02 10:25.2
  136   2040 2.814548593184675e-01 1.7e+00 8.23e-02  8e-02  9e-02 11:05.0
  142   2130 4.756827069877607e-01 1.7e+00 7.36e-02  7e-02  8e-02 11:41.4
  147   2205 4.019709506970215e-01 1.7e+00 6.89e-02  6e-02  7e-02 12:18.2
  152   2280 4.434017685792420e-01 1.7e+00 6.61e-02  6e-02  7e-02 12:56.4
  157   2355 3.381988052413593e-01 1.7e+00 6.37e-02  6e-02  7e-02 13:38.5
  162   2430 2.595377557591875e-01 1.7e+00 6.37e-02  6e-02  7e-02 14:20.8
  168   2520 2.037793522626947e-01 1.7e+00 6.33e-02  6e-02  7e-02 15:03.6
  173   2595 1.634389405231778e-01 1.7e+00 6.38e-02  6e-02  7e-02 15:48.1
  178   2670 1.654872279384986e-01 1.7e+00 6.44e-02  6e-02  7e-02 16:32.1
  183   2745 1.375271500059023e-01 1.7e+00 6.27e-02  6e-02  7e-02 17:19.0
  189   2835 1.471639353479175e-01 1.7e+00 6.05e-02  5e-02  7e-02 18:12.0
  194   2910 1.264925221456227e-01 1.7e+00 6.06e-02  5e-02  7e-02 18:58.7
  200   3000 1.401858364937307e-01 1.7e+00 6.10e-02  5e-02  7e-02 19:52.2
  206   3090 1.426481320463213e-01 1.7e+00 5.53e-02  5e-02  6e-02 20:44.3
  212   3180 1.252989385363873e-01 1.7e+00 5.39e-02  5e-02  6e-02 21:36.9
  218   3270 1.327625764896921e-01 1.8e+00 5.29e-02  5e-02  6e-02 22:31.1
  224   3360 1.207950208894745e-01 1.8e+00 5.08e-02  4e-02  5e-02 23:26.3
  230   3450 1.288114036869827e-01 1.8e+00 4.67e-02  4e-02  5e-02 24:19.4
  236   3540 1.184981753911643e-01 1.8e+00 4.25e-02  4e-02  5e-02 25:17.0
  242   3630 1.119287776256712e-01 1.8e+00 4.17e-02  3e-02  4e-02 26:18.0
  248   3720 1.184948233825439e-01 1.8e+00 4.00e-02  3e-02  4e-02 27:12.8
  254   3810 1.084088575852014e-01 1.8e+00 3.81e-02  3e-02  4e-02 28:14.1
  260   3900 1.077876782277308e-01 1.8e+00 3.93e-02  3e-02  4e-02 29:14.7
  266   3990 1.075623819306078e-01 1.8e+00 3.88e-02  3e-02  4e-02 30:13.8
  272   4080 1.060317320618444e-01 1.8e+00 3.82e-02  3e-02  4e-02 31:19.0
  278   4170 1.035818315715410e-01 1.9e+00 3.61e-02  3e-02  4e-02 32:22.6
  284   4260 1.026864876104073e-01 1.9e+00 3.37e-02  3e-02  4e-02 33:28.8
  290   4350 1.007781262675345e-01 1.9e+00 3.24e-02  3e-02  4e-02 34:32.7
  296   4440 1.006760031085718e-01 1.9e+00 3.04e-02  2e-02  3e-02 35:35.5
  300   4500 9.947924418857822e-02 1.9e+00 2.94e-02  2e-02  3e-02 36:19.8
  306   4590 9.940997377759095e-02 1.9e+00 2.90e-02  2e-02  3e-02 37:29.9
  313   4695 1.033536850057634e-01 1.9e+00 2.87e-02  2e-02  3e-02 38:43.6
  323   4845 9.830042652809874e-02 1.9e+00 2.53e-02  2e-02  3e-02 39:59.6
  329   4935 9.599961476139435e-02 1.9e+00 2.38e-02  2e-02  3e-02 41:11.0
  337   5055 9.594997269797435e-02 1.9e+00 2.16e-02  2e-02  2e-02 42:23.2
  348   5220 9.386191294995642e-02 1.9e+00 1.92e-02  1e-02  2e-02 43:33.7
  355   5325 9.322796966680968e-02 2.0e+00 1.85e-02  1e-02  2e-02 44:52.3
  361   5415 9.262087812240738e-02 2.0e+00 1.75e-02  1e-02  2e-02 46:04.4
  368   5520 9.295284896014071e-02 2.0e+00 1.70e-02  1e-02  2e-02 47:25.8
  375   5625 9.251672683709476e-02 2.0e+00 1.48e-02  1e-02  2e-02 48:46.9
  382   5730 9.090290436474666e-02 2.0e+00 1.42e-02  1e-02  2e-02 50:09.8
  389   5835 8.884413887706072e-02 2.0e+00 1.40e-02  1e-02  2e-02 51:33.3
  396   5940 8.931300358391620e-02 2.1e+00 1.39e-02  1e-02  1e-02 52:52.5
  400   6000 9.240126532505158e-02 2.1e+00 1.33e-02  1e-02  1e-02 53:28.8
  407   6105 8.907856805353223e-02 2.1e+00 1.28e-02  9e-03  1e-02 54:50.9
  414   6210 9.046031160889315e-02 2.1e+00 1.22e-02  9e-03  1e-02 56:15.1
  421   6315 8.862860693326144e-02 2.1e+00 1.12e-02  8e-03  1e-02 57:41.7
  428   6420 8.810899327732763e-02 2.1e+00 9.83e-03  7e-03  1e-02 59:11.7
  435   6525 8.827238102978482e-02 2.1e+00 9.36e-03  7e-03  1e-02 60:36.3
  443   6645 8.746208918929768e-02 2.1e+00 9.25e-03  7e-03  1e-02 62:10.3
  451   6765 8.713493123636393e-02 2.1e+00 9.10e-03  7e-03  1e-02 63:40.7
  463   6945 8.657218497966246e-02 2.1e+00 7.66e-03  6e-03  8e-03 65:13.1
  471   7065 8.576603396929082e-02 2.1e+00 7.45e-03  5e-03  8e-03 66:40.7
  479   7185 8.684927381150653e-02 2.1e+00 7.44e-03  5e-03  8e-03 68:12.5
  487   7305 8.621294016941947e-02 2.2e+00 6.77e-03  5e-03  7e-03 69:49.1
  496   7440 8.649619931635272e-02 2.2e+00 6.93e-03  5e-03  8e-03 71:27.5
  500   7500 8.614517702308380e-02 2.2e+00 6.78e-03  5e-03  8e-03 72:10.9
  513   7695 8.577800583392267e-02 2.2e+00 7.40e-03  5e-03  8e-03 73:42.9
  521   7815 8.510427407566115e-02 2.2e+00 6.82e-03  5e-03  8e-03 75:17.9
[stop]
