0 [0/400] 1075.861320251578
1 [0/400] 994.9747468305833
2 [0/400] 631.6396103067892
11 [0/400] 526.8000000000001
26 [0/400] 510.67106781186556
56 [0/400] 507.0710678118655
57 [1/400] 0.5171449476074699
63 [5/400] 0.5167930448580709
71 [11/400] 0.490351333142277
78 [17/400] 0.465140569247119
89 [27/400] 0.3136355126257854
100 [35/400] 0.3136355126257854
103 [37/400] 0.3128630563164358
137 [65/400] 0.3128629916006355
152 [76/400] 0.3006812769276568
157 [81/400] 0.2993968372012532
158 [82/400] 0.2980793988419549
165 [86/400] 0.29592563515301773
187 [105/400] 0.2895638323181605
200 [115/400] 0.2895638323181605
230 [142/400] 0.28764362071260563
237 [148/400] 0.287643604220989
277 [183/400] 0.27897385638022515
281 [187/400] 0.2744149065736907
293 [199/400] 0.2532426355871022
300 [205/400] 0.2532426355871022
303 [208/400] 0.2504893193432763
305 [210/400] 0.25016538403856375
308 [213/400] 0.2490194646316797
377 [271/400] 0.2417319561843101
400 [292/400] 0.2417319561843101
412 [304/400] 0.24139071540439266
423 [314/400] 0.23273206726713608
482 [368/400] 0.23069224687640205
490 [376/400] 0.225956273886449
494 [379/400] 0.22291241023156544
500 [382/400] 0.22291241023156544
[stop]
