(7_w,15)-aCMA-ES (mu_w=4.5,w_1=34%) in dimension 50 (seed=2, Tue Jun 17 07:36:30 2025)
Iterat #Fevals   function value  axis ratio  sigma  min&max std  t[m:s]
    1     15 6.694427190999916e+02 1.0e+00 2.37e-01  2e-01  2e-01 0:00.2
    2     30 5.282842712474619e+02 1.0e+00 2.28e-01  2e-01  2e-01 0:00.3
    3     45 5.220000000000000e+02 1.0e+00 2.22e-01  2e-01  2e-01 0:00.4
   14    210 2.249654390425702e+00 1.2e+00 1.92e-01  2e-01  2e-01 0:05.6
   17    255 2.419228698896259e+00 1.2e+00 1.91e-01  2e-01  2e-01 0:12.7
   19    285 2.231910316701715e+00 1.2e+00 1.87e-01  2e-01  2e-01 0:18.9
   23    345 2.419371124849770e+00 1.2e+00 1.82e-01  2e-01  2e-01 0:26.8
   26    390 2.399440642432201e+00 1.3e+00 1.81e-01  2e-01  2e-01 0:35.2
   31    465 2.652938526096495e+00 1.3e+00 1.79e-01  2e-01  2e-01 0:45.3
   33    495 1.156869757461467e+00 1.3e+00 1.76e-01  2e-01  2e-01 0:55.0
   38    570 1.007673392174152e+00 1.3e+00 1.76e-01  2e-01  2e-01 1:08.7
   41    615 8.679865753960786e-01 1.4e+00 1.70e-01  2e-01  2e-01 1:21.3
   44    660 1.530283061545632e+00 1.4e+00 1.59e-01  2e-01  2e-01 1:33.8
   47    705 2.460552203524844e+00 1.4e+00 1.48e-01  1e-01  2e-01 1:47.9
   50    750 7.033309112828372e-01 1.4e+00 1.42e-01  1e-01  1e-01 2:04.6
   53    795 5.540772016816408e-01 1.4e+00 1.39e-01  1e-01  1e-01 2:23.4
   57    855 6.175171222511564e-01 1.4e+00 1.35e-01  1e-01  1e-01 2:41.1
   63    945 6.290870852568924e-01 1.4e+00 1.31e-01  1e-01  1e-01 3:00.6
   68   1020 4.648858003617646e-01 1.4e+00 1.25e-01  1e-01  1e-01 3:20.1
   73   1095 4.648858003617646e-01 1.4e+00 1.23e-01  1e-01  1e-01 3:41.0
   78   1170 5.462287670901351e-01 1.4e+00 1.20e-01  1e-01  1e-01 4:05.3
   82   1230 5.232648621080780e-01 1.4e+00 1.14e-01  1e-01  1e-01 4:28.4
   86   1290 4.887246259062816e-01 1.4e+00 1.05e-01  1e-01  1e-01 4:55.8
   91   1365 4.859199112677135e-01 1.4e+00 1.02e-01  1e-01  1e-01 5:23.4
   95   1425 4.523528421224734e-01 1.5e+00 1.02e-01  1e-01  1e-01 5:51.4
  100   1500 4.886708831009891e-01 1.5e+00 9.43e-02  9e-02  1e-01 6:22.5
  105   1575 4.123327831398695e-01 1.5e+00 9.12e-02  9e-02  1e-01 6:49.3
  110   1650 4.711832277993826e-01 1.5e+00 8.92e-02  8e-02  9e-02 7:17.0
  115   1725 4.569990396967480e-01 1.5e+00 8.56e-02  8e-02  9e-02 7:49.6
  121   1815 4.569990396967480e-01 1.5e+00 8.30e-02  8e-02  9e-02 8:19.6
  125   1875 4.569990396967480e-01 1.5e+00 8.83e-02  8e-02  9e-02 8:54.1
  127   1905 4.569990396967480e-01 1.5e+00 9.12e-02  8e-02  1e-01 9:10.8
termination on tolflatfitness=1 (Tue Jun 17 07:45:41 2025)
final/bestever f-value = 4.569990e-01 4.123328e-01
incumbent solution: [0.03076534 0.02512925 0.63457547 0.89349333 0.00402501 0.02026176
 0.72000045 0.10270057 ...]
std deviations: [0.0874892  0.08804084 0.09057165 0.08874752 0.08778798 0.08809361
 0.09364085 0.09112046 ...]
(15_w,31)-aCMA-ES (mu_w=8.9,w_1=20%) in dimension 50 (seed=3, Tue Jun 17 07:45:41 2025)
Iterat #Fevals   function value  axis ratio  sigma  min&max std  t[m:s]
    1   1937 6.697056274847714e+02 1.0e+00 2.36e-01  2e-01  2e-01 0:00.3
    2   1968 7.046669094406770e+02 1.1e+00 2.28e-01  2e-01  2e-01 0:00.7
    3   1999 6.295741732923815e+02 1.1e+00 2.27e-01  2e-01  2e-01 0:01.0
   11   2247 3.256562363179621e+00 1.2e+00 2.68e-01  3e-01  3e-01 0:04.3
   21   2557 1.427726626098829e+00 1.3e+00 2.74e-01  3e-01  3e-01 0:09.1
   24   2650 2.043743700870733e-01 1.4e+00 2.72e-01  3e-01  3e-01 0:14.9
   27   2743 2.863134770343981e-01 1.4e+00 2.73e-01  3e-01  3e-01 0:21.8
   30   2836 2.201691397048372e-01 1.4e+00 2.66e-01  3e-01  3e-01 0:32.2
   33   2929 1.844803957768015e-01 1.4e+00 2.65e-01  3e-01  3e-01 0:42.6
   36   3022 1.728389443568489e-01 1.4e+00 2.41e-01  2e-01  2e-01 0:56.1
   38   3084 1.701198300983838e-01 1.5e+00 2.29e-01  2e-01  2e-01 1:12.0
   40   3146 1.602986198987033e-01 1.5e+00 2.32e-01  2e-01  2e-01 1:28.5
   41   3177 1.695035074163337e-01 1.5e+00 2.31e-01  2e-01  2e-01 1:41.6
   43   3239 1.633842807306737e-01 1.5e+00 2.34e-01  2e-01  2e-01 2:10.5
[stop]
