(6_w,12)-aCMA-ES (mu_w=3.7,w_1=40%) in dimension 20 (seed=9, Tue Jun 24 11:42:05 2025)
Iterat #Fevals   function value  axis ratio  sigma  min&max std  t[m:s]
    1     12 6.343502884254440e+02 1.0e+00 2.38e-01  2e-01  2e-01 0:00.4
    2     24 5.282842712474619e+02 1.1e+00 2.32e-01  2e-01  2e-01 0:00.6
    3     36 5.200000000000000e+02 1.1e+00 2.27e-01  2e-01  2e-01 0:00.9
    7     84 1.385611536967589e+00 1.2e+00 1.85e-01  2e-01  2e-01 0:04.4
   13    156 3.808840737509824e-01 1.3e+00 1.55e-01  1e-01  2e-01 0:10.6
   16    192 1.630122851313002e-01 1.4e+00 1.45e-01  1e-01  2e-01 0:17.0
   18    216 1.243779744061537e-01 1.4e+00 1.45e-01  1e-01  2e-01 0:23.8
   21    252 5.261396291080259e-01 1.5e+00 1.33e-01  1e-01  1e-01 0:31.6
   24    288 3.378088141922508e-01 1.6e+00 1.22e-01  1e-01  1e-01 0:39.8
   28    336 3.870214404435239e-01 1.6e+00 1.22e-01  1e-01  1e-01 0:50.8
   32    384 2.365647298449968e-01 1.7e+00 1.02e-01  8e-02  1e-01 1:03.1
   35    420 2.457670751952637e-01 1.7e+00 8.88e-02  7e-02  1e-01 1:16.7
   38    456 1.187214274440055e-01 1.8e+00 9.40e-02  7e-02  1e-01 1:29.4
   42    504 1.178842964585362e-01 1.9e+00 8.85e-02  7e-02  1e-01 1:47.8
   46    552 9.154127150957991e-02 1.9e+00 7.37e-02  5e-02  8e-02 2:04.3
   51    612 9.493982557935962e-02 1.9e+00 6.66e-02  5e-02  7e-02 2:23.1
   55    660 9.072192692197001e-02 2.0e+00 6.60e-02  5e-02  7e-02 2:44.0
   59    708 8.903069066919324e-02 2.1e+00 6.81e-02  5e-02  7e-02 3:04.7
   62    744 9.069143859165427e-02 2.1e+00 6.44e-02  5e-02  7e-02 3:23.8
   66    792 9.222901451423254e-02 2.1e+00 6.35e-02  5e-02  7e-02 3:45.9
   71    852 7.780068417149780e-02 2.2e+00 6.83e-02  5e-02  8e-02 4:09.5
[stop]
