(7_w,15)-aCMA-ES (mu_w=4.5,w_1=34%) in dimension 50 (seed=15, Tue Jun 17 07:59:21 2025)
Iterat #Fevals   function value  axis ratio  sigma  min&max std  t[m:s]
    1     15 6.551694347576189e+02 1.0e+00 2.36e-01  2e-01  2e-01 0:00.9
    2     30 5.742462120245875e+02 1.0e+00 2.28e-01  2e-01  2e-01 0:01.9
    3     45 6.032768434984841e+02 1.0e+00 2.22e-01  2e-01  2e-01 0:02.7
    7    105 5.236910302606432e+00 1.1e+00 2.16e-01  2e-01  2e-01 0:06.7
   11    165 5.424264068711927e+02 1.1e+00 2.10e-01  2e-01  2e-01 0:11.2
   16    240 1.072759168261597e+01 1.2e+00 2.07e-01  2e-01  2e-01 0:16.9
   24    360 5.109054245945216e+00 1.3e+00 2.08e-01  2e-01  2e-01 0:23.7
   30    450 5.141421356237310e+02 1.3e+00 2.19e-01  2e-01  2e-01 0:30.8
   40    600 5.070710678118655e+02 1.4e+00 2.21e-01  2e-01  2e-01 0:39.1
   50    750 5.282842712474619e+02 1.4e+00 2.02e-01  2e-01  2e-01 0:48.3
   58    870 1.001043766480828e+00 1.4e+00 2.08e-01  2e-01  2e-01 0:58.3
   65    975 2.028912078828181e-01 1.4e+00 2.02e-01  2e-01  2e-01 1:09.5
   75   1125 3.807700390857070e+00 1.5e+00 2.16e-01  2e-01  2e-01 1:21.5
   82   1230 5.859769227347038e-01 1.6e+00 2.20e-01  2e-01  2e-01 1:34.7
   95   1425 5.070710678118655e+02 1.6e+00 2.14e-01  2e-01  2e-01 1:49.2
  100   1500 5.282842712474619e+02 1.7e+00 2.13e-01  2e-01  2e-01 1:54.7
  117   1755 4.823764305709939e-01 1.7e+00 2.08e-01  2e-01  2e-01 2:11.2
  130   1950 2.107263362370111e-01 1.8e+00 2.08e-01  2e-01  2e-01 2:29.4
  144   2160 5.322113883008419e+02 1.9e+00 2.06e-01  2e-01  2e-01 2:47.9
  160   2400 7.286675790363750e-01 1.9e+00 2.10e-01  2e-01  2e-01 3:07.4
  177   2655 3.092084212368993e-01 2.0e+00 1.86e-01  2e-01  2e-01 3:27.6
  194   2910 5.064000000000000e+02 2.0e+00 1.79e-01  2e-01  2e-01 3:48.6
  200   3000 5.282842712474619e+02 2.0e+00 1.70e-01  2e-01  2e-01 3:53.4
  220   3300 2.301733495379120e+00 2.0e+00 1.59e-01  1e-01  2e-01 4:16.8
  233   3495 1.890216745081499e-01 2.1e+00 1.61e-01  1e-01  2e-01 4:45.3
  243   3645 2.625195782652060e-01 2.1e+00 1.43e-01  1e-01  2e-01 5:12.0
  253   3795 2.238611670465320e-01 2.1e+00 1.41e-01  1e-01  2e-01 5:40.2
  262   3930 2.306857565094007e-01 2.1e+00 1.43e-01  1e-01  2e-01 6:08.4
  272   4080 1.828563014849900e-01 2.1e+00 1.27e-01  1e-01  1e-01 6:37.5
  283   4245 1.888482773885619e-01 2.1e+00 1.23e-01  1e-01  1e-01 7:06.9
  298   4470 1.731719150069479e-01 2.2e+00 1.10e-01  1e-01  1e-01 7:40.9
  300   4500 5.060000000000000e+02 2.2e+00 1.10e-01  1e-01  1e-01 7:45.5
  313   4695 2.131672269106643e-01 2.2e+00 1.20e-01  1e-01  1e-01 8:21.8
  325   4875 1.564101349463472e-01 2.2e+00 1.28e-01  1e-01  1e-01 8:57.4
  334   5010 6.442020677393856e-01 2.2e+00 1.16e-01  1e-01  1e-01 9:34.9
  341   5115 4.469241928985513e-01 2.3e+00 1.07e-01  9e-02  1e-01 10:10.8
  350   5250 4.328372825818423e-01 2.3e+00 1.07e-01  1e-01  1e-01 10:47.4
  360   5400 8.532661614290113e-01 2.3e+00 1.11e-01  1e-01  1e-01 11:26.2
  367   5505 3.568474323112120e-01 2.3e+00 1.07e-01  9e-02  1e-01 12:04.3
  375   5625 5.643382825544390e-01 2.3e+00 1.05e-01  9e-02  1e-01 12:43.6
  385   5775 1.914156808354336e-01 2.2e+00 8.80e-02  8e-02  1e-01 13:24.1
  397   5955 1.491863764845122e-01 2.2e+00 8.45e-02  7e-02  9e-02 14:10.8
  400   6000 1.763231593003198e-01 2.2e+00 8.00e-02  7e-02  9e-02 14:21.5
[stop]
