(6_w,12)-aCMA-ES (mu_w=3.7,w_1=40%) in dimension 20 (seed=5, Tue Jun 24 11:00:46 2025)
Iterat #Fevals   function value  axis ratio  sigma  min&max std  t[m:s]
    1     12 7.590531098080896e+02 1.0e+00 2.36e-01  2e-01  2e-01 0:00.3
    2     24 5.976249191932396e+02 1.1e+00 2.25e-01  2e-01  2e-01 0:00.5
    3     36 5.707106781186548e+02 1.1e+00 2.21e-01  2e-01  2e-01 0:00.8
   11    132 1.498074546634959e+00 1.3e+00 1.98e-01  2e-01  2e-01 0:05.5
   20    240 2.106864201361718e+01 1.8e+00 2.23e-01  2e-01  2e-01 0:10.1
   28    336 5.455124634958666e-01 1.8e+00 2.20e-01  2e-01  2e-01 0:15.5
   36    432 4.655006963049921e-01 1.8e+00 1.74e-01  1e-01  2e-01 0:22.1
   47    564 6.111432566217959e-01 2.0e+00 2.08e-01  2e-01  2e-01 0:30.0
   56    672 1.879792762689304e-01 2.1e+00 1.75e-01  1e-01  2e-01 0:38.7
   63    756 2.928153795237610e-01 2.2e+00 1.58e-01  1e-01  2e-01 0:49.9
   68    816 3.855501940985043e-01 2.3e+00 1.37e-01  1e-01  2e-01 1:02.8
   71    852 3.165778891239935e-01 2.3e+00 1.45e-01  1e-01  2e-01 1:15.9
   76    912 1.435482673214717e-01 2.4e+00 1.33e-01  9e-02  2e-01 1:34.5
   81    972 1.910691659693355e-01 2.3e+00 1.10e-01  7e-02  1e-01 1:50.3
   85   1020 1.701322815495244e-01 2.4e+00 1.00e-01  6e-02  1e-01 2:05.2
   90   1080 1.788831476031452e-01 2.6e+00 9.77e-02  6e-02  1e-01 2:21.1
   96   1152 1.106504578815804e-01 2.6e+00 9.65e-02  6e-02  1e-01 2:40.3
  100   1200 1.379590573336957e-01 2.7e+00 9.37e-02  6e-02  1e-01 2:52.7
  105   1260 1.178322642980968e-01 2.9e+00 8.03e-02  5e-02  1e-01 3:11.5
  110   1320 1.363051090897241e-01 2.9e+00 7.62e-02  5e-02  1e-01 3:33.5
  115   1380 1.251009597761457e-01 3.0e+00 7.97e-02  5e-02  1e-01 3:59.5
[stop]
