(6_w,12)-aCMA-ES (mu_w=3.7,w_1=40%) in dimension 20 (seed=5, Tue Jun 24 11:00:46 2025)
Iterat #Fevals   function value  axis ratio  sigma  min&max std  t[m:s]
    1     12 5.060000000000000e+02 1.0e+00 2.42e-01  2e-01  2e-01 0:00.1
    2     24 4.290810999732986e-01 1.1e+00 2.43e-01  2e-01  2e-01 0:00.7
    3     36 5.280000000000000e+02 1.2e+00 2.47e-01  2e-01  3e-01 0:00.8
    5     60 4.297173893882316e-01 1.3e+00 2.58e-01  3e-01  3e-01 0:05.1
   11    132 2.141413722167932e-01 1.4e+00 2.55e-01  2e-01  3e-01 0:10.1
   14    168 3.317068191005602e-01 1.5e+00 2.58e-01  2e-01  3e-01 0:18.3
   17    204 2.487232041723582e-01 1.5e+00 2.93e-01  3e-01  3e-01 0:25.3
   23    276 2.165229054312480e-01 1.6e+00 2.78e-01  3e-01  3e-01 0:33.7
   29    348 2.438151286584275e-01 1.7e+00 2.40e-01  2e-01  3e-01 0:42.8
   33    396 1.477112840501881e-01 1.8e+00 2.17e-01  2e-01  2e-01 0:55.8
   36    432 1.477112840501881e-01 1.8e+00 2.08e-01  2e-01  2e-01 1:05.8
   40    480 1.477112840501881e-01 1.8e+00 1.81e-01  2e-01  2e-01 1:19.5
   45    540 1.477112840501881e-01 1.9e+00 1.74e-01  2e-01  2e-01 1:32.0
   50    600 1.477112840501881e-01 1.9e+00 1.72e-01  1e-01  2e-01 1:47.8
   54    648 1.477112840501881e-01 1.9e+00 1.49e-01  1e-01  2e-01 2:04.3
   58    696 1.477112840501881e-01 2.0e+00 1.40e-01  1e-01  1e-01 2:20.2
   60    720 1.477112840501881e-01 2.0e+00 1.43e-01  1e-01  2e-01 2:32.2
termination on tolflatfitness=1 (Tue Jun 24 11:03:19 2025)
final/bestever f-value = 1.477113e-01 1.200109e-01
incumbent solution: [7.71578243e-01 1.31988089e-01 4.71743118e-02 3.29765676e-01
 8.11847709e-01 4.19192966e-04 1.96713893e-03 9.95747635e-01 ...]
std deviations: [0.14068472 0.14340637 0.14079598 0.13684469 0.13556989 0.13577117
 0.14194622 0.12070195 ...]
(12_w,25)-aCMA-ES (mu_w=7.3,w_1=23%) in dimension 20 (seed=6, Tue Jun 24 11:03:19 2025)
Iterat #Fevals   function value  axis ratio  sigma  min&max std  t[m:s]
    1    746 6.068528137423857e+02 1.0e+00 2.35e-01  2e-01  2e-01 0:00.2
    2    771 6.414213562373095e+02 1.1e+00 2.31e-01  2e-01  2e-01 0:00.4
    3    796 6.815634918610406e+02 1.2e+00 2.34e-01  2e-01  2e-01 0:00.5
   10    971 6.410890582167854e-01 1.6e+00 3.43e-01  3e-01  4e-01 0:05.4
   13   1046 7.888573159415431e-01 1.8e+00 3.40e-01  3e-01  4e-01 0:11.0
   15   1096 6.521376070469140e-01 1.9e+00 3.12e-01  3e-01  3e-01 0:19.9
   18   1171 6.521376070469140e-01 1.9e+00 2.54e-01  2e-01  3e-01 0:28.5
   20   1221 4.127461507821646e-01 1.9e+00 2.50e-01  2e-01  3e-01 0:40.9
   22   1271 5.778272268783721e-01 2.0e+00 2.54e-01  2e-01  3e-01 0:57.9
   24   1321 5.778272268783721e-01 2.0e+00 2.44e-01  2e-01  3e-01 1:10.6
[stop]
