0 [0/200] 884.4455532033676
7 [0/200] 697.9898987322333
14 [0/200] 606.8660171779821
22 [0/200] 606.0660171779821
26 [0/200] 598.9949493661167
28 [0/200] 584.8528137423857
33 [0/200] 577.7817459305202
34 [0/200] 570.7106781186548
42 [0/200] 556.5685424949238
45 [0/200] 549.4974746830583
46 [0/200] 530.4132034355964
47 [0/200] 529.084271247462
52 [0/200] 528.0
54 [0/200] 526.0
55 [0/200] 525.2
57 [0/200] 512.0
59 [1/200] 0.46622359210507436
60 [2/200] 0.3889415249843823
61 [3/200] 0.35680418611602427
68 [6/200] 0.342250454517233
84 [20/200] 0.2589942604759321
93 [29/200] 0.2494206012332032
100 [36/200] 0.2494206012332032
103 [39/200] 0.2316033506586518
111 [46/200] 0.22756044811824583
114 [49/200] 0.20281223513300736
117 [52/200] 0.1559504532650692
120 [55/200] 0.143214666084162
121 [56/200] 0.11238859003742102
140 [74/200] 0.10072629856106469
189 [120/200] 0.1002681700881353
200 [130/200] 0.1002681700881353
246 [169/200] 0.10010877312548315
259 [181/200] 0.09782471766197426
[stop]
