(6_w,12)-aCMA-ES (mu_w=3.7,w_1=40%) in dimension 20 (seed=15, Tue Jun 24 12:36:15 2025)
Iterat #Fevals   function value  axis ratio  sigma  min&max std  t[m:s]
    1     12 5.212132034355965e+02 1.0e+00 2.25e-01  2e-01  2e-01 0:00.4
    2     24 5.565685424949238e+02 1.1e+00 2.07e-01  2e-01  2e-01 0:00.7
    3     36 5.128000000000001e+02 1.1e+00 1.89e-01  2e-01  2e-01 0:00.9
    9    108 5.096000000000001e+02 1.3e+00 1.62e-01  2e-01  2e-01 0:04.2
   13    156 5.977511065004739e-01 1.3e+00 1.48e-01  1e-01  2e-01 0:08.6
   16    192 3.836264143464797e-01 1.4e+00 1.53e-01  1e-01  2e-01 0:14.0
   22    264 7.805601269618917e-01 1.5e+00 1.35e-01  1e-01  1e-01 0:21.1
   25    300 2.343871133980608e-01 1.6e+00 1.27e-01  1e-01  1e-01 0:29.5
   30    360 2.921595594290547e-01 1.7e+00 1.10e-01  9e-02  1e-01 0:38.8
   34    408 7.940230949589412e-01 1.7e+00 1.01e-01  8e-02  1e-01 0:48.3
   38    456 6.556410962372156e-01 1.7e+00 9.17e-02  7e-02  1e-01 0:58.6
   42    504 6.925681667008899e-01 1.9e+00 8.82e-02  6e-02  9e-02 1:13.5
   45    540 3.676911548233396e-01 1.9e+00 8.99e-02  7e-02  1e-01 1:25.8
   49    588 2.774385128721962e-01 2.0e+00 8.35e-02  6e-02  9e-02 1:43.5
   52    624 4.991601761953563e-01 2.0e+00 8.46e-02  6e-02  9e-02 1:58.3
   55    660 1.525284361368566e-01 2.2e+00 8.89e-02  6e-02  9e-02 2:13.5
   59    708 1.242324233124500e-01 2.2e+00 7.91e-02  5e-02  8e-02 2:33.2
   63    756 1.368076444887936e-01 2.2e+00 7.31e-02  5e-02  8e-02 2:53.3
   67    804 1.305929220825547e-01 2.3e+00 7.60e-02  5e-02  8e-02 3:12.5
   73    876 2.981488316756133e-01 2.4e+00 7.60e-02  5e-02  8e-02 3:33.0
   78    936 1.348800471686994e-01 2.5e+00 6.44e-02  4e-02  7e-02 3:57.8
[stop]
