0 [0/200] 1152.5097980339895
1 [0/200] 784.5506601539214
2 [0/200] 755.0293231258858
4 [0/200] 593.0053761886913
12 [0/200] 584.8528137423857
14 [0/200] 514.142135623731
16 [1/200] 4.154558909768156
21 [3/200] 0.9033807329075401
23 [5/200] 0.7697334514948065
26 [6/200] 0.2873605952160617
41 [15/200] 0.27915868003918487
45 [18/200] 0.27695632967576755
49 [21/200] 0.22789305749270578
50 [22/200] 0.22456047999930895
63 [33/200] 0.22006344399948086
67 [37/200] 0.2068403446371191
68 [38/200] 0.2039053107845859
70 [40/200] 0.19870254678938395
77 [47/200] 0.15076238588011784
89 [58/200] 0.14933076762879105
90 [59/200] 0.14748653793379568
94 [62/200] 0.14638200375191152
98 [66/200] 0.14346340844087474
100 [68/200] 0.14346340844087474
102 [70/200] 0.13115118130931558
106 [73/200] 0.13086192176180322
107 [74/200] 0.1123434494658724
108 [75/200] 0.1113140068949194
147 [109/200] 0.11084967011871659
153 [115/200] 0.1067971613639465
154 [116/200] 0.10600375985604171
165 [127/200] 0.10181613209895504
171 [133/200] 0.09742733242941792
180 [142/200] 0.0970204465133249
181 [143/200] 0.09677898364818263
182 [144/200] 0.09659163195193944
183 [145/200] 0.09390562924922156
191 [153/200] 0.09324754697072782
192 [154/200] 0.09208324522392249
200 [162/200] 0.09208324522392249
202 [164/200] 0.09056851676406497
210 [172/200] 0.08901673684837191
218 [180/200] 0.08844902066593373
223 [185/200] 0.08827470393682592
[stop]
