(6_w,12)-aCMA-ES (mu_w=3.7,w_1=40%) in dimension 20 (seed=11, Tue Jun 24 11:56:44 2025)
Iterat #Fevals   function value  axis ratio  sigma  min&max std  t[m:s]
    1     12 6.060660171779821e+02 1.0e+00 2.38e-01  2e-01  2e-01 0:01.3
    2     24 7.121320343559643e+02 1.1e+00 2.34e-01  2e-01  2e-01 0:02.2
    3     36 6.274754878398196e+02 1.2e+00 2.31e-01  2e-01  2e-01 0:02.9
    8     96 5.212132034355965e+02 1.3e+00 2.11e-01  2e-01  2e-01 0:06.6
   14    168 5.200000000000000e+02 1.5e+00 2.28e-01  2e-01  2e-01 0:10.9
   21    252 1.499940505219185e+00 1.6e+00 1.83e-01  2e-01  2e-01 0:17.0
   26    312 1.843590413966713e-01 1.6e+00 1.49e-01  1e-01  2e-01 0:24.3
   29    348 1.719584859759639e-01 1.6e+00 1.24e-01  1e-01  1e-01 0:32.7
   31    372 1.937134860301331e-01 1.6e+00 1.14e-01  1e-01  1e-01 0:41.1
   34    408 1.751881115761905e-01 1.6e+00 1.04e-01  9e-02  1e-01 0:52.0
   37    444 1.720053203793098e-01 1.6e+00 9.55e-02  8e-02  1e-01 1:06.0
   40    480 1.430293223914794e-01 1.7e+00 9.27e-02  8e-02  1e-01 1:18.1
   44    528 1.311312533399395e-01 1.7e+00 7.43e-02  6e-02  8e-02 1:33.3
   47    564 1.378254658976550e-01 1.7e+00 6.58e-02  5e-02  7e-02 1:49.0
   50    600 1.199195105707589e-01 1.8e+00 6.13e-02  5e-02  6e-02 2:07.8
   53    636 1.177841058133473e-01 1.9e+00 6.14e-02  5e-02  6e-02 2:23.0
   56    672 1.116117336247989e-01 1.9e+00 5.45e-02  4e-02  6e-02 2:43.4
   59    708 1.091130518390054e-01 1.9e+00 5.01e-02  4e-02  5e-02 3:01.8
   63    756 1.029143523682043e-01 1.9e+00 4.67e-02  4e-02  5e-02 3:24.1
   67    804 1.047405534968063e-01 2.0e+00 4.02e-02  3e-02  5e-02 3:48.2
   71    852 9.822397719073772e-02 2.2e+00 3.90e-02  3e-02  4e-02 4:13.6
[stop]
