(6_w,12)-aCMA-ES (mu_w=3.7,w_1=40%) in dimension 20 (seed=12, Tue Jun 24 12:09:38 2025)
Iterat #Fevals   function value  axis ratio  sigma  min&max std  t[m:s]
    1     12 5.919238815542511e+02 1.0e+00 2.39e-01  2e-01  2e-01 0:00.4
    2     24 5.636396103067892e+02 1.1e+00 2.32e-01  2e-01  2e-01 0:00.7
    3     36 6.626345596729059e+02 1.1e+00 2.40e-01  2e-01  2e-01 0:00.9
   13    156 5.141421356237310e+02 1.4e+00 2.47e-01  2e-01  3e-01 0:03.9
   19    228 3.335054041530406e+00 1.5e+00 2.14e-01  2e-01  2e-01 0:08.2
   26    312 4.072531248908661e-01 1.6e+00 1.98e-01  2e-01  2e-01 0:13.3
   31    372 3.834600384197664e-01 1.7e+00 1.84e-01  2e-01  2e-01 0:19.3
   36    432 7.648890067784758e-01 1.8e+00 1.73e-01  1e-01  2e-01 0:26.9
   41    492 2.992660205129641e-01 1.8e+00 1.31e-01  1e-01  1e-01 0:35.6
   45    540 4.242735163338495e-01 1.8e+00 1.11e-01  9e-02  1e-01 0:48.4
   48    576 2.089010381996365e-01 1.9e+00 1.10e-01  9e-02  1e-01 1:01.3
   52    624 1.720694416778296e-01 2.0e+00 9.47e-02  7e-02  1e-01 1:15.4
   56    672 1.460778867915832e-01 2.0e+00 8.68e-02  7e-02  1e-01 1:32.1
   59    708 1.211211359289989e-01 2.0e+00 7.25e-02  6e-02  8e-02 1:45.9
   63    756 1.595435002336906e-01 2.0e+00 5.68e-02  4e-02  6e-02 2:02.3
   66    792 1.321956910591219e-01 2.0e+00 4.95e-02  4e-02  5e-02 2:18.9
   69    828 1.337760106091263e-01 1.9e+00 4.31e-02  3e-02  5e-02 2:35.9
   73    876 1.291900974604657e-01 2.0e+00 4.28e-02  3e-02  5e-02 2:56.3
   77    924 1.105300470704846e-01 2.1e+00 3.85e-02  3e-02  4e-02 3:17.4
   81    972 1.066498237540324e-01 2.2e+00 3.75e-02  3e-02  4e-02 3:38.5
   85   1020 1.204107105331545e-01 2.2e+00 3.62e-02  3e-02  4e-02 4:00.1
[stop]
