0 [0/200] 981.248197179272
1 [0/200] 939.9727326058163
6 [0/200] 744.8232526704263
7 [0/200] 648.0983669457532
14 [0/200] 594.2188342330542
16 [0/200] 572.3799307957657
19 [0/200] 563.6396103067892
21 [0/200] 556.5685424949238
22 [1/200] 0.8029493530827959
25 [2/200] 0.3841101733801824
35 [7/200] 0.3781783169536933
61 [25/200] 0.35313824104341784
65 [29/200] 0.3253836290127121
94 [53/200] 0.31241783031038073
95 [54/200] 0.2988184972640382
100 [57/200] 0.2988184972640382
115 [71/200] 0.2757371919472065
130 [82/200] 0.2637336529917519
200 [117/200] 0.2637336529917519
300 [173/200] 0.2637336529917519
[stop]
