0 [0/200] 868.7780894723868
1 [0/200] 615.4320376686505
12 [0/200] 577.7817459305202
16 [0/200] 556.5685424949238
24 [1/200] 2.4475334838537304
28 [4/200] 2.3777285366151686
31 [5/200] 0.8215085198196185
38 [9/200] 0.7609372701987209
51 [18/200] 0.6539677230652065
53 [20/200] 0.44346312259479814
54 [21/200] 0.3514447208189033
61 [27/200] 0.1543479888703569
62 [28/200] 0.14462697688886647
68 [33/200] 0.14417765005538327
70 [35/200] 0.13094415497560255
74 [39/200] 0.12672338285451845
75 [40/200] 0.10407789041728308
84 [49/200] 0.09128695270025501
95 [59/200] 0.08623321262582445
97 [61/200] 0.0846381766871192
100 [64/200] 0.0846381766871192
142 [102/200] 0.0842967448672982
200 [155/200] 0.0842967448672982
252 [198/200] 0.08428595780192089
[stop]
