(7_w,15)-aCMA-ES (mu_w=4.5,w_1=34%) in dimension 50 (seed=11, Tue Jun 17 07:36:30 2025)
Iterat #Fevals   function value  axis ratio  sigma  min&max std  t[m:s]
    1     15 6.084528137423857e+02 1.0e+00 2.37e-01  2e-01  2e-01 0:00.1
    2     30 5.468264068711928e+02 1.0e+00 2.28e-01  2e-01  2e-01 0:00.3
    3     45 5.848528137423857e+02 1.1e+00 2.23e-01  2e-01  2e-01 0:00.5
   18    270 2.668032758983082e+00 1.2e+00 2.21e-01  2e-01  2e-01 0:04.7
   21    315 6.193496334823293e-01 1.3e+00 2.25e-01  2e-01  2e-01 0:10.2
   25    375 5.140000000000000e+02 1.3e+00 2.32e-01  2e-01  2e-01 0:15.3
   35    525 6.027135020018433e-01 1.4e+00 2.22e-01  2e-01  2e-01 0:21.7
   40    600 5.200647019685172e-01 1.4e+00 2.18e-01  2e-01  2e-01 0:31.2
   44    660 1.394764478074447e+00 1.4e+00 2.08e-01  2e-01  2e-01 0:39.3
   47    705 8.984436192272736e-01 1.4e+00 2.00e-01  2e-01  2e-01 0:51.2
   50    750 8.031800866535417e-01 1.4e+00 1.88e-01  2e-01  2e-01 1:04.6
   53    795 8.865372489087922e-01 1.4e+00 1.78e-01  2e-01  2e-01 1:18.7
   56    840 8.865372489087922e-01 1.4e+00 1.65e-01  2e-01  2e-01 1:32.0
   59    885 8.865372489087922e-01 1.4e+00 1.54e-01  1e-01  2e-01 1:45.6
   62    930 5.950937933993555e-01 1.4e+00 1.48e-01  1e-01  2e-01 2:03.8
   65    975 5.950937933993555e-01 1.4e+00 1.47e-01  1e-01  2e-01 2:22.1
   68   1020 5.950937933993555e-01 1.4e+00 1.36e-01  1e-01  1e-01 2:42.9
   71   1065 5.950937933993555e-01 1.4e+00 1.27e-01  1e-01  1e-01 3:05.6
   73   1095 5.950937933993555e-01 1.4e+00 1.22e-01  1e-01  1e-01 3:24.3
   75   1125 5.950937933993555e-01 1.4e+00 1.19e-01  1e-01  1e-01 3:43.1
termination on tolflatfitness=1 (Tue Jun 17 07:40:13 2025)
final/bestever f-value = 5.950938e-01 3.338242e-01
incumbent solution: [0.6737111  0.06152111 0.98758224 0.97170744 0.80307985 0.79819785
 0.79707415 0.13461809 ...]
std deviations: [0.12048836 0.11732189 0.12246012 0.11589501 0.11548253 0.11641168
 0.11871389 0.11838084 ...]
(15_w,31)-aCMA-ES (mu_w=8.9,w_1=20%) in dimension 50 (seed=12, Tue Jun 17 07:40:13 2025)
Iterat #Fevals   function value  axis ratio  sigma  min&max std  t[m:s]
    1   1157 5.848528137423858e+02 1.0e+00 2.38e-01  2e-01  2e-01 0:00.4
    2   1188 5.848528137423857e+02 1.0e+00 2.29e-01  2e-01  2e-01 0:00.7
    3   1219 5.652455532033675e+02 1.1e+00 2.29e-01  2e-01  2e-01 0:01.2
   11   1467 5.012000000000000e+02 1.2e+00 2.71e-01  3e-01  3e-01 0:04.2
   17   1653 5.308000000000001e+02 1.3e+00 3.38e-01  3e-01  3e-01 0:08.4
   23   1839 2.037857605290729e-01 1.4e+00 3.31e-01  3e-01  3e-01 0:13.8
   29   2025 8.678562611744833e-01 1.5e+00 3.03e-01  3e-01  3e-01 0:20.0
   32   2118 7.482008519388956e-01 1.5e+00 2.98e-01  3e-01  3e-01 0:29.0
   37   2273 4.022957867483324e-01 1.5e+00 2.60e-01  2e-01  3e-01 0:41.3
   39   2335 2.077221335440138e-01 1.6e+00 2.54e-01  2e-01  3e-01 0:52.4
   41   2397 4.312863326929074e-01 1.6e+00 2.54e-01  2e-01  3e-01 1:06.8
   43   2459 2.100840992615781e-01 1.6e+00 2.48e-01  2e-01  3e-01 1:23.2
   45   2521 1.600493898316330e-01 1.6e+00 2.48e-01  2e-01  3e-01 1:38.0
   47   2583 1.736540342246385e-01 1.6e+00 2.46e-01  2e-01  3e-01 1:54.8
   50   2676 1.802590871147789e-01 1.6e+00 2.38e-01  2e-01  3e-01 2:18.5
   52   2738 1.532179999467823e-01 1.6e+00 2.38e-01  2e-01  3e-01 2:37.3
   54   2800 1.804757452798225e-01 1.6e+00 2.33e-01  2e-01  2e-01 2:55.5
   56   2862 1.519428165854537e-01 1.6e+00 2.32e-01  2e-01  2e-01 3:13.5
   58   2924 1.481064691097235e-01 1.7e+00 2.27e-01  2e-01  2e-01 3:35.1
   60   2986 1.435917880207909e-01 1.7e+00 2.19e-01  2e-01  2e-01 3:59.2
   62   3048 1.358911984614816e-01 1.7e+00 2.10e-01  2e-01  2e-01 4:23.9
   64   3110 1.391318616564716e-01 1.7e+00 2.03e-01  2e-01  2e-01 4:49.9
   67   3203 1.358911984614816e-01 1.7e+00 1.92e-01  2e-01  2e-01 5:23.2
   69   3265 1.319280356792235e-01 1.7e+00 1.83e-01  2e-01  2e-01 5:49.4
   71   3327 1.358911984614816e-01 1.7e+00 1.74e-01  2e-01  2e-01 6:19.5
   73   3389 1.221204340572816e-01 1.7e+00 1.65e-01  2e-01  2e-01 6:44.7
   75   3451 1.328392943696652e-01 1.7e+00 1.62e-01  2e-01  2e-01 7:16.3
   77   3513 1.221204340572816e-01 1.7e+00 1.66e-01  2e-01  2e-01 7:46.3
[stop]
