(7_w,15)-aCMA-ES (mu_w=4.5,w_1=34%) in dimension 50 (seed=22, Fri May 23 16:55:38 2025)
Iterat #Fevals   function value  axis ratio  sigma  min&max std  t[m:s]
    1     15 7.433607538542263e+02 1.0e+00 2.40e-01  2e-01  2e-01 0:05.7
    2     30 6.060660171779821e+02 1.0e+00 2.34e-01  2e-01  2e-01 0:11.1
    3     45 6.414213562373094e+02 1.1e+00 2.28e-01  2e-01  2e-01 0:16.2
    4     60 6.069365054047468e+02 1.1e+00 2.24e-01  2e-01  2e-01 0:21.2
    5     75 5.848528137423856e+02 1.1e+00 2.21e-01  2e-01  2e-01 0:25.4
    7    105 5.141421356237310e+02 1.1e+00 2.16e-01  2e-01  2e-01 0:34.3
    9    135 5.992068274511449e+02 1.1e+00 2.11e-01  2e-01  2e-01 0:43.3
   11    165 6.181653393486499e+02 1.1e+00 2.07e-01  2e-01  2e-01 0:52.4
   13    195 5.854380332064060e+02 1.2e+00 2.03e-01  2e-01  2e-01 1:02.3
   15    225 5.503679629098229e+02 1.2e+00 2.00e-01  2e-01  2e-01 1:12.6
   18    270 5.353553390593274e+02 1.2e+00 1.95e-01  2e-01  2e-01 1:26.6
   21    315 5.141421356237310e+02 1.2e+00 1.86e-01  2e-01  2e-01 1:40.0
   24    360 5.141421356237310e+02 1.2e+00 1.87e-01  2e-01  2e-01 1:52.2
   28    420 5.070710678118655e+02 1.2e+00 1.82e-01  2e-01  2e-01 2:08.7
   32    480 5.070710678118655e+02 1.2e+00 1.74e-01  2e-01  2e-01 2:25.7
   36    540 3.642659366728928e+00 1.3e+00 1.71e-01  2e-01  2e-01 2:45.1
   40    600 1.120851102332628e+00 1.3e+00 1.71e-01  2e-01  2e-01 3:02.2
   44    660 8.711216207902140e-01 1.3e+00 1.62e-01  2e-01  2e-01 3:22.1
   49    735 5.070710678118655e+02 1.3e+00 1.53e-01  1e-01  2e-01 3:44.2
   53    795 2.900376836074841e+00 1.3e+00 1.54e-01  1e-01  2e-01 4:04.9
   58    870 8.748713077402026e-01 1.4e+00 1.45e-01  1e-01  2e-01 4:29.3
   63    945 5.070710678118655e+02 1.4e+00 1.43e-01  1e-01  1e-01 4:51.6
   68   1020 1.909933761073366e+00 1.4e+00 1.38e-01  1e-01  1e-01 5:15.1
   73   1095 9.243518762464594e-01 1.4e+00 1.35e-01  1e-01  1e-01 5:39.6
   79   1185 8.169205881352486e-01 1.5e+00 1.30e-01  1e-01  1e-01 6:07.8
   84   1260 3.546424693581233e+00 1.5e+00 1.32e-01  1e-01  1e-01 6:34.9
   90   1350 9.787931461635914e-01 1.5e+00 1.26e-01  1e-01  1e-01 7:03.9
   96   1440 1.239554986171026e+00 1.6e+00 1.25e-01  1e-01  1e-01 7:36.4
  100   1500 5.070710678118655e+02 1.6e+00 1.25e-01  1e-01  1e-01 7:56.1
  107   1605 5.141421356237310e+02 1.6e+00 1.24e-01  1e-01  1e-01 8:29.2
  114   1710 2.107074730223564e+01 1.6e+00 1.14e-01  1e-01  1e-01 9:02.9
  121   1815 1.539712434505309e+00 1.6e+00 1.04e-01  1e-01  1e-01 9:34.8
  127   1905 5.070710678118655e+02 1.6e+00 1.04e-01  1e-01  1e-01 10:07.7
  134   2010 9.423942904599183e-01 1.7e+00 1.01e-01  9e-02  1e-01 10:45.4
  140   2100 3.225729531367861e-01 1.7e+00 9.60e-02  9e-02  1e-01 11:25.8
  146   2190 4.245359844448631e-01 1.7e+00 9.64e-02  9e-02  1e-01 12:04.0
  152   2280 3.104513191671915e-01 1.7e+00 9.49e-02  8e-02  1e-01 12:43.1
  158   2370 2.162928270423677e-01 1.7e+00 1.02e-01  9e-02  1e-01 13:22.2
  167   2505 2.222446324930868e-01 1.7e+00 9.88e-02  9e-02  1e-01 14:01.0
  176   2640 2.998748001527533e-01 1.7e+00 8.50e-02  7e-02  9e-02 14:42.2
  182   2730 2.736858861074842e-01 1.7e+00 7.93e-02  7e-02  8e-02 15:26.1
  189   2835 3.280406909447044e-01 1.8e+00 8.58e-02  7e-02  9e-02 16:10.8
  195   2925 1.843198053245702e-01 1.8e+00 8.01e-02  7e-02  9e-02 16:56.6
  200   3000 1.958911972177747e-01 1.8e+00 7.70e-02  6e-02  8e-02 17:43.0
  206   3090 1.295641506829781e-01 1.8e+00 7.36e-02  6e-02  8e-02 18:29.5
  212   3180 1.559827362543331e-01 1.8e+00 6.48e-02  5e-02  7e-02 19:21.2
  217   3255 1.494995262104869e-01 1.9e+00 6.01e-02  5e-02  6e-02 20:11.8
  222   3330 1.266313712928160e-01 1.9e+00 5.79e-02  5e-02  6e-02 21:05.9
  228   3420 1.419496616936166e-01 1.9e+00 5.36e-02  4e-02  6e-02 21:57.6
  234   3510 1.299834805470332e-01 1.9e+00 5.41e-02  4e-02  6e-02 22:52.3
  240   3600 1.212321094719736e-01 1.9e+00 5.38e-02  4e-02  6e-02 23:48.1
  246   3690 1.263522428875350e-01 1.9e+00 5.42e-02  4e-02  6e-02 24:39.3
  252   3780 1.090968521371416e-01 1.9e+00 5.09e-02  4e-02  5e-02 25:38.8
  258   3870 1.129810894921722e-01 1.9e+00 4.84e-02  4e-02  5e-02 26:34.6
  263   3945 1.081310911855676e-01 2.0e+00 4.52e-02  4e-02  5e-02 27:28.8
  269   4035 1.103070486176020e-01 2.0e+00 4.41e-02  4e-02  5e-02 28:34.5
  278   4170 1.032172966844090e-01 2.0e+00 4.57e-02  4e-02  5e-02 29:31.7
  288   4320 1.140697353384761e-01 2.0e+00 4.20e-02  3e-02  4e-02 30:37.6
  294   4410 1.096355592605345e-01 2.0e+00 3.72e-02  3e-02  4e-02 31:41.7
  300   4500 1.085103977323019e-01 2.1e+00 3.54e-02  3e-02  4e-02 32:43.0
  306   4590 1.049192316240993e-01 2.1e+00 3.25e-02  2e-02  3e-02 33:47.8
  312   4680 1.010820535125337e-01 2.1e+00 3.10e-02  2e-02  3e-02 34:55.8
  319   4785 9.602581205573736e-02 2.1e+00 2.93e-02  2e-02  3e-02 36:09.4
  325   4875 9.426400953605912e-02 2.1e+00 2.84e-02  2e-02  3e-02 37:12.9
  331   4965 9.533390763456703e-02 2.1e+00 2.69e-02  2e-02  3e-02 38:22.9
  337   5055 9.371699438363765e-02 2.1e+00 2.57e-02  2e-02  3e-02 39:31.9
  344   5160 9.288130497215955e-02 2.1e+00 2.42e-02  2e-02  3e-02 40:45.0
  350   5250 9.203938473798236e-02 2.1e+00 2.57e-02  2e-02  3e-02 41:53.5
  356   5340 9.238373580450547e-02 2.1e+00 2.52e-02  2e-02  3e-02 43:01.6
  363   5445 9.129984594193370e-02 2.1e+00 2.32e-02  2e-02  3e-02 44:17.7
  370   5550 8.782553973387582e-02 2.1e+00 2.08e-02  2e-02  2e-02 45:36.0
  377   5655 8.878292641258333e-02 2.2e+00 1.94e-02  1e-02  2e-02 46:54.9
  384   5760 8.877690618137526e-02 2.2e+00 1.90e-02  1e-02  2e-02 48:15.6
  391   5865 8.749343624006606e-02 2.2e+00 1.78e-02  1e-02  2e-02 49:36.4
  398   5970 8.810818331969225e-02 2.2e+00 1.68e-02  1e-02  2e-02 50:54.3
  400   6000 8.841913595136994e-02 2.2e+00 1.63e-02  1e-02  2e-02 51:17.6
  407   6105 8.803047833212682e-02 2.2e+00 1.54e-02  1e-02  2e-02 52:35.1
  415   6225 8.779871619902263e-02 2.2e+00 1.47e-02  1e-02  2e-02 53:57.9
  423   6345 8.622199546578380e-02 2.2e+00 1.31e-02  1e-02  1e-02 55:27.7
  431   6465 8.671420699432730e-02 2.3e+00 1.17e-02  9e-03  1e-02 56:56.6
  439   6585 8.643397601971235e-02 2.2e+00 1.07e-02  8e-03  1e-02 58:20.1
  447   6705 8.556950006491071e-02 2.2e+00 1.01e-02  7e-03  1e-02 59:43.1
  458   6870 8.652557402267207e-02 2.2e+00 9.09e-03  7e-03  1e-02 61:05.9
  472   7080 8.519758787584576e-02 2.3e+00 8.39e-03  6e-03  9e-03 62:33.6
  485   7275 8.503889883485966e-02 2.3e+00 8.04e-03  6e-03  9e-03 64:06.1
  493   7395 8.448026943438514e-02 2.3e+00 7.85e-03  6e-03  8e-03 65:38.3
  500   7500 8.444247158209837e-02 2.4e+00 7.33e-03  5e-03  8e-03 66:57.6
  508   7620 8.386755797485149e-02 2.4e+00 7.23e-03  5e-03  8e-03 68:26.5
  517   7755 8.368105102002522e-02 2.4e+00 6.90e-03  5e-03  8e-03 70:03.5
  526   7890 8.318366020432891e-02 2.5e+00 6.10e-03  4e-03  7e-03 71:39.2
  534   8010 8.338356029795754e-02 2.5e+00 5.54e-03  4e-03  6e-03 73:10.6
  543   8145 8.304103180155653e-02 2.5e+00 5.67e-03  4e-03  6e-03 74:44.1
[stop]
