(5_w,10)-aCMA-ES (mu_w=3.2,w_1=45%) in dimension 10 (seed=7, Tue Jun 24 08:22:55 2025)
Iterat #Fevals   function value  axis ratio  sigma  min&max std  t[m:s]
    1     10 6.652000000000000e+02 1.0e+00 2.35e-01  2e-01  2e-01 0:00.1
    2     20 6.060660171779822e+02 1.2e+00 2.16e-01  2e-01  2e-01 0:00.1
    3     30 5.948000000000000e+02 1.2e+00 2.14e-01  2e-01  2e-01 0:00.2
   10    100 5.948000000000000e+02 1.5e+00 1.66e-01  1e-01  2e-01 0:00.5
termination on tolflatfitness=1 (Tue Jun 24 08:22:55 2025)
final/bestever f-value = 5.948000e+02 5.948000e+02
incumbent solution: [7.79418942e-02 8.16853113e-01 1.83662092e-01 9.89425006e-01
 9.10311584e-01 3.14030652e-01 8.81666260e-01 2.45095668e-04 ...]
std deviations: [0.16534332 0.14022087 0.15700152 0.15036787 0.17218143 0.15858154
 0.16093503 0.15717009 ...]
(10_w,21)-aCMA-ES (mu_w=6.2,w_1=27%) in dimension 10 (seed=8, Tue Jun 24 08:22:55 2025)
Iterat #Fevals   function value  axis ratio  sigma  min&max std  t[m:s]
    1    122 5.989949493661167e+02 1.0e+00 2.62e-01  3e-01  3e-01 0:00.1
    2    143 5.460000000000000e+02 1.4e+00 2.98e-01  3e-01  3e-01 0:00.2
    3    164 5.460000000000000e+02 1.7e+00 3.57e-01  3e-01  4e-01 0:00.3
   14    395 7.577225297788130e-01 2.5e+00 1.99e-01  1e-01  3e-01 0:04.3
   16    437 7.577225297788130e-01 2.9e+00 2.29e-01  2e-01  3e-01 0:12.3
   17    458 7.577225297788130e-01 2.9e+00 2.41e-01  2e-01  3e-01 0:20.7
   18    479 7.577225297788130e-01 2.9e+00 2.58e-01  2e-01  4e-01 0:31.1
   20    521 7.577225297788130e-01 3.1e+00 2.25e-01  2e-01  3e-01 0:42.9
   22    563 7.577225297788130e-01 3.0e+00 1.91e-01  1e-01  3e-01 0:59.3
   23    584 7.577225297788130e-01 2.9e+00 1.92e-01  1e-01  3e-01 1:10.3
termination on tolflatfitness=1 after 1 restart (Tue Jun 24 08:24:06 2025)
final/bestever f-value = 7.577225e-01 7.577225e-01
incumbent solution: [2.21651406e-01 8.76156523e-01 5.30883835e-04 8.48827856e-01
 1.09790806e-02 9.99777149e-01 6.70800771e-05 9.20899780e-01 ...]
std deviations: [0.17803247 0.14422065 0.18305508 0.17495144 0.15636016 0.1860673
 0.26544913 0.13931369 ...]
(9_w,18)-aCMA-ES (mu_w=5.4,w_1=30%) in dimension 10 (seed=9, Tue Jun 24 08:24:06 2025)
Iterat #Fevals   function value  axis ratio  sigma  min&max std  t[m:s]
    1    603 8.305265136196269e+02 1.0e+00 1.03e-02  1e-02  1e-02 0:00.1
termination on tolfun=1e-06 after 2 restarts (Tue Jun 24 08:24:06 2025)
final/bestever f-value = 8.305265e+02 7.577225e-01
incumbent solution: [0.64673682 0.27150277 0.60824824 0.7640759  0.83276973 0.47838016
 0.62937351 0.1027219  ...]
std deviations: [0.0102053  0.01012472 0.01013197 0.01011043 0.0101014  0.01021717
 0.01025598 0.01030286 ...]
(5_w,11)-aCMA-ES (mu_w=3.4,w_1=42%) in dimension 10 (seed=10, Tue Jun 24 08:24:06 2025)
Iterat #Fevals   function value  axis ratio  sigma  min&max std  t[m:s]
    1    615 8.312533025558641e+02 1.0e+00 3.06e-02  3e-02  3e-02 0:00.1
    2    626 8.312533025558641e+02 1.2e+00 3.32e-02  3e-02  4e-02 0:00.1
    3    637 7.612533025558641e+02 1.3e+00 3.75e-02  4e-02  4e-02 0:00.1
    9    703 7.612533025558641e+02 2.0e+00 3.99e-02  3e-02  5e-02 0:00.5
termination on tolflatfitness=1 after 3 restarts (Tue Jun 24 08:24:07 2025)
final/bestever f-value = 7.612533e+02 7.577225e-01
incumbent solution: [0.69700993 0.02663274 0.43827888 0.96079324 0.89995513 0.66985102
 0.39467971 0.72202894 ...]
std deviations: [0.03786565 0.03888346 0.0450594  0.03982336 0.04261553 0.04041523
 0.04685809 0.03761416 ...]
(6_w,13)-aCMA-ES (mu_w=4.0,w_1=38%) in dimension 10 (seed=11, Tue Jun 24 08:24:07 2025)
Iterat #Fevals   function value  axis ratio  sigma  min&max std  t[m:s]
    1    717 6.984533025558642e+02 1.0e+00 5.90e-02  6e-02  6e-02 0:00.0
    2    730 6.984533025558642e+02 1.2e+00 5.85e-02  5e-02  6e-02 0:00.1
    3    743 6.984533025558642e+02 1.3e+00 5.29e-02  5e-02  5e-02 0:00.2
    5    769 6.984533025558642e+02 1.3e+00 4.95e-02  5e-02  5e-02 0:00.3
termination on tolflatfitness=1 after 4 restarts (Tue Jun 24 08:24:07 2025)
final/bestever f-value = 6.984533e+02 7.577225e-01
incumbent solution: [3.05273807e-04 6.70247222e-01 8.48259175e-01 6.77545763e-01
 8.48047625e-01 4.46145737e-01 2.36066993e-01 6.45245298e-01 ...]
std deviations: [0.04555785 0.05124666 0.04600371 0.04971536 0.05171251 0.04664092
 0.04777083 0.04852116 ...]
(6_w,12)-aCMA-ES (mu_w=3.7,w_1=40%) in dimension 10 (seed=12, Tue Jun 24 08:24:07 2025)
Iterat #Fevals   function value  axis ratio  sigma  min&max std  t[m:s]
    1    782 6.328533025558642e+02 1.0e+00 3.98e-02  4e-02  4e-02 0:00.0
    2    794 6.328533025558642e+02 1.3e+00 4.07e-02  4e-02  4e-02 0:00.1
    3    806 6.328533025558642e+02 1.4e+00 4.62e-02  4e-02  5e-02 0:00.2
   10    890 6.328533025558642e+02 2.0e+00 5.13e-02  5e-02  6e-02 0:00.5
termination on tolfunhist=1e-12 after 5 restarts (Tue Jun 24 08:24:08 2025)
final/bestever f-value = 6.328533e+02 7.577225e-01
incumbent solution: [0.22287929 0.65078926 0.03472788 0.55757399 0.76819984 0.35960678
 0.4063782  0.54413932 ...]
std deviations: [0.05055662 0.05036795 0.05102531 0.04803058 0.0534513  0.05682564
 0.04802652 0.05242485 ...]
(7_w,14)-aCMA-ES (mu_w=4.3,w_1=36%) in dimension 10 (seed=13, Tue Jun 24 08:24:08 2025)
Iterat #Fevals   function value  axis ratio  sigma  min&max std  t[m:s]
    1    905 7.148660171779821e+02 1.0e+00 4.74e-02  5e-02  5e-02 0:00.1
    2    919 7.148660171779821e+02 1.2e+00 4.58e-02  4e-02  5e-02 0:00.2
    3    933 7.148660171779821e+02 1.2e+00 4.63e-02  4e-02  5e-02 0:00.3
    5    961 7.148660171779821e+02 1.5e+00 5.07e-02  4e-02  5e-02 0:00.5
termination on tolflatfitness=1 after 6 restarts (Tue Jun 24 08:24:08 2025)
final/bestever f-value = 7.148660e+02 7.577225e-01
incumbent solution: [0.70736409 0.20330759 0.35975003 0.55246754 0.66451021 0.61551238
 0.57964227 0.37303153 ...]
std deviations: [0.0532474  0.05044315 0.04863191 0.05309453 0.05111883 0.0498145
 0.04974811 0.04809853 ...]
(10_w,20)-aCMA-ES (mu_w=5.9,w_1=27%) in dimension 10 (seed=14, Tue Jun 24 08:24:08 2025)
Iterat #Fevals   function value  axis ratio  sigma  min&max std  t[m:s]
    1    982 8.876533025558642e+02 1.0e+00 6.24e-03  6e-03  7e-03 0:00.1
termination on tolfun=1e-06 after 7 restarts (Tue Jun 24 08:24:08 2025)
final/bestever f-value = 8.876533e+02 7.577225e-01
incumbent solution: [0.99659497 0.82117403 0.97737394 0.64200198 0.70870429 0.6401905
 0.45609557 0.81162986 ...]
std deviations: [0.00606052 0.00613938 0.00609005 0.00617006 0.00677141 0.0061559
 0.00640903 0.00609948 ...]
(21_w,43)-aCMA-ES (mu_w=12.1,w_1=15%) in dimension 10 (seed=15, Tue Jun 24 08:24:08 2025)
Iterat #Fevals   function value  axis ratio  sigma  min&max std  t[m:s]
    1   1026 5.520000000000000e+02 1.0e+00 2.59e-01  2e-01  3e-01 0:00.3
    2   1069 5.989949493661167e+02 1.2e+00 2.85e-01  3e-01  3e-01 0:00.5
    3   1112 5.460000000000000e+02 1.4e+00 2.80e-01  2e-01  3e-01 0:00.7
    8   1327 7.577225297788130e-01 2.4e+00 4.00e-01  3e-01  5e-01 0:05.1
   10   1413 7.577225297788130e-01 2.6e+00 4.13e-01  3e-01  5e-01 0:09.4
   12   1499 7.577225297788130e-01 2.6e+00 3.87e-01  2e-01  5e-01 0:18.0
   13   1542 7.577225297788130e-01 2.7e+00 3.27e-01  2e-01  4e-01 0:25.3
   14   1585 7.577225297788130e-01 2.7e+00 3.11e-01  2e-01  4e-01 0:37.5
[stop]
