(6_w,12)-aCMA-ES (mu_w=3.7,w_1=40%) in dimension 20 (seed=9, Tue Jun 24 11:42:43 2025)
Iterat #Fevals   function value  axis ratio  sigma  min&max std  t[m:s]
    1     12 6.414213562373095e+02 1.0e+00 2.39e-01  2e-01  2e-01 0:00.1
    2     24 5.920000000000000e+02 1.1e+00 2.44e-01  2e-01  3e-01 0:00.2
    3     36 6.324911064067352e+02 1.2e+00 2.52e-01  2e-01  3e-01 0:00.3
   17    204 7.494540081220761e-01 1.6e+00 2.42e-01  2e-01  3e-01 0:03.9
   20    240 4.168800381548606e-01 1.7e+00 2.41e-01  2e-01  3e-01 0:08.1
   22    264 4.035491872675295e-01 1.6e+00 2.44e-01  2e-01  3e-01 0:14.2
   25    300 4.044645777469230e-01 1.6e+00 2.31e-01  2e-01  2e-01 0:22.2
   27    324 2.479642578240964e-01 1.6e+00 2.23e-01  2e-01  2e-01 0:30.5
   31    372 5.494635747227825e-01 1.7e+00 1.96e-01  2e-01  2e-01 0:41.5
   34    408 4.592869512288305e-01 1.7e+00 2.03e-01  2e-01  2e-01 0:55.4
   36    432 3.965344944001582e-01 1.8e+00 2.07e-01  2e-01  2e-01 1:06.1
   39    468 4.168800381548606e-01 1.9e+00 2.03e-01  2e-01  2e-01 1:17.8
   42    504 2.867921471982342e-01 1.9e+00 1.89e-01  2e-01  2e-01 1:29.9
   45    540 4.411850596169088e-01 1.9e+00 1.89e-01  2e-01  2e-01 1:44.4
   50    600 3.754639860178573e-01 2.0e+00 2.02e-01  2e-01  2e-01 2:00.7
   55    660 2.479642578240964e-01 2.0e+00 1.89e-01  2e-01  2e-01 2:18.3
   59    708 2.867921471982342e-01 2.0e+00 1.78e-01  2e-01  2e-01 2:38.3
   64    768 2.820521791401718e-01 2.0e+00 1.87e-01  2e-01  2e-01 2:57.9
   68    816 2.820521791401718e-01 2.0e+00 1.74e-01  2e-01  2e-01 3:18.0
   73    876 2.820521791401718e-01 2.1e+00 1.62e-01  1e-01  2e-01 3:40.4
   77    924 2.820521791401718e-01 2.1e+00 1.29e-01  1e-01  1e-01 4:02.4
[stop]
