(7_w,15)-aCMA-ES (mu_w=4.5,w_1=34%) in dimension 50 (seed=13, Fri May 23 16:55:38 2025)
Iterat #Fevals   function value  axis ratio  sigma  min&max std  t[m:s]
    1     15 7.614982146200109e+02 1.0e+00 2.36e-01  2e-01  2e-01 0:04.3
    2     30 5.576776695296636e+02 1.0e+00 2.26e-01  2e-01  2e-01 0:07.8
    3     45 5.318198051533947e+02 1.0e+00 2.20e-01  2e-01  2e-01 0:10.5
    5     75 6.217605665469503e+02 1.1e+00 2.13e-01  2e-01  2e-01 0:16.0
    7    105 5.682842712474619e+02 1.1e+00 2.08e-01  2e-01  2e-01 0:21.6
    9    135 5.247487373415291e+02 1.1e+00 2.04e-01  2e-01  2e-01 0:26.7
   12    180 5.636396103067892e+02 1.1e+00 2.02e-01  2e-01  2e-01 0:34.0
   16    240 5.424264068711929e+02 1.2e+00 2.02e-01  2e-01  2e-01 0:43.3
   19    285 1.055099896866750e+00 1.2e+00 2.11e-01  2e-01  2e-01 0:51.7
   23    345 5.070710678118655e+02 1.3e+00 2.26e-01  2e-01  2e-01 1:01.4
   26    390 2.355252679065167e-01 1.3e+00 2.39e-01  2e-01  3e-01 1:11.8
   30    450 1.065353984789637e+00 1.4e+00 2.55e-01  2e-01  3e-01 1:22.9
   35    525 5.212132034355965e+02 1.4e+00 2.59e-01  3e-01  3e-01 1:35.9
   41    615 3.407136466787676e+01 1.5e+00 2.50e-01  2e-01  3e-01 1:50.9
   45    675 5.141421356237310e+02 1.5e+00 2.33e-01  2e-01  2e-01 2:07.7
   49    735 5.254950975679640e+02 1.5e+00 2.22e-01  2e-01  2e-01 2:24.4
   53    795 5.070710678118655e+02 1.5e+00 2.18e-01  2e-01  2e-01 2:43.2
   58    870 4.546360168385135e-01 1.5e+00 2.15e-01  2e-01  2e-01 3:03.6
   63    945 2.112544319394934e+00 1.6e+00 2.08e-01  2e-01  2e-01 3:24.4
   68   1020 4.456759582502079e-01 1.6e+00 2.17e-01  2e-01  2e-01 3:45.6
   73   1095 7.875574057678660e-01 1.6e+00 2.28e-01  2e-01  3e-01 4:07.5
   78   1170 5.228824561127074e+02 1.6e+00 2.34e-01  2e-01  3e-01 4:30.9
   84   1260 6.575517673064817e-01 1.7e+00 2.29e-01  2e-01  3e-01 4:56.2
   89   1335 3.036921826214000e-01 1.7e+00 2.21e-01  2e-01  3e-01 5:21.0
   96   1440 5.254950975679640e+02 1.7e+00 2.19e-01  2e-01  2e-01 5:49.2
  100   1500 5.070710678118655e+02 1.7e+00 2.13e-01  2e-01  2e-01 6:07.7
  106   1590 5.711337261890126e-01 1.7e+00 1.92e-01  2e-01  2e-01 6:34.7
  112   1680 1.259180549595203e+00 1.7e+00 1.85e-01  2e-01  2e-01 7:03.2
  119   1785 5.070710678118655e+02 1.8e+00 1.85e-01  2e-01  2e-01 7:34.1
  126   1890 5.795658018893601e-01 1.8e+00 1.76e-01  2e-01  2e-01 8:04.6
  133   1995 1.486052206289289e+02 1.8e+00 1.66e-01  2e-01  2e-01 8:35.7
  143   2145 1.995754989318766e+00 1.8e+00 1.38e-01  1e-01  2e-01 9:08.5
  154   2310 5.070710678118655e+02 1.8e+00 1.20e-01  1e-01  1e-01 9:42.0
  162   2430 2.789518859588132e-01 1.8e+00 1.06e-01  1e-01  1e-01 10:16.2
  173   2595 3.865716170722575e-01 1.8e+00 1.09e-01  1e-01  1e-01 10:50.5
  184   2760 3.088850635667750e-01 1.8e+00 1.09e-01  1e-01  1e-01 11:25.8
  192   2880 2.514185989716516e-01 1.8e+00 1.08e-01  1e-01  1e-01 12:05.9
  199   2985 1.014905169981466e+00 1.9e+00 1.06e-01  1e-01  1e-01 12:44.0
  200   3000 1.414762169216786e+00 1.9e+00 1.07e-01  1e-01  1e-01 12:49.0
  207   3105 3.653702895187647e-01 1.9e+00 1.03e-01  9e-02  1e-01 13:29.6
  215   3225 3.402585313107958e-01 1.9e+00 9.88e-02  9e-02  1e-01 14:14.2
  222   3330 1.830254074543105e-01 1.9e+00 9.88e-02  9e-02  1e-01 15:00.7
  228   3420 2.110934197963517e-01 1.9e+00 1.02e-01  9e-02  1e-01 15:46.7
  235   3525 1.587424537761110e-01 1.9e+00 1.04e-01  9e-02  1e-01 16:37.4
  241   3615 2.274089853418710e-01 1.9e+00 1.02e-01  9e-02  1e-01 17:22.7
  247   3705 1.751946828148907e-01 2.0e+00 9.54e-02  8e-02  1e-01 18:10.4
  254   3810 1.745875181721983e-01 2.0e+00 8.70e-02  7e-02  1e-01 18:57.5
  261   3915 1.797106492727764e-01 2.0e+00 8.88e-02  7e-02  1e-01 19:51.1
  273   4095 2.930042036380002e-01 2.0e+00 9.12e-02  7e-02  1e-01 20:47.7
  281   4215 2.228194627355783e-01 2.1e+00 8.73e-02  7e-02  1e-01 21:37.1
  287   4305 1.569792764345587e-01 2.1e+00 8.24e-02  6e-02  9e-02 22:27.6
  297   4455 1.467575494956898e-01 2.1e+00 7.33e-02  6e-02  8e-02 23:19.7
  300   4500 1.304425514367597e-01 2.1e+00 6.90e-02  5e-02  8e-02 23:36.1
  311   4665 1.119339416587535e-01 2.1e+00 5.97e-02  4e-02  7e-02 24:34.1
  321   4815 1.052732873000168e-01 2.1e+00 5.41e-02  4e-02  6e-02 25:30.3
  328   4920 1.124259714280635e-01 2.2e+00 5.06e-02  4e-02  6e-02 26:25.7
  339   5085 1.000673214689036e-01 2.2e+00 4.71e-02  3e-02  5e-02 27:22.4
  351   5265 1.012157996024927e-01 2.2e+00 4.50e-02  3e-02  5e-02 28:25.9
  359   5385 1.033390332963452e-01 2.2e+00 4.19e-02  3e-02  5e-02 29:32.9
  366   5490 1.176957805213370e-01 2.2e+00 4.06e-02  3e-02  4e-02 30:40.2
  372   5580 9.929566185778628e-02 2.2e+00 3.84e-02  3e-02  4e-02 31:40.8
  378   5670 9.273818198382391e-02 2.2e+00 3.95e-02  3e-02  4e-02 32:43.4
  384   5760 9.108034873413687e-02 2.2e+00 3.66e-02  3e-02  4e-02 33:48.9
  390   5850 9.066320613985476e-02 2.2e+00 3.42e-02  2e-02  4e-02 34:53.5
  397   5955 9.419223086245243e-02 2.2e+00 3.26e-02  2e-02  4e-02 35:58.3
  400   6000 8.809534346541233e-02 2.2e+00 3.23e-02  2e-02  3e-02 36:32.6
  407   6105 8.658338156357742e-02 2.2e+00 3.10e-02  2e-02  3e-02 37:47.6
  414   6210 9.445836800479419e-02 2.2e+00 2.69e-02  2e-02  3e-02 39:01.1
  421   6315 8.813945140416708e-02 2.3e+00 2.45e-02  2e-02  3e-02 40:20.1
  428   6420 8.552129744119460e-02 2.3e+00 2.20e-02  2e-02  2e-02 41:38.7
  435   6525 8.785529059447235e-02 2.3e+00 1.92e-02  1e-02  2e-02 42:57.8
  442   6630 8.625386391823393e-02 2.3e+00 1.67e-02  1e-02  2e-02 44:17.9
  449   6735 8.506265836295171e-02 2.3e+00 1.53e-02  1e-02  2e-02 45:33.1
  457   6855 8.478178647950471e-02 2.3e+00 1.39e-02  9e-03  1e-02 46:54.6
  464   6960 8.326775671066694e-02 2.3e+00 1.26e-02  9e-03  1e-02 48:09.6
  472   7080 8.402436029352993e-02 2.3e+00 1.16e-02  8e-03  1e-02 49:33.1
  480   7200 8.138022557029857e-02 2.3e+00 1.15e-02  8e-03  1e-02 51:00.3
  488   7320 8.302335843078715e-02 2.3e+00 1.11e-02  8e-03  1e-02 52:21.4
  496   7440 8.337073583145596e-02 2.3e+00 1.02e-02  7e-03  1e-02 53:42.2
  500   7500 8.213600202270091e-02 2.3e+00 1.00e-02  7e-03  1e-02 54:22.8
  507   7605 8.326657940203636e-02 2.3e+00 1.06e-02  7e-03  1e-02 55:42.8
  515   7725 8.265693250874442e-02 2.3e+00 9.90e-03  7e-03  1e-02 57:16.4
  523   7845 8.261208698422062e-02 2.3e+00 9.04e-03  6e-03  1e-02 58:47.2
  531   7965 8.234920079236126e-02 2.4e+00 8.92e-03  6e-03  9e-03 60:19.3
  540   8100 8.177934987847323e-02 2.4e+00 8.56e-03  6e-03  9e-03 61:53.7
  549   8235 8.195906712015394e-02 2.4e+00 8.08e-03  5e-03  9e-03 63:20.9
  557   8355 8.127688470873201e-02 2.4e+00 7.09e-03  5e-03  8e-03 64:50.4
  565   8475 8.118184932515793e-02 2.4e+00 6.32e-03  4e-03  7e-03 66:20.6
  573   8595 8.064813507264465e-02 2.4e+00 6.30e-03  4e-03  7e-03 67:53.0
  581   8715 8.019371125177566e-02 2.4e+00 5.85e-03  4e-03  6e-03 69:23.9
  589   8835 8.066615903223832e-02 2.4e+00 5.61e-03  4e-03  6e-03 70:54.3
  597   8955 8.061237241456443e-02 2.5e+00 5.00e-03  3e-03  5e-03 72:29.2
  600   9000 8.040122621872400e-02 2.5e+00 4.90e-03  3e-03  5e-03 73:04.9
  609   9135 8.062021927219562e-02 2.5e+00 4.56e-03  3e-03  5e-03 74:39.5
  619   9285 7.987658456361063e-02 2.5e+00 3.73e-03  3e-03  4e-03 76:19.5
  634   9510 7.940806752665050e-02 2.5e+00 2.88e-03  2e-03  3e-03 77:57.4
[stop]
