0 [0/1000] 901.2027268250541
1 [0/1000] 780.9320343559642
4 [0/1000] 735.8741699796954
7 [0/1000] 718.419726495749
14 [0/1000] 639.4691259711846
jitter = 1e-07
jitter = 1e-06
jitter = 9.999999999999999e-06
jitter = 9.999999999999999e-05
jitter = 1e-07
jitter = 1e-06
jitter = 9.999999999999999e-06
jitter = 9.999999999999999e-05
jitter = 1e-07
jitter = 1e-06
jitter = 9.999999999999999e-06
jitter = 1e-07
jitter = 1e-06
jitter = 9.999999999999999e-06
jitter = 9.999999999999999e-05
jitter = 0.001
jitter = 1e-07
jitter = 1e-06
jitter = 9.999999999999999e-06
jitter = 9.999999999999999e-05
jitter = 0.001
jitter = 1e-07
jitter = 1e-06
jitter = 1e-07
jitter = 1e-06
jitter = 9.999999999999999e-06
jitter = 1e-07
jitter = 1e-06
jitter = 9.999999999999999e-06
jitter = 1e-07
jitter = 1e-06
jitter = 9.999999999999999e-06
jitter = 1e-07
jitter = 1e-06
jitter = 1e-07
jitter = 1e-06
jitter = 9.999999999999999e-06
jitter = 1e-07
jitter = 1e-06
jitter = 9.999999999999999e-06
59 [0/1000] 631.8691259711845
jitter = 1e-07
jitter = 1e-06
jitter = 1e-07
jitter = 1e-07
jitter = 1e-06
jitter = 1e-07
jitter = 1e-06
jitter = 1e-07
jitter = 1e-06
jitter = 1e-07
jitter = 1e-06
jitter = 1e-07
jitter = 1e-06
62 [0/1000] 626.4528137423856
64 [0/1000] 605.2264068711928
71 [0/1000] 582.4264068711929
83 [0/1000] 559.6264068711928
86 [0/1000] 528.0
90 [0/1000] 524.0
100 [0/1000] 524.0
104 [0/1000] 501.6
138 [1/1000] 3.3518163859812202
200 [41/1000] 3.3518163859812202
300 [135/1000] 3.3518163859812202
400 [218/1000] 3.3518163859812202
500 [299/1000] 3.3518163859812202
600 [384/1000] 3.3518163859812202
700 [463/1000] 3.3518163859812202
800 [538/1000] 3.3518163859812202
900 [635/1000] 3.3518163859812202
1000 [733/1000] 3.3518163859812202
1100 [829/1000] 3.3518163859812202
1200 [926/1000] 3.3518163859812202
[stop]
