0 [0/400] 843.3451559416982
1 [0/400] 716.9632601630557
14 [0/400] 670.0583013838761
15 [0/400] 639.2838827718411
jitter = 1e-07
jitter = 1e-06
jitter = 9.999999999999999e-06
26 [0/400] 591.9238815542512
33 [0/400] 535.3553390593273
36 [0/400] 521.2132034355965
40 [0/400] 507.0710678118655
41 [1/400] 0.7273409307672053
47 [4/400] 0.523932094506375
61 [11/400] 0.48484704137349366
64 [14/400] 0.4668675401642962
65 [15/400] 0.16653975042742758
80 [26/400] 0.1599112728499774
88 [32/400] 0.1575686518777127
92 [35/400] 0.15726690982317237
93 [36/400] 0.15489281059479304
100 [42/400] 0.15489281059479304
105 [46/400] 0.15390132112639088
112 [52/400] 0.1537211504550322
139 [76/400] 0.15238781470893265
146 [83/400] 0.1510662056131789
198 [132/400] 0.15009719555683157
200 [134/400] 0.15009719555683157
211 [145/400] 0.14985476331176056
246 [178/400] 0.1495836633812856
253 [185/400] 0.14628405438797654
257 [188/400] 0.1451040489650291
271 [202/400] 0.1442181525388691
274 [205/400] 0.14411529949539942
290 [221/400] 0.14357681496718533
300 [231/400] 0.14357681496718533
313 [244/400] 0.14348370698516538
314 [245/400] 0.1416582387378516
335 [266/400] 0.13598433987774683
377 [307/400] 0.13578261320265417
400 [330/400] 0.13578261320265417
404 [334/400] 0.13517154565614642
426 [356/400] 0.13394318584905207
457 [387/400] 0.1336395788349012
458 [388/400] 0.1333672310746498
[stop]
