(6_w,12)-aCMA-ES (mu_w=3.7,w_1=40%) in dimension 20 (seed=12, Tue Jun 24 12:05:59 2025)
Iterat #Fevals   function value  axis ratio  sigma  min&max std  t[m:s]
    1     12 5.353553390593274e+02 1.0e+00 2.41e-01  2e-01  2e-01 0:00.9
    2     24 5.541421356237310e+02 1.1e+00 2.48e-01  2e-01  3e-01 0:01.9
    3     36 6.726506412367871e+02 1.2e+00 2.67e-01  3e-01  3e-01 0:03.0
    8     96 1.346957989494702e+00 1.3e+00 2.78e-01  3e-01  3e-01 0:06.5
   12    144 2.155591289715477e+00 1.4e+00 2.31e-01  2e-01  2e-01 0:10.9
   16    192 1.897387764199029e-01 1.4e+00 2.46e-01  2e-01  3e-01 0:16.3
   23    276 2.985324290491407e-01 1.6e+00 2.26e-01  2e-01  2e-01 0:22.4
   33    396 5.141421356237310e+02 1.7e+00 2.29e-01  2e-01  2e-01 0:29.5
   42    504 3.457433949315467e-01 1.8e+00 2.06e-01  2e-01  2e-01 0:37.7
   53    636 2.658260031875881e+01 2.0e+00 1.89e-01  2e-01  2e-01 0:47.7
   65    780 3.784073911063288e-01 2.5e+00 1.40e-01  1e-01  2e-01 0:59.1
   73    876 5.070710678118655e+02 2.7e+00 1.41e-01  1e-01  2e-01 1:10.7
   81    972 1.582210801211444e-01 2.8e+00 1.38e-01  9e-02  2e-01 1:25.1
   87   1044 1.123998566902353e+00 2.8e+00 1.60e-01  1e-01  2e-01 1:39.2
   97   1164 4.546545845156373e-01 2.9e+00 1.72e-01  1e-01  2e-01 1:55.3
  100   1200 1.590944441760650e-01 2.9e+00 1.65e-01  1e-01  2e-01 2:02.4
  106   1272 3.806226016154162e-01 3.0e+00 1.48e-01  8e-02  2e-01 2:19.4
  112   1344 1.946302740002059e-01 3.1e+00 1.35e-01  7e-02  2e-01 2:36.9
  120   1440 2.250479345696407e-01 3.2e+00 1.64e-01  8e-02  2e-01 2:55.4
  128   1536 1.443895376532679e-01 3.4e+00 1.27e-01  6e-02  2e-01 3:16.6
  133   1596 1.203992128020974e-01 3.6e+00 1.23e-01  6e-02  2e-01 3:37.5
  139   1668 1.048721851656304e-01 3.7e+00 9.51e-02  4e-02  1e-01 4:03.8
  144   1728 1.032390883218153e-01 3.7e+00 9.21e-02  4e-02  1e-01 4:29.9
  149   1788 9.890818940707571e-02 3.7e+00 8.85e-02  4e-02  1e-01 4:56.7
[stop]
