0 [0/200] 950.431237066719
2 [0/200] 839.4112549695428
3 [0/200] 775.5087362779736
4 [0/200] 671.3429064494793
16 [0/200] 559.9070478491457
17 [0/200] 520.0
18 [0/200] 507.0710678118655
23 [1/200] 0.8263608880755176
27 [2/200] 0.43288939183042047
40 [13/200] 0.38357092805976434
48 [21/200] 0.3675546067677746
51 [24/200] 0.21162770800106803
57 [30/200] 0.21009155731365925
58 [31/200] 0.2029671754135508
62 [35/200] 0.14703595093922073
64 [37/200] 0.141164809620193
67 [40/200] 0.13741455278270331
72 [45/200] 0.10144814259299778
90 [62/200] 0.10134061794673879
91 [63/200] 0.09892463764914025
93 [65/200] 0.09661187391189546
97 [69/200] 0.09450532414807383
100 [72/200] 0.09423736004901571
132 [101/200] 0.09255387078208835
142 [111/200] 0.0923280705575023
147 [116/200] 0.09218399399070039
178 [145/200] 0.09192425487932374
180 [147/200] 0.09167036800500297
200 [165/200] 0.09167036800500297
229 [191/200] 0.09166516928897388
[stop]
