(7_w,15)-aCMA-ES (mu_w=4.5,w_1=34%) in dimension 50 (seed=14, Fri May 23 16:55:39 2025)
Iterat #Fevals   function value  axis ratio  sigma  min&max std  t[m:s]
    1     15 7.934493141924172e+02 1.0e+00 2.38e-01  2e-01  2e-01 0:07.2
    2     30 5.977817459305202e+02 1.0e+00 2.29e-01  2e-01  2e-01 0:12.7
    3     45 8.655603397016970e+02 1.1e+00 2.23e-01  2e-01  2e-01 0:19.0
    4     60 6.343502884254440e+02 1.1e+00 2.17e-01  2e-01  2e-01 0:24.6
    5     75 6.767766952966369e+02 1.1e+00 2.14e-01  2e-01  2e-01 0:30.0
    7    105 5.494974746830583e+02 1.1e+00 2.09e-01  2e-01  2e-01 0:38.4
    9    135 5.341421356237310e+02 1.1e+00 2.14e-01  2e-01  2e-01 0:47.0
   11    165 5.282842712474619e+02 1.2e+00 2.17e-01  2e-01  2e-01 0:54.9
   14    210 5.070710678118655e+02 1.2e+00 2.27e-01  2e-01  2e-01 1:03.4
   17    255 2.526051466920570e+00 1.3e+00 2.32e-01  2e-01  2e-01 1:16.4
   20    300 5.212132034355965e+02 1.3e+00 2.33e-01  2e-01  2e-01 1:29.1
   23    345 5.141421356237310e+02 1.3e+00 2.28e-01  2e-01  2e-01 1:42.4
   26    390 5.424264068711929e+02 1.3e+00 2.16e-01  2e-01  2e-01 1:55.3
   30    450 5.282842712474619e+02 1.4e+00 2.10e-01  2e-01  2e-01 2:12.2
   34    510 5.353553390593273e+02 1.4e+00 2.03e-01  2e-01  2e-01 2:28.6
   38    570 5.141421356237310e+02 1.4e+00 1.83e-01  2e-01  2e-01 2:43.7
   42    630 2.326339939418544e+01 1.4e+00 1.72e-01  2e-01  2e-01 3:01.4
   46    690 5.070710678118655e+02 1.4e+00 1.63e-01  2e-01  2e-01 3:18.4
   50    750 2.923963943270627e+00 1.4e+00 1.45e-01  1e-01  1e-01 3:37.9
   54    810 1.588852219799188e+00 1.4e+00 1.30e-01  1e-01  1e-01 3:59.1
   58    870 5.070710678118655e+02 1.4e+00 1.22e-01  1e-01  1e-01 4:19.4
   62    930 3.469777605577962e+01 1.4e+00 1.14e-01  1e-01  1e-01 4:40.6
   66    990 1.272570818550932e+01 1.4e+00 1.09e-01  1e-01  1e-01 5:03.4
   70   1050 7.068200547434649e-01 1.4e+00 1.07e-01  1e-01  1e-01 5:26.9
   75   1125 1.248266444749991e+00 1.5e+00 1.08e-01  1e-01  1e-01 5:54.0
   80   1200 2.354156920510174e+00 1.5e+00 1.03e-01  1e-01  1e-01 6:20.8
   85   1275 1.067500250773474e+00 1.5e+00 9.56e-02  9e-02  1e-01 6:47.2
   90   1350 5.410827159506381e-01 1.5e+00 9.10e-02  9e-02  9e-02 7:19.0
  100   1500 7.067931989738054e+00 1.5e+00 8.77e-02  8e-02  9e-02 7:48.0
  106   1590 5.150956085446992e-01 1.5e+00 8.10e-02  8e-02  8e-02 8:21.3
  111   1665 2.722621906141589e-01 1.5e+00 7.83e-02  7e-02  8e-02 8:58.2
  116   1740 2.494336296591708e-01 1.5e+00 7.72e-02  7e-02  8e-02 9:36.4
  121   1815 2.520533573847512e-01 1.5e+00 7.43e-02  7e-02  8e-02 10:08.7
  126   1890 2.553896701756728e-01 1.5e+00 7.31e-02  7e-02  8e-02 10:46.4
  130   1950 1.853232107122814e-01 1.5e+00 7.09e-02  6e-02  7e-02 11:23.6
  135   2025 1.672664620132551e-01 1.5e+00 6.96e-02  6e-02  7e-02 12:07.9
  139   2085 1.696396691889138e-01 1.5e+00 6.50e-02  6e-02  7e-02 12:48.8
  143   2145 1.397320468301483e-01 1.6e+00 6.00e-02  5e-02  6e-02 13:30.0
  147   2205 1.281472077076816e-01 1.6e+00 5.90e-02  5e-02  6e-02 14:09.1
  152   2280 1.221204008863809e-01 1.6e+00 5.85e-02  5e-02  6e-02 14:55.4
  157   2355 1.118910347974704e-01 1.6e+00 5.25e-02  5e-02  5e-02 15:42.1
  161   2415 9.379504387152601e-02 1.6e+00 5.05e-02  5e-02  5e-02 16:23.4
  166   2490 1.026137769262395e-01 1.6e+00 4.82e-02  4e-02  5e-02 17:16.5
  170   2550 1.052838372072065e-01 1.6e+00 4.50e-02  4e-02  5e-02 18:01.2
  175   2625 9.932611959156652e-02 1.6e+00 4.23e-02  4e-02  4e-02 18:51.9
  180   2700 9.728870982523882e-02 1.6e+00 4.06e-02  4e-02  4e-02 19:45.5
  185   2775 9.770562079523108e-02 1.6e+00 3.94e-02  3e-02  4e-02 20:34.6
  191   2865 9.831571633847111e-02 1.6e+00 3.69e-02  3e-02  4e-02 21:23.7
  197   2955 9.930904063775566e-02 1.6e+00 3.48e-02  3e-02  4e-02 22:17.9
  200   3000 9.646461621570765e-02 1.6e+00 3.36e-02  3e-02  4e-02 22:49.7
  205   3075 8.794839748373370e-02 1.6e+00 3.13e-02  3e-02  3e-02 23:40.6
  210   3150 9.039862086030803e-02 1.6e+00 2.86e-02  3e-02  3e-02 24:32.2
  216   3240 8.972533659898402e-02 1.6e+00 2.75e-02  2e-02  3e-02 25:31.5
  221   3315 8.834850656268214e-02 1.6e+00 2.79e-02  2e-02  3e-02 26:25.7
  226   3390 8.963975301882410e-02 1.6e+00 2.80e-02  2e-02  3e-02 27:20.0
  231   3465 8.849725300468422e-02 1.7e+00 2.81e-02  2e-02  3e-02 28:15.8
  237   3555 8.468955106179107e-02 1.7e+00 2.75e-02  2e-02  3e-02 29:21.2
  243   3645 8.645079487679143e-02 1.7e+00 2.57e-02  2e-02  3e-02 30:23.2
  249   3735 8.616339228887729e-02 1.7e+00 2.53e-02  2e-02  3e-02 31:31.9
  255   3825 8.578684923675287e-02 1.7e+00 2.33e-02  2e-02  2e-02 32:38.4
  261   3915 8.495021901551347e-02 1.7e+00 2.20e-02  2e-02  2e-02 33:42.2
  271   4065 8.481694966630723e-02 1.7e+00 1.87e-02  2e-02  2e-02 34:48.0
  279   4185 8.652295190319871e-02 1.7e+00 1.90e-02  2e-02  2e-02 35:58.5
  286   4290 8.493838552907176e-02 1.7e+00 1.69e-02  1e-02  2e-02 37:11.7
  293   4395 8.405270204976108e-02 1.7e+00 1.48e-02  1e-02  2e-02 38:26.0
  299   4485 8.264222749961964e-02 1.7e+00 1.35e-02  1e-02  1e-02 39:32.0
  300   4500 8.199056344412031e-02 1.8e+00 1.34e-02  1e-02  1e-02 39:43.5
  308   4620 8.128777872152437e-02 1.8e+00 1.26e-02  1e-02  1e-02 41:00.5
  314   4710 8.235257238847979e-02 1.9e+00 1.38e-02  1e-02  1e-02 42:11.6
  320   4800 8.193119377914389e-02 1.9e+00 1.37e-02  1e-02  1e-02 43:20.7
  327   4905 8.124168529689516e-02 2.0e+00 1.41e-02  1e-02  1e-02 44:36.3
  335   5025 8.015670255591507e-02 2.1e+00 1.37e-02  1e-02  1e-02 45:54.7
  342   5130 8.029814409937507e-02 2.1e+00 1.41e-02  1e-02  2e-02 47:10.4
  349   5235 8.177449389971372e-02 2.1e+00 1.40e-02  1e-02  2e-02 48:25.6
  356   5340 8.060102815625317e-02 2.2e+00 1.23e-02  1e-02  1e-02 49:44.1
  364   5460 7.885989450395570e-02 2.2e+00 1.14e-02  9e-03  1e-02 51:06.4
  372   5580 7.959089090204229e-02 2.3e+00 1.08e-02  8e-03  1e-02 52:32.9
  379   5685 7.883279591006123e-02 2.3e+00 1.07e-02  8e-03  1e-02 53:52.6
  386   5790 7.864660838441551e-02 2.4e+00 1.08e-02  8e-03  1e-02 55:12.2
  394   5910 7.989073545282953e-02 2.4e+00 9.68e-03  7e-03  1e-02 56:38.2
  400   6000 7.808836487564774e-02 2.4e+00 8.28e-03  6e-03  9e-03 57:43.6
  408   6120 7.921764205630820e-02 2.4e+00 7.95e-03  6e-03  9e-03 59:06.4
  416   6240 7.782875942271900e-02 2.4e+00 7.71e-03  6e-03  8e-03 60:30.0
  424   6360 7.856024734985362e-02 2.5e+00 7.74e-03  6e-03  8e-03 62:00.1
  432   6480 7.809365091213832e-02 2.5e+00 7.08e-03  5e-03  8e-03 63:34.5
  440   6600 7.750339221154461e-02 2.5e+00 6.70e-03  5e-03  7e-03 65:09.4
  448   6720 7.762350988096446e-02 2.6e+00 5.94e-03  4e-03  7e-03 66:40.4
  456   6840 7.729761757336012e-02 2.6e+00 6.02e-03  4e-03  7e-03 68:09.3
  464   6960 7.767206153231372e-02 2.7e+00 5.96e-03  4e-03  7e-03 69:38.3
  474   7110 7.771985095822942e-02 2.7e+00 5.63e-03  4e-03  6e-03 71:13.4
[stop]
