0 [0/200] 768.292177020827
11 [0/200] 614.2365965879586
15 [0/200] 613.3578404875464
20 [0/200] 557.0087712549569
21 [0/200] 556.5685424949238
22 [0/200] 542.4264068711929
27 [0/200] 528.2842712474619
29 [1/200] 1.1062123484124697
32 [3/200] 0.1349612426125209
63 [28/200] 0.13194803096076488
71 [34/200] 0.12960816859542143
90 [49/200] 0.1162710902603692
100 [58/200] 0.1162710902603692
105 [63/200] 0.11422272926798362
107 [65/200] 0.11386811216857867
115 [72/200] 0.11239441181669962
141 [97/200] 0.1054130112721757
158 [114/200] 0.09701849071490348
200 [152/200] 0.09701849071490348
237 [185/200] 0.09669047556115362
[stop]
