0 [0/400] 667.3149262547389
2 [0/400] 602.4264068711929
6 [0/400] 591.9238815542511
12 [0/400] 590.2998666823701
18 [0/400] 542.4264068711929
32 [0/400] 521.2132034355964
40 [0/400] 514.142135623731
44 [1/400] 5.695739058343742
45 [2/400] 4.672408734580781
47 [3/400] 4.643494955643456
56 [7/400] 4.500216930286278
64 [12/400] 4.395100391959712
66 [14/400] 4.332151425763993
72 [18/400] 3.4507091359574313
73 [19/400] 2.60669863078208
76 [21/400] 1.8601081221105737
78 [23/400] 1.7585393374999898
79 [24/400] 1.48536441842331
81 [26/400] 1.4757766240052295
88 [32/400] 1.4447309713265604
100 [40/400] 1.4447309713265604
105 [45/400] 1.2074080337186541
118 [58/400] 0.9436008610536529
130 [70/400] 0.9352748238317472
131 [71/400] 0.9179618823492501
139 [79/400] 0.8574026470263021
140 [80/400] 0.8161094045905728
141 [81/400] 0.7595807909079382
150 [90/400] 0.6934697781670106
156 [96/400] 0.5318607814191436
157 [97/400] 0.5179071937103179
160 [100/400] 0.4465911535897052
177 [117/400] 0.42214852132420055
191 [131/400] 0.39702782020695104
197 [137/400] 0.3234569146912195
200 [140/400] 0.3234569146912195
204 [144/400] 0.29039477639432926
207 [147/400] 0.2852213898458985
209 [149/400] 0.2695220917626565
210 [150/400] 0.24795830033510263
213 [153/400] 0.23549153432175587
214 [154/400] 0.20443104100618914
215 [155/400] 0.20093094153015206
216 [156/400] 0.20042433631013423
217 [157/400] 0.1689402472143831
218 [158/400] 0.1523949809917693
227 [167/400] 0.14912516037340778
237 [177/400] 0.14518981342211507
238 [178/400] 0.14227618178126467
240 [180/400] 0.13401091837737777
243 [183/400] 0.10719828907084501
245 [185/400] 0.09231761314262127
300 [234/400] 0.09231761314262127
400 [319/400] 0.09231761314262127
450 [352/400] 0.09196988897405159
500 [390/400] 0.09196988897405159
[stop]
