0 [0/200] 810.8616942663577
4 [0/200] 761.7557378683787
10 [0/200] 740.416305603426
12 [0/200] 707.7307070732335
17 [0/200] 665.3043002020406
18 [0/200] 651.1621645783098
21 [0/200] 614.2365965879586
23 [0/200] 572.1110255092798
25 [0/200] 505.2
26 [1/200] 0.11328233622417139
28 [2/200] 0.11139961531172995
39 [8/200] 0.10571959525202058
54 [18/200] 0.09617925993238072
100 [57/200] 0.09617925993238072
130 [79/200] 0.09549086420459561
170 [104/200] 0.09540385221776801
200 [130/200] 0.09540385221776801
211 [139/200] 0.09527565114186273
217 [145/200] 0.09450507666377916
242 [166/200] 0.09403687614625855
250 [174/200] 0.09383650662864262
[stop]
