(7_w,15)-aCMA-ES (mu_w=4.5,w_1=34%) in dimension 50 (seed=17, Fri May 23 16:55:38 2025)
Iterat #Fevals   function value  axis ratio  sigma  min&max std  t[m:s]
    1     15 6.612928222639183e+02 1.0e+00 2.36e-01  2e-01  2e-01 0:04.9
    2     30 6.732411613907042e+02 1.0e+00 2.26e-01  2e-01  2e-01 0:10.2
    3     45 6.803122292025696e+02 1.1e+00 2.19e-01  2e-01  2e-01 0:14.9
    4     60 5.782219746905532e+02 1.1e+00 2.14e-01  2e-01  2e-01 0:20.9
    5     75 6.308147545195113e+02 1.1e+00 2.11e-01  2e-01  2e-01 0:27.4
    6     90 6.060660171779822e+02 1.1e+00 2.11e-01  2e-01  2e-01 0:33.5
    8    120 5.594190613144179e+02 1.1e+00 2.12e-01  2e-01  2e-01 0:43.2
   10    150 5.707106781186546e+02 1.1e+00 2.16e-01  2e-01  2e-01 0:52.6
   13    195 5.430116263352131e+02 1.2e+00 2.18e-01  2e-01  2e-01 1:04.3
   16    240 5.070710678118655e+02 1.2e+00 2.23e-01  2e-01  2e-01 1:16.5
   19    285 5.565685424949238e+02 1.3e+00 2.22e-01  2e-01  2e-01 1:28.0
   22    330 2.962328394139415e+01 1.3e+00 2.20e-01  2e-01  2e-01 1:40.1
   26    390 5.070710678118655e+02 1.3e+00 2.11e-01  2e-01  2e-01 1:55.7
   30    450 5.070710678118655e+02 1.3e+00 2.04e-01  2e-01  2e-01 2:10.7
   33    495 5.070710678118655e+02 1.3e+00 2.00e-01  2e-01  2e-01 2:25.1
   37    555 8.308450004969929e-01 1.4e+00 1.89e-01  2e-01  2e-01 2:42.5
   41    615 1.588146300874751e+00 1.4e+00 1.84e-01  2e-01  2e-01 3:00.6
   47    705 5.200000000000000e+02 1.4e+00 1.76e-01  2e-01  2e-01 3:18.4
   51    765 1.260342632862537e+00 1.4e+00 1.72e-01  2e-01  2e-01 3:36.5
   56    840 1.907611014001443e-01 1.4e+00 1.73e-01  2e-01  2e-01 3:57.7
   61    915 9.426138586273909e+01 1.4e+00 1.63e-01  2e-01  2e-01 4:18.2
   66    990 4.540780141234184e-01 1.4e+00 1.51e-01  1e-01  2e-01 4:43.4
   71   1065 3.042580843365458e-01 1.4e+00 1.39e-01  1e-01  1e-01 5:08.0
   77   1155 2.277823409805426e-01 1.4e+00 1.34e-01  1e-01  1e-01 5:37.1
   82   1230 4.139213470283400e-01 1.4e+00 1.28e-01  1e-01  1e-01 6:02.5
   88   1320 4.219536834756038e-01 1.5e+00 1.22e-01  1e-01  1e-01 6:31.4
   93   1395 2.191535796393775e-01 1.5e+00 1.21e-01  1e-01  1e-01 6:59.1
   98   1470 2.890721862825009e-01 1.5e+00 1.22e-01  1e-01  1e-01 7:27.3
  100   1500 2.700323617835048e-01 1.5e+00 1.22e-01  1e-01  1e-01 7:39.4
  106   1590 2.128076983278324e-01 1.5e+00 1.16e-01  1e-01  1e-01 8:12.6
  111   1665 2.008794181155056e-01 1.5e+00 1.03e-01  1e-01  1e-01 8:44.1
  117   1755 2.087002994737653e-01 1.5e+00 9.77e-02  9e-02  1e-01 9:19.9
  121   1815 1.794566897519156e-01 1.5e+00 9.34e-02  9e-02  1e-01 9:52.8
  126   1890 1.727697787549023e-01 1.5e+00 8.66e-02  8e-02  9e-02 10:32.6
  131   1965 1.619203294313542e-01 1.5e+00 7.97e-02  7e-02  8e-02 11:09.2
  136   2040 1.444206618717624e-01 1.5e+00 8.12e-02  7e-02  9e-02 11:50.2
  141   2115 1.847422704671826e-01 1.5e+00 8.07e-02  7e-02  9e-02 12:29.1
  147   2205 1.556599440255346e-01 1.5e+00 8.35e-02  8e-02  9e-02 13:08.7
  153   2295 1.634763932330087e-01 1.6e+00 8.74e-02  8e-02  9e-02 13:51.8
  159   2385 2.235471648463248e-01 1.7e+00 8.27e-02  7e-02  9e-02 14:35.5
  165   2475 1.478931417278073e-01 1.7e+00 7.15e-02  6e-02  8e-02 15:21.6
  170   2550 1.229830247966779e-01 1.7e+00 6.25e-02  5e-02  7e-02 16:06.4
  175   2625 1.524058818771167e-01 1.7e+00 5.47e-02  5e-02  6e-02 16:49.2
  180   2700 1.451988516568492e-01 1.7e+00 5.26e-02  5e-02  6e-02 17:36.8
  185   2775 1.465337759430180e-01 1.8e+00 5.49e-02  5e-02  6e-02 18:22.6
  191   2865 1.539830179311575e-01 1.8e+00 5.54e-02  5e-02  6e-02 19:09.0
  196   2940 1.365464950114477e-01 1.8e+00 5.45e-02  5e-02  6e-02 19:55.2
  200   3000 1.215856966427008e-01 1.8e+00 5.32e-02  5e-02  6e-02 20:38.4
  205   3075 1.225287091722401e-01 1.8e+00 4.96e-02  4e-02  5e-02 21:30.2
  210   3150 1.312162664220263e-01 1.8e+00 4.82e-02  4e-02  5e-02 22:19.3
  215   3225 1.166198880720418e-01 1.8e+00 4.42e-02  4e-02  5e-02 23:16.8
  220   3300 1.049206392509060e-01 1.9e+00 4.18e-02  3e-02  5e-02 24:12.3
  225   3375 1.019906220039843e-01 1.9e+00 4.03e-02  3e-02  4e-02 25:09.5
  230   3450 9.460936527033598e-02 1.9e+00 3.97e-02  3e-02  4e-02 26:07.6
  235   3525 9.905316618756771e-02 1.9e+00 4.32e-02  4e-02  5e-02 27:02.0
  241   3615 1.009206580040163e-01 1.9e+00 4.39e-02  4e-02  5e-02 28:00.7
  247   3705 9.859273180876629e-02 2.0e+00 3.92e-02  3e-02  4e-02 28:58.7
  253   3795 1.035230825342264e-01 2.0e+00 3.71e-02  3e-02  4e-02 30:05.0
  259   3885 1.014596121443953e-01 2.0e+00 3.34e-02  3e-02  4e-02 31:09.6
  265   3975 9.412897503409574e-02 2.0e+00 2.95e-02  2e-02  3e-02 32:16.2
  271   4065 9.328962607714331e-02 2.0e+00 2.62e-02  2e-02  3e-02 33:19.9
  278   4170 9.362077453240610e-02 2.0e+00 2.60e-02  2e-02  3e-02 34:28.3
  284   4260 9.156351756762482e-02 2.0e+00 2.51e-02  2e-02  3e-02 35:35.6
  290   4350 9.138773334430637e-02 2.0e+00 2.46e-02  2e-02  3e-02 36:43.5
  297   4455 8.965973445539602e-02 2.0e+00 2.39e-02  2e-02  3e-02 37:50.5
  300   4500 8.991310678853789e-02 2.0e+00 2.28e-02  2e-02  2e-02 38:24.4
  307   4605 8.940771918171611e-02 2.1e+00 2.07e-02  2e-02  2e-02 39:37.2
  314   4710 8.911330125642880e-02 2.1e+00 1.85e-02  1e-02  2e-02 40:50.6
  321   4815 8.927091335040942e-02 2.1e+00 1.78e-02  1e-02  2e-02 42:08.5
  331   4965 9.062667395368068e-02 2.1e+00 1.66e-02  1e-02  2e-02 43:27.1
  341   5115 8.535108393040555e-02 2.2e+00 1.48e-02  1e-02  2e-02 44:39.9
  348   5220 8.401047489647087e-02 2.2e+00 1.42e-02  1e-02  2e-02 45:58.5
  355   5325 8.329962485078787e-02 2.2e+00 1.33e-02  1e-02  1e-02 47:16.7
  362   5430 8.314658434470493e-02 2.2e+00 1.33e-02  1e-02  1e-02 48:37.7
  369   5535 8.424177951484160e-02 2.2e+00 1.38e-02  1e-02  1e-02 49:59.5
  376   5640 8.131976232525048e-02 2.2e+00 1.26e-02  1e-02  1e-02 51:19.0
  383   5745 8.273711323365979e-02 2.2e+00 1.16e-02  9e-03  1e-02 52:39.9
  390   5850 8.171110192459656e-02 2.2e+00 1.07e-02  8e-03  1e-02 54:02.6
  399   5985 8.446002863604107e-02 2.2e+00 1.10e-02  8e-03  1e-02 55:27.5
  400   6000 8.471141453671499e-02 2.2e+00 1.09e-02  8e-03  1e-02 55:34.7
  407   6105 8.297411396630658e-02 2.3e+00 9.57e-03  7e-03  1e-02 56:57.8
  414   6210 7.998630601886031e-02 2.3e+00 9.41e-03  7e-03  1e-02 58:20.8
  422   6330 8.029201463584826e-02 2.3e+00 9.34e-03  7e-03  1e-02 59:48.0
  430   6450 8.009970617689346e-02 2.3e+00 9.27e-03  7e-03  1e-02 61:16.2
  438   6570 7.951270045474111e-02 2.3e+00 8.63e-03  6e-03  9e-03 62:45.8
  446   6690 7.983796287401181e-02 2.3e+00 8.28e-03  6e-03  9e-03 64:20.1
  454   6810 7.962616840816655e-02 2.3e+00 7.65e-03  6e-03  8e-03 65:56.1
  463   6945 7.849994115037595e-02 2.3e+00 6.74e-03  5e-03  7e-03 67:33.0
  471   7065 7.879123696469725e-02 2.3e+00 6.06e-03  5e-03  7e-03 69:02.6
  479   7185 7.868668293492234e-02 2.3e+00 5.47e-03  4e-03  6e-03 70:36.2
  487   7305 7.863277920045079e-02 2.3e+00 4.77e-03  4e-03  5e-03 72:10.1
  496   7440 7.888335923444437e-02 2.3e+00 4.47e-03  3e-03  5e-03 73:47.1
  500   7500 7.844347273360380e-02 2.3e+00 4.19e-03  3e-03  4e-03 74:29.4
  510   7650 7.849237903373725e-02 2.3e+00 3.99e-03  3e-03  4e-03 76:03.8
[stop]
