(5_w,10)-aCMA-ES (mu_w=3.2,w_1=45%) in dimension 10 (seed=11, Tue Jun 24 08:37:32 2025)
Iterat #Fevals   function value  axis ratio  sigma  min&max std  t[m:s]
    1     10 6.373949493661166e+02 1.0e+00 2.41e-01  2e-01  2e-01 0:00.0
    2     20 6.649949493661165e+02 1.2e+00 2.34e-01  2e-01  2e-01 0:00.1
    3     30 5.989949493661167e+02 1.3e+00 2.32e-01  2e-01  2e-01 0:00.1
   24    240 5.520000000000000e+02 2.3e+00 1.74e-01  1e-01  2e-01 0:01.3
termination on tolflatfitness=1 (Tue Jun 24 08:37:34 2025)
final/bestever f-value = 5.520000e+02 5.460000e+02
incumbent solution: [0.14426106 0.94865676 0.10123019 0.71690378 0.80931306 0.19055752
 0.28624235 0.96850127 ...]
std deviations: [0.15144669 0.18907853 0.17966761 0.12638888 0.19329648 0.15640986
 0.15900334 0.15397525 ...]
(10_w,21)-aCMA-ES (mu_w=6.2,w_1=27%) in dimension 10 (seed=12, Tue Jun 24 08:37:34 2025)
Iterat #Fevals   function value  axis ratio  sigma  min&max std  t[m:s]
    1    262 5.989949493661167e+02 1.0e+00 2.43e-01  2e-01  3e-01 0:00.1
    2    283 5.380000000000000e+02 1.3e+00 2.64e-01  2e-01  3e-01 0:00.2
    3    304 5.380000000000000e+02 1.5e+00 3.02e-01  3e-01  4e-01 0:00.3
   19    640 5.380000000000000e+02 2.4e+00 1.95e-01  1e-01  2e-01 0:02.0
termination on tolflatfitness=1 after 1 restart (Tue Jun 24 08:37:36 2025)
final/bestever f-value = 5.380000e+02 5.380000e+02
incumbent solution: [9.69161116e-01 1.86268180e-02 8.15660751e-01 6.56104497e-05
 9.81774211e-01 1.32493038e-01 1.92905807e-01 9.87337359e-01 ...]
std deviations: [0.16576167 0.18157186 0.15647664 0.1514973  0.15063624 0.19802659
 0.14833525 0.18608076 ...]
(5_w,11)-aCMA-ES (mu_w=3.4,w_1=42%) in dimension 10 (seed=13, Tue Jun 24 08:37:36 2025)
Iterat #Fevals   function value  axis ratio  sigma  min&max std  t[m:s]
    1    652 8.629584412271572e+02 1.0e+00 2.13e-02  2e-02  2e-02 0:00.0
termination on tolfun=1e-06 after 2 restarts (Tue Jun 24 08:37:36 2025)
final/bestever f-value = 8.629584e+02 5.380000e+02
incumbent solution: [0.91464352 0.548432   0.37510804 0.8245055  0.62806343 0.76597621
 0.56077177 0.37423842 ...]
std deviations: [0.02085238 0.02132615 0.02078424 0.02124244 0.02150256 0.0213078
 0.02086091 0.02180729 ...]
(6_w,13)-aCMA-ES (mu_w=4.0,w_1=38%) in dimension 10 (seed=14, Tue Jun 24 08:37:36 2025)
Iterat #Fevals   function value  axis ratio  sigma  min&max std  t[m:s]
    1    666 7.989193197338464e+02 1.0e+00 4.00e-02  4e-02  4e-02 0:00.1
termination on tolfun=1e-06 after 3 restarts (Tue Jun 24 08:37:36 2025)
final/bestever f-value = 7.989193e+02 5.380000e+02
incumbent solution: [0.2099999  0.70760341 0.62805525 0.11003069 0.79343765 0.8496899
 0.72421165 0.91637468 ...]
std deviations: [0.04069337 0.03947315 0.04003571 0.03993541 0.04037484 0.03849165
 0.03876845 0.04032193 ...]
(5_w,11)-aCMA-ES (mu_w=3.4,w_1=42%) in dimension 10 (seed=15, Tue Jun 24 08:37:36 2025)
Iterat #Fevals   function value  axis ratio  sigma  min&max std  t[m:s]
    1    678 7.304031021678297e+02 1.0e+00 2.33e-02  2e-02  2e-02 0:00.1
termination on tolfun=1e-06 after 4 restarts (Tue Jun 24 08:37:36 2025)
final/bestever f-value = 7.304031e+02 5.380000e+02
incumbent solution: [0.58116308 0.81169906 0.17307706 0.24910971 0.31853866 0.98686882
 0.19109033 0.94416839 ...]
std deviations: [0.02324003 0.02269142 0.02292046 0.02305614 0.02316559 0.02336185
 0.02349163 0.02343299 ...]
(5_w,11)-aCMA-ES (mu_w=3.4,w_1=42%) in dimension 10 (seed=16, Tue Jun 24 08:37:36 2025)
Iterat #Fevals   function value  axis ratio  sigma  min&max std  t[m:s]
    1    690 6.515370849898476e+02 1.0e+00 1.44e-01  1e-01  1e-01 0:00.1
    2    701 6.515370849898476e+02 1.2e+00 1.45e-01  1e-01  1e-01 0:00.1
    3    712 6.515370849898476e+02 1.3e+00 1.41e-01  1e-01  1e-01 0:00.2
   17    866 7.577225297788130e-01 2.2e+00 1.65e-01  1e-01  2e-01 0:03.8
   18    877 7.577225297788130e-01 2.3e+00 1.76e-01  2e-01  2e-01 0:07.9
   19    888 7.577225297788130e-01 2.3e+00 1.87e-01  2e-01  2e-01 0:11.3
termination on maxiter=18.181818181818183 after 5 restarts (Tue Jun 24 08:37:48 2025)
final/bestever f-value = 7.577225e-01 7.577225e-01
incumbent solution: [0.12880073 0.97233959 0.06688642 0.78018461 0.01917241 0.7506759
 0.0025994  0.59558451 ...]
std deviations: [0.18882178 0.19126118 0.19532569 0.17849987 0.19173426 0.17034362
 0.1671878  0.15797887 ...]
(21_w,43)-aCMA-ES (mu_w=12.1,w_1=15%) in dimension 10 (seed=17, Tue Jun 24 08:37:48 2025)
Iterat #Fevals   function value  axis ratio  sigma  min&max std  t[m:s]
    1    932 6.131370849898476e+02 1.0e+00 2.64e-01  2e-01  3e-01 0:00.3
    2    975 5.808000000000000e+02 1.3e+00 3.69e-01  4e-01  4e-01 0:00.5
    3   1018 5.808000000000000e+02 1.5e+00 4.49e-01  4e-01  5e-01 0:00.8
   17   1620 5.808000000000000e+02 2.2e+00 3.24e-01  2e-01  3e-01 0:03.8
   20   1749 5.808000000000000e+02 2.5e+00 2.88e-01  2e-01  3e-01 0:04.4
termination on tolfunhist=1e-12 after 6 restarts (Tue Jun 24 08:37:52 2025)
final/bestever f-value = 5.808000e+02 7.577225e-01
incumbent solution: [9.48046391e-01 1.11080181e-03 9.90828730e-01 2.09394454e-02
 9.97314593e-01 1.18679366e-04 9.79809935e-01 8.74371747e-02 ...]
std deviations: [0.25751562 0.22044944 0.23181302 0.19702752 0.21596875 0.19766435
 0.20043075 0.17678952 ...]
(5_w,11)-aCMA-ES (mu_w=3.4,w_1=42%) in dimension 10 (seed=18, Tue Jun 24 08:37:52 2025)
Iterat #Fevals   function value  axis ratio  sigma  min&max std  t[m:s]
    1   1761 8.606244584051392e+02 1.0e+00 5.00e-03  5e-03  5e-03 0:00.1
termination on tolfun=1e-06 after 7 restarts (Tue Jun 24 08:37:52 2025)
final/bestever f-value = 8.606245e+02 7.577225e-01
incumbent solution: [0.07220075 0.59370404 0.02761166 0.24076164 0.90650761 0.65217673
 0.09640022 0.0167612  ...]
std deviations: [0.00500276 0.00517748 0.00492083 0.00490262 0.00493079 0.00498952
 0.00492236 0.00492836 ...]
(7_w,15)-aCMA-ES (mu_w=4.5,w_1=34%) in dimension 10 (seed=19, Tue Jun 24 08:37:52 2025)
Iterat #Fevals   function value  axis ratio  sigma  min&max std  t[m:s]
    1   1777 7.121320343559643e+02 1.0e+00 5.25e-03  5e-03  5e-03 0:00.1
termination on tolfun=1e-06 after 8 restarts (Tue Jun 24 08:37:52 2025)
final/bestever f-value = 7.121320e+02 7.577225e-01
incumbent solution: [0.83973203 0.40305255 0.14124217 0.1217953  0.93900775 0.02660174
 0.10204064 0.92341025 ...]
std deviations: [0.00523826 0.00517269 0.00513439 0.00522219 0.00516958 0.00520717
 0.00528224 0.00517288 ...]
(5_w,11)-aCMA-ES (mu_w=3.4,w_1=42%) in dimension 10 (seed=20, Tue Jun 24 08:37:52 2025)
Iterat #Fevals   function value  axis ratio  sigma  min&max std  t[m:s]
    1   1789 7.688533025558642e+02 1.0e+00 4.47e-03  4e-03  5e-03 0:00.0
termination on tolfun=1e-06 after 9 restarts (Tue Jun 24 08:37:52 2025)
final/bestever f-value = 7.688533e+02 7.577225e-01
incumbent solution: [0.27591928 0.53484289 0.89898262 0.60846187 0.90911476 0.90451996
 0.10309309 0.81071958 ...]
std deviations: [0.00446748 0.00455067 0.00442944 0.00463411 0.00447564 0.00431812
 0.0044479  0.00451699 ...]
(11_w,22)-aCMA-ES (mu_w=6.5,w_1=26%) in dimension 10 (seed=21, Tue Jun 24 08:37:52 2025)
Iterat #Fevals   function value  axis ratio  sigma  min&max std  t[m:s]
    1   1812 7.548533025558642e+02 1.0e+00 8.95e-03  9e-03  9e-03 0:00.1
termination on tolfun=1e-06 after 10 restarts (Tue Jun 24 08:37:53 2025)
final/bestever f-value = 7.548533e+02 7.577225e-01
incumbent solution: [0.55297405 0.35672259 0.69985061 0.90489187 0.0017282  0.90027443
 0.80261492 0.54324557 ...]
std deviations: [0.00866438 0.00869004 0.00896908 0.00895032 0.00887595 0.00900266
 0.00905506 0.00859543 ...]
(6_w,12)-aCMA-ES (mu_w=3.7,w_1=40%) in dimension 10 (seed=22, Tue Jun 24 08:37:53 2025)
Iterat #Fevals   function value  axis ratio  sigma  min&max std  t[m:s]
    1   1825 7.318482519219808e+02 1.0e+00 1.97e-01  2e-01  2e-01 0:00.1
    2   1837 7.318482519219808e+02 1.2e+00 1.95e-01  2e-01  2e-01 0:00.1
    3   1849 6.848533025558642e+02 1.2e+00 2.01e-01  2e-01  2e-01 0:00.2
   20   2053 7.577225297788130e-01 3.0e+00 3.52e-01  3e-01  5e-01 0:03.5
   29   2161 7.577225297788130e-01 3.3e+00 2.87e-01  2e-01  4e-01 0:09.7
   31   2185 7.577225297788130e-01 3.2e+00 2.79e-01  2e-01  4e-01 0:15.9
   33   2209 7.577225297788130e-01 3.1e+00 2.95e-01  2e-01  4e-01 0:22.7
   36   2245 7.577225297788130e-01 2.8e+00 2.92e-01  2e-01  4e-01 0:30.5
   42   2317 7.577225297788130e-01 2.9e+00 2.47e-01  2e-01  3e-01 0:41.0
   44   2341 7.577225297788130e-01 3.1e+00 2.35e-01  2e-01  3e-01 0:50.9
   46   2365 7.577225297788130e-01 3.1e+00 2.18e-01  1e-01  3e-01 1:01.4
   49   2401 7.577225297788130e-01 2.9e+00 2.46e-01  2e-01  3e-01 1:17.0
   53   2449 7.577225297788130e-01 3.1e+00 1.85e-01  1e-01  2e-01 1:33.4
termination on maxiter=52.541666666666664 after 11 restarts (Tue Jun 24 08:39:27 2025)
final/bestever f-value = 7.577225e-01 7.577225e-01
incumbent solution: [0.10272147 0.82646469 0.17247177 0.99454494 0.16060396 0.99893648
 0.18871012 0.77887715 ...]
std deviations: [0.16906543 0.17552875 0.13200425 0.11457886 0.11759895 0.18940673
 0.21643991 0.12812704 ...]
(5_w,11)-aCMA-ES (mu_w=3.4,w_1=42%) in dimension 10 (seed=23, Tue Jun 24 08:39:27 2025)
Iterat #Fevals   function value  axis ratio  sigma  min&max std  t[m:s]
    1   2461 7.121320343559643e+02 1.0e+00 6.71e-02  6e-02  7e-02 0:00.0
    2   2472 7.121320343559643e+02 1.2e+00 6.89e-02  7e-02  7e-02 0:00.1
    3   2483 7.121320343559643e+02 1.4e+00 6.39e-02  6e-02  7e-02 0:00.1
termination on tolfun=1e-06 after 12 restarts (Tue Jun 24 08:39:27 2025)
termination on tolflatfitness=1 after 12 restarts (Tue Jun 24 08:39:27 2025)
final/bestever f-value = 7.121320e+02 7.577225e-01
incumbent solution: [0.11516972 0.808075   0.07865949 0.87076324 0.21620194 0.21592995
 0.00183961 0.60429284 ...]
std deviations: [0.06138549 0.06094153 0.06295402 0.06275245 0.06371929 0.06337715
 0.06201769 0.0673978  ...]
(8_w,16)-aCMA-ES (mu_w=4.8,w_1=32%) in dimension 10 (seed=24, Tue Jun 24 08:39:27 2025)
Iterat #Fevals   function value  axis ratio  sigma  min&max std  t[m:s]
    1   2500 5.520000000000000e+02 1.0e+00 1.84e-01  2e-01  2e-01 0:00.1
    2   2516 5.520000000000000e+02 1.2e+00 1.80e-01  2e-01  2e-01 0:00.2
    3   2532 5.460000000000000e+02 1.3e+00 1.96e-01  2e-01  2e-01 0:00.3
    6   2580 7.577225297788130e-01 1.8e+00 2.62e-01  2e-01  3e-01 0:03.3
[stop]
