(5_w,10)-aCMA-ES (mu_w=3.2,w_1=45%) in dimension 10 (seed=1, Tue Jun 24 08:07:30 2025)
Iterat #Fevals   function value  axis ratio  sigma  min&max std  t[m:s]
    1     10 5.989949493661167e+02 1.0e+00 2.43e-01  2e-01  3e-01 0:00.0
    2     20 5.989949493661167e+02 1.2e+00 2.43e-01  2e-01  3e-01 0:00.1
    3     30 5.989949493661167e+02 1.3e+00 2.36e-01  2e-01  2e-01 0:00.2
   11    110 7.577225297788130e-01 1.8e+00 2.71e-01  2e-01  3e-01 0:04.2
   13    130 7.577225297788130e-01 1.8e+00 2.92e-01  2e-01  3e-01 0:11.8
   15    150 7.577225297788130e-01 1.9e+00 2.69e-01  2e-01  3e-01 0:17.4
   18    180 7.577225297788130e-01 2.0e+00 2.22e-01  2e-01  3e-01 0:24.4
   20    200 7.577225297788130e-01 2.0e+00 2.02e-01  2e-01  2e-01 0:32.9
   22    220 7.577225297788130e-01 2.2e+00 1.78e-01  1e-01  2e-01 0:42.8
   25    250 7.577225297788130e-01 2.1e+00 1.81e-01  1e-01  2e-01 0:54.9
   28    280 7.577225297788130e-01 2.3e+00 1.69e-01  1e-01  2e-01 1:10.3
termination on tolflatfitness=1 (Tue Jun 24 08:08:41 2025)
final/bestever f-value = 7.577225e-01 7.577225e-01
incumbent solution: [0.21536469 0.96028222 0.00544209 0.8698936  0.10921254 0.99988113
 0.00409131 0.94983596 ...]
std deviations: [0.13661817 0.16819431 0.1572894  0.15482261 0.16993305 0.1994865
 0.13138613 0.18382139 ...]
(10_w,21)-aCMA-ES (mu_w=6.2,w_1=27%) in dimension 10 (seed=2, Tue Jun 24 08:08:41 2025)
Iterat #Fevals   function value  axis ratio  sigma  min&max std  t[m:s]
    1    302 6.979898987322333e+02 1.0e+00 2.32e-01  2e-01  2e-01 0:00.1
    2    323 6.252660171779821e+02 1.3e+00 2.72e-01  2e-01  3e-01 0:00.2
    3    344 6.652000000000000e+02 1.5e+00 3.61e-01  3e-01  4e-01 0:00.3
   15    596 5.460000000000000e+02 2.5e+00 5.40e-01  4e-01  6e-01 0:03.3
   22    743 7.577225297788130e-01 2.9e+00 3.52e-01  2e-01  4e-01 0:07.6
   24    785 7.577225297788130e-01 3.1e+00 3.10e-01  2e-01  3e-01 0:14.9
   25    806 7.577225297788130e-01 2.9e+00 3.36e-01  2e-01  4e-01 0:22.0
   27    848 7.577225297788130e-01 2.8e+00 3.37e-01  2e-01  4e-01 0:36.6
   29    890 7.577225297788130e-01 2.7e+00 3.81e-01  2e-01  4e-01 0:46.7
   31    932 7.577225297788130e-01 2.5e+00 3.08e-01  2e-01  3e-01 0:59.4
[stop]
