0 [0/1000] 1016.7921885322575
1 [0/1000] 724.4528137423856
5 [0/1000] 602.4455532033676
36 [0/1000] 597.1477664211886
jitter = 1e-07
jitter = 1e-06
jitter = 9.999999999999999e-06
jitter = 1e-07
jitter = 1e-06
jitter = 9.999999999999999e-06
jitter = 1e-07
jitter = 1e-06
jitter = 9.999999999999999e-06
jitter = 1e-07
jitter = 1e-06
jitter = 9.999999999999999e-06
jitter = 1e-07
jitter = 1e-06
jitter = 9.999999999999999e-06
jitter = 9.999999999999999e-05
jitter = 1e-07
jitter = 1e-06
jitter = 9.999999999999999e-06
jitter = 1e-07
jitter = 1e-06
jitter = 9.999999999999999e-06
jitter = 1e-07
jitter = 1e-06
jitter = 9.999999999999999e-06
jitter = 9.999999999999999e-05
jitter = 1e-07
jitter = 1e-06
jitter = 9.999999999999999e-06
jitter = 9.999999999999999e-05
jitter = 1e-07
jitter = 1e-06
jitter = 9.999999999999999e-06
jitter = 9.999999999999999e-05
jitter = 1e-07
jitter = 1e-06
jitter = 9.999999999999999e-06
jitter = 9.999999999999999e-05
jitter = 1e-07
jitter = 1e-06
jitter = 9.999999999999999e-06
jitter = 9.999999999999999e-05
jitter = 1e-07
jitter = 1e-06
jitter = 9.999999999999999e-06
jitter = 9.999999999999999e-05
jitter = 1e-07
jitter = 1e-06
jitter = 9.999999999999999e-06
jitter = 9.999999999999999e-05
jitter = 1e-07
jitter = 1e-06
jitter = 9.999999999999999e-06
jitter = 9.999999999999999e-05
jitter = 1e-07
jitter = 1e-06
jitter = 9.999999999999999e-06
jitter = 9.999999999999999e-05
jitter = 0.001
jitter = 1e-07
jitter = 1e-06
jitter = 9.999999999999999e-06
jitter = 9.999999999999999e-05
jitter = 1e-07
jitter = 1e-06
jitter = 9.999999999999999e-06
jitter = 9.999999999999999e-05
57 [0/1000] 586.8
jitter = 1e-07
jitter = 1e-06
jitter = 9.999999999999999e-06
jitter = 9.999999999999999e-05
jitter = 1e-07
jitter = 1e-06
jitter = 9.999999999999999e-06
jitter = 9.999999999999999e-05
jitter = 1e-07
jitter = 1e-06
jitter = 1e-07
jitter = 1e-06
jitter = 9.999999999999999e-06
jitter = 1e-07
jitter = 1e-06
jitter = 9.999999999999999e-06
jitter = 9.999999999999999e-05
jitter = 1e-07
jitter = 1e-06
jitter = 9.999999999999999e-06
jitter = 9.999999999999999e-05
jitter = 1e-07
jitter = 1e-06
jitter = 9.999999999999999e-06
jitter = 9.999999999999999e-05
jitter = 1e-07
jitter = 1e-06
jitter = 9.999999999999999e-06
jitter = 9.999999999999999e-05
jitter = 1e-07
jitter = 1e-06
jitter = 9.999999999999999e-06
jitter = 9.999999999999999e-05
jitter = 1e-07
jitter = 1e-06
jitter = 1e-07
jitter = 1e-06
jitter = 9.999999999999999e-06
jitter = 9.999999999999999e-05
jitter = 1e-07
jitter = 1e-06
jitter = 9.999999999999999e-06
jitter = 9.999999999999999e-05
jitter = 1e-07
jitter = 1e-06
jitter = 1e-07
jitter = 1e-07
jitter = 1e-06
jitter = 9.999999999999999e-06
jitter = 1e-07
jitter = 1e-06
jitter = 9.999999999999999e-06
jitter = 9.999999999999999e-05
jitter = 1e-07
jitter = 1e-06
jitter = 9.999999999999999e-06
jitter = 9.999999999999999e-05
jitter = 1e-07
jitter = 1e-06
jitter = 9.999999999999999e-06
jitter = 9.999999999999999e-05
jitter = 1e-07
jitter = 1e-06
jitter = 9.999999999999999e-06
jitter = 9.999999999999999e-05
jitter = 1e-07
jitter = 1e-06
jitter = 9.999999999999999e-06
jitter = 9.999999999999999e-05
jitter = 1e-07
jitter = 1e-06
jitter = 9.999999999999999e-06
jitter = 9.999999999999999e-05
jitter = 1e-07
jitter = 1e-06
jitter = 9.999999999999999e-06
jitter = 9.999999999999999e-05
jitter = 1e-07
jitter = 1e-06
jitter = 9.999999999999999e-06
jitter = 1e-07
jitter = 1e-06
jitter = 9.999999999999999e-06
jitter = 9.999999999999999e-05
jitter = 1e-07
jitter = 1e-06
jitter = 9.999999999999999e-06
jitter = 9.999999999999999e-05
jitter = 0.001
jitter = 1e-07
jitter = 1e-06
jitter = 9.999999999999999e-06
jitter = 9.999999999999999e-05
jitter = 1e-07
jitter = 1e-06
jitter = 9.999999999999999e-06
jitter = 1e-07
jitter = 1e-06
jitter = 9.999999999999999e-06
jitter = 9.999999999999999e-05
jitter = 1e-07
jitter = 1e-06
jitter = 9.999999999999999e-06
jitter = 9.999999999999999e-05
jitter = 1e-07
jitter = 1e-06
jitter = 9.999999999999999e-06
jitter = 9.999999999999999e-05
jitter = 1e-07
jitter = 1e-06
jitter = 9.999999999999999e-06
jitter = 1e-07
jitter = 1e-06
jitter = 9.999999999999999e-06
jitter = 9.999999999999999e-05
jitter = 1e-07
jitter = 1e-06
jitter = 9.999999999999999e-06
jitter = 9.999999999999999e-05
jitter = 1e-07
jitter = 1e-06
jitter = 9.999999999999999e-06
jitter = 9.999999999999999e-05
jitter = 1e-07
jitter = 1e-06
jitter = 9.999999999999999e-06
jitter = 9.999999999999999e-05
jitter = 1e-07
jitter = 1e-06
jitter = 9.999999999999999e-06
jitter = 9.999999999999999e-05
jitter = 0.001
jitter = 1e-07
jitter = 1e-06
jitter = 9.999999999999999e-06
jitter = 1e-07
jitter = 1e-06
jitter = 9.999999999999999e-06
jitter = 1e-07
jitter = 1e-06
jitter = 9.999999999999999e-06
jitter = 9.999999999999999e-05
jitter = 1e-07
jitter = 1e-06
jitter = 9.999999999999999e-06
jitter = 9.999999999999999e-05
jitter = 1e-07
jitter = 1e-06
jitter = 9.999999999999999e-06
jitter = 9.999999999999999e-05
jitter = 1e-07
jitter = 1e-06
jitter = 9.999999999999999e-06
jitter = 9.999999999999999e-05
jitter = 1e-07
jitter = 1e-06
jitter = 9.999999999999999e-06
jitter = 9.999999999999999e-05
jitter = 1e-07
jitter = 1e-06
jitter = 9.999999999999999e-06
jitter = 9.999999999999999e-05
jitter = 1e-07
jitter = 1e-06
jitter = 9.999999999999999e-06
jitter = 9.999999999999999e-05
jitter = 1e-07
jitter = 1e-06
jitter = 9.999999999999999e-06
jitter = 1e-07
jitter = 1e-06
jitter = 9.999999999999999e-06
jitter = 1e-07
jitter = 1e-06
jitter = 9.999999999999999e-06
jitter = 1e-07
jitter = 1e-06
jitter = 9.999999999999999e-06
jitter = 1e-07
jitter = 1e-06
jitter = 9.999999999999999e-06
jitter = 9.999999999999999e-05
jitter = 1e-07
jitter = 1e-06
jitter = 9.999999999999999e-06
jitter = 1e-07
jitter = 1e-06
jitter = 9.999999999999999e-06
jitter = 1e-07
jitter = 1e-06
jitter = 9.999999999999999e-06
jitter = 1e-07
jitter = 1e-06
jitter = 9.999999999999999e-06
jitter = 1e-07
jitter = 1e-06
jitter = 9.999999999999999e-06
jitter = 1e-07
jitter = 1e-06
jitter = 9.999999999999999e-06
jitter = 1e-07
jitter = 1e-06
jitter = 9.999999999999999e-06
jitter = 1e-07
jitter = 1e-06
jitter = 9.999999999999999e-06
jitter = 1e-07
jitter = 1e-06
jitter = 9.999999999999999e-06
jitter = 1e-07
jitter = 1e-06
jitter = 9.999999999999999e-06
jitter = 9.999999999999999e-05
jitter = 1e-07
jitter = 1e-06
jitter = 9.999999999999999e-06
jitter = 1e-07
jitter = 1e-06
jitter = 9.999999999999999e-06
jitter = 9.999999999999999e-05
jitter = 1e-07
jitter = 1e-06
jitter = 9.999999999999999e-06
jitter = 1e-07
jitter = 1e-06
jitter = 9.999999999999999e-06
jitter = 9.999999999999999e-05
jitter = 1e-07
jitter = 1e-06
jitter = 9.999999999999999e-06
jitter = 9.999999999999999e-05
jitter = 1e-07
jitter = 1e-06
jitter = 9.999999999999999e-06
jitter = 1e-07
jitter = 1e-06
jitter = 9.999999999999999e-06
jitter = 1e-07
jitter = 1e-06
jitter = 9.999999999999999e-06
jitter = 1e-07
jitter = 1e-06
jitter = 9.999999999999999e-06
jitter = 1e-07
jitter = 1e-06
jitter = 9.999999999999999e-06
jitter = 9.999999999999999e-05
jitter = 1e-07
jitter = 1e-06
jitter = 9.999999999999999e-06
jitter = 1e-07
jitter = 1e-06
jitter = 9.999999999999999e-06
jitter = 9.999999999999999e-05
jitter = 1e-07
jitter = 1e-06
jitter = 9.999999999999999e-06
jitter = 1e-07
jitter = 1e-06
jitter = 9.999999999999999e-06
jitter = 9.999999999999999e-05
jitter = 1e-07
jitter = 1e-06
jitter = 9.999999999999999e-06
jitter = 9.999999999999999e-05
jitter = 1e-07
jitter = 1e-06
jitter = 9.999999999999999e-06
jitter = 1e-07
jitter = 1e-06
jitter = 9.999999999999999e-06
jitter = 1e-07
jitter = 1e-06
jitter = 9.999999999999999e-06
jitter = 1e-07
jitter = 1e-06
jitter = 9.999999999999999e-06
jitter = 1e-07
jitter = 1e-06
jitter = 9.999999999999999e-06
jitter = 9.999999999999999e-05
jitter = 1e-07
jitter = 1e-06
jitter = 9.999999999999999e-06
jitter = 1e-07
jitter = 1e-06
jitter = 9.999999999999999e-06
jitter = 1e-07
jitter = 1e-06
jitter = 9.999999999999999e-06
jitter = 1e-07
jitter = 1e-06
jitter = 9.999999999999999e-06
jitter = 9.999999999999999e-05
jitter = 1e-07
jitter = 1e-07
jitter = 1e-06
jitter = 9.999999999999999e-06
jitter = 1e-07
jitter = 1e-06
jitter = 1e-07
jitter = 1e-06
jitter = 1e-07
jitter = 1e-06
jitter = 9.999999999999999e-06
jitter = 1e-07
jitter = 1e-06
jitter = 9.999999999999999e-06
jitter = 1e-07
jitter = 1e-06
jitter = 1e-07
jitter = 1e-06
jitter = 1e-07
jitter = 1e-06
jitter = 9.999999999999999e-06
jitter = 1e-07
jitter = 1e-06
jitter = 1e-07
jitter = 1e-06
jitter = 1e-07
jitter = 1e-06
jitter = 9.999999999999999e-06
jitter = 1e-07
jitter = 1e-06
jitter = 1e-07
jitter = 1e-06
66 [0/1000] 570.4
73 [0/1000] 558.0
82 [0/1000] 556.4
83 [0/1000] 531.5999999999999
88 [0/1000] 531.2
89 [0/1000] 522.4
91 [1/1000] 4.305667474530729
100 [5/1000] 4.305667474530729
200 [79/1000] 4.305667474530729
300 [161/1000] 4.305667474530729
400 [245/1000] 4.305667474530729
500 [333/1000] 4.305667474530729
600 [412/1000] 4.305667474530729
700 [492/1000] 4.305667474530729
800 [569/1000] 4.305667474530729
900 [665/1000] 4.305667474530729
1000 [762/1000] 4.305667474530729
1100 [860/1000] 4.305667474530729
1112 [872/1000] 0.5600348183946431
1200 [954/1000] 0.5600348183946431
[stop]
