0 [0/400] 661.2928222639184
1 [0/400] 617.7130972094614
2 [0/400] 507.0710678118655
36 [1/400] 0.7077462396810984
37 [2/400] 0.6586945024626318
38 [3/400] 0.511762854819908
39 [4/400] 0.19928570084223884
48 [8/400] 0.16521428548552589
60 [16/400] 0.15934742743619018
68 [22/400] 0.15704581430838932
77 [30/400] 0.14592896635552705
82 [35/400] 0.1457158449101883
100 [53/400] 0.1457158449101883
117 [70/400] 0.14226097795663328
135 [88/400] 0.1418559344381497
176 [126/400] 0.13660365477948538
193 [143/400] 0.13237921064756514
200 [149/400] 0.13237921064756514
210 [159/400] 0.13236102568616973
229 [177/400] 0.12473793257345922
248 [196/400] 0.12175845270999187
251 [199/400] 0.12032164261011406
254 [202/400] 0.11635013551713244
269 [217/400] 0.116292651287728
272 [220/400] 0.11143226943209901
300 [248/400] 0.11143226943209901
328 [276/400] 0.10955775273785563
331 [279/400] 0.10954242269659856
350 [298/400] 0.10938789889519467
351 [299/400] 0.10563894691514383
358 [306/400] 0.10214375877199072
367 [315/400] 0.10169690655832242
400 [346/400] 0.10169690655832242
424 [369/400] 0.09743625256737565
430 [375/400] 0.095849603366982
[stop]
