(6_w,12)-aCMA-ES (mu_w=3.7,w_1=40%) in dimension 20 (seed=6, Tue Jun 24 11:11:44 2025)
Iterat #Fevals   function value  axis ratio  sigma  min&max std  t[m:s]
    1     12 6.307611735206369e+02 1.0e+00 2.37e-01  2e-01  2e-01 0:00.6
    2     24 5.316227766016838e+02 1.1e+00 2.31e-01  2e-01  2e-01 0:01.4
    3     36 4.133822295177944e-01 1.1e+00 2.31e-01  2e-01  2e-01 0:02.6
    7     84 6.108311965723844e-01 1.3e+00 2.52e-01  2e-01  3e-01 0:07.2
   12    144 1.050275601871110e+00 1.4e+00 2.55e-01  2e-01  3e-01 0:12.9
   17    204 5.141421356237310e+02 1.5e+00 2.35e-01  2e-01  2e-01 0:18.0
   22    264 1.138621205047452e+00 1.5e+00 1.94e-01  2e-01  2e-01 0:25.7
   28    336 5.985698662706753e-01 1.7e+00 1.97e-01  2e-01  2e-01 0:32.8
   34    408 9.050860942179580e-01 1.7e+00 1.87e-01  2e-01  2e-01 0:43.6
   41    492 1.602730887628310e-01 1.7e+00 1.67e-01  1e-01  2e-01 0:54.0
   46    552 6.119457272443160e-01 1.7e+00 1.59e-01  1e-01  2e-01 1:04.4
   51    612 1.313204422079482e-01 1.8e+00 1.42e-01  1e-01  2e-01 1:17.2
   55    660 2.517018345585657e-01 2.0e+00 1.47e-01  1e-01  2e-01 1:29.8
   62    744 1.505011577568390e-01 2.1e+00 1.15e-01  9e-02  1e-01 1:43.7
   67    804 1.027464825497740e-01 2.0e+00 8.54e-02  7e-02  9e-02 1:59.1
   70    840 1.008479776951991e-01 2.0e+00 7.15e-02  5e-02  8e-02 2:15.5
   74    888 1.001439181906228e-01 2.1e+00 5.89e-02  4e-02  6e-02 2:34.6
   77    924 1.012280032179389e-01 2.1e+00 5.45e-02  4e-02  6e-02 2:52.2
   80    960 1.070954853443431e-01 2.2e+00 5.37e-02  4e-02  6e-02 3:11.0
   83    996 9.362719974542105e-02 2.2e+00 5.29e-02  4e-02  6e-02 3:31.0
   87   1044 9.764511463722912e-02 2.2e+00 5.18e-02  4e-02  6e-02 3:52.5
   91   1092 9.281232609010590e-02 2.3e+00 4.31e-02  3e-02  5e-02 4:16.6
   95   1140 8.951493324641990e-02 2.4e+00 3.93e-02  3e-02  4e-02 4:39.6
[stop]
