(6_w,12)-aCMA-ES (mu_w=3.7,w_1=40%) in dimension 20 (seed=13, Tue Jun 24 12:20:16 2025)
Iterat #Fevals   function value  axis ratio  sigma  min&max std  t[m:s]
    1     12 7.333452377915607e+02 1.0e+00 2.34e-01  2e-01  2e-01 0:00.3
    2     24 5.070710678118655e+02 1.1e+00 2.26e-01  2e-01  2e-01 0:00.5
    3     36 5.141421356237310e+02 1.1e+00 2.19e-01  2e-01  2e-01 0:00.8
    8     96 1.706427651335188e+00 1.3e+00 2.04e-01  2e-01  2e-01 0:04.8
   13    156 3.760020121045844e+00 1.4e+00 1.77e-01  2e-01  2e-01 0:09.0
   16    192 9.027910403075473e-01 1.4e+00 1.66e-01  2e-01  2e-01 0:15.4
   21    252 1.400668486288513e+00 1.6e+00 1.50e-01  1e-01  2e-01 0:23.4
   24    288 1.129217525660479e-01 1.6e+00 1.56e-01  1e-01  2e-01 0:32.1
   29    348 2.981525007199827e-01 1.7e+00 1.58e-01  1e-01  2e-01 0:42.0
   33    396 2.419473744341029e+00 1.7e+00 1.43e-01  1e-01  2e-01 0:54.6
   36    432 3.737863992460611e-01 1.7e+00 1.30e-01  1e-01  1e-01 1:06.2
   40    480 5.621910646723651e-01 1.7e+00 1.08e-01  8e-02  1e-01 1:21.0
   43    516 1.112027017673511e-01 1.8e+00 1.03e-01  8e-02  1e-01 1:34.3
   46    552 2.227509757406528e-01 1.8e+00 9.49e-02  7e-02  1e-01 1:48.1
   50    600 1.914174371064930e-01 1.9e+00 1.02e-01  8e-02  1e-01 2:04.5
   55    660 1.302743342606680e-01 2.1e+00 1.04e-01  7e-02  1e-01 2:20.8
   60    720 1.063109925547437e-01 2.2e+00 8.94e-02  6e-02  1e-01 2:38.6
   65    780 1.386670568721782e-01 2.3e+00 8.52e-02  6e-02  9e-02 2:58.6
   70    840 1.213069395551138e-01 2.4e+00 7.54e-02  5e-02  8e-02 3:21.6
   74    888 1.273055740636405e-01 2.5e+00 7.45e-02  5e-02  8e-02 3:43.3
[stop]
