0 [0/400] 945.0832150441033
1 [0/400] 831.355044399123
3 [0/400] 702.3774917261238
5 [0/400] 685.6071119327058
9 [0/400] 520.0
jitter = 1e-07
jitter = 1e-06
jitter = 1e-07
jitter = 1e-06
30 [0/400] 517.6776695296637
34 [0/400] 515.8113883008419
36 [0/400] 514.142135623731
37 [1/400] 19.731815253161514
42 [3/400] 18.479104416481
47 [5/400] 7.5904275999473585
61 [16/400] 0.24584124580666344
66 [21/400] 0.22860745837212826
70 [25/400] 0.1842668469513064
75 [30/400] 0.18376140420267423
77 [32/400] 0.1833083596129712
78 [33/400] 0.18117931568886353
100 [54/400] 0.18117931568886353
108 [62/400] 0.18010978267043648
121 [75/400] 0.17931879544768817
126 [80/400] 0.1633996661324015
131 [85/400] 0.1601917907832388
134 [88/400] 0.15472807485167972
141 [94/400] 0.14630467698491317
145 [98/400] 0.1412717258625514
192 [143/400] 0.1395302735375605
193 [144/400] 0.13746504807255944
200 [151/400] 0.13746504807255944
207 [158/400] 0.1370552294562726
232 [182/400] 0.13493696191761612
252 [202/400] 0.1338973313787209
256 [206/400] 0.13342198242094983
276 [224/400] 0.12582021618091263
285 [233/400] 0.1255815535409919
300 [248/400] 0.1255815535409919
305 [253/400] 0.1201784066871892
318 [266/400] 0.11503018377564797
336 [284/400] 0.10874580790249908
356 [302/400] 0.10868937973979516
366 [312/400] 0.10714120992043272
381 [326/400] 0.10511571436642511
400 [345/400] 0.10511571436642511
416 [361/400] 0.10457321574377246
425 [370/400] 0.10355288655664635
452 [396/400] 0.10158393090410617
[stop]
