(6_w,12)-aCMA-ES (mu_w=3.7,w_1=40%) in dimension 20 (seed=13, Tue Jun 24 12:20:22 2025)
Iterat #Fevals   function value  axis ratio  sigma  min&max std  t[m:s]
    1     12 5.560000000000000e+02 1.0e+00 2.34e-01  2e-01  2e-01 0:00.1
    2     24 6.523154621172782e+02 1.1e+00 2.26e-01  2e-01  2e-01 0:00.2
    3     36 6.108528137423857e+02 1.1e+00 2.22e-01  2e-01  2e-01 0:00.3
   10    120 2.243558089556856e-01 1.4e+00 2.11e-01  2e-01  2e-01 0:04.5
   12    144 1.193657596147021e+00 1.4e+00 2.08e-01  2e-01  2e-01 0:08.6
   15    180 2.211411595747575e-01 1.5e+00 2.10e-01  2e-01  2e-01 0:14.1
   17    204 2.186165511474620e-01 1.5e+00 2.14e-01  2e-01  2e-01 0:23.0
   20    240 2.186165511474620e-01 1.5e+00 2.09e-01  2e-01  2e-01 0:32.5
   23    276 2.186165511474620e-01 1.5e+00 2.11e-01  2e-01  2e-01 0:40.8
   27    324 2.186165511474620e-01 1.6e+00 1.77e-01  2e-01  2e-01 0:51.3
   30    360 2.186165511474620e-01 1.6e+00 1.76e-01  2e-01  2e-01 1:02.1
   33    396 2.186165511474620e-01 1.6e+00 1.82e-01  2e-01  2e-01 1:15.4
   36    432 2.186165511474620e-01 1.6e+00 1.73e-01  2e-01  2e-01 1:30.9
   39    468 2.186165511474620e-01 1.6e+00 1.56e-01  1e-01  2e-01 1:48.8
termination on tolflatfitness=1 (Tue Jun 24 12:22:11 2025)
final/bestever f-value = 2.186166e-01 2.041059e-01
incumbent solution: [0.89794979 0.2148309  0.74591086 0.92913808 0.80511528 0.84586851
 0.00690576 0.8977363  ...]
std deviations: [0.15513253 0.16444665 0.15231967 0.15422115 0.15013486 0.13347678
 0.15537328 0.15841809 ...]
(12_w,25)-aCMA-ES (mu_w=7.3,w_1=23%) in dimension 20 (seed=14, Tue Jun 24 12:22:11 2025)
Iterat #Fevals   function value  axis ratio  sigma  min&max std  t[m:s]
    1    494 5.824621125123532e+02 1.0e+00 2.44e-01  2e-01  2e-01 0:00.2
    2    519 1.552151001851473e-01 1.2e+00 2.51e-01  2e-01  3e-01 0:00.9
    3    544 5.060000000000000e+02 1.2e+00 2.45e-01  2e-01  3e-01 0:01.1
    8    669 1.542718872902897e-01 1.5e+00 3.23e-01  3e-01  4e-01 0:04.2
   12    769 1.590954723016432e-01 1.7e+00 3.47e-01  3e-01  4e-01 0:08.6
   18    919 1.395910581859477e-01 1.8e+00 4.19e-01  4e-01  5e-01 0:14.4
   25   1094 2.095784838339567e-01 1.9e+00 3.70e-01  3e-01  4e-01 0:21.1
   30   1219 1.488849124058139e-01 1.9e+00 3.59e-01  3e-01  4e-01 0:29.4
   33   1294 1.419655850989355e-01 2.0e+00 3.27e-01  3e-01  4e-01 0:37.4
   35   1344 1.089994228863665e-01 2.0e+00 3.10e-01  2e-01  3e-01 0:47.0
   37   1394 1.079293459059777e-01 2.1e+00 3.04e-01  2e-01  3e-01 0:57.0
   39   1444 1.079293459059777e-01 2.1e+00 3.25e-01  2e-01  4e-01 1:10.6
   42   1519 1.079293459059777e-01 2.1e+00 3.27e-01  3e-01  4e-01 1:25.7
   45   1594 1.079293459059777e-01 2.1e+00 3.10e-01  2e-01  3e-01 1:39.7
   48   1669 1.036848282547648e-01 2.1e+00 2.73e-01  2e-01  3e-01 1:55.3
   50   1719 1.036848282547648e-01 2.1e+00 2.55e-01  2e-01  3e-01 2:12.6
[stop]
