(5_w,10)-aCMA-ES (mu_w=3.2,w_1=45%) in dimension 10 (seed=4, Tue Jun 24 08:10:03 2025)
Iterat #Fevals   function value  axis ratio  sigma  min&max std  t[m:s]
    1     10 6.939370849898476e+02 1.0e+00 2.29e-01  2e-01  2e-01 0:00.1
    2     20 6.508984481362290e+02 1.2e+00 2.48e-01  2e-01  3e-01 0:00.1
    3     30 6.131370849898476e+02 1.4e+00 2.69e-01  3e-01  3e-01 0:00.2
   16    160 5.808000000000000e+02 1.9e+00 1.98e-01  2e-01  2e-01 0:00.9
termination on tolflatfitness=1 (Tue Jun 24 08:10:03 2025)
final/bestever f-value = 5.808000e+02 5.808000e+02
incumbent solution: [9.94681437e-01 2.65769707e-01 9.97079492e-01 8.90067817e-03
 9.56609965e-01 6.74516684e-03 7.96756871e-01 1.26086948e-04 ...]
std deviations: [0.15993152 0.18063332 0.18772839 0.17063401 0.23108367 0.18118165
 0.1835479  0.16595044 ...]
(10_w,21)-aCMA-ES (mu_w=6.2,w_1=27%) in dimension 10 (seed=5, Tue Jun 24 08:10:03 2025)
Iterat #Fevals   function value  axis ratio  sigma  min&max std  t[m:s]
    1    182 5.520000000000000e+02 1.0e+00 2.86e-01  3e-01  3e-01 0:00.1
    2    203 5.520000000000000e+02 1.3e+00 3.37e-01  3e-01  4e-01 0:00.2
    3    224 5.520000000000000e+02 1.3e+00 3.73e-01  3e-01  4e-01 0:00.3
    9    350 7.577225297788130e-01 1.7e+00 3.39e-01  3e-01  3e-01 0:04.0
   10    371 7.577225297788130e-01 1.8e+00 3.52e-01  3e-01  4e-01 0:08.2
   12    413 7.577225297788130e-01 1.8e+00 2.99e-01  2e-01  3e-01 0:16.3
   14    455 7.577225297788130e-01 1.9e+00 3.38e-01  3e-01  4e-01 0:26.7
   15    476 7.577225297788130e-01 2.0e+00 3.14e-01  2e-01  3e-01 0:33.9
   17    518 7.577225297788130e-01 2.2e+00 2.86e-01  2e-01  3e-01 0:46.7
   19    560 7.577225297788130e-01 2.1e+00 2.49e-01  2e-01  2e-01 1:00.9
   21    602 7.577225297788130e-01 1.9e+00 1.92e-01  1e-01  2e-01 1:21.7
termination on tolflatfitness=1 after 1 restart (Tue Jun 24 08:11:26 2025)
final/bestever f-value = 7.577225e-01 7.577225e-01
incumbent solution: [0.04229073 0.9949292  0.00206602 0.94116652 0.17022192 0.95235194
 0.17441088 0.78178928 ...]
std deviations: [0.13290678 0.15236678 0.16664418 0.16699227 0.17513362 0.17135598
 0.13841312 0.15006687 ...]
(5_w,10)-aCMA-ES (mu_w=3.2,w_1=45%) in dimension 10 (seed=6, Tue Jun 24 08:11:26 2025)
Iterat #Fevals   function value  axis ratio  sigma  min&max std  t[m:s]
    1    613 9.468031021678297e+02 1.0e+00 2.90e-03  3e-03  3e-03 0:00.1
termination on tolfun=1e-06 after 2 restarts (Tue Jun 24 08:11:26 2025)
final/bestever f-value = 9.468031e+02 7.577225e-01
incumbent solution: [0.58962012 0.80642382 0.4698515  0.48555673 0.75579458 0.79260001
 0.58826682 0.97082098 ...]
std deviations: [0.0029573  0.0029097  0.00280412 0.0028733  0.00293395 0.00287351
 0.00295058 0.0028339  ...]
(5_w,11)-aCMA-ES (mu_w=3.4,w_1=42%) in dimension 10 (seed=7, Tue Jun 24 08:11:26 2025)
Iterat #Fevals   function value  axis ratio  sigma  min&max std  t[m:s]
    1    625 9.338112549695427e+02 1.0e+00 1.84e-02  2e-02  2e-02 0:00.1
    2    636 9.338112549695427e+02 1.2e+00 1.73e-02  2e-02  2e-02 0:00.1
    3    647 9.338112549695427e+02 1.3e+00 1.56e-02  1e-02  2e-02 0:00.2
termination on tolflatfitness=1 after 3 restarts (Tue Jun 24 08:11:26 2025)
final/bestever f-value = 9.338113e+02 7.577225e-01
incumbent solution: [0.51928496 0.22497771 0.75761849 0.29638673 0.3086525  0.87611284
 0.67949428 0.76145428 ...]
std deviations: [0.01568537 0.01497282 0.01530458 0.01600243 0.01490496 0.01550729
 0.01483557 0.01614106 ...]
(5_w,11)-aCMA-ES (mu_w=3.4,w_1=42%) in dimension 10 (seed=8, Tue Jun 24 08:11:26 2025)
Iterat #Fevals   function value  axis ratio  sigma  min&max std  t[m:s]
    1    659 9.313351365237939e+02 1.0e+00 5.97e-03  6e-03  6e-03 0:00.1
termination on tolfun=1e-06 after 4 restarts (Tue Jun 24 08:11:26 2025)
final/bestever f-value = 9.313351e+02 7.577225e-01
incumbent solution: [0.14890354 0.0958404  0.9774342  0.3260318  0.41771162 0.83638833
 0.66998974 0.0613635  ...]
std deviations: [0.00603152 0.00595953 0.00607128 0.0060555  0.00609871 0.00611108
 0.00598128 0.00596573 ...]
(5_w,11)-aCMA-ES (mu_w=3.4,w_1=42%) in dimension 10 (seed=9, Tue Jun 24 08:11:26 2025)
Iterat #Fevals   function value  axis ratio  sigma  min&max std  t[m:s]
    1    671 6.952660171779821e+02 1.0e+00 1.77e-02  2e-02  2e-02 0:00.1
termination on tolfun=1e-06 after 5 restarts (Tue Jun 24 08:11:26 2025)
final/bestever f-value = 6.952660e+02 7.577225e-01
incumbent solution: [0.78722129 0.75937416 0.90945395 0.45260843 0.77440183 0.70966554
 0.85054975 0.06494374 ...]
std deviations: [0.01735915 0.01809136 0.01789089 0.0176506  0.0177653  0.01691227
 0.01769652 0.01736129 ...]
(7_w,15)-aCMA-ES (mu_w=4.5,w_1=34%) in dimension 10 (seed=10, Tue Jun 24 08:11:26 2025)
Iterat #Fevals   function value  axis ratio  sigma  min&max std  t[m:s]
    1    687 8.732000000000000e+02 1.0e+00 8.66e-03  8e-03  9e-03 0:00.0
    2    702 8.732000000000000e+02 1.2e+00 9.77e-03  9e-03  1e-02 0:00.1
    3    717 8.732000000000000e+02 1.4e+00 1.13e-02  1e-02  1e-02 0:00.2
termination on tolfun=1e-06 after 6 restarts (Tue Jun 24 08:11:26 2025)
final/bestever f-value = 8.732000e+02 7.577225e-01
incumbent solution: [0.5698923  0.1285185  0.81764785 0.53008141 0.95233787 0.48573065
 0.60173099 0.92609391 ...]
std deviations: [0.01218997 0.01100434 0.01231166 0.01035868 0.0112297  0.01124352
 0.01058982 0.0113002  ...]
(5_w,10)-aCMA-ES (mu_w=3.2,w_1=45%) in dimension 10 (seed=11, Tue Jun 24 08:11:26 2025)
Iterat #Fevals   function value  axis ratio  sigma  min&max std  t[m:s]
    1    728 8.176533025558641e+02 1.0e+00 7.54e-03  7e-03  8e-03 0:00.0
termination on tolfun=1e-06 after 7 restarts (Tue Jun 24 08:11:26 2025)
final/bestever f-value = 8.176533e+02 7.577225e-01
incumbent solution: [0.79225939 0.86589911 0.14844313 0.58428053 0.61691198 0.73425834
 0.06279514 0.99460514 ...]
std deviations: [0.00765591 0.0074016  0.00737696 0.00772785 0.00741808 0.00752395
 0.00747054 0.00745134 ...]
(9_w,19)-aCMA-ES (mu_w=5.6,w_1=29%) in dimension 10 (seed=12, Tue Jun 24 08:11:26 2025)
Iterat #Fevals   function value  axis ratio  sigma  min&max std  t[m:s]
    1    748 1.112541260644496e+03 1.0e+00 2.14e-02  2e-02  2e-02 0:00.1
termination on tolfun=1e-06 after 8 restarts (Tue Jun 24 08:11:26 2025)
final/bestever f-value = 1.112541e+03 7.577225e-01
incumbent solution: [0.78855427 0.32140777 0.0561917  0.16408781 0.02184414 0.13971638
 0.85937303 0.59419947 ...]
std deviations: [0.02150293 0.02220541 0.02146102 0.02218868 0.02069337 0.02149633
 0.0206051  0.02072754 ...]
(6_w,12)-aCMA-ES (mu_w=3.7,w_1=40%) in dimension 10 (seed=13, Tue Jun 24 08:11:26 2025)
Iterat #Fevals   function value  axis ratio  sigma  min&max std  t[m:s]
    1    761 8.496691193458119e+02 1.0e+00 4.84e-02  5e-02  5e-02 0:00.1
    2    773 7.839370849898476e+02 1.2e+00 5.18e-02  5e-02  6e-02 0:00.2
    3    785 7.839370849898476e+02 1.4e+00 5.26e-02  5e-02  6e-02 0:00.3
   10    869 7.839370849898476e+02 1.8e+00 5.54e-02  5e-02  6e-02 0:00.7
termination on tolflatfitness=1 after 9 restarts (Tue Jun 24 08:11:27 2025)
final/bestever f-value = 7.839371e+02 7.577225e-01
incumbent solution: [0.83171559 0.34268088 0.59203418 0.04073717 0.97881535 0.99134717
 0.32364426 0.57388554 ...]
std deviations: [0.05791279 0.05400541 0.05008343 0.05099613 0.06370354 0.05932291
 0.05041581 0.05073448 ...]
(5_w,10)-aCMA-ES (mu_w=3.2,w_1=45%) in dimension 10 (seed=14, Tue Jun 24 08:11:27 2025)
Iterat #Fevals   function value  axis ratio  sigma  min&max std  t[m:s]
    1    880 1.206734361635634e+03 1.0e+00 3.26e-02  3e-02  3e-02 0:00.1
termination on tolfun=1e-06 after 10 restarts (Tue Jun 24 08:11:27 2025)
final/bestever f-value = 1.206734e+03 7.577225e-01
incumbent solution: [0.21632795 0.24152715 0.5450293  0.03183097 0.39816531 0.70764165
 0.69864985 0.20099283 ...]
std deviations: [0.03277861 0.03201247 0.03249898 0.03253575 0.03364303 0.0317259
 0.03254657 0.03256931 ...]
(5_w,11)-aCMA-ES (mu_w=3.4,w_1=42%) in dimension 10 (seed=15, Tue Jun 24 08:11:27 2025)
Iterat #Fevals   function value  axis ratio  sigma  min&max std  t[m:s]
    1    892 5.989949493661167e+02 1.0e+00 1.45e-01  1e-01  2e-01 0:00.0
    2    903 5.989949493661167e+02 1.2e+00 1.49e-01  1e-01  2e-01 0:00.1
    3    914 5.808000000000000e+02 1.2e+00 1.43e-01  1e-01  1e-01 0:00.1
    9    980 5.989949493661167e+02 1.5e+00 9.62e-02  9e-02  1e-01 0:00.4
termination on tolflatfitness=1 after 11 restarts (Tue Jun 24 08:11:28 2025)
final/bestever f-value = 5.989949e+02 7.577225e-01
incumbent solution: [0.19629474 0.22232379 0.92426894 0.07997575 0.96397298 0.00252764
 0.62288565 0.0921503  ...]
std deviations: [0.08524765 0.0949244  0.0861948  0.09757613 0.08893322 0.0912108
 0.08657127 0.09892614 ...]
(21_w,43)-aCMA-ES (mu_w=12.1,w_1=15%) in dimension 10 (seed=16, Tue Jun 24 08:11:28 2025)
Iterat #Fevals   function value  axis ratio  sigma  min&max std  t[m:s]
    1   1024 5.384000000000000e+02 1.0e+00 2.94e-01  3e-01  3e-01 0:00.2
    2   1067 5.384000000000000e+02 1.3e+00 3.65e-01  3e-01  4e-01 0:00.4
    3   1110 5.384000000000000e+02 1.5e+00 4.56e-01  4e-01  5e-01 0:00.6
    7   1282 7.577225297788130e-01 1.9e+00 5.63e-01  4e-01  7e-01 0:04.3
   11   1454 7.577225297788130e-01 2.3e+00 3.80e-01  2e-01  5e-01 0:09.2
   13   1540 7.577225297788130e-01 2.9e+00 4.65e-01  3e-01  8e-01 0:18.2
   15   1626 7.577225297788130e-01 3.3e+00 3.87e-01  2e-01  6e-01 0:27.4
   16   1669 7.577225297788130e-01 3.5e+00 3.63e-01  2e-01  6e-01 0:37.5
[stop]
