(6_w,12)-aCMA-ES (mu_w=3.7,w_1=40%) in dimension 20 (seed=5, Tue Jun 24 10:56:10 2025)
Iterat #Fevals   function value  axis ratio  sigma  min&max std  t[m:s]
    1     12 7.109970197618303e+02 1.0e+00 2.28e-01  2e-01  2e-01 0:00.7
    2     24 5.792744663833897e+02 1.1e+00 2.17e-01  2e-01  2e-01 0:01.4
    3     36 5.228824561127074e+02 1.1e+00 2.10e-01  2e-01  2e-01 0:02.0
    7     84 2.013811196574247e+01 1.2e+00 1.93e-01  2e-01  2e-01 0:05.1
   12    144 1.014316234924143e+00 1.4e+00 1.97e-01  2e-01  2e-01 0:10.3
   16    192 5.141421356237310e+02 1.5e+00 1.98e-01  2e-01  2e-01 0:15.3
   22    264 1.383467936098522e+00 1.5e+00 2.09e-01  2e-01  2e-01 0:21.7
   28    336 1.513261455467042e-01 1.6e+00 2.04e-01  2e-01  2e-01 0:30.2
   34    408 1.757091089997213e-01 1.8e+00 1.77e-01  1e-01  2e-01 0:40.2
   39    468 1.108059497648223e-01 1.8e+00 1.59e-01  1e-01  2e-01 0:49.9
   43    516 3.219693229527437e-01 1.8e+00 1.44e-01  1e-01  2e-01 1:01.6
   47    564 1.681454940729368e-01 1.9e+00 1.32e-01  1e-01  1e-01 1:12.8
   52    624 1.681166146403134e-01 1.9e+00 1.03e-01  8e-02  1e-01 1:29.5
   56    672 1.829546129160339e-01 1.9e+00 8.20e-02  7e-02  9e-02 1:46.8
   59    708 1.145728740285052e-01 1.9e+00 7.88e-02  6e-02  8e-02 2:04.1
   63    756 1.088672211281242e-01 1.9e+00 7.38e-02  6e-02  8e-02 2:23.0
   67    804 1.182762895028629e-01 2.1e+00 7.07e-02  6e-02  8e-02 2:41.2
   70    840 1.012138773321420e-01 2.1e+00 6.48e-02  5e-02  7e-02 3:00.8
   74    888 8.909598863650062e-02 2.1e+00 6.81e-02  5e-02  8e-02 3:22.3
   78    936 8.904648196056773e-02 2.2e+00 7.32e-02  6e-02  8e-02 3:43.8
   83    996 9.309616252297231e-02 2.2e+00 6.00e-02  4e-02  7e-02 4:09.2
   87   1044 8.861080870839019e-02 2.2e+00 5.61e-02  4e-02  6e-02 4:30.9
[stop]
