0 [0/200] 1078.7649041704576
1 [0/200] 666.8264068711928
13 [0/200] 613.1370849898476
29 [0/200] 598.9949493661167
34 [0/200] 591.9238815542511
37 [0/200] 584.8528137423857
40 [0/200] 514.142135623731
42 [1/200] 2.646836359485773
44 [3/200] 0.5341472009463639
77 [31/200] 0.50872436671242
86 [38/200] 0.4432021088324852
87 [39/200] 0.4349052678819463
91 [41/200] 0.43039282935506734
92 [42/200] 0.42755724505604914
94 [44/200] 0.36299172599022533
100 [50/200] 0.36299172599022533
104 [53/200] 0.31815633694648426
109 [57/200] 0.3011155384792389
183 [111/200] 0.29280010159464764
190 [117/200] 0.29179744334938174
200 [126/200] 0.29179744334938174
204 [130/200] 0.28891712516346363
210 [134/200] 0.2848565346977716
300 [191/200] 0.2848565346977716
[stop]
