(7_w,15)-aCMA-ES (mu_w=4.5,w_1=34%) in dimension 50 (seed=6, Tue Jun 17 07:59:21 2025)
Iterat #Fevals   function value  axis ratio  sigma  min&max std  t[m:s]
    1     15 5.209421356237310e+02 1.0e+00 2.35e-01  2e-01  2e-01 0:00.8
    2     30 5.470710678118655e+02 1.0e+00 2.27e-01  2e-01  2e-01 0:01.5
    3     45 5.537793688154259e+02 1.1e+00 2.24e-01  2e-01  2e-01 0:02.3
    7    105 5.070710678118655e+02 1.1e+00 2.21e-01  2e-01  2e-01 0:05.7
   12    180 3.113965072654595e+00 1.2e+00 2.04e-01  2e-01  2e-01 0:10.8
   18    270 1.529308325503332e+00 1.2e+00 2.12e-01  2e-01  2e-01 0:17.0
   24    360 2.373383385704347e+00 1.3e+00 2.20e-01  2e-01  2e-01 0:23.7
   29    435 4.586649965714097e-01 1.3e+00 2.07e-01  2e-01  2e-01 0:32.5
   35    525 1.380982188179706e+00 1.3e+00 1.94e-01  2e-01  2e-01 0:40.9
   41    615 5.070710678118655e+02 1.4e+00 1.77e-01  2e-01  2e-01 0:50.1
   50    750 1.002698840020098e+00 1.4e+00 1.65e-01  2e-01  2e-01 1:02.3
   55    825 2.887754032287546e-01 1.4e+00 1.64e-01  2e-01  2e-01 1:13.5
   61    915 2.964034869529824e+00 1.4e+00 1.72e-01  2e-01  2e-01 1:26.4
   70   1050 5.070710678118655e+02 1.5e+00 1.81e-01  2e-01  2e-01 1:39.4
   80   1200 2.460650101796200e-01 1.5e+00 1.54e-01  1e-01  2e-01 1:54.1
   88   1320 2.115669919875081e+00 1.6e+00 1.45e-01  1e-01  2e-01 2:10.3
   95   1425 9.736496332392298e-01 1.6e+00 1.36e-01  1e-01  1e-01 2:28.5
  100   1500 2.839115616899847e-01 1.6e+00 1.25e-01  1e-01  1e-01 2:44.0
  106   1590 8.399546388449475e-01 1.6e+00 1.12e-01  1e-01  1e-01 3:02.7
  112   1680 1.852901843159790e-01 1.6e+00 1.06e-01  1e-01  1e-01 3:28.9
  119   1785 1.111073839018310e+00 1.6e+00 1.00e-01  9e-02  1e-01 3:51.8
  124   1860 2.987738874957497e-01 1.6e+00 1.04e-01  1e-01  1e-01 4:14.4
  129   1935 1.760430809698223e-01 1.6e+00 9.73e-02  9e-02  1e-01 4:39.4
  136   2040 4.347810898851035e-01 1.6e+00 9.10e-02  8e-02  1e-01 5:07.5
  140   2100 2.385427294073588e-01 1.6e+00 8.45e-02  8e-02  9e-02 5:35.3
  144   2160 1.462035799016591e-01 1.6e+00 8.02e-02  7e-02  8e-02 6:01.6
  148   2220 1.792710555188019e-01 1.6e+00 7.53e-02  7e-02  8e-02 6:29.6
  152   2280 1.725448029289178e-01 1.6e+00 7.22e-02  7e-02  8e-02 7:03.9
  156   2340 1.635662620748600e-01 1.7e+00 7.04e-02  7e-02  7e-02 7:36.4
  161   2415 1.464347355549416e-01 1.7e+00 6.66e-02  6e-02  7e-02 8:13.3
  165   2475 1.085632357481184e-01 1.7e+00 6.30e-02  6e-02  7e-02 8:43.6
  170   2550 1.161271806140577e-01 1.7e+00 6.36e-02  6e-02  7e-02 9:18.1
  176   2640 1.893051592250131e-01 1.7e+00 6.23e-02  6e-02  7e-02 9:51.6
  182   2730 1.655181069968053e-01 1.7e+00 6.18e-02  6e-02  7e-02 10:24.9
  188   2820 1.718244716898820e-01 1.7e+00 6.09e-02  6e-02  6e-02 11:03.3
  193   2895 1.378566997650501e-01 1.7e+00 6.02e-02  5e-02  6e-02 11:40.3
  199   2985 1.713259539229381e-01 1.7e+00 5.77e-02  5e-02  6e-02 12:22.3
  200   3000 1.196648794226013e-01 1.7e+00 5.72e-02  5e-02  6e-02 12:26.6
[stop]
