(5_w,10)-aCMA-ES (mu_w=3.2,w_1=45%) in dimension 10 (seed=6, Tue Jun 24 08:16:23 2025)
Iterat #Fevals   function value  axis ratio  sigma  min&max std  t[m:s]
    1     10 6.784000000000000e+02 1.0e+00 2.23e-01  2e-01  2e-01 0:00.1
    2     20 6.772004514666935e+02 1.2e+00 2.26e-01  2e-01  2e-01 0:00.1
    3     30 6.060660171779821e+02 1.3e+00 2.29e-01  2e-01  2e-01 0:00.2
   13    130 7.577225297788130e-01 1.9e+00 4.17e-01  4e-01  5e-01 0:03.6
   20    200 7.577225297788130e-01 1.8e+00 2.53e-01  2e-01  3e-01 0:08.6
   22    220 7.577225297788130e-01 1.9e+00 2.15e-01  2e-01  2e-01 0:15.6
   23    230 7.577225297788130e-01 1.9e+00 2.27e-01  2e-01  2e-01 0:20.0
termination on tolflatfitness=1 (Tue Jun 24 08:16:44 2025)
final/bestever f-value = 7.577225e-01 7.577225e-01
incumbent solution: [0.00381241 0.99216656 0.05211029 0.73026039 0.12255921 0.99995111
 0.19363591 0.99789418 ...]
std deviations: [0.21439633 0.19086324 0.23266151 0.21222963 0.20608327 0.21797458
 0.21782555 0.212686   ...]
(10_w,21)-aCMA-ES (mu_w=6.2,w_1=27%) in dimension 10 (seed=7, Tue Jun 24 08:16:44 2025)
Iterat #Fevals   function value  axis ratio  sigma  min&max std  t[m:s]
    1    252 6.060660171779822e+02 1.0e+00 2.54e-01  2e-01  3e-01 0:00.1
    2    273 5.384000000000000e+02 1.3e+00 3.06e-01  3e-01  3e-01 0:00.2
    3    294 5.384000000000000e+02 1.4e+00 3.22e-01  3e-01  3e-01 0:00.3
    9    420 7.577225297788130e-01 2.0e+00 3.02e-01  2e-01  4e-01 0:03.7
   20    651 5.384000000000000e+02 2.5e+00 2.23e-01  1e-01  3e-01 0:07.0
termination on tolflatfitness=1 after 1 restart (Tue Jun 24 08:16:51 2025)
final/bestever f-value = 5.384000e+02 7.577225e-01
incumbent solution: [0.95576234 0.13029415 0.01123261 0.88668509 0.20655735 0.99294943
 0.01207041 0.96749448 ...]
std deviations: [0.21778283 0.28494084 0.19301633 0.14944352 0.20081402 0.20110517
 0.20408073 0.20789397 ...]
(6_w,13)-aCMA-ES (mu_w=4.0,w_1=38%) in dimension 10 (seed=8, Tue Jun 24 08:16:51 2025)
Iterat #Fevals   function value  axis ratio  sigma  min&max std  t[m:s]
    1    665 6.952660171779821e+02 1.0e+00 3.24e-03  3e-03  3e-03 0:00.1
termination on tolfun=1e-06 after 2 restarts (Tue Jun 24 08:16:51 2025)
final/bestever f-value = 6.952660e+02 7.577225e-01
incumbent solution: [0.24157987 0.97291031 0.63109034 0.26346128 0.73512783 0.72663349
 0.76917149 0.29761671 ...]
std deviations: [0.00314821 0.00328536 0.00327811 0.00330461 0.00340259 0.00333324
 0.00333443 0.00328526 ...]
(5_w,11)-aCMA-ES (mu_w=3.4,w_1=42%) in dimension 10 (seed=9, Tue Jun 24 08:16:51 2025)
Iterat #Fevals   function value  axis ratio  sigma  min&max std  t[m:s]
    1    677 7.012660171779821e+02 1.0e+00 2.22e-01  2e-01  2e-01 0:00.1
    2    688 7.050609665440988e+02 1.2e+00 2.28e-01  2e-01  2e-01 0:00.1
    3    699 6.373949493661166e+02 1.3e+00 2.52e-01  2e-01  3e-01 0:00.2
   20    886 5.948000000000000e+02 2.2e+00 1.68e-01  1e-01  2e-01 0:01.2
termination on maxiter=19.136363636363637 after 3 restarts (Tue Jun 24 08:16:52 2025)
final/bestever f-value = 5.948000e+02 7.577225e-01
incumbent solution: [0.00614578 0.99473002 0.15577439 0.85852382 0.65200157 0.03037016
 0.69837925 0.20393124 ...]
std deviations: [0.14469451 0.16477024 0.14631593 0.15095087 0.13515301 0.17050511
 0.2051522  0.12682763 ...]
(21_w,43)-aCMA-ES (mu_w=12.1,w_1=15%) in dimension 10 (seed=10, Tue Jun 24 08:16:52 2025)
Iterat #Fevals   function value  axis ratio  sigma  min&max std  t[m:s]
    1    930 6.373949493661166e+02 1.0e+00 2.76e-01  3e-01  3e-01 0:00.3
    2    973 6.308660171779823e+02 1.4e+00 3.07e-01  3e-01  3e-01 0:00.4
    3   1016 6.060660171779822e+02 1.6e+00 3.38e-01  3e-01  4e-01 0:00.6
    9   1274 7.577225297788130e-01 2.6e+00 5.22e-01  4e-01  6e-01 0:04.7
   13   1446 7.577225297788130e-01 2.8e+00 4.68e-01  3e-01  5e-01 0:12.9
   15   1532 7.577225297788130e-01 2.7e+00 4.26e-01  3e-01  4e-01 0:22.5
   16   1575 7.577225297788130e-01 2.4e+00 3.77e-01  2e-01  4e-01 0:29.2
   17   1618 7.577225297788130e-01 2.3e+00 3.28e-01  2e-01  3e-01 0:39.4
   18   1661 7.577225297788130e-01 2.1e+00 2.89e-01  2e-01  3e-01 0:57.9
   19   1704 7.577225297788130e-01 2.1e+00 2.72e-01  2e-01  2e-01 1:18.4
termination on tolflatfitness=1 after 4 restarts (Tue Jun 24 08:18:11 2025)
final/bestever f-value = 7.577225e-01 7.577225e-01
incumbent solution: [9.66532695e-04 9.98382387e-01 1.97075482e-02 8.48217953e-01
 2.83249790e-02 8.88093509e-01 7.21620110e-03 9.55652052e-01 ...]
std deviations: [0.21434399 0.20800503 0.18632633 0.2216889  0.19239908 0.21013452
 0.20362302 0.18582414 ...]
(6_w,13)-aCMA-ES (mu_w=4.0,w_1=38%) in dimension 10 (seed=11, Tue Jun 24 08:18:11 2025)
Iterat #Fevals   function value  axis ratio  sigma  min&max std  t[m:s]
    1   1718 6.060660171779822e+02 1.0e+00 1.24e-02  1e-02  1e-02 0:00.1
    2   1731 6.060660171779822e+02 1.2e+00 1.19e-02  1e-02  1e-02 0:00.2
    3   1744 6.060660171779822e+02 1.3e+00 1.20e-02  1e-02  1e-02 0:00.2
    6   1783 6.060660171779822e+02 1.5e+00 1.16e-02  1e-02  1e-02 0:00.4
termination on tolflatfitness=1 after 5 restarts (Tue Jun 24 08:18:11 2025)
final/bestever f-value = 6.060660e+02 7.577225e-01
incumbent solution: [0.17984278 0.67100447 0.57047331 0.96356833 0.22593979 0.68973202
 0.47793627 0.11403604 ...]
std deviations: [0.01142937 0.01254845 0.01189102 0.011164   0.01135961 0.01138028
 0.01089435 0.01236263 ...]
(5_w,11)-aCMA-ES (mu_w=3.4,w_1=42%) in dimension 10 (seed=12, Tue Jun 24 08:18:11 2025)
Iterat #Fevals   function value  axis ratio  sigma  min&max std  t[m:s]
    1   1795 6.772004514666935e+02 1.0e+00 1.42e-01  1e-01  1e-01 0:00.1
    2   1806 5.948000000000000e+02 1.2e+00 1.51e-01  1e-01  2e-01 0:00.1
    3   1817 5.948000000000000e+02 1.4e+00 1.65e-01  2e-01  2e-01 0:00.2
   22   2026 5.948000000000000e+02 2.2e+00 1.86e-01  1e-01  2e-01 0:01.3
termination on tolflatfitness=1 after 6 restarts (Tue Jun 24 08:18:13 2025)
final/bestever f-value = 5.948000e+02 7.577225e-01
incumbent solution: [5.13284603e-02 9.37171497e-01 2.69632998e-02 9.23232049e-01
 7.45069543e-01 4.69224597e-07 7.57628493e-01 2.63144602e-01 ...]
std deviations: [0.17057881 0.19972562 0.14573275 0.18926196 0.18448294 0.17135903
 0.15978269 0.15575568 ...]
(20_w,41)-aCMA-ES (mu_w=11.6,w_1=16%) in dimension 10 (seed=13, Tue Jun 24 08:18:13 2025)
Iterat #Fevals   function value  axis ratio  sigma  min&max std  t[m:s]
    1   2068 6.988533025558640e+02 1.0e+00 1.49e-02  1e-02  2e-02 0:00.2
termination on tolfun=1e-06 after 7 restarts (Tue Jun 24 08:18:13 2025)
final/bestever f-value = 6.988533e+02 7.577225e-01
incumbent solution: [0.03804777 0.99472335 0.42242691 0.60628487 0.88988654 0.90349504
 0.0909931  0.81599655 ...]
std deviations: [0.01455659 0.01473204 0.01419032 0.01545065 0.01470585 0.01447249
 0.01505342 0.01506328 ...]
(15_w,30)-aCMA-ES (mu_w=8.6,w_1=20%) in dimension 10 (seed=14, Tue Jun 24 08:18:13 2025)
Iterat #Fevals   function value  axis ratio  sigma  min&max std  t[m:s]
    1   2099 8.647401871576773e+02 1.0e+00 3.89e-03  4e-03  4e-03 0:00.2
termination on tolfun=1e-06 after 8 restarts (Tue Jun 24 08:18:13 2025)
final/bestever f-value = 8.647402e+02 7.577225e-01
incumbent solution: [0.96984039 0.06076059 0.80409215 0.6429798  0.08419509 0.77085358
 0.74469685 0.1237634  ...]
std deviations: [0.00403555 0.00371899 0.00369582 0.00386075 0.00421595 0.00399387
 0.00393171 0.00385041 ...]
(9_w,19)-aCMA-ES (mu_w=5.6,w_1=29%) in dimension 10 (seed=15, Tue Jun 24 08:18:13 2025)
Iterat #Fevals   function value  axis ratio  sigma  min&max std  t[m:s]
    1   2119 8.721249550410698e+02 1.0e+00 6.66e-02  6e-02  7e-02 0:00.1
    2   2138 6.979898987322333e+02 1.2e+00 6.74e-02  7e-02  7e-02 0:00.2
    3   2157 6.979898987322333e+02 1.4e+00 7.60e-02  7e-02  9e-02 0:00.3
   19   2461 7.577225297788130e-01 2.3e+00 3.06e-01  2e-01  4e-01 0:03.7
   21   2499 7.577225297788130e-01 2.4e+00 3.55e-01  2e-01  4e-01 0:08.3
   24   2556 7.577225297788130e-01 2.3e+00 3.72e-01  3e-01  4e-01 0:14.0
[stop]
