(7_w,15)-aCMA-ES (mu_w=4.5,w_1=34%) in dimension 50 (seed=25, Fri May 23 16:55:38 2025)
Iterat #Fevals   function value  axis ratio  sigma  min&max std  t[m:s]
    1     15 6.096015510839148e+02 1.0e+00 2.37e-01  2e-01  2e-01 0:06.0
    2     30 6.060660171779821e+02 1.0e+00 2.28e-01  2e-01  2e-01 0:11.4
    3     45 5.494974746830583e+02 1.1e+00 2.22e-01  2e-01  2e-01 0:16.0
    4     60 5.530330085889910e+02 1.1e+00 2.19e-01  2e-01  2e-01 0:20.5
    5     75 5.470710678118655e+02 1.1e+00 2.16e-01  2e-01  2e-01 0:25.3
    7    105 5.848528137423857e+02 1.1e+00 2.16e-01  2e-01  2e-01 0:35.2
    9    135 5.424264068711927e+02 1.1e+00 2.17e-01  2e-01  2e-01 0:45.5
   11    165 5.282842712474619e+02 1.1e+00 2.17e-01  2e-01  2e-01 0:55.5
   13    195 5.141421356237310e+02 1.2e+00 2.15e-01  2e-01  2e-01 1:04.3
   15    225 4.177368497784082e-01 1.2e+00 2.15e-01  2e-01  2e-01 1:13.8
   18    270 5.070710678118655e+02 1.2e+00 2.20e-01  2e-01  2e-01 1:26.5
   21    315 6.380092363832240e-01 1.3e+00 2.16e-01  2e-01  2e-01 1:39.7
   24    360 1.779587967257266e+01 1.3e+00 2.07e-01  2e-01  2e-01 1:52.5
   27    405 8.313760958507817e+00 1.3e+00 1.97e-01  2e-01  2e-01 2:05.9
   30    450 4.065718452886533e-01 1.3e+00 1.91e-01  2e-01  2e-01 2:20.5
   34    510 5.264179900186401e+02 1.3e+00 1.98e-01  2e-01  2e-01 2:38.1
   38    570 5.282842712474619e+02 1.3e+00 1.96e-01  2e-01  2e-01 2:55.5
   43    645 5.070710678118655e+02 1.3e+00 1.96e-01  2e-01  2e-01 3:16.2
   48    720 2.507458870206726e-01 1.3e+00 1.80e-01  2e-01  2e-01 3:38.3
   52    780 4.367248778691550e-01 1.3e+00 1.64e-01  2e-01  2e-01 3:59.6
   58    870 8.979459983354499e+00 1.4e+00 1.49e-01  1e-01  2e-01 4:22.6
   63    945 5.141421356237310e+02 1.4e+00 1.34e-01  1e-01  1e-01 4:44.2
   68   1020 5.962221898962710e-01 1.4e+00 1.27e-01  1e-01  1e-01 5:09.4
   73   1095 1.009562638547821e+01 1.4e+00 1.24e-01  1e-01  1e-01 5:33.2
   78   1170 2.366381500327601e+00 1.4e+00 1.21e-01  1e-01  1e-01 5:58.6
   84   1260 1.729202775238182e+01 1.4e+00 1.12e-01  1e-01  1e-01 6:26.8
   90   1350 5.368177842341441e+01 1.5e+00 1.05e-01  1e-01  1e-01 6:54.8
   96   1440 1.228772114064361e+00 1.5e+00 9.61e-02  9e-02  1e-01 7:24.4
  100   1500 1.590425809743733e+00 1.5e+00 9.03e-02  8e-02  9e-02 7:45.3
  105   1575 1.020609014459308e+00 1.5e+00 8.41e-02  8e-02  9e-02 8:17.1
  110   1650 6.336433475461103e-01 1.5e+00 8.09e-02  7e-02  8e-02 8:47.5
  116   1740 5.201800609836209e-01 1.5e+00 8.40e-02  8e-02  9e-02 9:21.9
  122   1830 4.592796337787698e-01 1.5e+00 8.04e-02  7e-02  8e-02 9:59.2
  127   1905 3.040851269135090e-01 1.6e+00 7.55e-02  7e-02  8e-02 10:35.2
  132   1980 6.070737296852478e-01 1.6e+00 7.35e-02  7e-02  8e-02 11:09.7
  138   2070 2.956297969881551e-01 1.6e+00 6.69e-02  6e-02  7e-02 11:49.2
  143   2145 1.909798363292526e-01 1.6e+00 6.44e-02  6e-02  7e-02 12:31.5
  148   2220 1.488621278493631e-01 1.6e+00 6.32e-02  6e-02  7e-02 13:15.8
  152   2280 1.293511919814211e-01 1.6e+00 6.10e-02  5e-02  6e-02 13:54.9
  156   2340 1.235977593961680e-01 1.6e+00 5.86e-02  5e-02  6e-02 14:37.7
  161   2415 1.375643231284133e-01 1.6e+00 5.56e-02  5e-02  6e-02 15:20.7
  166   2490 1.253999023727938e-01 1.7e+00 5.16e-02  4e-02  5e-02 16:07.2
  172   2580 1.186756434682299e-01 1.7e+00 4.98e-02  4e-02  5e-02 16:56.4
  177   2655 1.095535523413792e-01 1.7e+00 4.85e-02  4e-02  5e-02 17:41.3
  182   2730 1.218426829339126e-01 1.7e+00 4.58e-02  4e-02  5e-02 18:27.4
  188   2820 1.101738616188325e-01 1.7e+00 4.09e-02  3e-02  4e-02 19:12.5
  196   2940 9.972141284203684e-02 1.7e+00 3.43e-02  3e-02  4e-02 20:01.6
  200   3000 9.379571331772213e-02 1.7e+00 3.11e-02  3e-02  3e-02 20:28.8
  205   3075 9.679765646652386e-02 1.7e+00 2.87e-02  2e-02  3e-02 21:21.4
  210   3150 1.014026550210749e-01 1.7e+00 2.83e-02  2e-02  3e-02 22:13.3
  216   3240 9.663035451373850e-02 1.7e+00 2.71e-02  2e-02  3e-02 23:13.9
  222   3330 9.476605086873827e-02 1.7e+00 2.64e-02  2e-02  3e-02 24:11.0
  228   3420 9.387370927638237e-02 1.7e+00 2.54e-02  2e-02  3e-02 25:11.5
  233   3495 9.457095272595606e-02 1.7e+00 2.29e-02  2e-02  2e-02 26:05.6
  239   3585 9.158053575269953e-02 1.7e+00 2.15e-02  2e-02  2e-02 27:08.4
  245   3675 9.271313066990797e-02 1.7e+00 2.06e-02  2e-02  2e-02 28:11.5
  250   3750 9.298237700228268e-02 1.7e+00 1.96e-02  2e-02  2e-02 29:10.4
  255   3825 9.113297288328279e-02 1.8e+00 1.82e-02  1e-02  2e-02 30:08.4
  261   3915 9.277458396393054e-02 1.8e+00 1.75e-02  1e-02  2e-02 31:11.7
  267   4005 9.308396209907394e-02 1.8e+00 1.58e-02  1e-02  2e-02 32:19.5
  273   4095 9.050865013530500e-02 1.8e+00 1.44e-02  1e-02  1e-02 33:21.8
  279   4185 8.991247521494707e-02 1.8e+00 1.36e-02  1e-02  1e-02 34:28.2
  285   4275 8.880187972401045e-02 1.8e+00 1.38e-02  1e-02  1e-02 35:33.2
  292   4380 8.854420161003335e-02 1.8e+00 1.25e-02  1e-02  1e-02 36:45.7
  299   4485 8.967570071583858e-02 1.8e+00 1.27e-02  1e-02  1e-02 37:57.2
  300   4500 8.818714494914413e-02 1.8e+00 1.27e-02  1e-02  1e-02 38:07.5
  307   4605 8.915717006992313e-02 1.8e+00 1.23e-02  1e-02  1e-02 39:18.6
  316   4740 8.798499209549433e-02 1.9e+00 9.89e-03  8e-03  1e-02 40:26.3
  323   4845 8.711716969623642e-02 1.9e+00 8.16e-03  6e-03  8e-03 41:44.3
  329   4935 8.675004110837919e-02 1.9e+00 7.66e-03  6e-03  8e-03 42:54.4
  336   5040 8.584269438830328e-02 1.9e+00 7.33e-03  6e-03  7e-03 44:09.8
  343   5145 8.601782979149905e-02 1.9e+00 6.87e-03  5e-03  7e-03 45:21.9
  350   5250 8.523477028668917e-02 1.9e+00 7.05e-03  5e-03  7e-03 46:34.9
  358   5370 8.556137074731540e-02 1.9e+00 6.65e-03  5e-03  7e-03 47:54.8
  365   5475 8.421531854796135e-02 1.9e+00 6.58e-03  5e-03  7e-03 49:10.5
  373   5595 8.375502439177043e-02 2.0e+00 7.12e-03  6e-03  8e-03 50:33.6
  381   5715 8.297623830424279e-02 2.2e+00 7.89e-03  6e-03  9e-03 51:55.8
  389   5835 8.233797878485030e-02 2.2e+00 7.75e-03  6e-03  9e-03 53:20.7
  397   5955 8.188486219840149e-02 2.3e+00 8.08e-03  6e-03  9e-03 54:44.3
  400   6000 8.237147830709295e-02 2.3e+00 7.90e-03  6e-03  9e-03 55:14.6
  408   6120 8.251813607408101e-02 2.3e+00 7.62e-03  6e-03  9e-03 56:37.4
  416   6240 8.170840437965032e-02 2.4e+00 6.99e-03  5e-03  8e-03 58:06.9
  424   6360 8.203366037837864e-02 2.4e+00 6.55e-03  5e-03  8e-03 59:35.2
  432   6480 8.215284015991306e-02 2.4e+00 5.80e-03  4e-03  7e-03 61:03.1
  440   6600 8.114763088887685e-02 2.4e+00 5.28e-03  4e-03  6e-03 62:35.9
  448   6720 8.092845242685826e-02 2.4e+00 4.89e-03  4e-03  6e-03 64:06.7
  458   6870 8.137239739066965e-02 2.5e+00 4.47e-03  3e-03  5e-03 65:35.0
  473   7095 8.117007871252763e-02 2.6e+00 4.95e-03  4e-03  6e-03 67:02.4
  482   7230 8.097644174506885e-02 2.6e+00 4.91e-03  4e-03  6e-03 68:30.7
  497   7455 8.058054469688188e-02 2.6e+00 4.90e-03  4e-03  6e-03 70:04.4
  500   7500 8.024682272385883e-02 2.6e+00 4.69e-03  4e-03  6e-03 70:22.1
  516   7740 8.054771442445172e-02 2.7e+00 4.67e-03  4e-03  6e-03 71:56.5
[stop]
