(7_w,15)-aCMA-ES (mu_w=4.5,w_1=34%) in dimension 50 (seed=12, Fri May 23 16:55:38 2025)
Iterat #Fevals   function value  axis ratio  sigma  min&max std  t[m:s]
    1     15 1.145324347589466e+03 1.0e+00 2.37e-01  2e-01  2e-01 0:06.8
    2     30 7.824375311211951e+02 1.0e+00 2.26e-01  2e-01  2e-01 0:13.7
    3     45 7.320487845649322e+02 1.0e+00 2.18e-01  2e-01  2e-01 0:20.2
    4     60 7.825867375616716e+02 1.1e+00 2.11e-01  2e-01  2e-01 0:25.8
    5     75 6.378858223313767e+02 1.1e+00 2.10e-01  2e-01  2e-01 0:30.5
    6     90 7.044698808889663e+02 1.1e+00 2.10e-01  2e-01  2e-01 0:35.9
    8    120 6.025304832720494e+02 1.1e+00 2.13e-01  2e-01  2e-01 0:44.9
   10    150 5.939045575761279e+02 1.1e+00 2.19e-01  2e-01  2e-01 0:53.6
   12    180 6.202081528017131e+02 1.2e+00 2.23e-01  2e-01  2e-01 1:02.5
   15    225 5.707106781186548e+02 1.2e+00 2.20e-01  2e-01  2e-01 1:14.9
   18    270 5.451499333411849e+02 1.3e+00 2.18e-01  2e-01  2e-01 1:27.7
   21    315 5.599070478491457e+02 1.3e+00 2.18e-01  2e-01  2e-01 1:40.4
   24    360 5.722033985715242e+02 1.3e+00 2.18e-01  2e-01  2e-01 1:53.7
   28    420 5.070710678118655e+02 1.4e+00 2.11e-01  2e-01  2e-01 2:10.6
   32    480 5.386938444135493e+02 1.4e+00 2.04e-01  2e-01  2e-01 2:28.0
   36    540 5.212132034355965e+02 1.4e+00 1.95e-01  2e-01  2e-01 2:44.2
   42    630 3.548201643233652e-01 1.4e+00 2.00e-01  2e-01  2e-01 3:01.8
   47    705 5.270710678118655e+02 1.5e+00 2.01e-01  2e-01  2e-01 3:20.2
   53    795 8.106218436122701e+00 1.5e+00 2.08e-01  2e-01  2e-01 3:38.9
   60    900 5.141421356237310e+02 1.5e+00 2.02e-01  2e-01  2e-01 3:59.8
   67   1005 5.712651823379636e-01 1.5e+00 1.91e-01  2e-01  2e-01 4:21.4
   75   1125 3.360963756447215e+00 1.6e+00 1.77e-01  2e-01  2e-01 4:42.7
   83   1245 5.141421356237310e+02 1.6e+00 1.59e-01  2e-01  2e-01 5:05.2
   91   1365 6.786381080818968e-01 1.6e+00 1.44e-01  1e-01  2e-01 5:28.2
   98   1470 2.913678970168753e+00 1.6e+00 1.30e-01  1e-01  1e-01 5:54.7
  100   1500 3.683145409951968e+00 1.6e+00 1.24e-01  1e-01  1e-01 6:04.0
  107   1605 7.828648995843157e+00 1.6e+00 1.21e-01  1e-01  1e-01 6:33.5
  114   1710 5.035355339059327e+02 1.6e+00 1.12e-01  1e-01  1e-01 7:01.7
  121   1815 1.613967051649474e+00 1.6e+00 1.07e-01  1e-01  1e-01 7:31.8
  126   1890 3.511909589580274e+00 1.6e+00 1.03e-01  1e-01  1e-01 8:00.9
  133   1995 7.208904825218068e-01 1.6e+00 9.02e-02  8e-02  9e-02 8:35.2
  139   2085 5.396616863139361e-01 1.6e+00 8.75e-02  8e-02  9e-02 9:08.3
  145   2175 4.922412340839081e-01 1.6e+00 8.89e-02  8e-02  9e-02 9:43.7
  153   2295 4.510870033551285e-01 1.7e+00 8.59e-02  8e-02  9e-02 10:19.8
  158   2370 4.050037326519538e-01 1.7e+00 8.22e-02  7e-02  9e-02 10:56.1
  163   2445 3.921773499673356e-01 1.7e+00 7.75e-02  7e-02  8e-02 11:31.2
  169   2535 3.063596445642018e-01 1.7e+00 7.77e-02  7e-02  8e-02 12:13.4
  175   2625 1.229015648496111e+00 1.7e+00 8.07e-02  7e-02  8e-02 12:50.9
  182   2730 3.854820129582288e-01 1.7e+00 8.33e-02  8e-02  9e-02 13:30.0
  189   2835 2.253748459744931e-01 1.7e+00 8.46e-02  8e-02  9e-02 14:11.6
  197   2955 4.321299831074790e-01 1.7e+00 8.64e-02  8e-02  9e-02 14:56.1
  200   3000 2.430813888948048e-01 1.7e+00 8.63e-02  8e-02  9e-02 15:13.3
  209   3135 3.501625295025579e-01 1.7e+00 8.78e-02  8e-02  9e-02 15:56.4
  217   3255 4.581020263635295e-01 1.7e+00 7.93e-02  7e-02  8e-02 16:39.6
  224   3360 2.879014013219232e-01 1.8e+00 7.08e-02  6e-02  7e-02 17:24.6
  231   3465 2.312634540210476e-01 1.8e+00 6.79e-02  6e-02  7e-02 18:12.4
  238   3570 1.779352551284835e-01 1.8e+00 6.48e-02  6e-02  7e-02 19:05.9
  244   3660 1.926793369814628e-01 1.8e+00 6.17e-02  5e-02  6e-02 20:00.9
  250   3750 1.587643084426699e-01 1.8e+00 6.03e-02  5e-02  6e-02 20:51.1
  256   3840 1.831093424955738e-01 1.8e+00 6.30e-02  5e-02  7e-02 21:41.8
  262   3930 1.431048154817873e-01 1.8e+00 5.96e-02  5e-02  6e-02 22:35.5
  269   4035 1.624462860030515e-01 1.8e+00 5.20e-02  4e-02  5e-02 23:34.0
  276   4140 1.738276892685837e-01 1.8e+00 5.25e-02  4e-02  6e-02 24:31.8
  283   4245 1.844081417535177e-01 1.8e+00 5.06e-02  4e-02  5e-02 25:31.8
  289   4335 1.863148004529417e-01 1.8e+00 5.20e-02  4e-02  5e-02 26:26.5
  295   4425 1.692122939957104e-01 1.9e+00 5.33e-02  4e-02  6e-02 27:26.4
  300   4500 1.504491191880629e-01 1.9e+00 5.16e-02  4e-02  5e-02 28:12.3
  307   4605 1.418437942898068e-01 1.9e+00 4.86e-02  4e-02  5e-02 29:20.1
  313   4695 1.363461944537965e-01 2.0e+00 4.70e-02  4e-02  5e-02 30:19.2
  320   4800 1.448688693457914e-01 2.0e+00 4.60e-02  4e-02  5e-02 31:20.2
  327   4905 1.202328501891344e-01 2.0e+00 4.24e-02  3e-02  5e-02 32:26.6
  333   4995 1.160463095858770e-01 2.1e+00 4.13e-02  3e-02  5e-02 33:27.7
  341   5115 1.115914556572435e-01 2.1e+00 4.37e-02  3e-02  5e-02 34:34.8
  349   5235 1.112474375469377e-01 2.2e+00 4.55e-02  4e-02  5e-02 35:44.7
  357   5355 1.056868694695818e-01 2.2e+00 4.47e-02  3e-02  5e-02 36:55.0
  365   5475 9.809808934578759e-02 2.3e+00 3.80e-02  3e-02  4e-02 38:07.3
  373   5595 9.828354774744379e-02 2.3e+00 3.14e-02  2e-02  4e-02 39:17.7
  380   5700 9.507628829192724e-02 2.3e+00 2.73e-02  2e-02  3e-02 40:33.8
  387   5805 9.534328917504946e-02 2.3e+00 2.60e-02  2e-02  3e-02 41:42.7
  394   5910 9.080039771937737e-02 2.3e+00 2.36e-02  2e-02  3e-02 42:55.1
  400   6000 9.250285172743380e-02 2.3e+00 2.26e-02  2e-02  3e-02 43:53.3
  407   6105 9.511007969638202e-02 2.3e+00 2.09e-02  2e-02  2e-02 45:07.5
  414   6210 9.102052079098064e-02 2.3e+00 2.10e-02  2e-02  2e-02 46:23.6
  422   6330 9.008344171304203e-02 2.3e+00 1.96e-02  1e-02  2e-02 47:45.8
  430   6450 8.980521395427002e-02 2.3e+00 1.85e-02  1e-02  2e-02 49:04.7
  438   6570 8.990693666938485e-02 2.4e+00 1.73e-02  1e-02  2e-02 50:29.6
  446   6690 8.927512971429824e-02 2.4e+00 1.57e-02  1e-02  2e-02 51:50.0
  454   6810 8.818363115964391e-02 2.4e+00 1.35e-02  1e-02  2e-02 53:11.2
  462   6930 8.864117166551601e-02 2.4e+00 1.15e-02  8e-03  1e-02 54:35.0
  470   7050 8.808804816094894e-02 2.4e+00 1.08e-02  8e-03  1e-02 55:56.0
  478   7170 8.713838278128076e-02 2.4e+00 1.08e-02  8e-03  1e-02 57:21.9
  486   7290 8.682048448677197e-02 2.4e+00 1.02e-02  7e-03  1e-02 58:45.2
  496   7440 8.629300732906318e-02 2.4e+00 9.46e-03  7e-03  1e-02 60:11.9
  500   7500 8.581265615171083e-02 2.4e+00 9.44e-03  7e-03  1e-02 60:49.1
  510   7650 8.511045052901753e-02 2.4e+00 8.09e-03  6e-03  9e-03 62:17.2
  518   7770 8.547248818072131e-02 2.4e+00 7.45e-03  5e-03  8e-03 63:43.8
  527   7905 8.396761564028021e-02 2.4e+00 8.29e-03  6e-03  9e-03 65:20.7
  536   8040 8.413297726191526e-02 2.4e+00 7.96e-03  6e-03  9e-03 66:57.2
  545   8175 8.362288585504354e-02 2.4e+00 7.88e-03  6e-03  9e-03 68:34.5
  553   8295 8.297415110130323e-02 2.5e+00 7.77e-03  6e-03  9e-03 70:05.7
  562   8430 8.297311323031850e-02 2.5e+00 7.76e-03  5e-03  8e-03 71:43.2
  571   8565 8.220325533230857e-02 2.6e+00 6.85e-03  5e-03  7e-03 73:21.4
  580   8700 8.251115741669927e-02 2.6e+00 5.98e-03  4e-03  7e-03 74:58.5
  591   8865 8.276814248369201e-02 2.6e+00 5.40e-03  4e-03  6e-03 76:34.8
  600   9000 8.168662686245337e-02 2.6e+00 4.97e-03  3e-03  5e-03 77:46.4
[stop]
