(6_w,12)-aCMA-ES (mu_w=3.7,w_1=40%) in dimension 20 (seed=9, Tue Jun 24 11:42:00 2025)
Iterat #Fevals   function value  axis ratio  sigma  min&max std  t[m:s]
    1     12 5.707106781186548e+02 1.0e+00 2.35e-01  2e-01  2e-01 0:00.8
    2     24 5.870466102393309e+02 1.1e+00 2.23e-01  2e-01  2e-01 0:01.5
    3     36 5.686473683381221e+02 1.1e+00 2.20e-01  2e-01  2e-01 0:02.3
    8     96 5.070710678118655e+02 1.3e+00 1.81e-01  2e-01  2e-01 0:05.8
   12    144 1.580972778695251e-01 1.4e+00 1.81e-01  2e-01  2e-01 0:10.7
   16    192 1.677503480417663e-01 1.4e+00 1.64e-01  1e-01  2e-01 0:16.4
   22    264 4.969154868639060e-01 1.6e+00 1.51e-01  1e-01  2e-01 0:23.3
   27    324 1.077833342550168e+00 1.6e+00 1.18e-01  1e-01  1e-01 0:30.8
   31    372 3.445530947779991e-01 1.7e+00 9.37e-02  7e-02  1e-01 0:41.8
   34    408 1.952424077693703e-01 1.7e+00 9.14e-02  7e-02  1e-01 0:54.2
   37    444 1.456545353688999e-01 1.8e+00 9.09e-02  7e-02  1e-01 1:08.0
   40    480 1.428465272395837e-01 1.8e+00 9.00e-02  6e-02  1e-01 1:21.8
   43    516 1.336628904247886e-01 1.9e+00 8.65e-02  6e-02  9e-02 1:37.0
   47    564 1.319233539980874e-01 2.1e+00 8.57e-02  6e-02  9e-02 1:53.2
   52    624 1.350947585549643e-01 2.3e+00 9.07e-02  5e-02  1e-01 2:08.4
   56    672 1.402436864130948e-01 2.5e+00 9.26e-02  5e-02  1e-01 2:25.3
   60    720 1.389458946414939e-01 2.6e+00 8.02e-02  4e-02  9e-02 2:42.7
   64    768 1.337815235087878e-01 2.6e+00 7.33e-02  4e-02  8e-02 3:01.0
   68    816 1.433124955874657e-01 2.7e+00 7.38e-02  4e-02  8e-02 3:20.5
   73    876 1.230390543431882e-01 3.0e+00 6.67e-02  3e-02  7e-02 3:45.6
   77    924 1.124642668468730e-01 3.1e+00 6.57e-02  3e-02  7e-02 4:09.0
   81    972 1.034140466958686e-01 3.4e+00 7.17e-02  3e-02  8e-02 4:32.5
[stop]
