0 [0/400] 972.5239812038283
1 [0/400] 750.592200905766
3 [0/400] 746.4746307189804
6 [0/400] 660.7363047316811
7 [0/400] 645.7737973711326
10 [0/400] 584.8528137423857
27 [0/400] 563.6396103067892
28 [0/400] 556.5685424949238
31 [0/400] 549.4974746830583
35 [0/400] 535.3553390593273
38 [0/400] 531.6227766016838
42 [0/400] 514.142135623731
58 [0/400] 507.0710678118655
71 [1/400] 10.11104912455993
73 [3/400] 8.334219921701909
84 [8/400] 6.603565540058183
92 [12/400] 0.8132741169373966
97 [17/400] 0.7477085664015887
100 [19/400] 0.7477085664015887
110 [28/400] 0.7186550823601301
121 [38/400] 0.6773649103912888
122 [39/400] 0.5496319282682436
124 [41/400] 0.48584819527723144
125 [42/400] 0.4758348892839144
137 [54/400] 0.4624196627578582
141 [58/400] 0.2723588574495468
154 [70/400] 0.22000136666324413
173 [88/400] 0.206318873075748
180 [95/400] 0.18987644558316336
188 [103/400] 0.179876033212591
200 [115/400] 0.179876033212591
210 [125/400] 0.17227000529292955
231 [145/400] 0.15665601853187927
233 [147/400] 0.150558165293597
237 [151/400] 0.148505343848605
240 [154/400] 0.14714513959354567
245 [159/400] 0.14493764005010312
265 [178/400] 0.14330522442979368
286 [199/400] 0.14027070209531198
292 [205/400] 0.13757183348899854
300 [211/400] 0.13757183348899854
322 [233/400] 0.1265886720414712
325 [236/400] 0.12346852965579998
332 [243/400] 0.11743959801755283
339 [250/400] 0.11706044674768865
340 [251/400] 0.116234511041673
342 [253/400] 0.11084001040857233
400 [307/400] 0.11084001040857233
500 [381/400] 0.11084001040857233
[stop]
