0 [0/400] 724.8847652727602
1 [0/400] 693.6540123592038
10 [0/400] 660.0
12 [0/400] 600.3952967567417
14 [0/400] 549.4974746830584
24 [0/400] 542.4264068711929
25 [0/400] 535.3553390593274
26 [0/400] 528.2842712474619
29 [0/400] 507.0710678118655
33 [1/400] 7.54105181587224
34 [2/400] 7.258409312358628
35 [3/400] 7.163572098521089
38 [4/400] 3.022788404601567
47 [7/400] 2.1322731140909466
49 [8/400] 2.127977119575695
51 [9/400] 1.2431915941238243
53 [11/400] 1.2387600921508253
55 [13/400] 1.216961740334848
56 [14/400] 1.168011543651012
57 [15/400] 0.3141318619925565
59 [16/400] 0.30408966916474744
64 [21/400] 0.25427406336686476
70 [27/400] 0.25261959623565555
76 [30/400] 0.18951731968042743
81 [33/400] 0.16063855477863265
83 [35/400] 0.1598669314250285
98 [49/400] 0.15899242501058075
100 [51/400] 0.15899242501058075
104 [55/400] 0.15620252121343947
106 [57/400] 0.15511344383645717
118 [69/400] 0.15282634150753266
153 [102/400] 0.14034904119930713
157 [106/400] 0.13904118776421934
161 [110/400] 0.12093164055731942
167 [116/400] 0.1173204192945473
185 [133/400] 0.10920915475247774
200 [147/400] 0.10920915475247774
203 [149/400] 0.10649577032501506
207 [153/400] 0.10648617342445454
208 [154/400] 0.10276088599261962
214 [160/400] 0.10061566248109531
217 [163/400] 0.0982082660460919
221 [167/400] 0.09793930729557013
236 [181/400] 0.09789525909022942
243 [188/400] 0.0978951552101359
246 [191/400] 0.09286387234367571
274 [218/400] 0.09218077169035117
282 [225/400] 0.09183294502777375
300 [243/400] 0.09183294502777375
329 [271/400] 0.09149130598399932
382 [322/400] 0.09112717898150342
391 [331/400] 0.09088397342985051
400 [338/400] 0.09088397342985051
405 [343/400] 0.09079460386000807
427 [363/400] 0.09036653376624665
428 [364/400] 0.08998466096286019
433 [369/400] 0.08946693716401674
[stop]
