(7_w,15)-aCMA-ES (mu_w=4.5,w_1=34%) in dimension 50 (seed=11, Tue Jun 17 07:59:21 2025)
Iterat #Fevals   function value  axis ratio  sigma  min&max std  t[m:s]
    1     15 7.969848480983500e+02 1.0e+00 2.36e-01  2e-01  2e-01 0:01.7
    2     30 6.869892399110136e+02 1.0e+00 2.28e-01  2e-01  2e-01 0:02.6
    3     45 6.308147545195112e+02 1.1e+00 2.24e-01  2e-01  2e-01 0:03.6
    7    105 7.036732965813691e+01 1.1e+00 2.22e-01  2e-01  2e-01 0:08.2
   12    180 5.212132034355964e+02 1.2e+00 2.31e-01  2e-01  2e-01 0:12.7
   18    270 1.733919540779130e+00 1.3e+00 2.57e-01  3e-01  3e-01 0:18.4
   24    360 5.800766986093231e+02 1.4e+00 2.72e-01  3e-01  3e-01 0:24.9
   30    450 6.275457672781348e-01 1.4e+00 2.75e-01  3e-01  3e-01 0:33.0
   38    570 5.200000000000000e+02 1.5e+00 2.55e-01  2e-01  3e-01 0:41.4
   48    720 5.070710678118655e+02 1.5e+00 2.47e-01  2e-01  3e-01 0:50.5
   59    885 5.141421356237310e+02 1.6e+00 2.39e-01  2e-01  3e-01 1:00.6
   68   1020 1.111645043693235e+00 1.6e+00 2.36e-01  2e-01  2e-01 1:12.2
   76   1140 4.180245329067804e-01 1.6e+00 2.26e-01  2e-01  2e-01 1:24.8
   85   1275 4.514522029996866e-01 1.6e+00 2.11e-01  2e-01  2e-01 1:38.0
   94   1410 2.428692345712869e-01 1.6e+00 2.03e-01  2e-01  2e-01 1:53.0
  100   1500 1.705509765089852e-01 1.6e+00 1.96e-01  2e-01  2e-01 2:01.3
  108   1620 2.101131636475729e-01 1.6e+00 1.84e-01  2e-01  2e-01 2:20.1
  120   1800 2.417437593451217e-01 1.7e+00 1.59e-01  1e-01  2e-01 2:38.2
  131   1965 1.307089140671834e+00 1.7e+00 1.41e-01  1e-01  2e-01 2:57.0
  140   2100 1.788968777592470e+00 1.7e+00 1.28e-01  1e-01  1e-01 3:16.1
  146   2190 4.220894713053251e-01 1.7e+00 1.30e-01  1e-01  1e-01 3:36.7
  152   2280 4.946836990083877e-01 1.7e+00 1.17e-01  1e-01  1e-01 4:00.4
  159   2385 3.819304234017555e-01 1.7e+00 1.11e-01  1e-01  1e-01 4:25.5
  165   2475 1.792130966905182e-01 1.7e+00 1.20e-01  1e-01  1e-01 4:50.4
  171   2565 3.348537287835255e-01 1.7e+00 1.20e-01  1e-01  1e-01 5:18.3
  178   2670 5.579425345338948e-01 1.7e+00 1.13e-01  1e-01  1e-01 5:46.5
  184   2760 1.940817210558938e-01 1.7e+00 1.10e-01  1e-01  1e-01 6:13.4
  192   2880 4.924133618099589e-01 1.7e+00 9.88e-02  9e-02  1e-01 6:41.9
  198   2970 1.890694455913987e-01 1.7e+00 9.32e-02  9e-02  1e-01 7:11.6
  200   3000 1.894267195841560e-01 1.7e+00 9.26e-02  8e-02  1e-01 7:20.5
  208   3120 2.114433523555992e-01 1.7e+00 8.38e-02  8e-02  9e-02 7:51.7
  213   3195 1.824970522803851e-01 1.7e+00 7.86e-02  7e-02  8e-02 8:23.8
  218   3270 1.326782489507657e-01 1.8e+00 7.65e-02  7e-02  8e-02 8:56.4
  224   3360 1.227874869474334e-01 1.8e+00 7.19e-02  6e-02  8e-02 9:33.5
  230   3450 2.061804159487591e-01 1.8e+00 6.94e-02  6e-02  7e-02 10:11.1
  235   3525 1.166302590208778e-01 1.8e+00 6.28e-02  6e-02  7e-02 10:48.7
  241   3615 1.300613919074802e-01 1.8e+00 6.10e-02  5e-02  7e-02 11:30.9
  247   3705 1.219880930080380e-01 1.8e+00 6.01e-02  5e-02  6e-02 12:10.3
  253   3795 1.268633264167417e-01 1.8e+00 5.96e-02  5e-02  6e-02 12:49.3
[stop]
