0 [0/400] 1182.5212526551825
1 [0/400] 751.0975905897943
4 [0/400] 733.3452377915607
10 [0/400] 613.1370849898476
jitter = 1e-07
jitter = 1e-06
jitter = 9.999999999999999e-06
jitter = 9.999999999999999e-05
jitter = 1e-07
jitter = 1e-06
jitter = 9.999999999999999e-06
jitter = 9.999999999999999e-05
25 [0/400] 606.0660171779821
26 [0/400] 577.7817459305202
33 [0/400] 570.7106781186546
35 [0/400] 565.1920240520265
36 [0/400] 531.6227766016838
39 [0/400] 507.0710678118655
41 [1/400] 0.42742783313119437
42 [2/400] 0.4101520095695008
43 [3/400] 0.4031152396010297
47 [4/400] 0.29736270072074245
48 [5/400] 0.18021176375007036
84 [34/400] 0.15079051994057713
97 [46/400] 0.14672392365092962
100 [48/400] 0.14672392365092962
101 [49/400] 0.12581897723258656
105 [53/400] 0.1244216165387973
139 [82/400] 0.12441863920389615
150 [92/400] 0.12396697207222493
153 [95/400] 0.12306023071461351
156 [98/400] 0.12181785337907922
158 [100/400] 0.11940171671871813
163 [105/400] 0.11654249132583769
200 [140/400] 0.11654249132583769
208 [147/400] 0.11542124679998367
264 [201/400] 0.11018213421612344
276 [213/400] 0.10416315644881566
282 [219/400] 0.10394602029770661
300 [236/400] 0.10394602029770661
307 [241/400] 0.10316130445479142
315 [248/400] 0.10294416503222731
400 [329/400] 0.10294416503222731
471 [393/400] 0.10021377146011373
[stop]
