(7_w,15)-aCMA-ES (mu_w=4.5,w_1=34%) in dimension 50 (seed=19, Fri May 23 16:55:38 2025)
Iterat #Fevals   function value  axis ratio  sigma  min&max std  t[m:s]
    1     15 5.707106781186548e+02 1.0e+00 2.37e-01  2e-01  2e-01 0:05.9
    2     30 5.786522341572849e+02 1.0e+00 2.28e-01  2e-01  2e-01 0:10.4
    3     45 5.800208266098244e+02 1.1e+00 2.25e-01  2e-01  2e-01 0:15.6
    4     60 6.060660171779822e+02 1.1e+00 2.21e-01  2e-01  2e-01 0:19.9
    5     75 5.493004461313475e+02 1.1e+00 2.16e-01  2e-01  2e-01 0:24.7
    7    105 5.212132034355965e+02 1.1e+00 2.10e-01  2e-01  2e-01 0:33.1
    9    135 5.070710678118655e+02 1.1e+00 2.03e-01  2e-01  2e-01 0:41.0
   11    165 5.282842712474619e+02 1.1e+00 1.99e-01  2e-01  2e-01 0:48.8
   13    195 2.805226692419419e+02 1.1e+00 1.96e-01  2e-01  2e-01 0:57.3
   16    240 5.380788655293195e+02 1.2e+00 1.91e-01  2e-01  2e-01 1:09.0
   19    285 5.141421356237310e+02 1.2e+00 1.92e-01  2e-01  2e-01 1:20.7
   22    330 5.254950975679640e+02 1.2e+00 1.91e-01  2e-01  2e-01 1:32.5
   26    390 2.849580074394271e+00 1.3e+00 1.91e-01  2e-01  2e-01 1:50.0
   29    435 5.915883298938882e-01 1.3e+00 1.88e-01  2e-01  2e-01 2:04.3
   33    495 3.623879231492627e+01 1.4e+00 1.78e-01  2e-01  2e-01 2:20.1
   37    555 3.402588119275035e+00 1.4e+00 1.66e-01  2e-01  2e-01 2:37.9
   41    615 2.917227381707603e+00 1.4e+00 1.58e-01  2e-01  2e-01 2:56.7
   45    675 6.755115478914561e+00 1.4e+00 1.53e-01  1e-01  2e-01 3:15.0
   49    735 1.600829765026042e+00 1.5e+00 1.40e-01  1e-01  1e-01 3:35.9
   53    795 3.992281286604025e+00 1.5e+00 1.31e-01  1e-01  1e-01 3:55.9
   57    855 8.006584379490777e-01 1.5e+00 1.32e-01  1e-01  1e-01 4:16.9
   61    915 8.634872278211691e+01 1.5e+00 1.38e-01  1e-01  1e-01 4:38.7
   66    990 4.684207757302312e+00 1.5e+00 1.42e-01  1e-01  1e-01 5:02.3
   72   1080 4.613762399763126e-01 1.5e+00 1.40e-01  1e-01  1e-01 5:28.9
   78   1170 5.338035427056416e-01 1.6e+00 1.30e-01  1e-01  1e-01 5:59.0
   83   1245 4.629786877887684e-01 1.6e+00 1.28e-01  1e-01  1e-01 6:28.8
   89   1335 5.492636932940158e-01 1.6e+00 1.36e-01  1e-01  1e-01 6:59.8
   95   1425 3.631854698850564e-01 1.6e+00 1.39e-01  1e-01  1e-01 7:31.3
  100   1500 1.679934254620962e+01 1.6e+00 1.41e-01  1e-01  1e-01 8:00.2
  106   1590 3.890749730322270e-01 1.6e+00 1.43e-01  1e-01  2e-01 8:32.8
  112   1680 5.070710678118655e+02 1.6e+00 1.47e-01  1e-01  2e-01 9:03.0
  118   1770 7.941681982175328e-01 1.6e+00 1.33e-01  1e-01  1e-01 9:36.9
  123   1845 2.265485061453386e-01 1.6e+00 1.27e-01  1e-01  1e-01 10:09.8
  129   1935 4.022829882195575e-01 1.6e+00 1.16e-01  1e-01  1e-01 10:46.8
  135   2025 2.453080454449007e-01 1.7e+00 1.01e-01  9e-02  1e-01 11:21.8
  141   2115 2.171878404121567e-01 1.7e+00 8.96e-02  8e-02  9e-02 12:01.6
  146   2190 2.023267529897422e-01 1.7e+00 8.27e-02  7e-02  9e-02 12:40.2
  151   2265 1.622651755109726e-01 1.7e+00 8.03e-02  7e-02  8e-02 13:23.9
  157   2355 1.824750886613301e-01 1.7e+00 7.68e-02  7e-02  8e-02 14:10.1
  163   2445 1.465365717115349e-01 1.7e+00 7.35e-02  6e-02  8e-02 14:54.9
  169   2535 2.091518557893746e-01 1.7e+00 7.35e-02  6e-02  8e-02 15:38.2
  175   2625 1.790891676165373e-01 1.7e+00 7.18e-02  6e-02  7e-02 16:19.2
  181   2715 1.451567404824074e-01 1.7e+00 6.90e-02  6e-02  7e-02 17:11.5
  187   2805 1.464277003650872e-01 1.8e+00 6.56e-02  6e-02  7e-02 17:56.4
  193   2895 1.396879618512558e-01 1.8e+00 6.32e-02  5e-02  7e-02 18:45.2
  200   3000 1.519917037313435e-01 1.8e+00 5.84e-02  5e-02  6e-02 19:32.8
  206   3090 1.502737305992315e-01 1.9e+00 5.59e-02  5e-02  6e-02 20:21.7
  213   3195 1.517723133329921e-01 1.9e+00 5.57e-02  5e-02  6e-02 21:11.4
  219   3285 1.527188919806240e-01 1.9e+00 5.17e-02  4e-02  5e-02 22:04.4
  225   3375 1.554650354293807e-01 1.9e+00 4.93e-02  4e-02  5e-02 22:59.1
  231   3465 1.378641878234169e-01 1.9e+00 4.87e-02  4e-02  5e-02 23:58.6
  237   3555 1.259310322625311e-01 1.9e+00 4.65e-02  4e-02  5e-02 24:55.6
  244   3660 1.170093043523592e-01 1.9e+00 4.26e-02  3e-02  4e-02 25:49.8
  251   3765 1.149074033677559e-01 1.9e+00 4.30e-02  3e-02  4e-02 26:46.7
  257   3855 1.114798541859327e-01 2.0e+00 4.21e-02  3e-02  4e-02 27:50.6
  263   3945 1.058137090204476e-01 2.0e+00 3.97e-02  3e-02  4e-02 28:56.3
  269   4035 1.057735650871463e-01 2.0e+00 3.61e-02  3e-02  4e-02 30:02.2
  277   4155 9.906967576283694e-02 2.0e+00 3.17e-02  3e-02  3e-02 31:04.2
  285   4275 9.753870978354018e-02 2.0e+00 2.77e-02  2e-02  3e-02 32:13.1
  291   4365 1.007934841364900e-01 2.0e+00 2.60e-02  2e-02  3e-02 33:19.8
  299   4485 9.714337511357675e-02 2.0e+00 2.55e-02  2e-02  3e-02 34:24.7
  300   4500 9.870242895288613e-02 2.0e+00 2.54e-02  2e-02  3e-02 34:31.4
  309   4635 9.745670119530223e-02 2.0e+00 2.46e-02  2e-02  3e-02 35:40.0
  316   4740 9.906084411625676e-02 2.0e+00 2.17e-02  2e-02  2e-02 36:44.8
  327   4905 9.586324069145284e-02 2.0e+00 1.86e-02  1e-02  2e-02 37:53.2
  337   5055 9.533529876048444e-02 2.0e+00 1.51e-02  1e-02  2e-02 39:01.4
  348   5220 9.273870750668384e-02 2.0e+00 1.36e-02  1e-02  1e-02 40:11.1
  359   5385 9.239547559179437e-02 2.0e+00 1.19e-02  9e-03  1e-02 41:21.2
  370   5550 9.301541498506574e-02 2.0e+00 1.04e-02  8e-03  1e-02 42:37.6
  377   5655 9.157222573751803e-02 2.0e+00 9.95e-03  8e-03  1e-02 43:51.6
  385   5775 9.199792147328995e-02 2.0e+00 9.75e-03  8e-03  1e-02 45:10.0
  392   5880 9.054380775172879e-02 2.0e+00 9.68e-03  8e-03  1e-02 46:30.0
  399   5985 9.042749926789607e-02 2.0e+00 9.42e-03  7e-03  1e-02 47:49.9
  400   6000 8.921963333102718e-02 2.0e+00 9.39e-03  7e-03  1e-02 48:01.8
  407   6105 8.979776690580404e-02 2.0e+00 9.10e-03  7e-03  9e-03 49:16.3
  414   6210 8.951832926902414e-02 2.1e+00 8.87e-03  7e-03  9e-03 50:34.4
  421   6315 8.952529749185054e-02 2.1e+00 8.36e-03  6e-03  9e-03 51:57.0
  428   6420 8.904042832344841e-02 2.1e+00 7.35e-03  6e-03  8e-03 53:14.1
  435   6525 8.863203727770121e-02 2.1e+00 6.54e-03  5e-03  7e-03 54:33.5
  442   6630 8.855098853904995e-02 2.1e+00 5.89e-03  4e-03  6e-03 55:53.2
  450   6750 8.728754963240519e-02 2.1e+00 6.15e-03  5e-03  6e-03 57:15.7
  458   6870 8.780506670492963e-02 2.1e+00 6.65e-03  5e-03  7e-03 58:44.5
  466   6990 8.748625040190421e-02 2.2e+00 7.21e-03  5e-03  8e-03 60:17.4
  474   7110 8.710515848825831e-02 2.2e+00 7.11e-03  5e-03  8e-03 61:42.4
  482   7230 8.689748714084798e-02 2.2e+00 7.02e-03  5e-03  7e-03 63:10.1
  490   7350 8.621390137639254e-02 2.2e+00 7.28e-03  6e-03  8e-03 64:35.7
  498   7470 8.641382821851326e-02 2.3e+00 6.53e-03  5e-03  7e-03 66:07.9
  500   7500 8.708125008922082e-02 2.3e+00 6.31e-03  5e-03  7e-03 66:28.8
  509   7635 8.624598463567294e-02 2.3e+00 5.78e-03  4e-03  6e-03 67:59.1
  519   7785 8.684717300172920e-02 2.3e+00 5.35e-03  4e-03  6e-03 69:33.5
  529   7935 8.655841488350390e-02 2.4e+00 5.17e-03  4e-03  6e-03 71:08.3
  538   8070 8.646582288944271e-02 2.5e+00 4.82e-03  4e-03  5e-03 72:43.4
  548   8220 8.614947208047175e-02 2.5e+00 4.60e-03  3e-03  5e-03 74:26.4
[stop]
