(6_w,12)-aCMA-ES (mu_w=3.7,w_1=40%) in dimension 20 (seed=14, Tue Jun 24 12:26:10 2025)
Iterat #Fevals   function value  axis ratio  sigma  min&max std  t[m:s]
    1     12 6.767766952966368e+02 1.0e+00 2.39e-01  2e-01  2e-01 0:00.3
    2     24 5.919238815542511e+02 1.1e+00 2.42e-01  2e-01  2e-01 0:00.5
    3     36 5.282842712474619e+02 1.2e+00 2.49e-01  2e-01  3e-01 0:00.9
    9    108 2.371729504274022e+00 1.4e+00 2.09e-01  2e-01  2e-01 0:04.0
   20    240 8.417452939569374e-01 1.5e+00 1.98e-01  2e-01  2e-01 0:08.1
   27    324 4.092892030758080e-01 1.6e+00 2.39e-01  2e-01  3e-01 0:13.7
   34    408 2.442882262011500e-01 1.8e+00 2.43e-01  2e-01  3e-01 0:21.6
   43    516 1.643283205596684e+00 1.9e+00 2.18e-01  2e-01  3e-01 0:28.7
   53    636 5.036000000000000e+02 2.0e+00 1.78e-01  1e-01  2e-01 0:36.9
   58    696 1.572562771875419e-01 2.0e+00 1.72e-01  1e-01  2e-01 0:47.1
   65    780 1.626606238353819e-01 2.1e+00 1.61e-01  1e-01  2e-01 0:57.7
   71    852 2.852516629895783e-01 2.2e+00 1.48e-01  1e-01  2e-01 1:10.6
   75    900 1.207731670048180e-01 2.2e+00 1.19e-01  8e-02  2e-01 1:24.6
   80    960 3.015109150448528e-01 2.2e+00 1.10e-01  8e-02  1e-01 1:43.2
   83    996 2.427907021378208e-01 2.2e+00 1.18e-01  8e-02  2e-01 1:57.8
   87   1044 1.464140238134534e-01 2.4e+00 1.10e-01  7e-02  1e-01 2:13.1
   91   1092 5.369276728722695e-01 2.5e+00 1.08e-01  7e-02  1e-01 2:30.1
   94   1128 1.633951632634980e-01 2.5e+00 1.02e-01  7e-02  1e-01 2:47.3
   98   1176 2.627907301507839e-01 2.6e+00 1.06e-01  7e-02  1e-01 3:08.0
  100   1200 1.318243603809451e-01 2.7e+00 1.03e-01  6e-02  1e-01 3:16.5
  105   1260 1.537263080578890e-01 2.8e+00 8.79e-02  5e-02  1e-01 3:37.3
  109   1308 1.296196607768461e-01 2.9e+00 7.75e-02  4e-02  1e-01 3:58.6
[stop]
