0 [0/200] 854.1283989176147
1 [0/200] 761.4213562373095
12 [0/200] 717.160969856785
13 [0/200] 669.7056274847714
18 [0/200] 648.4924240491749
21 [0/200] 624.4396103067893
26 [0/200] 556.5553390593274
27 [0/200] 535.3553390593274
34 [0/200] 514.142135623731
36 [1/200] 2.11561389393957
40 [4/200] 1.9471653495498198
44 [6/200] 1.938079492667313
45 [7/200] 1.3246797024467618
46 [8/200] 1.1891540123534388
49 [9/200] 1.1311851721296424
65 [20/200] 0.6908784487495554
70 [24/200] 0.6526939422914642
81 [35/200] 0.4081208990228406
100 [51/200] 0.4081208990228406
102 [53/200] 0.38676130778996587
106 [56/200] 0.3403322396405505
107 [57/200] 0.32950029795368607
116 [66/200] 0.2845992092771862
122 [71/200] 0.1930138634688206
126 [75/200] 0.15066160056280994
127 [76/200] 0.14544305784405506
137 [85/200] 0.1452631649379888
141 [89/200] 0.1444196473475732
142 [90/200] 0.14438013534557823
167 [112/200] 0.1402505805331381
183 [126/200] 0.13273930362494643
187 [130/200] 0.12748110256317824
200 [141/200] 0.12748110256317824
205 [146/200] 0.11811601572526047
208 [149/200] 0.11609378768564729
213 [154/200] 0.0977676450901375
218 [159/200] 0.09443951694124884
219 [160/200] 0.09435197190491593
221 [162/200] 0.09354625750230186
247 [188/200] 0.09261859341521023
252 [193/200] 0.09237602814608692
255 [196/200] 0.09193585869030713
[stop]
