(7_w,15)-aCMA-ES (mu_w=4.5,w_1=34%) in dimension 50 (seed=30, Fri May 23 16:55:38 2025)
Iterat #Fevals   function value  axis ratio  sigma  min&max std  t[m:s]
    1     15 9.690438381787890e+02 1.0e+00 2.35e-01  2e-01  2e-01 0:06.6
    2     30 7.306801921123925e+02 1.0e+00 2.27e-01  2e-01  2e-01 0:12.0
    3     45 6.555634918610405e+02 1.0e+00 2.22e-01  2e-01  2e-01 0:17.7
    4     60 6.873832970144351e+02 1.1e+00 2.20e-01  2e-01  2e-01 0:22.1
    5     75 5.424264068711929e+02 1.1e+00 2.19e-01  2e-01  2e-01 0:26.7
    6     90 5.636396103067892e+02 1.1e+00 2.18e-01  2e-01  2e-01 0:32.3
    8    120 5.570087712549569e+02 1.1e+00 2.18e-01  2e-01  2e-01 0:42.1
   10    150 6.145976537556222e+02 1.1e+00 2.22e-01  2e-01  2e-01 0:52.2
   12    180 5.353553390593274e+02 1.2e+00 2.21e-01  2e-01  2e-01 1:01.5
   15    225 5.070710678118655e+02 1.2e+00 2.19e-01  2e-01  2e-01 1:14.6
   18    270 9.015682541633623e-01 1.2e+00 2.21e-01  2e-01  2e-01 1:27.7
   21    315 5.141421356237310e+02 1.3e+00 2.13e-01  2e-01  2e-01 1:42.5
   24    360 5.070710678118655e+02 1.3e+00 2.06e-01  2e-01  2e-01 1:55.8
   27    405 1.693333811807225e+00 1.3e+00 2.03e-01  2e-01  2e-01 2:09.0
   31    465 2.840327133542294e-01 1.3e+00 2.00e-01  2e-01  2e-01 2:25.0
   35    525 5.070710678118655e+02 1.4e+00 1.96e-01  2e-01  2e-01 2:42.5
   39    585 6.860200109916735e+01 1.4e+00 1.91e-01  2e-01  2e-01 2:58.6
   43    645 5.212132034355964e+02 1.4e+00 1.82e-01  2e-01  2e-01 3:16.4
   48    720 5.070710678118655e+02 1.4e+00 1.70e-01  2e-01  2e-01 3:37.8
   52    780 6.538434440474656e+00 1.4e+00 1.67e-01  2e-01  2e-01 3:59.2
   57    855 1.504470446008132e+00 1.4e+00 1.62e-01  2e-01  2e-01 4:23.8
   62    930 3.062047602044342e-01 1.4e+00 1.58e-01  2e-01  2e-01 4:49.3
   67   1005 2.358403989350847e-01 1.4e+00 1.59e-01  2e-01  2e-01 5:12.7
   72   1080 1.382461100974396e+00 1.5e+00 1.55e-01  1e-01  2e-01 5:37.2
   78   1170 1.986661802731469e+00 1.5e+00 1.44e-01  1e-01  2e-01 6:03.6
   85   1275 1.946666776505894e+00 1.5e+00 1.40e-01  1e-01  1e-01 6:32.0
   91   1365 7.890192975477149e+01 1.5e+00 1.41e-01  1e-01  1e-01 7:00.3
   98   1470 5.106066017177982e+02 1.5e+00 1.42e-01  1e-01  2e-01 7:27.8
  100   1500 5.036942577183807e-01 1.5e+00 1.47e-01  1e-01  2e-01 7:35.9
  107   1605 5.141421356237310e+02 1.5e+00 1.57e-01  1e-01  2e-01 8:06.0
  115   1725 1.393617734863200e+02 1.6e+00 1.61e-01  1e-01  2e-01 8:39.1
  123   1845 1.262811373715536e+00 1.6e+00 1.73e-01  2e-01  2e-01 9:13.8
  131   1965 3.371468584021462e+00 1.7e+00 1.71e-01  2e-01  2e-01 9:48.0
  138   2070 5.854148584679129e-01 1.7e+00 1.60e-01  1e-01  2e-01 10:23.4
  145   2175 3.814857122439205e-01 1.7e+00 1.53e-01  1e-01  2e-01 11:00.5
  152   2280 2.121535712621414e-01 1.7e+00 1.45e-01  1e-01  2e-01 11:35.9
  159   2385 4.272399806827563e-01 1.7e+00 1.32e-01  1e-01  1e-01 12:18.4
  167   2505 6.221213313434517e-01 1.7e+00 1.41e-01  1e-01  2e-01 12:59.4
  176   2640 4.351996141395356e-01 1.7e+00 1.42e-01  1e-01  2e-01 13:40.4
  185   2775 7.434585512688436e-01 1.7e+00 1.30e-01  1e-01  1e-01 14:20.4
  193   2895 2.389835538558562e-01 1.7e+00 1.24e-01  1e-01  1e-01 15:03.1
  200   3000 5.070710678118655e+02 1.7e+00 1.22e-01  1e-01  1e-01 15:46.3
  208   3120 4.431727074289294e+00 1.8e+00 1.24e-01  1e-01  1e-01 16:30.0
  216   3240 3.383588041323464e-01 1.8e+00 1.16e-01  1e-01  1e-01 17:19.6
  224   3360 5.869746691529217e-01 1.8e+00 1.07e-01  1e-01  1e-01 18:08.8
  232   3480 3.079371951378685e-01 1.8e+00 9.84e-02  9e-02  1e-01 19:00.3
  239   3585 2.496316065892021e-01 1.8e+00 9.47e-02  9e-02  1e-01 19:46.8
  247   3705 6.574951096631110e-01 1.8e+00 9.36e-02  8e-02  1e-01 20:34.5
  255   3825 3.874017559398394e-01 1.8e+00 8.93e-02  8e-02  1e-01 21:28.9
  262   3930 2.575462367672601e-01 1.8e+00 9.02e-02  8e-02  1e-01 22:20.3
  269   4035 3.536477610664263e-01 1.8e+00 8.66e-02  8e-02  1e-01 23:12.3
  278   4170 1.651688981320877e-01 1.8e+00 7.99e-02  7e-02  9e-02 24:06.0
  291   4365 1.831847420766445e-01 1.9e+00 6.73e-02  6e-02  7e-02 25:00.1
  300   4500 1.624348406258726e-01 1.9e+00 6.56e-02  6e-02  7e-02 25:42.1
  312   4680 1.459577726542818e-01 1.9e+00 6.28e-02  5e-02  7e-02 26:40.0
  322   4830 1.338013924703320e-01 1.9e+00 5.53e-02  5e-02  6e-02 27:38.5
  330   4950 1.249660915373585e-01 1.9e+00 4.63e-02  4e-02  5e-02 28:37.7
  336   5040 1.158853386035554e-01 1.9e+00 4.03e-02  3e-02  5e-02 29:38.5
  344   5160 1.012109616136094e-01 1.9e+00 3.74e-02  3e-02  4e-02 30:43.0
  355   5325 1.107340234691171e-01 2.0e+00 3.68e-02  3e-02  4e-02 31:46.4
  365   5475 9.865577222412321e-02 2.0e+00 3.24e-02  3e-02  4e-02 32:53.0
  371   5565 1.016501289655620e-01 2.0e+00 3.04e-02  3e-02  3e-02 33:54.2
  378   5670 9.964145838069033e-02 2.0e+00 2.73e-02  2e-02  3e-02 35:01.8
  385   5775 9.761191555631257e-02 2.0e+00 2.47e-02  2e-02  3e-02 36:09.5
  391   5865 1.004674244038839e-01 2.0e+00 2.15e-02  2e-02  2e-02 37:13.8
  398   5970 9.646991130093796e-02 2.0e+00 2.07e-02  2e-02  2e-02 38:22.2
  400   6000 9.727830946329304e-02 2.0e+00 2.07e-02  2e-02  2e-02 38:43.2
  407   6105 9.532461472112916e-02 2.0e+00 1.97e-02  2e-02  2e-02 40:01.6
  413   6195 9.589523496215378e-02 2.0e+00 1.65e-02  1e-02  2e-02 41:10.0
  420   6300 9.063148938654220e-02 2.0e+00 1.37e-02  1e-02  2e-02 42:23.9
  427   6405 9.175326547445298e-02 2.0e+00 1.29e-02  1e-02  1e-02 43:40.2
  435   6525 9.321694176438020e-02 2.0e+00 1.21e-02  1e-02  1e-02 45:02.1
  442   6630 9.130572033714549e-02 2.0e+00 1.15e-02  9e-03  1e-02 46:18.1
  449   6735 9.229327938507077e-02 2.0e+00 1.10e-02  9e-03  1e-02 47:37.9
  456   6840 9.005276578519159e-02 2.0e+00 9.78e-03  8e-03  1e-02 48:57.0
  463   6945 8.960719810333335e-02 2.1e+00 8.53e-03  7e-03  9e-03 50:14.0
  470   7050 9.019000909180581e-02 2.1e+00 8.10e-03  6e-03  9e-03 51:34.2
  478   7170 8.991012610717161e-02 2.1e+00 7.69e-03  6e-03  8e-03 53:01.5
  486   7290 8.969530565140851e-02 2.1e+00 7.17e-03  6e-03  8e-03 54:27.1
  494   7410 8.977454773869943e-02 2.1e+00 7.29e-03  6e-03  8e-03 55:54.8
  500   7500 8.995802247282761e-02 2.1e+00 6.94e-03  5e-03  8e-03 56:55.3
  510   7650 8.855907900318033e-02 2.2e+00 6.47e-03  5e-03  7e-03 58:27.1
  519   7785 8.881593122633337e-02 2.1e+00 6.47e-03  5e-03  7e-03 59:54.2
  527   7905 8.791122104938018e-02 2.2e+00 6.70e-03  5e-03  7e-03 61:17.8
  535   8025 8.800798955596977e-02 2.2e+00 7.13e-03  6e-03  8e-03 62:43.9
  544   8160 8.708920236139139e-02 2.2e+00 7.30e-03  6e-03  8e-03 64:15.6
  552   8280 8.735931733793131e-02 2.2e+00 7.49e-03  6e-03  8e-03 65:45.7
  560   8400 8.695251352974598e-02 2.2e+00 7.24e-03  6e-03  8e-03 67:15.3
  568   8520 8.740111162505955e-02 2.2e+00 6.70e-03  5e-03  7e-03 68:47.1
  577   8655 8.656140191097834e-02 2.2e+00 6.15e-03  5e-03  7e-03 70:18.2
  586   8790 8.655697241991930e-02 2.3e+00 6.03e-03  5e-03  7e-03 71:55.6
  595   8925 8.617039150560032e-02 2.3e+00 5.36e-03  4e-03  6e-03 73:32.5
  600   9000 8.558083466419249e-02 2.3e+00 5.00e-03  4e-03  5e-03 74:26.1
  609   9135 8.558679183193250e-02 2.4e+00 4.70e-03  4e-03  5e-03 76:02.7
  624   9360 8.517252014228480e-02 2.5e+00 4.60e-03  4e-03  5e-03 77:37.7
  641   9615 8.523858654965134e-02 2.5e+00 3.35e-03  3e-03  4e-03 79:14.5
[stop]
