(7_w,15)-aCMA-ES (mu_w=4.5,w_1=34%) in dimension 50 (seed=1, Tue Jun 17 07:59:21 2025)
Iterat #Fevals   function value  axis ratio  sigma  min&max std  t[m:s]
    1     15 7.772643651156233e+02 1.0e+00 2.37e-01  2e-01  2e-01 0:01.2
    2     30 6.480983669457532e+02 1.0e+00 2.28e-01  2e-01  2e-01 0:02.6
    3     45 6.955634918610403e+02 1.1e+00 2.23e-01  2e-01  2e-01 0:03.6
    7    105 2.445911074829637e+00 1.1e+00 2.10e-01  2e-01  2e-01 0:07.3
   12    180 5.141421356237310e+02 1.1e+00 2.03e-01  2e-01  2e-01 0:11.9
   16    240 5.141421356237310e+02 1.2e+00 2.05e-01  2e-01  2e-01 0:17.1
   24    360 5.070710678118655e+02 1.2e+00 2.06e-01  2e-01  2e-01 0:23.7
   30    450 1.878141167270610e-01 1.3e+00 2.01e-01  2e-01  2e-01 0:31.5
   37    555 1.210129972004402e+00 1.3e+00 1.95e-01  2e-01  2e-01 0:40.5
   44    660 4.971103571829844e-01 1.4e+00 1.84e-01  2e-01  2e-01 0:50.8
   50    750 1.041520322680203e+00 1.4e+00 1.81e-01  2e-01  2e-01 1:01.1
   57    855 6.131960570716475e-01 1.4e+00 1.74e-01  2e-01  2e-01 1:12.3
   64    960 2.294399263010745e-01 1.5e+00 1.64e-01  2e-01  2e-01 1:26.4
   71   1065 3.772595100790933e+00 1.5e+00 1.61e-01  2e-01  2e-01 1:39.6
   77   1155 2.742065292075391e-01 1.5e+00 1.46e-01  1e-01  2e-01 1:58.1
   83   1245 1.770324180785717e-01 1.5e+00 1.33e-01  1e-01  1e-01 2:14.3
   89   1335 8.064893765422798e-01 1.6e+00 1.31e-01  1e-01  1e-01 2:32.8
   94   1410 4.051106779430910e-01 1.6e+00 1.29e-01  1e-01  1e-01 2:53.4
   98   1470 1.788948514187234e-01 1.6e+00 1.27e-01  1e-01  1e-01 3:12.1
  100   1500 1.276983813016899e-01 1.6e+00 1.22e-01  1e-01  1e-01 3:20.1
  106   1590 2.784528341067360e-01 1.6e+00 1.14e-01  1e-01  1e-01 3:40.6
  115   1725 1.525227287063397e-01 1.6e+00 1.19e-01  1e-01  1e-01 4:04.5
  124   1860 2.661510561627053e-01 1.7e+00 1.16e-01  1e-01  1e-01 4:28.6
  131   1965 1.550374215361921e-01 1.7e+00 1.04e-01  1e-01  1e-01 4:54.9
  137   2055 2.184506270354432e-01 1.7e+00 9.91e-02  9e-02  1e-01 5:21.8
  144   2160 2.206523869881504e-01 1.8e+00 9.11e-02  9e-02  1e-01 5:48.7
  151   2265 1.485419770261976e-01 1.8e+00 8.47e-02  8e-02  9e-02 6:17.7
  158   2370 1.245259086410381e-01 1.8e+00 8.70e-02  8e-02  1e-01 6:47.0
  164   2460 9.493554529211147e-02 1.8e+00 8.40e-02  8e-02  9e-02 7:16.6
  171   2565 1.071204773598849e-01 1.9e+00 8.66e-02  8e-02  1e-01 7:51.8
  177   2655 1.247886440597027e-01 1.9e+00 8.63e-02  8e-02  1e-01 8:25.6
  184   2760 1.083442530804296e-01 1.9e+00 8.26e-02  8e-02  9e-02 8:58.3
  191   2865 1.314080965920632e-01 1.9e+00 7.85e-02  7e-02  9e-02 9:36.1
  197   2955 1.292252498989577e-01 1.9e+00 7.49e-02  7e-02  8e-02 10:14.8
  200   3000 1.198659384218880e-01 1.9e+00 7.00e-02  6e-02  8e-02 10:34.0
  207   3105 9.585242518793261e-02 1.9e+00 6.39e-02  6e-02  7e-02 11:16.4
  214   3210 1.133265491080310e-01 1.9e+00 5.99e-02  5e-02  7e-02 11:55.1
  221   3315 9.622723239162954e-02 1.9e+00 5.55e-02  5e-02  6e-02 12:33.7
[stop]
