0 [0/400] 969.2311947000987
4 [0/400] 754.9821973972137
5 [0/400] 733.6393558788069
17 [0/400] 540.4
23 [0/400] 521.2132034355965
24 [0/400] 505.2
32 [0/400] 503.6
35 [1/400] 0.30328880183295776
38 [4/400] 0.2976345352914835
42 [6/400] 0.294020721052026
46 [9/400] 0.09377822776317593
67 [26/400] 0.09210309715179721
86 [43/400] 0.09191303027859726
100 [56/400] 0.09191303027859726
153 [109/400] 0.08965799611852177
181 [135/400] 0.08954170771085856
200 [154/400] 0.08954170771085856
237 [190/400] 0.08923468073989546
247 [200/400] 0.08772037025152458
300 [251/400] 0.08772037025152458
306 [257/400] 0.08630078440595018
321 [271/400] 0.08626330948029048
340 [288/400] 0.08590851447325407
372 [318/400] 0.08581349326533463
400 [344/400] 0.08581349326533463
[stop]
