(6_w,12)-aCMA-ES (mu_w=3.7,w_1=40%) in dimension 20 (seed=12, Tue Jun 24 12:11:05 2025)
Iterat #Fevals   function value  axis ratio  sigma  min&max std  t[m:s]
    1     12 5.927106781186548e+02 1.0e+00 2.37e-01  2e-01  2e-01 0:00.1
    2     24 6.423502884254440e+02 1.1e+00 2.41e-01  2e-01  2e-01 0:00.2
    3     36 5.824621125123532e+02 1.2e+00 2.34e-01  2e-01  2e-01 0:00.3
   12    144 1.321589128291521e+00 1.5e+00 2.39e-01  2e-01  3e-01 0:03.4
   15    180 4.302921882691463e-01 1.5e+00 2.34e-01  2e-01  2e-01 0:10.0
   19    228 1.276309397667197e+00 1.6e+00 2.27e-01  2e-01  2e-01 0:16.7
   22    264 1.214701259679586e+00 1.6e+00 2.24e-01  2e-01  2e-01 0:25.5
   24    288 1.214701259679586e+00 1.6e+00 2.32e-01  2e-01  2e-01 0:33.0
   26    312 2.567452128648886e-01 1.6e+00 2.38e-01  2e-01  3e-01 0:44.0
   30    360 4.209929343636787e-01 1.7e+00 2.25e-01  2e-01  2e-01 0:56.1
   33    396 1.214786371449861e+00 1.8e+00 2.02e-01  2e-01  2e-01 1:07.6
   35    420 2.567452128648886e-01 1.8e+00 2.03e-01  2e-01  2e-01 1:19.7
   38    456 2.567452128648886e-01 1.8e+00 2.03e-01  2e-01  2e-01 1:33.4
   41    492 2.567452128648886e-01 1.8e+00 2.04e-01  2e-01  2e-01 1:49.6
   45    540 2.567452128648886e-01 1.8e+00 2.11e-01  2e-01  2e-01 2:05.2
   50    600 2.567452128648886e-01 1.9e+00 2.02e-01  2e-01  2e-01 2:22.8
   55    660 2.277482986278224e-01 1.9e+00 1.89e-01  2e-01  2e-01 2:41.9
   59    708 2.567452128648886e-01 2.0e+00 1.71e-01  1e-01  2e-01 3:01.0
   63    756 2.567452128648886e-01 2.0e+00 1.70e-01  1e-01  2e-01 3:25.2
   69    828 2.396293607523481e-01 2.1e+00 1.67e-01  1e-01  2e-01 3:45.2
[stop]
