0 [0/200] 1076.039230311675
1 [0/200] 853.9252946838599
3 [0/200] 707.5021470633845
6 [0/200] 549.4974746830582
14 [0/200] 521.2132034355964
20 [0/200] 520.0
21 [1/200] 4.231803241681153
29 [7/200] 4.030993515727035
38 [12/200] 3.682529044536441
51 [23/200] 3.4787724108481775
56 [28/200] 1.6861777502999535
61 [31/200] 1.684822214664901
63 [33/200] 1.5554376380714194
65 [35/200] 1.4557579481718075
72 [40/200] 1.4328161031711066
75 [43/200] 1.046211002180181
77 [45/200] 0.2299866269108285
78 [46/200] 0.21648855880096338
93 [61/200] 0.21424463317258996
100 [68/200] 0.21424463317258996
123 [88/200] 0.21424463258917775
156 [114/200] 0.1785364529853415
159 [117/200] 0.17761274642948183
168 [126/200] 0.1672184653403335
173 [131/200] 0.16584292785052462
174 [132/200] 0.15553951604606409
175 [133/200] 0.1540408730408115
176 [134/200] 0.14609045121766517
178 [136/200] 0.14337974721793817
183 [140/200] 0.14142279388956533
188 [145/200] 0.1297572109209889
192 [149/200] 0.10791847583386063
200 [157/200] 0.10791847583386063
202 [159/200] 0.10726717435635504
203 [160/200] 0.10530557238534732
208 [165/200] 0.0940767619350843
212 [169/200] 0.09407430201354297
216 [172/200] 0.09042833031082306
[stop]
